
R version 3.2.0 (2015-04-16) -- "Full of Ingredients"
Copyright (C) 2015 The R Foundation for Statistical Computing
Platform: x86_64-apple-darwin13.4.0 (64-bit)

R is free software and comes with ABSOLUTELY NO WARRANTY.
You are welcome to redistribute it under certain conditions.
Type 'license()' or 'licence()' for distribution details.

  Natural language support but running in an English locale

R is a collaborative project with many contributors.
Type 'contributors()' for more information and
'citation()' on how to cite R or R packages in publications.

Type 'demo()' for some demos, 'help()' for on-line help, or
'help.start()' for an HTML browser interface to help.
Type 'q()' to quit R.

[Previously saved workspace restored]

> 
> 
> 
> 
> # --------------------------------------
> # 2-aim1-entero1600-Quartile-regs-body.R
> # ben arnold (benarnold@berkeley.edu)
> #
> # description:
> # estimate the association between water
> # quality indicator concentrations and
> # the risk of Diarrhea among swimmers
> # for the 13 beaches study
> #
> # Analyses are conducted for EPA 1600
> # Among Swimmers with Body Immmersion
> #
> # --------------------------------------
> 
> # --------------------------------------
> # preamble
> # --------------------------------------
> 
> rm(list=ls())
> library(sandwich)
> library(lmtest)
Loading required package: zoo

Attaching package: ‘zoo’

The following objects are masked from ‘package:base’:

    as.Date, as.Date.numeric

> 
> # source the base functions
> source("~/dropbox/13beaches/src/aim1/0-aim1-base-functions.R")
> 
> # --------------------------------------
> # load the and pre-preprocess the 
> # analysis dataset
> # (refer to the base functions script
> # for details on the pre-processing)
> # --------------------------------------
> 
> ad <- preprocess.13beaches("~/dropbox/13beaches/data/final/13beaches-analysis.csv")

Successfully loaded the data
 Total sample size = 84411 

Dropping individuals with GI illness at enrollment
 N = 1948 

Final sample size = 82463 

Subsetting the data to relevant variables and completing final variable pre-processing> 
> # drop individuals with no water quality information
> table(ad$nowq)

    0     1 
81531   932 
> ad <- subset(ad,nowq==0)
> dim(ad)
[1] 81531    50
> 
> 
> # subset to non-missing exposure categories
> # to make the robust CI calcs work
> table(ad$bodycontact)

   No   Yes 
35462 46069 
> ad <- subset(ad,ad$bodycontact=="Yes")
> 	dim(ad)
[1] 46069    50
> table(ad$qentero1600)

    1     2     3     4 
 9027 14354 13116  9572 
> ad <- subset(ad,is.na(ad$qentero1600)==FALSE)
> 	dim(ad)
[1] 46069    50
> 
> 
> # --------------------------------------
> # Calculate the actual Ns for each cell
> # and store them for plotting and tables
> # --------------------------------------
> 
> # --------------------------------------
> # Summarize 
> # the number of swimmers and number
> # of cumulative incident episodes by
> # quartile of Entero 1600
> # --------------------------------------
> calcNs <- function(outcome,exposurecat) {
+   n <- tapply(outcome,exposurecat,sum)
+   N <- tapply(outcome,exposurecat,function(x) length(x))
+   cbind(n,N)
+ }
> 
> # overall
> N.all <- calcNs(ad$diarrheaci10,ad$qentero1600)
> # age stratified
> N.age0to4   <- calcNs(ad$diarrheaci10[ad$agestrat=="(0, 4]"],ad$qentero1600[ad$agestrat=="(0, 4]"] )
> N.age5to10  <- calcNs(ad$diarrheaci10[ad$agestrat=="(4, 10]"],ad$qentero1600[ad$agestrat=="(4, 10]"] )
> N.age11plus <- calcNs(ad$diarrheaci10[ad$agestrat==">10"],ad$qentero1600[ad$agestrat==">10"] )
> # point source vs. non-point source stratified
> N.nps <- calcNs(ad$diarrheaci10[ad$pointsource=="No"], ad$qentero1600[ad$pointsource=="No"])
> N.ps  <- calcNs(ad$diarrheaci10[ad$pointsource=="Yes"],ad$qentero1600[ad$pointsource=="Yes"])
> # age and point source stratified
> N.nps0to4   <- calcNs(ad$diarrheaci10[ad$agestrat=="(0, 4]" & ad$pointsource=="No"],ad$qentero1600[ad$agestrat=="(0, 4]" & ad$pointsource=="No"] )
> N.nps5to10  <- calcNs(ad$diarrheaci10[ad$agestrat=="(4, 10]" & ad$pointsource=="No"],ad$qentero1600[ad$agestrat=="(4, 10]" & ad$pointsource=="No"] )
> N.nps11plus <- calcNs(ad$diarrheaci10[ad$agestrat==">10" & ad$pointsource=="No"],ad$qentero1600[ad$agestrat==">10" & ad$pointsource=="No"] )
> 
> N.ps0to4   <- calcNs(ad$diarrheaci10[ad$agestrat=="(0, 4]" & ad$pointsource=="Yes"],ad$qentero1600[ad$agestrat=="(0, 4]" & ad$pointsource=="Yes"] )
> N.ps5to10  <- calcNs(ad$diarrheaci10[ad$agestrat=="(4, 10]" & ad$pointsource=="Yes"],ad$qentero1600[ad$agestrat=="(4, 10]" & ad$pointsource=="Yes"] )
> N.ps11plus <- calcNs(ad$diarrheaci10[ad$agestrat==">10" & ad$pointsource=="Yes"],ad$qentero1600[ad$agestrat==">10" & ad$pointsource=="Yes"] )
> 
> 
> # --------------------------------------
> # Calculate unadjusted 
> # Cumulative Incidence Rates
> # and robust 95% CIs using a saturated, 
> # unadjusted model
> # (just using the models to get the robust
> # SEs that account for HH clustering)
> # --------------------------------------
> 
> # fit the saturated models
> # for now, only doing this for the overall results
> # (not stratified by point/nonpoint because the
> #  sample sizes are really small with the double stratification)
> 
> # All Ages
> allci <- mpreg(diarrheaci10~qentero1600,dat=ad,vcv=T)

Call:
glm(formula = formula, family = poisson(link = "log"), data = dat)

Deviance Residuals: 
    Min       1Q   Median       3Q      Max  
-0.3296  -0.3020  -0.2898  -0.2753   2.1498  

Coefficients:
             Estimate Std. Error z value Pr(>|z|)    
(Intercept)  -3.17044    0.05137 -61.722  < 2e-16 ***
qentero16002 -0.10240    0.06691  -1.530 0.125923    
qentero16003  0.08244    0.06566   1.256 0.209241    
qentero16004  0.25767    0.06754   3.815 0.000136 ***
---
Signif. codes:  0 ‘***’ 0.001 ‘**’ 0.01 ‘*’ 0.05 ‘.’ 0.1 ‘ ’ 1

(Dispersion parameter for poisson family taken to be 1)

    Null deviance: 12722  on 46068  degrees of freedom
Residual deviance: 12687  on 46065  degrees of freedom
AIC: 16777

Number of Fisher Scoring iterations: 6



Robust, Sandwich Standard Errors Account for Clustering:

z test of coefficients:

              Estimate Std. Error  z value  Pr(>|z|)    
(Intercept)  -3.170439   0.057874 -54.7817 < 2.2e-16 ***
qentero16002 -0.102396   0.076078  -1.3459 0.1783246    
qentero16003  0.082442   0.074636   1.1046 0.2693386    
qentero16004  0.257671   0.076438   3.3710 0.0007491 ***
---
Signif. codes:  0 ‘***’ 0.001 ‘**’ 0.01 ‘*’ 0.05 ‘.’ 0.1 ‘ ’ 1

> 
> # Ages 0 - 4
> age0to4ci <- mpreg(diarrheaci10~qentero1600,dat=ad[ad$agestrat=="(0, 4]",],vcv=T)

Call:
glm(formula = formula, family = poisson(link = "log"), data = dat)

Deviance Residuals: 
    Min       1Q   Median       3Q      Max  
-0.4170  -0.3756  -0.3741  -0.3411   1.9506  

Coefficients:
              Estimate Std. Error z value Pr(>|z|)    
(Intercept)  -2.651833   0.141421 -18.751   <2e-16 ***
qentero16002 -0.007961   0.182574  -0.044    0.965    
qentero16003 -0.192523   0.189402  -1.016    0.309    
qentero16004  0.209485   0.181164   1.156    0.248    
---
Signif. codes:  0 ‘***’ 0.001 ‘**’ 0.01 ‘*’ 0.05 ‘.’ 0.1 ‘ ’ 1

(Dispersion parameter for poisson family taken to be 1)

    Null deviance: 1409.2  on 3760  degrees of freedom
Residual deviance: 1403.5  on 3757  degrees of freedom
AIC: 1943.5

Number of Fisher Scoring iterations: 6



Robust, Sandwich Standard Errors Account for Clustering:

z test of coefficients:

               Estimate Std. Error  z value Pr(>|z|)    
(Intercept)  -2.6518325  0.1454445 -18.2326   <2e-16 ***
qentero16002 -0.0079607  0.1881153  -0.0423   0.9662    
qentero16003 -0.1925230  0.1964889  -0.9798   0.3272    
qentero16004  0.2094855  0.1851031   1.1317   0.2578    
---
Signif. codes:  0 ‘***’ 0.001 ‘**’ 0.01 ‘*’ 0.05 ‘.’ 0.1 ‘ ’ 1

> 
> # Ages 5 - 10
> age5to10ci <- mpreg(diarrheaci10~qentero1600,dat=ad[ad$agestrat=="(4, 10]",],vcv=T)

Call:
glm(formula = formula, family = poisson(link = "log"), data = dat)

Deviance Residuals: 
    Min       1Q   Median       3Q      Max  
-0.3207  -0.2917  -0.2647  -0.2370   2.2806  

Coefficients:
             Estimate Std. Error z value Pr(>|z|)    
(Intercept)   -3.3513     0.1280 -26.175   <2e-16 ***
qentero16002  -0.2212     0.1776  -1.245   0.2130    
qentero16003   0.1941     0.1634   1.188   0.2349    
qentero16004   0.3835     0.1594   2.406   0.0161 *  
---
Signif. codes:  0 ‘***’ 0.001 ‘**’ 0.01 ‘*’ 0.05 ‘.’ 0.1 ‘ ’ 1

(Dispersion parameter for poisson family taken to be 1)

    Null deviance: 2168.9  on 8529  degrees of freedom
Residual deviance: 2151.8  on 8526  degrees of freedom
AIC: 2829.8

Number of Fisher Scoring iterations: 6



Robust, Sandwich Standard Errors Account for Clustering:

z test of coefficients:

             Estimate Std. Error  z value Pr(>|z|)    
(Intercept)  -3.35134    0.13139 -25.5065  < 2e-16 ***
qentero16002 -0.22117    0.19125  -1.1565  0.24748    
qentero16003  0.19412    0.17056   1.1382  0.25505    
qentero16004  0.38347    0.16607   2.3091  0.02094 *  
---
Signif. codes:  0 ‘***’ 0.001 ‘**’ 0.01 ‘*’ 0.05 ‘.’ 0.1 ‘ ’ 1

> 
> # Ages >10
> age11plusci <- mpreg(diarrheaci10~qentero1600,dat=ad[ad$agestrat==">10",],vcv=T)

Call:
glm(formula = formula, family = poisson(link = "log"), data = dat)

Deviance Residuals: 
    Min       1Q   Median       3Q      Max  
-0.3224  -0.3006  -0.2868  -0.2692   2.1699  

Coefficients:
             Estimate Std. Error z value Pr(>|z|)    
(Intercept)  -3.19118    0.06108 -52.242  < 2e-16 ***
qentero16002 -0.12673    0.07934  -1.597  0.11023    
qentero16003  0.09434    0.07783   1.212  0.22543    
qentero16004  0.23427    0.08240   2.843  0.00447 ** 
---
Signif. codes:  0 ‘***’ 0.001 ‘**’ 0.01 ‘*’ 0.05 ‘.’ 0.1 ‘ ’ 1

(Dispersion parameter for poisson family taken to be 1)

    Null deviance: 8920.3  on 33087  degrees of freedom
Residual deviance: 8895.5  on 33084  degrees of freedom
AIC: 11734

Number of Fisher Scoring iterations: 6



Robust, Sandwich Standard Errors Account for Clustering:

z test of coefficients:

              Estimate Std. Error  z value  Pr(>|z|)    
(Intercept)  -3.191182   0.063959 -49.8943 < 2.2e-16 ***
qentero16002 -0.126726   0.083698  -1.5141  0.130005    
qentero16003  0.094343   0.082285   1.1465  0.251572    
qentero16004  0.234267   0.086873   2.6967  0.007004 ** 
---
Signif. codes:  0 ‘***’ 0.001 ‘**’ 0.01 ‘*’ 0.05 ‘.’ 0.1 ‘ ’ 1

> 
> # Point source
> psci <- mpreg(diarrheaci10~qentero1600,dat=ad[ad$pointsource=="Yes",],vcv=T)

Call:
glm(formula = formula, family = poisson(link = "log"), data = dat)

Deviance Residuals: 
    Min       1Q   Median       3Q      Max  
-0.3350  -0.3350  -0.2960  -0.2554   2.2160  

Coefficients:
             Estimate Std. Error z value Pr(>|z|)    
(Intercept)  -3.11425    0.10483 -29.708   <2e-16 ***
qentero16002 -0.30854    0.12230  -2.523   0.0116 *  
qentero16003 -0.01375    0.11485  -0.120   0.9047    
qentero16004  0.23404    0.11459   2.042   0.0411 *  
---
Signif. codes:  0 ‘***’ 0.001 ‘**’ 0.01 ‘*’ 0.05 ‘.’ 0.1 ‘ ’ 1

(Dispersion parameter for poisson family taken to be 1)

    Null deviance: 7872.7  on 28458  degrees of freedom
Residual deviance: 7822.2  on 28455  degrees of freedom
AIC: 10358

Number of Fisher Scoring iterations: 6



Robust, Sandwich Standard Errors Account for Clustering:

z test of coefficients:

              Estimate Std. Error  z value Pr(>|z|)    
(Intercept)  -3.114248   0.112914 -27.5807  < 2e-16 ***
qentero16002 -0.308540   0.134404  -2.2956  0.02170 *  
qentero16003 -0.013749   0.124744  -0.1102  0.91224    
qentero16004  0.234039   0.124662   1.8774  0.06046 .  
---
Signif. codes:  0 ‘***’ 0.001 ‘**’ 0.01 ‘*’ 0.05 ‘.’ 0.1 ‘ ’ 1

> 
> # Non-point source
> npsci <- mpreg(diarrheaci10~qentero1600,dat=ad[ad$pointsource=="No",],vcv=T)

Call:
glm(formula = formula, family = poisson(link = "log"), data = dat)

Deviance Residuals: 
    Min       1Q   Median       3Q      Max  
-0.3235  -0.2968  -0.2968  -0.2873   2.1113  

Coefficients:
             Estimate Std. Error z value Pr(>|z|)    
(Intercept)  -3.18756    0.05893 -54.095   <2e-16 ***
qentero16002  0.06510    0.08305   0.784   0.4331    
qentero16003  0.23729    0.10206   2.325   0.0201 *  
qentero16004  0.02615    0.14947   0.175   0.8611    
---
Signif. codes:  0 ‘***’ 0.001 ‘**’ 0.01 ‘*’ 0.05 ‘.’ 0.1 ‘ ’ 1

(Dispersion parameter for poisson family taken to be 1)

    Null deviance: 4849.7  on 17609  degrees of freedom
Residual deviance: 4844.3  on 17606  degrees of freedom
AIC: 6406.3

Number of Fisher Scoring iterations: 6



Robust, Sandwich Standard Errors Account for Clustering:

z test of coefficients:

              Estimate Std. Error  z value Pr(>|z|)    
(Intercept)  -3.187557   0.067302 -47.3617  < 2e-16 ***
qentero16002  0.065102   0.094983   0.6854  0.49309    
qentero16003  0.237287   0.121933   1.9460  0.05165 .  
qentero16004  0.026151   0.165857   0.1577  0.87472    
---
Signif. codes:  0 ‘***’ 0.001 ‘**’ 0.01 ‘*’ 0.05 ‘.’ 0.1 ‘ ’ 1

> 
> 
> 
> # function to get Estimates and CIs from a linear combination of regression coefficients
> lccalc <- function(lc,x,vcv) {
+ 	# lc : linear combination of coefficients
+ 	# x : log-linear model object returned from coeftest (class=coeftest)
+ 	# vcv : variance-covariance matrix of coefficients for robust SEs
+ 	est <- exp(t(lc)%*%x[,1])
+ 	se  <- sqrt( t(lc)%*%vcv%*%lc )
+ 	lb <- exp(log(est)-1.96*se)
+ 	ub <- exp(log(est)+1.96*se)
+ 	res <- c(est,lb,ub)
+ 	return(res)
+ }
> getCI <- function(fit,vcv) {
+ 	# fit : an object returned from coeftest w/ 4 parameters corresponding to Q1-Q4 cumulative incidence
+ 	# vcv : variance-covariance matrix for coefficients in the fit object
+ 	lc1 <- lc2 <- lc3 <- lc4 <- rep(0,nrow(fit))
+ 	lc1[c(1)  ] <- 1
+ 	lc2[c(1,2)] <- 1
+ 	lc3[c(1,3)] <- 1
+ 	lc4[c(1,4)] <- 1
+ 	lcs <- list(lc1,lc2,lc3,lc4)
+ 	res <- t(sapply(lcs,lccalc,x=fit,vcv=vcv))
+ 	colnames(res) <- c("CI","CIlb","CIub")
+ 	rownames(res) <- paste("Q",1:4,sep="")
+ 	return(res)
+ }
> 
> 
> 
> ci.all    <- getCI(allci$fit,allci$vcovCL)
> ci.0to4   <- getCI(age0to4ci$fit,age0to4ci$vcovCL)
> ci.5to10  <- getCI(age5to10ci$fit,age5to10ci$vcovCL)
> ci.11plus <- getCI(age11plusci$fit,age11plusci$vcovCL)
> 
> ci.ps  <- getCI(psci$fit,psci$vcovCL)
> ci.nps <- getCI(npsci$fit,npsci$vcovCL)
> 
> 
> # --------------------------------------
> # Test for interaction (effect modification)
> # by environmental conditions at
> # Avalon and Doheny beaches
> # --------------------------------------
> 
> # Avalon
> # Above versus below median groundwater flow
> # See Yau et al. 2014 Wat Res for details
> av.h.noint <-glm(diarrheaci10~ qentero1600+groundwater +agecat+female+racewhite+gichron+anim_any+gicontactbase+rawfood,family=poisson(link="log"),data=ad[ad$beach=="Avalon",])
> av.h <-glm(diarrheaci10~ qentero1600*groundwater +agecat+female+racewhite+gichron+anim_any+gicontactbase+rawfood,family=poisson(link="log"),data=ad[ad$beach=="Avalon",])
> 	lrtest(av.h.noint,av.h)
Likelihood ratio test

Model 1: diarrheaci10 ~ qentero1600 + groundwater + agecat + female + 
    racewhite + gichron + anim_any + gicontactbase + rawfood
Model 2: diarrheaci10 ~ qentero1600 * groundwater + agecat + female + 
    racewhite + gichron + anim_any + gicontactbase + rawfood
  #Df  LogLik Df  Chisq Pr(>Chisq)  
1  22 -776.85                       
2  25 -773.45  3 6.7859    0.07905 .
---
Signif. codes:  0 ‘***’ 0.001 ‘**’ 0.01 ‘*’ 0.05 ‘.’ 0.1 ‘ ’ 1
> 
> # Doheny
> # Sand berm open vs. closed
> # See Colford et al. 2012 Wat Res for details
> dh.h.noint <-glm(diarrheaci10~qentero1600+berm +agecat+female+racewhite+gichron+anim_any+gicontactbase+rawfood,family=poisson(link="log"),data=ad[ad$beach=="Doheny",])
> dh.h <-glm(diarrheaci10~ qentero1600*berm +agecat+female+racewhite+gichron+anim_any+gicontactbase+rawfood,family=poisson(link="log"),data=ad[ad$beach=="Doheny",])
> 	lrtest(dh.h.noint,dh.h)
Likelihood ratio test

Model 1: diarrheaci10 ~ qentero1600 + berm + agecat + female + racewhite + 
    gichron + anim_any + gicontactbase + rawfood
Model 2: diarrheaci10 ~ qentero1600 * berm + agecat + female + racewhite + 
    gichron + anim_any + gicontactbase + rawfood
  #Df  LogLik Df  Chisq Pr(>Chisq)  
1  21 -720.83                       
2  24 -716.13  3 9.3999    0.02442 *
---
Signif. codes:  0 ‘***’ 0.001 ‘**’ 0.01 ‘*’ 0.05 ‘.’ 0.1 ‘ ’ 1
> 
> # --------------------------------------
> # Beach Specific Stratified Estimates
> # --------------------------------------
> 
> # --------------------------------------
> # Freshwater beaches
> 
> # Huntington
> hufit <- mpreg(diarrheaci10~qentero1600 +agecat+female+racewhite+gichron+anim_any+gicontactbase+rawfood,dat=ad[ad$beach=="Huntington",],vcv=T)

Call:
glm(formula = formula, family = poisson(link = "log"), data = dat)

Deviance Residuals: 
    Min       1Q   Median       3Q      Max  
-0.8730  -0.4916  -0.4305  -0.3088   2.2614  

Coefficients:
                   Estimate Std. Error z value Pr(>|z|)    
(Intercept)        -3.25212    0.64905  -5.011 5.43e-07 ***
qentero16003        0.23287    0.33137   0.703   0.4822    
qentero16004        0.42121    0.32616   1.291   0.1966    
agecat5-14         -0.02508    0.38431  -0.065   0.9480    
agecat15-24        -1.14391    0.66800  -1.712   0.0868 .  
agecat25-34        -0.16597    0.47262  -0.351   0.7255    
agecat35-44         0.34497    0.42147   0.818   0.4131    
agecat45-54        -0.30116    0.56097  -0.537   0.5914    
agecat55-64        -0.82512    1.05717  -0.781   0.4351    
agecat65-74       -15.32973 1291.98277  -0.012   0.9905    
agecat75+         -14.98168 3467.85856  -0.004   0.9966    
agecatMissing       0.93490    0.78792   1.187   0.2354    
female              0.17730    0.23426   0.757   0.4491    
racewhiteYes        0.45840    0.47002   0.975   0.3294    
racewhiteMissing  -14.41289 3467.85859  -0.004   0.9967    
gichronYes        -15.14030  928.48797  -0.016   0.9870    
anim_anyYes         0.29553    0.34628   0.853   0.3934    
gicontactbaseYes    0.11381    0.72276   0.157   0.8749    
rawfood             0.38152    0.36212   1.054   0.2921    
---
Signif. codes:  0 ‘***’ 0.001 ‘**’ 0.01 ‘*’ 0.05 ‘.’ 0.1 ‘ ’ 1

(Dispersion parameter for poisson family taken to be 1)

    Null deviance: 340.98  on 740  degrees of freedom
Residual deviance: 321.00  on 722  degrees of freedom
AIC: 507

Number of Fisher Scoring iterations: 15



Robust, Sandwich Standard Errors Account for Clustering:

z test of coefficients:

                   Estimate Std. Error  z value Pr(>|z|)    
(Intercept)       -3.252124   0.679478  -4.7862  1.7e-06 ***
qentero16003       0.232868   0.338800   0.6873  0.49187    
qentero16004       0.421210   0.341900   1.2320  0.21796    
agecat5-14        -0.025081   0.369215  -0.0679  0.94584    
agecat15-24       -1.143908   0.677577  -1.6882  0.09137 .  
agecat25-34       -0.165967   0.487629  -0.3404  0.73359    
agecat35-44        0.344970   0.401458   0.8593  0.39018    
agecat45-54       -0.301164   0.568361  -0.5299  0.59619    
agecat55-64       -0.825123   1.064532  -0.7751  0.43828    
agecat65-74      -15.329731   0.606738 -25.2658  < 2e-16 ***
agecat75+        -14.981682   1.111324 -13.4809  < 2e-16 ***
agecatMissing      0.934904   0.922709   1.0132  0.31096    
female             0.177300   0.216994   0.8171  0.41389    
racewhiteYes       0.458396   0.561029   0.8171  0.41389    
racewhiteMissing -14.412888   1.233008 -11.6892  < 2e-16 ***
gichronYes       -15.140303   0.508427 -29.7787  < 2e-16 ***
anim_anyYes        0.295526   0.436447   0.6771  0.49833    
gicontactbaseYes   0.113809   0.694248   0.1639  0.86979    
rawfood            0.381520   0.444302   0.8587  0.39051    
---
Signif. codes:  0 ‘***’ 0.001 ‘**’ 0.01 ‘*’ 0.05 ‘.’ 0.1 ‘ ’ 1

> 
> # Silver
> sifit <- mpreg(diarrheaci10~qentero1600 +agecat+female+racewhite+gichron+anim_any+gicontactbase+rawfood,dat=ad[ad$beach=="Silver",],vcv=T)

Call:
glm(formula = formula, family = poisson(link = "log"), data = dat)

Deviance Residuals: 
    Min       1Q   Median       3Q      Max  
-0.7316  -0.3219  -0.2756  -0.2525   2.4524  

Coefficients:
                       Estimate Std. Error z value Pr(>|z|)    
(Intercept)            -3.23766    0.47340  -6.839 7.96e-12 ***
qentero16003           -0.12232    0.39561  -0.309   0.7572    
qentero16004            0.04215    0.38747   0.109   0.9134    
agecat5-14             -0.57919    0.21551  -2.688   0.0072 ** 
agecat15-24            -0.71980    0.24573  -2.929   0.0034 ** 
agecat25-34            -0.35933    0.25940  -1.385   0.1660    
agecat35-44            -0.06000    0.22513  -0.266   0.7899    
agecat45-54            -0.37191    0.28632  -1.299   0.1940    
agecat55-64            -0.40035    0.41897  -0.956   0.3393    
agecat65-74           -14.48199  541.74195  -0.027   0.9787    
agecat75+             -14.84125 1955.76799  -0.008   0.9939    
agecatMissing          -0.79308    0.44496  -1.782   0.0747 .  
female                  0.16670    0.12989   1.283   0.1994    
racewhiteYes            0.08991    0.20881   0.431   0.6668    
racewhiteMissing        0.28043    1.02324   0.274   0.7840    
gichronYes              0.56778    0.32919   1.725   0.0846 .  
gichronMissing        -14.02304 1082.16328  -0.013   0.9897    
anim_anyYes             0.37999    0.18421   2.063   0.0391 *  
gicontactbaseYes        0.19822    0.26869   0.738   0.4607    
gicontactbaseMissing    1.04481    1.01158   1.033   0.3017    
rawfood                 0.13111    0.17272   0.759   0.4478    
---
Signif. codes:  0 ‘***’ 0.001 ‘**’ 0.01 ‘*’ 0.05 ‘.’ 0.1 ‘ ’ 1

(Dispersion parameter for poisson family taken to be 1)

    Null deviance: 1520.8  on 5553  degrees of freedom
Residual deviance: 1485.6  on 5533  degrees of freedom
AIC: 2013.6

Number of Fisher Scoring iterations: 15



Robust, Sandwich Standard Errors Account for Clustering:

z test of coefficients:

                       Estimate Std. Error  z value  Pr(>|z|)    
(Intercept)           -3.237659   0.535752  -6.0432 1.511e-09 ***
qentero16003          -0.122321   0.438618  -0.2789  0.780338    
qentero16004           0.042148   0.428842   0.0983  0.921708    
agecat5-14            -0.579194   0.221892  -2.6103  0.009047 ** 
agecat15-24           -0.719798   0.250222  -2.8766  0.004019 ** 
agecat25-34           -0.359326   0.272955  -1.3164  0.188031    
agecat35-44           -0.059997   0.227348  -0.2639  0.791858    
agecat45-54           -0.371906   0.288207  -1.2904  0.196907    
agecat55-64           -0.400354   0.417552  -0.9588  0.337653    
agecat65-74          -14.481988   0.270250 -53.5874 < 2.2e-16 ***
agecat75+            -14.841248   0.692617 -21.4278 < 2.2e-16 ***
agecatMissing         -0.793076   0.559022  -1.4187  0.155991    
female                 0.166701   0.129900   1.2833  0.199385    
racewhiteYes           0.089912   0.247989   0.3626  0.716931    
racewhiteMissing       0.280430   0.864514   0.3244  0.745651    
gichronYes             0.567784   0.325474   1.7445  0.081074 .  
gichronMissing       -14.023042   0.591149 -23.7217 < 2.2e-16 ***
anim_anyYes            0.379990   0.210728   1.8032  0.071352 .  
gicontactbaseYes       0.198216   0.267244   0.7417  0.458267    
gicontactbaseMissing   1.044805   0.692965   1.5077  0.131623    
rawfood                0.131107   0.175737   0.7460  0.455644    
---
Signif. codes:  0 ‘***’ 0.001 ‘**’ 0.01 ‘*’ 0.05 ‘.’ 0.1 ‘ ’ 1

> 
> # Washington Park
> wpfit <- mpreg(diarrheaci10~qentero1600 +agecat+female+racewhite+gichron+anim_any+gicontactbase+rawfood,dat=ad[ad$beach=="Washington Park",],vcv=T)

Call:
glm(formula = formula, family = poisson(link = "log"), data = dat)

Deviance Residuals: 
    Min       1Q   Median       3Q      Max  
-0.8516  -0.3541  -0.3003  -0.2535   2.5947  

Coefficients:
                      Estimate Std. Error z value Pr(>|z|)    
(Intercept)            -3.1394     0.3868  -8.116 4.84e-16 ***
qentero16004            0.1283     0.1889   0.679   0.4970    
agecat5-14             -0.5165     0.3111  -1.660   0.0968 .  
agecat15-24            -1.2844     0.4850  -2.648   0.0081 ** 
agecat25-34             0.2309     0.3294   0.701   0.4834    
agecat35-44            -0.2083     0.3407  -0.611   0.5409    
agecat45-54            -0.2962     0.3903  -0.759   0.4479    
agecat55-64             0.5483     0.4020   1.364   0.1726    
agecat65-74            -0.2801     1.0347  -0.271   0.7866    
agecat75+             -14.4675  1411.5179  -0.010   0.9918    
agecatMissing          -1.7515     1.0338  -1.694   0.0902 .  
female                  0.1091     0.1804   0.605   0.5452    
racewhiteYes            0.1086     0.2486   0.437   0.6621    
racewhiteMissing      -11.8055  1352.3687  -0.009   0.9930    
gichronYes              0.5059     0.4625   1.094   0.2740    
gichronMissing        -13.1158  3467.8586  -0.004   0.9970    
anim_anyYes             0.3197     0.2578   1.240   0.2149    
gicontactbaseYes        0.7223     0.2903   2.489   0.0128 *  
gicontactbaseMissing  -13.6731  1061.9471  -0.013   0.9897    
rawfood                -0.2214     0.2819  -0.785   0.4322    
---
Signif. codes:  0 ‘***’ 0.001 ‘**’ 0.01 ‘*’ 0.05 ‘.’ 0.1 ‘ ’ 1

(Dispersion parameter for poisson family taken to be 1)

    Null deviance: 733.22  on 2311  degrees of freedom
Residual deviance: 692.58  on 2292  degrees of freedom
AIC: 984.58

Number of Fisher Scoring iterations: 15



Robust, Sandwich Standard Errors Account for Clustering:

z test of coefficients:

                      Estimate Std. Error  z value  Pr(>|z|)    
(Intercept)           -3.13936    0.37320  -8.4119 < 2.2e-16 ***
qentero16004           0.12832    0.22381   0.5734  0.566403    
agecat5-14            -0.51648    0.30531  -1.6917  0.090705 .  
agecat15-24           -1.28443    0.47591  -2.6989  0.006957 ** 
agecat25-34            0.23089    0.30822   0.7491  0.453802    
agecat35-44           -0.20829    0.33267  -0.6261  0.531238    
agecat45-54           -0.29615    0.37120  -0.7978  0.424971    
agecat55-64            0.54830    0.37039   1.4803  0.138784    
agecat65-74           -0.28009    1.01932  -0.2748  0.783487    
agecat75+            -14.46753    0.57731 -25.0604 < 2.2e-16 ***
agecatMissing         -1.75154    1.00459  -1.7435  0.081238 .  
female                 0.10914    0.16600   0.6575  0.510880    
racewhiteYes           0.10864    0.26345   0.4124  0.680070    
racewhiteMissing     -11.80555    0.88602 -13.3242 < 2.2e-16 ***
gichronYes             0.50593    0.51771   0.9772  0.328447    
gichronMissing       -13.11576    1.10985 -11.8176 < 2.2e-16 ***
anim_anyYes            0.31973    0.26580   1.2029  0.229016    
gicontactbaseYes       0.72233    0.29732   2.4295  0.015121 *  
gicontactbaseMissing -13.67313    0.71959 -19.0012 < 2.2e-16 ***
rawfood               -0.22144    0.27091  -0.8174  0.413693    
---
Signif. codes:  0 ‘***’ 0.001 ‘**’ 0.01 ‘*’ 0.05 ‘.’ 0.1 ‘ ’ 1

> 
> # West
> wefit <- mpreg(diarrheaci10~qentero1600 +agecat+female+racewhite+gichron+anim_any+gicontactbase+rawfood,dat=ad[ad$beach=="West",],vcv=T)

Call:
glm(formula = formula, family = poisson(link = "log"), data = dat)

Deviance Residuals: 
    Min       1Q   Median       3Q      Max  
-1.1108  -0.4149  -0.3295  -0.2595   2.4808  

Coefficients:
                      Estimate Std. Error z value Pr(>|z|)    
(Intercept)            -3.4411     0.4390  -7.838 4.57e-15 ***
qentero16002           -0.1383     0.3280  -0.422  0.67326    
qentero16003            0.3697     0.2652   1.394  0.16343    
qentero16004            0.3452     0.2803   1.232  0.21809    
agecat5-14             -0.5960     0.3330  -1.790  0.07352 .  
agecat15-24            -0.7990     0.3306  -2.417  0.01565 *  
agecat25-34            -0.1073     0.3305  -0.325  0.74541    
agecat35-44            -0.2391     0.3481  -0.687  0.49220    
agecat45-54            -1.4433     0.5370  -2.688  0.00720 ** 
agecat55-64           -15.0383   591.6405  -0.025  0.97972    
agecat65-74            -0.1069     1.0429  -0.103  0.91835    
agecat75+             -15.4013  2450.3603  -0.006  0.99499    
agecatMissing         -14.5972  1657.6362  -0.009  0.99297    
female                  0.1154     0.1826   0.632  0.52740    
racewhiteYes            0.3397     0.2446   1.389  0.16497    
racewhiteMissing        0.8422     0.7517   1.120  0.26255    
gichronYes              1.1408     0.4731   2.412  0.01588 *  
gichronMissing        -15.1605  3467.8586  -0.004  0.99651    
anim_anyYes             0.7841     0.2616   2.998  0.00272 ** 
gicontactbaseYes        1.3494     0.3386   3.986 6.73e-05 ***
gicontactbaseMissing    1.6393     0.6287   2.607  0.00912 ** 
rawfood                 0.6559     0.2389   2.745  0.00605 ** 
---
Signif. codes:  0 ‘***’ 0.001 ‘**’ 0.01 ‘*’ 0.05 ‘.’ 0.1 ‘ ’ 1

(Dispersion parameter for poisson family taken to be 1)

    Null deviance: 645.05  on 1649  degrees of freedom
Residual deviance: 580.62  on 1628  degrees of freedom
AIC: 874.62

Number of Fisher Scoring iterations: 15



Robust, Sandwich Standard Errors Account for Clustering:

z test of coefficients:

                      Estimate Std. Error  z value  Pr(>|z|)    
(Intercept)           -3.44113    0.47348  -7.2677 3.657e-13 ***
qentero16002          -0.13831    0.36162  -0.3825 0.7021092    
qentero16003           0.36966    0.28648   1.2904 0.1969281    
qentero16004           0.34522    0.30572   1.1292 0.2588098    
agecat5-14            -0.59595    0.34189  -1.7431 0.0813159 .  
agecat15-24           -0.79899    0.33338  -2.3966 0.0165473 *  
agecat25-34           -0.10731    0.31561  -0.3400 0.7338598    
agecat35-44           -0.23911    0.33355  -0.7169 0.4734545    
agecat45-54           -1.44329    0.52015  -2.7748 0.0055240 ** 
agecat55-64          -15.03826    0.41691 -36.0704 < 2.2e-16 ***
agecat65-74           -0.10692    0.83568  -0.1279 0.8981949    
agecat75+            -15.40132    0.77397 -19.8990 < 2.2e-16 ***
agecatMissing        -14.59716    0.64613 -22.5918 < 2.2e-16 ***
female                 0.11539    0.16604   0.6950 0.4870847    
racewhiteYes           0.33967    0.24207   1.4032 0.1605589    
racewhiteMissing       0.84219    0.78650   1.0708 0.2842578    
gichronYes             1.14080    0.34263   3.3295 0.0008700 ***
gichronMissing       -15.16048    1.07900 -14.0505 < 2.2e-16 ***
anim_anyYes            0.78407    0.26793   2.9264 0.0034290 ** 
gicontactbaseYes       1.34943    0.35841   3.7651 0.0001665 ***
gicontactbaseMissing   1.63931    0.45464   3.6057 0.0003113 ***
rawfood                0.65585    0.25664   2.5555 0.0106022 *  
---
Signif. codes:  0 ‘***’ 0.001 ‘**’ 0.01 ‘*’ 0.05 ‘.’ 0.1 ‘ ’ 1

> 
> # --------------------------------------
> # Marine beaches
> 
> # Avalon
> avfit <- mpreg(diarrheaci10~qentero1600*groundwater +agecat+female+racewhite+gichron+anim_any+gicontactbase+rawfood,dat=ad[ad$beach=="Avalon",],vcv=T)

Call:
glm(formula = formula, family = poisson(link = "log"), data = dat)

Deviance Residuals: 
    Min       1Q   Median       3Q      Max  
-0.9903  -0.3538  -0.2959  -0.2605   2.4738  

Coefficients:
                                           Estimate Std. Error z value Pr(>|z|)
(Intercept)                                -2.29110    0.36570  -6.265 3.73e-10
qentero16002                               -0.01880    0.75416  -0.025  0.98011
qentero16003                                0.26770    0.30362   0.882  0.37793
qentero16004                                0.10420    0.29227   0.357  0.72146
groundwaterAbove median flow               -0.26437    0.35171  -0.752  0.45225
agecat5-14                                 -1.07551    0.23621  -4.553 5.29e-06
agecat15-24                                -1.20588    0.30599  -3.941 8.12e-05
agecat25-34                                -0.76271    0.28703  -2.657  0.00788
agecat35-44                                -0.42352    0.24613  -1.721  0.08531
agecat45-54                                -0.77705    0.27286  -2.848  0.00440
agecat55-64                                -1.26819    0.39009  -3.251  0.00115
agecat65-74                                -1.13854    0.73561  -1.548  0.12168
agecat75+                                 -14.16501  567.89877  -0.025  0.98010
agecatMissing                             -14.20143  761.30107  -0.019  0.98512
female                                     -0.07351    0.14029  -0.524  0.60026
racewhiteYes                                0.01721    0.16764   0.103  0.91822
racewhiteMissing                           -0.72608    0.72303  -1.004  0.31528
gichronYes                                  0.81749    0.33115   2.469  0.01356
anim_anyYes                                 0.11667    0.16179   0.721  0.47086
gicontactbaseYes                            0.61863    0.22333   2.770  0.00561
gicontactbaseMissing                       -0.47327    1.00622  -0.470  0.63811
rawfood                                     0.32769    0.16655   1.968  0.04912
qentero16002:groundwaterAbove median flow   0.10454    0.91024   0.115  0.90857
qentero16003:groundwaterAbove median flow  -0.49242    0.45450  -1.083  0.27862
qentero16004:groundwaterAbove median flow   0.39217    0.40167   0.976  0.32890
                                             
(Intercept)                               ***
qentero16002                                 
qentero16003                                 
qentero16004                                 
groundwaterAbove median flow                 
agecat5-14                                ***
agecat15-24                               ***
agecat25-34                               ** 
agecat35-44                               .  
agecat45-54                               ** 
agecat55-64                               ** 
agecat65-74                                  
agecat75+                                    
agecatMissing                                
female                                       
racewhiteYes                                 
racewhiteMissing                             
gichronYes                                *  
anim_anyYes                                  
gicontactbaseYes                          ** 
gicontactbaseMissing                         
rawfood                                   *  
qentero16002:groundwaterAbove median flow    
qentero16003:groundwaterAbove median flow    
qentero16004:groundwaterAbove median flow    
---
Signif. codes:  0 ‘***’ 0.001 ‘**’ 0.01 ‘*’ 0.05 ‘.’ 0.1 ‘ ’ 1

(Dispersion parameter for poisson family taken to be 1)

    Null deviance: 1194.7  on 3742  degrees of freedom
Residual deviance: 1134.9  on 3718  degrees of freedom
AIC: 1596.9

Number of Fisher Scoring iterations: 14



Robust, Sandwich Standard Errors Account for Clustering:

z test of coefficients:

                                            Estimate Std. Error  z value
(Intercept)                                -2.291104   0.358062  -6.3986
qentero16002                               -0.018802   0.769487  -0.0244
qentero16003                                0.267704   0.309259   0.8656
qentero16004                                0.104196   0.289233   0.3603
groundwaterAbove median flow               -0.264371   0.357906  -0.7387
agecat5-14                                 -1.075509   0.238175  -4.5156
agecat15-24                                -1.205880   0.303252  -3.9765
agecat25-34                                -0.762715   0.268137  -2.8445
agecat35-44                                -0.423518   0.239381  -1.7692
agecat45-54                                -0.777050   0.276108  -2.8143
agecat55-64                                -1.268194   0.379262  -3.3438
agecat65-74                                -1.138539   0.727988  -1.5640
agecat75+                                 -14.165011   0.357485 -39.6241
agecatMissing                             -14.201428   0.478138 -29.7015
female                                     -0.073514   0.133686  -0.5499
racewhiteYes                                0.017214   0.184938   0.0931
racewhiteMissing                           -0.726077   0.684592  -1.0606
gichronYes                                  0.817495   0.322924   2.5315
anim_anyYes                                 0.116665   0.178465   0.6537
gicontactbaseYes                            0.618634   0.244493   2.5303
gicontactbaseMissing                       -0.473267   1.012447  -0.4674
rawfood                                     0.327693   0.164820   1.9882
qentero16002:groundwaterAbove median flow   0.104537   0.929066   0.1125
qentero16003:groundwaterAbove median flow  -0.492418   0.479274  -1.0274
qentero16004:groundwaterAbove median flow   0.392166   0.419497   0.9348
                                           Pr(>|z|)    
(Intercept)                               1.568e-10 ***
qentero16002                              0.9805060    
qentero16003                              0.3866929    
qentero16004                              0.7186599    
groundwaterAbove median flow              0.4601137    
agecat5-14                                6.313e-06 ***
agecat15-24                               6.994e-05 ***
agecat25-34                               0.0044482 ** 
agecat35-44                               0.0768568 .  
agecat45-54                               0.0048884 ** 
agecat55-64                               0.0008263 ***
agecat65-74                               0.1178287    
agecat75+                                 < 2.2e-16 ***
agecatMissing                             < 2.2e-16 ***
female                                    0.5823899    
racewhiteYes                              0.9258420    
racewhiteMissing                          0.2888728    
gichronYes                                0.0113562 *  
anim_anyYes                               0.5132966    
gicontactbaseYes                          0.0113975 *  
gicontactbaseMissing                      0.6401792    
rawfood                                   0.0467904 *  
qentero16002:groundwaterAbove median flow 0.9104126    
qentero16003:groundwaterAbove median flow 0.3042201    
qentero16004:groundwaterAbove median flow 0.3498664    
---
Signif. codes:  0 ‘***’ 0.001 ‘**’ 0.01 ‘*’ 0.05 ‘.’ 0.1 ‘ ’ 1

> 
> # Boqueron
> bofit <- mpreg(diarrheaci10~qentero1600 +agecat+female+racewhite+gichron+anim_any+gicontactbase+rawfood,dat=ad[ad$beach=="Boqueron",],vcv=T)

Call:
glm(formula = formula, family = poisson(link = "log"), data = dat)

Deviance Residuals: 
    Min       1Q   Median       3Q      Max  
-1.1514  -0.2496  -0.2210  -0.2030   2.5469  

Coefficients:
                       Estimate Std. Error z value Pr(>|z|)    
(Intercept)            -3.11619    0.28035 -11.115  < 2e-16 ***
qentero16002           -0.15092    0.23720  -0.636 0.524609    
qentero16003            0.03349    0.23871   0.140 0.888413    
qentero16004            0.17020    0.30959   0.550 0.582475    
agecat5-14             -0.94556    0.21108  -4.480 7.48e-06 ***
agecat15-24            -0.66860    0.20023  -3.339 0.000841 ***
agecat25-34            -0.52708    0.19683  -2.678 0.007408 ** 
agecat35-44            -0.76883    0.21242  -3.619 0.000295 ***
agecat45-54            -0.75472    0.23182  -3.256 0.001131 ** 
agecat55-64            -0.61492    0.28503  -2.157 0.030976 *  
agecat65-74            -0.96171    0.47534  -2.023 0.043050 *  
agecat75+             -13.35724  321.48238  -0.042 0.966858    
agecatMissing          -0.71605    0.52488  -1.364 0.172494    
female                  0.06612    0.10792   0.613 0.540100    
racewhiteYes            0.83840    0.58208   1.440 0.149771    
racewhiteMissing        2.40781    0.72087   3.340 0.000837 ***
gichronYes              0.54781    0.20342   2.693 0.007081 ** 
gichronMissing        -12.34687 2103.36254  -0.006 0.995316    
anim_anyYes             0.21618    0.10966   1.971 0.048690 *  
gicontactbaseYes        0.94797    0.17510   5.414 6.17e-08 ***
gicontactbaseMissing  -12.81010 1202.07317  -0.011 0.991497    
rawfood                 0.30908    0.13926   2.219 0.026457 *  
---
Signif. codes:  0 ‘***’ 0.001 ‘**’ 0.01 ‘*’ 0.05 ‘.’ 0.1 ‘ ’ 1

(Dispersion parameter for poisson family taken to be 1)

    Null deviance: 2487.4  on 11878  degrees of freedom
Residual deviance: 2398.7  on 11857  degrees of freedom
AIC: 3150.7

Number of Fisher Scoring iterations: 14



Robust, Sandwich Standard Errors Account for Clustering:

z test of coefficients:

                       Estimate Std. Error  z value  Pr(>|z|)    
(Intercept)           -3.116194   0.296570 -10.5074 < 2.2e-16 ***
qentero16002          -0.150917   0.254064  -0.5940  0.552504    
qentero16003           0.033494   0.254494   0.1316  0.895291    
qentero16004           0.170202   0.379254   0.4488  0.653590    
agecat5-14            -0.945561   0.207934  -4.5474 5.431e-06 ***
agecat15-24           -0.668601   0.206956  -3.2307  0.001235 ** 
agecat25-34           -0.527082   0.188278  -2.7995  0.005118 ** 
agecat35-44           -0.768833   0.210342  -3.6552  0.000257 ***
agecat45-54           -0.754717   0.235852  -3.2000  0.001374 ** 
agecat55-64           -0.614923   0.282285  -2.1784  0.029378 *  
agecat65-74           -0.961714   0.470596  -2.0436  0.040992 *  
agecat75+            -13.357241   0.232674 -57.4075 < 2.2e-16 ***
agecatMissing         -0.716055   0.520644  -1.3753  0.169031    
female                 0.066117   0.101734   0.6499  0.515756    
racewhiteYes           0.838399   0.709768   1.1812  0.237511    
racewhiteMissing       2.407814   0.614034   3.9213 8.807e-05 ***
gichronYes             0.547811   0.202738   2.7021  0.006891 ** 
gichronMissing       -12.346875   1.022059 -12.0804 < 2.2e-16 ***
anim_anyYes            0.216178   0.123102   1.7561  0.079072 .  
gicontactbaseYes       0.947968   0.182734   5.1877 2.129e-07 ***
gicontactbaseMissing -12.810103   0.637479 -20.0950 < 2.2e-16 ***
rawfood                0.309076   0.143300   2.1569  0.031017 *  
---
Signif. codes:  0 ‘***’ 0.001 ‘**’ 0.01 ‘*’ 0.05 ‘.’ 0.1 ‘ ’ 1

> 
> # Doheny
> dhfit <- mpreg(diarrheaci10~qentero1600*berm +agecat+female+racewhite+gichron+anim_any+gicontactbase+rawfood,dat=ad[ad$beach=="Doheny",],vcv=T)

Call:
glm(formula = formula, family = poisson(link = "log"), data = dat)

Deviance Residuals: 
    Min       1Q   Median       3Q      Max  
-0.7161  -0.3218  -0.2676  -0.2278   2.6502  

Coefficients:
                        Estimate Std. Error z value Pr(>|z|)    
(Intercept)           -2.839e+00  2.575e-01 -11.027  < 2e-16 ***
qentero16002           1.458e-01  1.848e-01   0.789 0.430227    
qentero16003           5.889e-01  2.401e-01   2.452 0.014201 *  
qentero16004          -2.823e-01  5.914e-01  -0.477 0.633161    
bermOpen              -5.972e-01  3.986e-01  -1.498 0.134107    
agecat5-14            -8.932e-01  2.309e-01  -3.869 0.000109 ***
agecat15-24           -8.555e-01  3.153e-01  -2.713 0.006669 ** 
agecat25-34           -4.357e-01  2.948e-01  -1.478 0.139441    
agecat35-44           -4.310e-01  2.647e-01  -1.628 0.103499    
agecat45-54           -4.867e-01  3.000e-01  -1.622 0.104712    
agecat55-64           -1.882e+00  7.358e-01  -2.558 0.010541 *  
agecat65-74           -3.105e-01  1.020e+00  -0.304 0.760936    
agecatMissing         -1.380e+01  5.507e+02  -0.025 0.980003    
female                -9.385e-04  1.544e-01  -0.006 0.995150    
racewhiteYes           2.201e-01  1.719e-01   1.280 0.200398    
racewhiteMissing       9.166e-02  5.975e-01   0.153 0.878075    
gichronYes             8.926e-01  3.933e-01   2.269 0.023248 *  
anim_anyYes           -1.394e-01  1.954e-01  -0.713 0.475648    
gicontactbaseYes       4.293e-01  3.025e-01   1.419 0.155836    
gicontactbaseMissing   7.660e-01  4.579e-01   1.673 0.094354 .  
rawfood                2.221e-01  1.895e-01   1.172 0.241137    
qentero16002:bermOpen  9.078e-01  4.998e-01   1.816 0.069294 .  
qentero16003:bermOpen -5.515e-01  7.310e-01  -0.754 0.450584    
qentero16004:bermOpen  1.453e+00  7.874e-01   1.845 0.065070 .  
---
Signif. codes:  0 ‘***’ 0.001 ‘**’ 0.01 ‘*’ 0.05 ‘.’ 0.1 ‘ ’ 1

(Dispersion parameter for poisson family taken to be 1)

    Null deviance: 1125.4  on 4149  degrees of freedom
Residual deviance: 1074.3  on 4126  degrees of freedom
AIC: 1480.3

Number of Fisher Scoring iterations: 14



Robust, Sandwich Standard Errors Account for Clustering:

z test of coefficients:

                         Estimate  Std. Error  z value  Pr(>|z|)    
(Intercept)           -2.8390e+00  2.5055e-01 -11.3309 < 2.2e-16 ***
qentero16002           1.4575e-01  2.0138e-01   0.7238  0.469202    
qentero16003           5.8888e-01  2.6694e-01   2.2061  0.027380 *  
qentero16004          -2.8226e-01  5.8890e-01  -0.4793  0.631720    
bermOpen              -5.9719e-01  4.4714e-01  -1.3356  0.181692    
agecat5-14            -8.9320e-01  2.2609e-01  -3.9507 7.793e-05 ***
agecat15-24           -8.5549e-01  3.0461e-01  -2.8085  0.004978 ** 
agecat25-34           -4.3568e-01  2.7683e-01  -1.5738  0.115535    
agecat35-44           -4.3098e-01  2.5216e-01  -1.7091  0.087427 .  
agecat45-54           -4.8669e-01  2.8566e-01  -1.7037  0.088435 .  
agecat55-64           -1.8817e+00  7.2460e-01  -2.5969  0.009407 ** 
agecat65-74           -3.1048e-01  9.8650e-01  -0.3147  0.752968    
agecatMissing         -1.3804e+01  3.8808e-01 -35.5701 < 2.2e-16 ***
female                -9.3853e-04  1.5842e-01  -0.0059  0.995273    
racewhiteYes           2.2007e-01  1.8758e-01   1.1732  0.240720    
racewhiteMissing       9.1664e-02  5.7682e-01   0.1589  0.873739    
gichronYes             8.9257e-01  3.6408e-01   2.4516  0.014222 *  
anim_anyYes           -1.3941e-01  2.1058e-01  -0.6620  0.507969    
gicontactbaseYes       4.2934e-01  3.0987e-01   1.3855  0.165888    
gicontactbaseMissing   7.6596e-01  3.8170e-01   2.0067  0.044779 *  
rawfood                2.2211e-01  1.9953e-01   1.1132  0.265619    
qentero16002:bermOpen  9.0784e-01  6.0041e-01   1.5120  0.130528    
qentero16003:bermOpen -5.5147e-01  7.6338e-01  -0.7224  0.470047    
qentero16004:bermOpen  1.4526e+00  8.2389e-01   1.7632  0.077875 .  
---
Signif. codes:  0 ‘***’ 0.001 ‘**’ 0.01 ‘*’ 0.05 ‘.’ 0.1 ‘ ’ 1

> 
> # Edgewater
> edfit <- mpreg(diarrheaci10~qentero1600 +agecat+female+racewhite+gichron+anim_any+gicontactbase+rawfood,dat=ad[ad$beach=="Edgewater",],vcv=T)

Call:
glm(formula = formula, family = poisson(link = "log"), data = dat)

Deviance Residuals: 
    Min       1Q   Median       3Q      Max  
-0.7820  -0.3799  -0.3063  -0.2416   2.3627  

Coefficients:
                   Estimate Std. Error z value Pr(>|z|)    
(Intercept)        -3.36134    0.75130  -4.474 7.68e-06 ***
qentero16002        0.54079    0.66779   0.810   0.4180    
qentero16003        0.77468    0.61999   1.250   0.2115    
qentero16004        1.33604    0.69949   1.910   0.0561 .  
agecat5-14         -0.94746    0.60924  -1.555   0.1199    
agecat15-24        -0.24649    0.54819  -0.450   0.6530    
agecat25-34        -0.38224    0.56263  -0.679   0.4969    
agecat35-44        -0.75672    0.64184  -1.179   0.2384    
agecat45-54         0.25248    0.61871   0.408   0.6832    
agecat55-64       -15.71949 1564.48127  -0.010   0.9920    
agecat65-74         1.34277    1.14002   1.178   0.2389    
agecat75+         -15.92030 5717.53216  -0.003   0.9978    
agecatMissing     -15.82864 1297.37573  -0.012   0.9903    
female             -0.09098    0.31183  -0.292   0.7705    
racewhiteYes        0.31357    0.37979   0.826   0.4090    
gichronYes          1.01922    0.74714   1.364   0.1725    
gichronMissing    -16.27766 5717.53217  -0.003   0.9977    
anim_anyYes         0.12470    0.37440   0.333   0.7391    
gicontactbaseYes    0.73960    0.54118   1.367   0.1717    
rawfood            -0.30450    0.43522  -0.700   0.4841    
---
Signif. codes:  0 ‘***’ 0.001 ‘**’ 0.01 ‘*’ 0.05 ‘.’ 0.1 ‘ ’ 1

(Dispersion parameter for poisson family taken to be 1)

    Null deviance: 242.47  on 720  degrees of freedom
Residual deviance: 222.36  on 701  degrees of freedom
AIC: 348.36

Number of Fisher Scoring iterations: 16



Robust, Sandwich Standard Errors Account for Clustering:

z test of coefficients:

                   Estimate Std. Error  z value  Pr(>|z|)    
(Intercept)       -3.361336   0.789541  -4.2573 2.069e-05 ***
qentero16002       0.540787   0.638108   0.8475   0.39673    
qentero16003       0.774680   0.600158   1.2908   0.19678    
qentero16004       1.336039   0.671482   1.9897   0.04663 *  
agecat5-14        -0.947465   0.601065  -1.5763   0.11495    
agecat15-24       -0.246493   0.538902  -0.4574   0.64738    
agecat25-34       -0.382243   0.562036  -0.6801   0.49644    
agecat35-44       -0.756722   0.636745  -1.1884   0.23467    
agecat45-54        0.252482   0.587514   0.4297   0.66738    
agecat55-64      -15.719490   0.535690 -29.3444 < 2.2e-16 ***
agecat65-74        1.342766   0.921431   1.4573   0.14504    
agecat75+        -15.920302   1.088184 -14.6302 < 2.2e-16 ***
agecatMissing    -15.828643   0.597915 -26.4731 < 2.2e-16 ***
female            -0.090984   0.304654  -0.2986   0.76521    
racewhiteYes       0.313569   0.393588   0.7967   0.42563    
gichronYes         1.019219   0.611413   1.6670   0.09552 .  
gichronMissing   -16.277657   1.208806 -13.4659 < 2.2e-16 ***
anim_anyYes        0.124698   0.383490   0.3252   0.74506    
gicontactbaseYes   0.739598   0.513020   1.4417   0.14940    
rawfood           -0.304502   0.427670  -0.7120   0.47646    
---
Signif. codes:  0 ‘***’ 0.001 ‘**’ 0.01 ‘*’ 0.05 ‘.’ 0.1 ‘ ’ 1

> 
> # Fairhope
> fafit <- mpreg(diarrheaci10~qentero1600 +agecat+female+racewhite+gichron+anim_any+gicontactbase+rawfood,dat=ad[ad$beach=="Fairhope",],vcv=T)

Call:
glm(formula = formula, family = poisson(link = "log"), data = dat)

Deviance Residuals: 
    Min       1Q   Median       3Q      Max  
-0.9811  -0.3700  -0.3147  -0.2721   2.2200  

Coefficients:
                      Estimate Std. Error z value Pr(>|z|)    
(Intercept)            -2.0816     0.5374  -3.873 0.000107 ***
qentero16003           -0.7276     0.4143  -1.756 0.079026 .  
qentero16004           -0.3211     0.4060  -0.791 0.429048    
agecat5-14             -0.6148     0.3738  -1.645 0.100011    
agecat15-24            -0.6496     0.5310  -1.223 0.221209    
agecat25-34            -0.5059     0.4762  -1.062 0.288077    
agecat35-44            -0.4843     0.5855  -0.827 0.408143    
agecat45-54            -0.5098     0.6489  -0.786 0.432042    
agecat55-64            -0.1952     1.0523  -0.185 0.852875    
agecat65-74             0.4651     1.0493   0.443 0.657542    
agecat75+             -12.6208   902.0943  -0.014 0.988838    
female                  0.2834     0.2871   0.987 0.323576    
racewhiteYes           -0.2914     0.3463  -0.842 0.400034    
gichronYes              0.7715     1.0304   0.749 0.454008    
anim_anyYes             0.1353     0.3524   0.384 0.700895    
gicontactbaseYes        1.3548     0.4581   2.957 0.003104 ** 
gicontactbaseMissing  -12.0068  1275.7543  -0.009 0.992491    
rawfood                 0.1892     0.3863   0.490 0.624332    
---
Signif. codes:  0 ‘***’ 0.001 ‘**’ 0.01 ‘*’ 0.05 ‘.’ 0.1 ‘ ’ 1

(Dispersion parameter for poisson family taken to be 1)

    Null deviance: 281.80  on 807  degrees of freedom
Residual deviance: 266.31  on 790  degrees of freedom
AIC: 404.31

Number of Fisher Scoring iterations: 13



Robust, Sandwich Standard Errors Account for Clustering:

z test of coefficients:

                      Estimate Std. Error  z value  Pr(>|z|)    
(Intercept)           -2.08156    0.53019  -3.9260 8.636e-05 ***
qentero16003          -0.72758    0.41736  -1.7433   0.08128 .  
qentero16004          -0.32107    0.42773  -0.7507   0.45286    
agecat5-14            -0.61483    0.36808  -1.6704   0.09485 .  
agecat15-24           -0.64955    0.51900  -1.2516   0.21073    
agecat25-34           -0.50591    0.43032  -1.1757   0.23972    
agecat35-44           -0.48432    0.53418  -0.9067   0.36458    
agecat45-54           -0.50984    0.64526  -0.7901   0.42945    
agecat55-64           -0.19516    1.12992  -0.1727   0.86287    
agecat65-74            0.46514    0.94732   0.4910   0.62342    
agecat75+            -12.62079    0.81239 -15.5354 < 2.2e-16 ***
female                 0.28344    0.28961   0.9787   0.32773    
racewhiteYes          -0.29144    0.34484  -0.8451   0.39803    
gichronYes             0.77153    0.95856   0.8049   0.42089    
anim_anyYes            0.13534    0.35828   0.3778   0.70561    
gicontactbaseYes       1.35480    0.52994   2.5565   0.01057 *  
gicontactbaseMissing -12.00685    1.60819  -7.4661 8.262e-14 ***
rawfood                0.18918    0.44425   0.4258   0.67022    
---
Signif. codes:  0 ‘***’ 0.001 ‘**’ 0.01 ‘*’ 0.05 ‘.’ 0.1 ‘ ’ 1

> 
> # Goddard
> gdfit <- mpreg(diarrheaci10~qentero1600 +agecat+female+racewhite+gichron+anim_any+gicontactbase+rawfood,dat=ad[ad$beach=="Goddard",],vcv=T)

Call:
glm(formula = formula, family = poisson(link = "log"), data = dat)

Deviance Residuals: 
    Min       1Q   Median       3Q      Max  
-0.6356  -0.3243  -0.2586  -0.2186   2.7076  

Coefficients:
                   Estimate Std. Error z value Pr(>|z|)    
(Intercept)      -2.790e+00  4.920e-01  -5.670 1.42e-08 ***
qentero16002     -9.384e-03  3.699e-01  -0.025   0.9798    
qentero16003     -6.106e-02  4.671e-01  -0.131   0.8960    
qentero16004     -1.558e+01  4.283e+03  -0.004   0.9971    
agecat5-14       -8.531e-01  4.736e-01  -1.801   0.0717 .  
agecat15-24      -8.990e-01  6.099e-01  -1.474   0.1405    
agecat25-34      -3.459e-01  4.870e-01  -0.710   0.4775    
agecat35-44      -4.169e-01  4.937e-01  -0.844   0.3984    
agecat45-54      -2.105e+00  1.062e+00  -1.983   0.0474 *  
agecat55-64      -1.593e+00  1.064e+00  -1.498   0.1342    
agecat65-74      -3.006e-01  1.077e+00  -0.279   0.7801    
agecat75+        -1.677e+01  5.435e+03  -0.003   0.9975    
agecatMissing    -1.669e+01  2.846e+03  -0.006   0.9953    
female            2.001e-01  3.187e-01   0.628   0.5302    
racewhiteYes      1.812e-01  3.535e-01   0.513   0.6082    
racewhiteMissing  1.657e-01  7.239e+03   0.000   1.0000    
gichronYes        9.162e-01  7.518e-01   1.219   0.2230    
anim_anyYes      -8.145e-02  3.524e-01  -0.231   0.8172    
gicontactbaseYes -1.609e+01  1.257e+03  -0.013   0.9898    
rawfood           4.005e-01  3.607e-01   1.110   0.2669    
---
Signif. codes:  0 ‘***’ 0.001 ‘**’ 0.01 ‘*’ 0.05 ‘.’ 0.1 ‘ ’ 1

(Dispersion parameter for poisson family taken to be 1)

    Null deviance: 270.47  on 1050  degrees of freedom
Residual deviance: 251.93  on 1031  degrees of freedom
AIC: 375.93

Number of Fisher Scoring iterations: 17



Robust, Sandwich Standard Errors Account for Clustering:

z test of coefficients:

                    Estimate  Std. Error  z value  Pr(>|z|)    
(Intercept)       -2.7898599   0.6061018  -4.6030 4.165e-06 ***
qentero16002      -0.0093838   0.4627051  -0.0203   0.98382    
qentero16003      -0.0610569   0.5426473  -0.1125   0.91041    
qentero16004     -15.5795733   1.1212966 -13.8942 < 2.2e-16 ***
agecat5-14        -0.8530916   0.4516647  -1.8888   0.05892 .  
agecat15-24       -0.8989922   0.5985432  -1.5020   0.13311    
agecat25-34       -0.3459324   0.4190867  -0.8254   0.40912    
agecat35-44       -0.4169088   0.4640176  -0.8985   0.36893    
agecat45-54       -2.1049927   1.0747080  -1.9587   0.05015 .  
agecat55-64       -1.5931146   1.0788535  -1.4767   0.13976    
agecat65-74       -0.3005835   1.0746016  -0.2797   0.77970    
agecat75+        -16.7653554   0.7912954 -21.1872 < 2.2e-16 ***
agecatMissing    -16.6897237   0.6163926 -27.0764 < 2.2e-16 ***
female             0.2000789   0.2870325   0.6971   0.48577    
racewhiteYes       0.1812301   0.3991168   0.4541   0.64977    
racewhiteMissing   0.1657488   1.1751410   0.1410   0.88783    
gichronYes         0.9162126   0.6959244   1.3165   0.18799    
anim_anyYes       -0.0814473   0.4050799  -0.2011   0.84065    
gicontactbaseYes -16.0859827   0.3051085 -52.7222 < 2.2e-16 ***
rawfood            0.4004833   0.3928685   1.0194   0.30802    
---
Signif. codes:  0 ‘***’ 0.001 ‘**’ 0.01 ‘*’ 0.05 ‘.’ 0.1 ‘ ’ 1

Warning message:
glm.fit: fitted rates numerically 0 occurred 
> 
> # Malibu
> mafit <- mpreg(diarrheaci10~qentero1600 +agecat+female+racewhite+gichron+anim_any+gicontactbase+rawfood,dat=ad[ad$beach=="Malibu",],vcv=T)

Call:
glm(formula = formula, family = poisson(link = "log"), data = dat)

Deviance Residuals: 
    Min       1Q   Median       3Q      Max  
-0.7629  -0.3341  -0.3029  -0.2649   2.6974  

Coefficients:
                   Estimate Std. Error z value Pr(>|z|)    
(Intercept)        -2.91575    0.31123  -9.368  < 2e-16 ***
qentero16002        0.27415    0.18840   1.455  0.14563    
qentero16003        0.55634    0.40540   1.372  0.16996    
qentero16004       -1.08146    1.01065  -1.070  0.28459    
agecat5-14         -0.46900    0.31568  -1.486  0.13737    
agecat15-24        -0.44319    0.35829  -1.237  0.21611    
agecat25-34        -0.37171    0.34890  -1.065  0.28670    
agecat35-44        -0.08907    0.33149  -0.269  0.78816    
agecat45-54        -0.52816    0.40466  -1.305  0.19182    
agecat55-64        -0.53436    0.57071  -0.936  0.34911    
agecat65-74       -14.73321  716.05974  -0.021  0.98358    
agecat75+         -14.66820 1545.04482  -0.009  0.99243    
female              0.03372    0.18312   0.184  0.85390    
racewhiteYes        0.09380    0.19391   0.484  0.62858    
racewhiteMissing   -0.97346    0.72534  -1.342  0.17957    
gichronYes          1.23388    0.42927   2.874  0.00405 ** 
anim_anyYes        -0.16211    0.23556  -0.688  0.49134    
gicontactbaseYes    0.10118    0.42115   0.240  0.81013    
rawfood             0.26239    0.21430   1.224  0.22080    
---
Signif. codes:  0 ‘***’ 0.001 ‘**’ 0.01 ‘*’ 0.05 ‘.’ 0.1 ‘ ’ 1

(Dispersion parameter for poisson family taken to be 1)

    Null deviance: 741.11  on 2501  degrees of freedom
Residual deviance: 717.40  on 2483  degrees of freedom
AIC: 1001.4

Number of Fisher Scoring iterations: 15



Robust, Sandwich Standard Errors Account for Clustering:

z test of coefficients:

                   Estimate Std. Error  z value  Pr(>|z|)    
(Intercept)       -2.915746   0.332840  -8.7602 < 2.2e-16 ***
qentero16002       0.274150   0.210585   1.3019  0.192967    
qentero16003       0.556336   0.400114   1.3904  0.164394    
qentero16004      -1.081463   1.023140  -1.0570  0.290510    
agecat5-14        -0.469000   0.321407  -1.4592  0.144508    
agecat15-24       -0.443187   0.356132  -1.2444  0.213336    
agecat25-34       -0.371713   0.343166  -1.0832  0.278724    
agecat35-44       -0.089073   0.310736  -0.2867  0.774378    
agecat45-54       -0.528163   0.400246  -1.3196  0.186971    
agecat55-64       -0.534358   0.551082  -0.9697  0.332219    
agecat65-74      -14.733214   0.439035 -33.5582 < 2.2e-16 ***
agecat75+        -14.668203   0.789495 -18.5792 < 2.2e-16 ***
female             0.033721   0.179213   0.1882  0.850752    
racewhiteYes       0.093802   0.208319   0.4503  0.652507    
racewhiteMissing  -0.973456   0.722900  -1.3466  0.178110    
gichronYes         1.233884   0.418076   2.9513  0.003164 ** 
anim_anyYes       -0.162109   0.234756  -0.6905  0.489854    
gicontactbaseYes   0.101182   0.431560   0.2345  0.814631    
rawfood            0.262389   0.221043   1.1870  0.235208    
---
Signif. codes:  0 ‘***’ 0.001 ‘**’ 0.01 ‘*’ 0.05 ‘.’ 0.1 ‘ ’ 1

> 
> # Mission Bay
> mbfit <- mpreg(diarrheaci10~qentero1600 +agecat+female+racewhite+gichron+anim_any+gicontactbase+rawfood,dat=ad[ad$beach=="Mission Bay",],vcv=T)

Call:
glm(formula = formula, family = poisson(link = "log"), data = dat)

Deviance Residuals: 
    Min       1Q   Median       3Q      Max  
-0.7295  -0.3220  -0.2619  -0.2160   2.5838  

Coefficients:
                       Estimate Std. Error z value Pr(>|z|)    
(Intercept)            -2.57135    0.29071  -8.845  < 2e-16 ***
qentero16002           -0.23141    0.27516  -0.841 0.400333    
qentero16003           -0.08246    0.25281  -0.326 0.744283    
qentero16004           -0.18377    0.27646  -0.665 0.506226    
agecat5-14             -0.63354    0.23338  -2.715 0.006636 ** 
agecat15-24            -0.63932    0.35581  -1.797 0.072366 .  
agecat25-34            -0.29666    0.29894  -0.992 0.321018    
agecat35-44            -0.59050    0.34086  -1.732 0.083208 .  
agecat45-54            -0.06296    0.39282  -0.160 0.872656    
agecat55-64           -14.82701  705.02194  -0.021 0.983221    
agecat65-74           -14.70546 1170.60882  -0.013 0.989977    
agecat75+             -14.39145 1719.75506  -0.008 0.993323    
agecatMissing          -1.52194    1.01763  -1.496 0.134764    
female                 -0.08551    0.17469  -0.490 0.624478    
racewhiteYes            0.69123    0.20951   3.299 0.000969 ***
racewhiteMissing      -13.76445  902.53244  -0.015 0.987832    
gichronYes              0.70147    0.52137   1.345 0.178484    
anim_anyYes             0.33400    0.20509   1.629 0.103409    
gicontactbaseYes        0.29311    0.51263   0.572 0.567472    
gicontactbaseMissing    0.37598    0.42407   0.887 0.375302    
rawfood                -0.57846    0.20702  -2.794 0.005203 ** 
---
Signif. codes:  0 ‘***’ 0.001 ‘**’ 0.01 ‘*’ 0.05 ‘.’ 0.1 ‘ ’ 1

(Dispersion parameter for poisson family taken to be 1)

    Null deviance: 830.80  on 3021  degrees of freedom
Residual deviance: 782.53  on 3001  degrees of freedom
AIC: 1090.5

Number of Fisher Scoring iterations: 15



Robust, Sandwich Standard Errors Account for Clustering:

z test of coefficients:

                       Estimate Std. Error  z value  Pr(>|z|)    
(Intercept)           -2.571347   0.315797  -8.1424 3.875e-16 ***
qentero16002          -0.231414   0.312091  -0.7415  0.458394    
qentero16003          -0.082462   0.296266  -0.2783  0.780753    
qentero16004          -0.183768   0.303542  -0.6054  0.544906    
agecat5-14            -0.633536   0.271340  -2.3348  0.019552 *  
agecat15-24           -0.639320   0.383717  -1.6661  0.095689 .  
agecat25-34           -0.296656   0.293461  -1.0109  0.312070    
agecat35-44           -0.590503   0.343611  -1.7185  0.085701 .  
agecat45-54           -0.062963   0.439456  -0.1433  0.886074    
agecat55-64          -14.827009   0.336393 -44.0765 < 2.2e-16 ***
agecat65-74          -14.705462   0.473364 -31.0659 < 2.2e-16 ***
agecat75+            -14.391448   0.569319 -25.2784 < 2.2e-16 ***
agecatMissing         -1.521940   0.991116  -1.5356  0.124641    
female                -0.085515   0.159162  -0.5373  0.591074    
racewhiteYes           0.691227   0.248194   2.7850  0.005352 ** 
racewhiteMissing     -13.764451   0.459102 -29.9812 < 2.2e-16 ***
gichronYes             0.701475   0.544584   1.2881  0.197714    
anim_anyYes            0.334001   0.243155   1.3736  0.169562    
gicontactbaseYes       0.293110   0.426914   0.6866  0.492348    
gicontactbaseMissing   0.375975   0.404078   0.9305  0.352137    
rawfood               -0.578457   0.208342  -2.7765  0.005495 ** 
---
Signif. codes:  0 ‘***’ 0.001 ‘**’ 0.01 ‘*’ 0.05 ‘.’ 0.1 ‘ ’ 1

> 
> # Surfside
> sufit <- mpreg(diarrheaci10~qentero1600 +agecat+female+racewhite+gichron+anim_any+gicontactbase+rawfood,dat=ad[ad$beach=="Surfside",],vcv=T)

Call:
glm(formula = formula, family = poisson(link = "log"), data = dat)

Deviance Residuals: 
    Min       1Q   Median       3Q      Max  
-0.7332  -0.3155  -0.2715  -0.2323   2.5624  

Coefficients:
                  Estimate Std. Error z value Pr(>|z|)    
(Intercept)       -3.47568    0.36628  -9.489  < 2e-16 ***
qentero16002      -0.06174    0.12221  -0.505  0.61341    
qentero16003       0.24480    0.15259   1.604  0.10865    
qentero16004       0.23021    0.32834   0.701  0.48323    
agecat5-14        -0.75766    0.23839  -3.178  0.00148 ** 
agecat15-24       -0.71728    0.24230  -2.960  0.00307 ** 
agecat25-34       -0.17118    0.23372  -0.732  0.46390    
agecat35-44       -0.34759    0.23088  -1.506  0.13219    
agecat45-54       -0.47208    0.23579  -2.002  0.04527 *  
agecat55-64       -0.26831    0.26421  -1.016  0.30985    
agecat65-74      -14.58885  284.91912  -0.051  0.95916    
agecat75+         -0.57123    1.01940  -0.560  0.57523    
agecatMissing      0.35742    0.42349   0.844  0.39867    
female             0.08626    0.10983   0.785  0.43224    
racewhiteYes       0.53444    0.30883   1.731  0.08353 .  
racewhiteMissing -14.34811  835.16436  -0.017  0.98629    
gichronYes         1.02207    0.21250   4.810 1.51e-06 ***
anim_anyYes        0.02604    0.13585   0.192  0.84800    
gicontactbaseYes   0.63371    0.19569   3.238  0.00120 ** 
rawfood            0.35482    0.12054   2.944  0.00325 ** 
---
Signif. codes:  0 ‘***’ 0.001 ‘**’ 0.01 ‘*’ 0.05 ‘.’ 0.1 ‘ ’ 1

(Dispersion parameter for poisson family taken to be 1)

    Null deviance: 2150.7  on 7935  degrees of freedom
Residual deviance: 2062.7  on 7916  degrees of freedom
AIC: 2786.7

Number of Fisher Scoring iterations: 15



Robust, Sandwich Standard Errors Account for Clustering:

z test of coefficients:

                   Estimate Std. Error  z value  Pr(>|z|)    
(Intercept)       -3.475682   0.430857  -8.0669 7.211e-16 ***
qentero16002      -0.061743   0.138459  -0.4459  0.655648    
qentero16003       0.244802   0.181561   1.3483  0.177557    
qentero16004       0.230207   0.319393   0.7208  0.471054    
agecat5-14        -0.757656   0.256988  -2.9482  0.003196 ** 
agecat15-24       -0.717283   0.243078  -2.9508  0.003169 ** 
agecat25-34       -0.171181   0.224340  -0.7630  0.445437    
agecat35-44       -0.347591   0.234581  -1.4818  0.138406    
agecat45-54       -0.472083   0.233999  -2.0175  0.043648 *  
agecat55-64       -0.268313   0.262989  -1.0202  0.307612    
agecat65-74      -14.588854   0.223019 -65.4153 < 2.2e-16 ***
agecat75+         -0.571230   0.997709  -0.5725  0.566955    
agecatMissing      0.357422   0.630065   0.5673  0.570525    
female             0.086257   0.104213   0.8277  0.407841    
racewhiteYes       0.534438   0.373461   1.4310  0.152419    
racewhiteMissing -14.348109   0.861288 -16.6589 < 2.2e-16 ***
gichronYes         1.022075   0.195809   5.2198 1.792e-07 ***
anim_anyYes        0.026040   0.155674   0.1673  0.867158    
gicontactbaseYes   0.633711   0.224169   2.8269  0.004700 ** 
rawfood            0.354823   0.123936   2.8630  0.004197 ** 
---
Signif. codes:  0 ‘***’ 0.001 ‘**’ 0.01 ‘*’ 0.05 ‘.’ 0.1 ‘ ’ 1

> 
> # --------------------------------------
> # Pooled estimates
> # (can't use the mpreg fn because we 
> # need the actual glm returned object 
> # for the LR tests)
> 
> # all beaches
> all.fit <- glm(diarrheaci10~qentero1600 +agecat+female+racewhite+gichron+anim_any+gicontactbase+rawfood+beach,family=poisson(link="log"),data=ad)
> 	all.VC <- cl(ad,fm=all.fit,cluster=ad$hhid)
> 	overall.fit <- coeftest(all.fit, all.VC)
> 	summary(all.fit)

Call:
glm(formula = diarrheaci10 ~ qentero1600 + agecat + female + 
    racewhite + gichron + anim_any + gicontactbase + rawfood + 
    beach, family = poisson(link = "log"), data = ad)

Deviance Residuals: 
    Min       1Q   Median       3Q      Max  
-0.9437  -0.3184  -0.2728  -0.2394   2.7327  

Coefficients:
                      Estimate Std. Error z value Pr(>|z|)    
(Intercept)           -2.98517    0.12515 -23.852  < 2e-16 ***
qentero16002           0.03816    0.06996   0.545 0.585434    
qentero16003           0.19020    0.07504   2.535 0.011259 *  
qentero16004           0.28800    0.08427   3.418 0.000632 ***
agecat5-14            -0.70890    0.07683  -9.226  < 2e-16 ***
agecat15-24           -0.72027    0.08771  -8.212  < 2e-16 ***
agecat25-34           -0.31462    0.08359  -3.764 0.000167 ***
agecat35-44           -0.34257    0.08229  -4.163 3.14e-05 ***
agecat45-54           -0.51856    0.09399  -5.517 3.44e-08 ***
agecat55-64           -0.55063    0.12657  -4.350 1.36e-05 ***
agecat65-74           -1.08171    0.28508  -3.794 0.000148 ***
agecat75+             -2.00469    1.00219  -2.000 0.045467 *  
agecatMissing         -0.59234    0.21047  -2.814 0.004887 ** 
female                 0.05706    0.04458   1.280 0.200537    
racewhiteYes           0.26152    0.06801   3.845 0.000120 ***
racewhiteMissing       0.01357    0.27467   0.049 0.960604    
gichronYes             0.73640    0.10239   7.192 6.36e-13 ***
gichronMissing       -10.09878  121.14230  -0.083 0.933563    
anim_anyYes            0.17377    0.05289   3.286 0.001018 ** 
gicontactbaseYes       0.63195    0.08187   7.718 1.18e-14 ***
gicontactbaseMissing   0.50772    0.25399   1.999 0.045613 *  
rawfood                0.19049    0.05548   3.434 0.000596 ***
beachBoqueron         -0.38882    0.11140  -3.490 0.000483 ***
beachDoheny           -0.04855    0.10974  -0.442 0.658162    
beachEdgewater         0.10882    0.17184   0.633 0.526566    
beachFairhope          0.05552    0.15983   0.347 0.728306    
beachGoddard          -0.24164    0.17569  -1.375 0.169006    
beachHuntington        0.49632    0.14035   3.536 0.000406 ***
beachMalibu            0.09308    0.12297   0.757 0.449070    
beachMission Bay      -0.05105    0.12110  -0.422 0.673379    
beachSilver           -0.39390    0.10069  -3.912 9.16e-05 ***
beachSurfside         -0.24393    0.10101  -2.415 0.015734 *  
beachWashington Park  -0.16297    0.11828  -1.378 0.168242    
beachWest              0.33985    0.11824   2.874 0.004049 ** 
---
Signif. codes:  0 ‘***’ 0.001 ‘**’ 0.01 ‘*’ 0.05 ‘.’ 0.1 ‘ ’ 1

(Dispersion parameter for poisson family taken to be 1)

    Null deviance: 12722  on 46068  degrees of freedom
Residual deviance: 12270  on 46035  degrees of freedom
AIC: 16420

Number of Fisher Scoring iterations: 11

> 	overall.fit

z test of coefficients:

                       Estimate Std. Error  z value  Pr(>|z|)    
(Intercept)           -2.985172   0.137948 -21.6399 < 2.2e-16 ***
qentero16002           0.038160   0.079327   0.4810 0.6304840    
qentero16003           0.190204   0.085499   2.2246 0.0261054 *  
qentero16004           0.287996   0.093996   3.0639 0.0021847 ** 
agecat5-14            -0.708895   0.079359  -8.9327 < 2.2e-16 ***
agecat15-24           -0.720270   0.088582  -8.1311 4.254e-16 ***
agecat25-34           -0.314617   0.081210  -3.8741 0.0001070 ***
agecat35-44           -0.342565   0.081401  -4.2084 2.572e-05 ***
agecat45-54           -0.518555   0.094562  -5.4837 4.164e-08 ***
agecat55-64           -0.550630   0.125495  -4.3877 1.146e-05 ***
agecat65-74           -1.081710   0.282555  -3.8283 0.0001290 ***
agecat75+             -2.004692   0.998979  -2.0067 0.0447773 *  
agecatMissing         -0.592340   0.272619  -2.1728 0.0297969 *  
female                 0.057062   0.042448   1.3443 0.1788571    
racewhiteYes           0.261515   0.079188   3.3025 0.0009584 ***
racewhiteMissing       0.013567   0.286545   0.0473 0.9622359    
gichronYes             0.736402   0.099649   7.3899 1.469e-13 ***
gichronMissing       -10.098780   0.343559 -29.3946 < 2.2e-16 ***
anim_anyYes            0.173768   0.058209   2.9853 0.0028333 ** 
gicontactbaseYes       0.631947   0.088216   7.1637 7.855e-13 ***
gicontactbaseMissing   0.507724   0.233878   2.1709 0.0299395 *  
rawfood                0.190491   0.058836   3.2376 0.0012052 ** 
beachBoqueron         -0.388816   0.129906  -2.9931 0.0027620 ** 
beachDoheny           -0.048553   0.122067  -0.3978 0.6908097    
beachEdgewater         0.108822   0.185305   0.5873 0.5570300    
beachFairhope          0.055522   0.180416   0.3077 0.7582766    
beachGoddard          -0.241641   0.207556  -1.1642 0.2443349    
beachHuntington        0.496317   0.157603   3.1492 0.0016374 ** 
beachMalibu            0.093084   0.133950   0.6949 0.4871106    
beachMission Bay      -0.051046   0.148098  -0.3447 0.7303369    
beachSilver           -0.393904   0.110558  -3.5629 0.0003668 ***
beachSurfside         -0.243935   0.113401  -2.1511 0.0314704 *  
beachWashington Park  -0.162969   0.135443  -1.2032 0.2288883    
beachWest              0.339851   0.133195   2.5515 0.0107249 *  
---
Signif. codes:  0 ‘***’ 0.001 ‘**’ 0.01 ‘*’ 0.05 ‘.’ 0.1 ‘ ’ 1

> 
> # Interaction model with fresh v. marine beaches
> mf.ref <- glm(diarrheaci10~qentero1600 +marine +agecat+female+racewhite+gichron+anim_any+gicontactbase+rawfood+beach,family=poisson(link="log"),data=ad)
> mf.fit <- glm(diarrheaci10~qentero1600*marine +agecat+female+racewhite+gichron+anim_any+gicontactbase+rawfood+beach,family=poisson(link="log"),data=ad)
> 	# commented out robust SE calcs b/c not used
> 	# mf.VC <- cl(ad,fm=mf.fit,cluster=ad$hhid)
> 	# mf.head <- coeftest(mf.fit, mf.VC)
> 	summary(mf.fit) 

Call:
glm(formula = diarrheaci10 ~ qentero1600 * marine + agecat + 
    female + racewhite + gichron + anim_any + gicontactbase + 
    rawfood + beach, family = poisson(link = "log"), data = ad)

Deviance Residuals: 
    Min       1Q   Median       3Q      Max  
-0.9462  -0.3182  -0.2723  -0.2396   2.7337  

Coefficients: (1 not defined because of singularities)
                        Estimate Std. Error z value Pr(>|z|)    
(Intercept)             -2.58174    0.22370 -11.541  < 2e-16 ***
qentero16002            -0.14957    0.27026  -0.553 0.579969    
qentero16003             0.13270    0.23431   0.566 0.571179    
qentero16004             0.24549    0.23505   1.044 0.296296    
marineYes               -0.39321    0.22879  -1.719 0.085680 .  
agecat5-14              -0.70969    0.07684  -9.236  < 2e-16 ***
agecat15-24             -0.72072    0.08773  -8.215  < 2e-16 ***
agecat25-34             -0.31526    0.08360  -3.771 0.000162 ***
agecat35-44             -0.34369    0.08231  -4.176 2.97e-05 ***
agecat45-54             -0.51979    0.09401  -5.529 3.22e-08 ***
agecat55-64             -0.55156    0.12658  -4.358 1.32e-05 ***
agecat65-74             -1.08143    0.28508  -3.793 0.000149 ***
agecat75+               -2.00451    1.00219  -2.000 0.045488 *  
agecatMissing           -0.59345    0.21048  -2.820 0.004809 ** 
female                   0.05718    0.04458   1.283 0.199615    
racewhiteYes             0.26050    0.06801   3.830 0.000128 ***
racewhiteMissing         0.01768    0.27472   0.064 0.948696    
gichronYes               0.73594    0.10241   7.186 6.68e-13 ***
gichronMissing         -10.10404  121.02632  -0.083 0.933465    
anim_anyYes              0.17424    0.05288   3.295 0.000983 ***
gicontactbaseYes         0.63141    0.08188   7.711 1.25e-14 ***
gicontactbaseMissing     0.50108    0.25456   1.968 0.049020 *  
rawfood                  0.19075    0.05549   3.437 0.000587 ***
beachBoqueron           -0.40588    0.11462  -3.541 0.000398 ***
beachDoheny             -0.06161    0.11227  -0.549 0.583169    
beachEdgewater           0.09627    0.17362   0.554 0.579255    
beachFairhope            0.05194    0.16004   0.325 0.745533    
beachGoddard            -0.25932    0.17791  -1.458 0.144947    
beachHuntington          0.17296    0.15379   1.125 0.260753    
beachMalibu              0.07766    0.12561   0.618 0.536397    
beachMission Bay        -0.05910    0.12183  -0.485 0.627611    
beachSilver             -0.74534    0.12355  -6.033 1.61e-09 ***
beachSurfside           -0.25906    0.10424  -2.485 0.012947 *  
beachWashington Park    -0.51748    0.13894  -3.724 0.000196 ***
beachWest                     NA         NA      NA       NA    
qentero16002:marineYes   0.20297    0.27985   0.725 0.468270    
qentero16003:marineYes   0.06034    0.24798   0.243 0.807742    
qentero16004:marineYes   0.02229    0.25547   0.087 0.930464    
---
Signif. codes:  0 ‘***’ 0.001 ‘**’ 0.01 ‘*’ 0.05 ‘.’ 0.1 ‘ ’ 1

(Dispersion parameter for poisson family taken to be 1)

    Null deviance: 12722  on 46068  degrees of freedom
Residual deviance: 12269  on 46032  degrees of freedom
AIC: 16425

Number of Fisher Scoring iterations: 11

> 	lrtest(mf.ref,mf.fit)
Likelihood ratio test

Model 1: diarrheaci10 ~ qentero1600 + marine + agecat + female + racewhite + 
    gichron + anim_any + gicontactbase + rawfood + beach
Model 2: diarrheaci10 ~ qentero1600 * marine + agecat + female + racewhite + 
    gichron + anim_any + gicontactbase + rawfood + beach
  #Df  LogLik Df  Chisq Pr(>Chisq)
1  34 -8176.2                     
2  37 -8175.7  3 0.9045     0.8243
> 	
> 
> # Interaction model with point v. non-point source beaches
> ps.ref <- glm(diarrheaci10~qentero1600 +pointsource +agecat+female+racewhite+gichron+anim_any+gicontactbase+rawfood+beach,family=poisson(link="log"),data=ad)
> ps.fit <- glm(diarrheaci10~qentero1600*pointsource +agecat+female+racewhite+gichron+anim_any+gicontactbase+rawfood+beach,family=poisson(link="log"),data=ad)
> 	# commented out robust SE calcs b/c not used
> 	# ps.VC <- cl(ad,fm=ps.fit,cluster=ad$hhid)
> 	# ps.head <- coeftest(ps.fit, ps.VC)
> 	summary(ps.fit)

Call:
glm(formula = diarrheaci10 ~ qentero1600 * pointsource + agecat + 
    female + racewhite + gichron + anim_any + gicontactbase + 
    rawfood + beach, family = poisson(link = "log"), data = ad)

Deviance Residuals: 
    Min       1Q   Median       3Q      Max  
-0.9541  -0.3191  -0.2730  -0.2398   2.7052  

Coefficients: (1 not defined because of singularities)
                             Estimate Std. Error z value Pr(>|z|)    
(Intercept)                  -3.25053    0.11930 -27.246  < 2e-16 ***
qentero16002                  0.06762    0.08342   0.811 0.417589    
qentero16003                  0.28044    0.10744   2.610 0.009050 ** 
qentero16004                  0.08635    0.15994   0.540 0.589283    
pointsourceYes                0.29878    0.14301   2.089 0.036695 *  
agecat5-14                   -0.70937    0.07683  -9.233  < 2e-16 ***
agecat15-24                  -0.72032    0.08773  -8.211  < 2e-16 ***
agecat25-34                  -0.31255    0.08360  -3.739 0.000185 ***
agecat35-44                  -0.34281    0.08229  -4.166 3.10e-05 ***
agecat45-54                  -0.51932    0.09400  -5.525 3.30e-08 ***
agecat55-64                  -0.54928    0.12657  -4.340 1.43e-05 ***
agecat65-74                  -1.08205    0.28508  -3.796 0.000147 ***
agecat75+                    -1.99621    1.00221  -1.992 0.046393 *  
agecatMissing                -0.58918    0.21048  -2.799 0.005123 ** 
female                        0.05732    0.04458   1.286 0.198552    
racewhiteYes                  0.25945    0.06796   3.818 0.000135 ***
racewhiteMissing              0.01399    0.27470   0.051 0.959373    
gichronYes                    0.73659    0.10240   7.193 6.33e-13 ***
gichronMissing              -10.07620  120.97247  -0.083 0.933618    
anim_anyYes                   0.17431    0.05286   3.297 0.000976 ***
gicontactbaseYes              0.63366    0.08188   7.739 1.00e-14 ***
gicontactbaseMissing          0.49587    0.25412   1.951 0.051013 .  
rawfood                       0.18944    0.05549   3.414 0.000640 ***
beachBoqueron                -0.35203    0.11502  -3.061 0.002209 ** 
beachDoheny                   0.20828    0.09895   2.105 0.035305 *  
beachEdgewater                0.13828    0.17270   0.801 0.423327    
beachFairhope                 0.07219    0.16064   0.449 0.653126    
beachGoddard                 -0.21431    0.17790  -1.205 0.228346    
beachHuntington               0.51659    0.14159   3.648 0.000264 ***
beachMalibu                   0.34873    0.11176   3.120 0.001807 ** 
beachMission Bay              0.22831    0.12524   1.823 0.068311 .  
beachSilver                  -0.39021    0.10176  -3.835 0.000126 ***
beachSurfside                      NA         NA      NA       NA    
beachWashington Park         -0.16053    0.11918  -1.347 0.178009    
beachWest                     0.35077    0.11850   2.960 0.003075 ** 
qentero16002:pointsourceYes  -0.11117    0.15427  -0.721 0.471165    
qentero16003:pointsourceYes  -0.16591    0.16097  -1.031 0.302679    
qentero16004:pointsourceYes   0.18801    0.20191   0.931 0.351774    
---
Signif. codes:  0 ‘***’ 0.001 ‘**’ 0.01 ‘*’ 0.05 ‘.’ 0.1 ‘ ’ 1

(Dispersion parameter for poisson family taken to be 1)

    Null deviance: 12722  on 46068  degrees of freedom
Residual deviance: 12266  on 46032  degrees of freedom
AIC: 16422

Number of Fisher Scoring iterations: 11

> 	lrtest(ps.ref,ps.fit)
Likelihood ratio test

Model 1: diarrheaci10 ~ qentero1600 + pointsource + agecat + female + 
    racewhite + gichron + anim_any + gicontactbase + rawfood + 
    beach
Model 2: diarrheaci10 ~ qentero1600 * pointsource + agecat + female + 
    racewhite + gichron + anim_any + gicontactbase + rawfood + 
    beach
  #Df  LogLik Df  Chisq Pr(>Chisq)
1  34 -8176.2                     
2  37 -8173.9  3 4.5348     0.2092
> 	
> 
> # --------------------------------------
> # Age-stratified estimates and LR tests of
> # interaction
> 
> # reduced models for LR tests of indicator x age interactions
> agestrat.ref <- glm(diarrheaci10~qentero1600 +agestrat+female+racewhite+gichron+anim_any+gicontactbase+rawfood+beach,family=poisson(link="log"),data=ad)
> 
> # Pooled estimate (Age 0-4, 5-10, >10)
> agestrat.fit <- glm(diarrheaci10~ qentero1600*agestrat +female+racewhite+gichron+anim_any+gicontactbase+rawfood+beach,family=poisson(link="log"),data=ad)
> 	# commented out robust SE calcs b/c not used
> 	# agestrat.VC <- cl(ad,fm=agestrat.fit,cluster=ad$hhid)
> 	# agestrat.body <- coeftest(agestrat.fit, agestrat.VC) 
> 	lrtest(agestrat.ref,agestrat.fit)
Likelihood ratio test

Model 1: diarrheaci10 ~ qentero1600 + agestrat + female + racewhite + 
    gichron + anim_any + gicontactbase + rawfood + beach
Model 2: diarrheaci10 ~ qentero1600 * agestrat + female + racewhite + 
    gichron + anim_any + gicontactbase + rawfood + beach
  #Df  LogLik Df  Chisq Pr(>Chisq)   
1  28 -8204.9                        
2  37 -8192.8  9 24.088   0.004164 **
---
Signif. codes:  0 ‘***’ 0.001 ‘**’ 0.01 ‘*’ 0.05 ‘.’ 0.1 ‘ ’ 1
> 
> 
> 
> # --------------------------------------
> # Stratified Models 
> # based on tests of interaction (above)
> # stratify the results by non-point and
> # point source conditions
> # --------------------------------------
> 
> # Non-point source and point-source
> nps <- mpreg(diarrheaci10~qentero1600 +agecat+female+racewhite+gichron+anim_any+gicontactbase+rawfood+beach,dat=ad[ad$pointsource=="No",],vcv=T)

Call:
glm(formula = formula, family = poisson(link = "log"), data = dat)

Deviance Residuals: 
    Min       1Q   Median       3Q      Max  
-0.8093  -0.3142  -0.2798  -0.2502   2.9028  

Coefficients:
                     Estimate Std. Error z value Pr(>|z|)    
(Intercept)          -3.07692    0.15150 -20.309  < 2e-16 ***
qentero16002          0.06669    0.08344   0.799  0.42414    
qentero16003          0.27475    0.10744   2.557  0.01055 *  
qentero16004          0.08324    0.16008   0.520  0.60307    
agecat5-14           -0.70738    0.12415  -5.698 1.21e-08 ***
agecat15-24          -0.68238    0.14744  -4.628 3.69e-06 ***
agecat25-34          -0.27475    0.13839  -1.985  0.04711 *  
agecat35-44          -0.34430    0.13529  -2.545  0.01093 *  
agecat45-54          -0.45045    0.14761  -3.052  0.00228 ** 
agecat55-64          -0.52876    0.19672  -2.688  0.00719 ** 
agecat65-74          -2.63027    1.00622  -2.614  0.00895 ** 
agecat75+            -0.95940    1.00614  -0.954  0.34031    
agecatMissing        -0.34775    0.36907  -0.942  0.34607    
female                0.01546    0.07251   0.213  0.83120    
racewhiteYes          0.37836    0.10560   3.583  0.00034 ***
racewhiteMissing     -0.42682    0.45760  -0.933  0.35095    
gichronYes            1.01700    0.16161   6.293 3.12e-10 ***
anim_anyYes           0.03790    0.08899   0.426  0.67019    
gicontactbaseYes      0.50891    0.14576   3.491  0.00048 ***
gicontactbaseMissing  0.48748    0.30849   1.580  0.11405    
rawfood               0.12104    0.08353   1.449  0.14730    
beachMalibu           0.15671    0.11892   1.318  0.18756    
beachMission Bay      0.09517    0.13630   0.698  0.48503    
beachSurfside        -0.16281    0.10908  -1.493  0.13556    
---
Signif. codes:  0 ‘***’ 0.001 ‘**’ 0.01 ‘*’ 0.05 ‘.’ 0.1 ‘ ’ 1

(Dispersion parameter for poisson family taken to be 1)

    Null deviance: 4849.7  on 17609  degrees of freedom
Residual deviance: 4719.8  on 17586  degrees of freedom
AIC: 6321.8

Number of Fisher Scoring iterations: 7



Robust, Sandwich Standard Errors Account for Clustering:

z test of coefficients:

                      Estimate Std. Error  z value  Pr(>|z|)    
(Intercept)          -3.076920   0.166730 -18.4545 < 2.2e-16 ***
qentero16002          0.066688   0.095087   0.7013  0.483088    
qentero16003          0.274754   0.127023   2.1630  0.030539 *  
qentero16004          0.083240   0.177491   0.4690  0.639082    
agecat5-14           -0.707381   0.132297  -5.3469 8.947e-08 ***
agecat15-24          -0.682380   0.148700  -4.5890 4.455e-06 ***
agecat25-34          -0.274750   0.133091  -2.0644  0.038981 *  
agecat35-44          -0.344300   0.133929  -2.5708  0.010148 *  
agecat45-54          -0.450446   0.148023  -3.0431  0.002342 ** 
agecat55-64          -0.528764   0.195456  -2.7053  0.006825 ** 
agecat65-74          -2.630268   1.008104  -2.6091  0.009077 ** 
agecat75+            -0.959400   0.993885  -0.9653  0.334393    
agecatMissing        -0.347747   0.565000  -0.6155  0.538237    
female                0.015456   0.069516   0.2223  0.824051    
racewhiteYes          0.378363   0.124557   3.0377  0.002384 ** 
racewhiteMissing     -0.426821   0.458368  -0.9312  0.351763    
gichronYes            1.016999   0.152417   6.6725 2.515e-11 ***
anim_anyYes           0.037898   0.097848   0.3873  0.698522    
gicontactbaseYes      0.508915   0.157952   3.2220  0.001273 ** 
gicontactbaseMissing  0.487482   0.287122   1.6978  0.089542 .  
rawfood               0.121042   0.088896   1.3616  0.173319    
beachMalibu           0.156714   0.131246   1.1940  0.232459    
beachMission Bay      0.095169   0.173301   0.5492  0.582899    
beachSurfside        -0.162811   0.121122  -1.3442  0.178889    
---
Signif. codes:  0 ‘***’ 0.001 ‘**’ 0.01 ‘*’ 0.05 ‘.’ 0.1 ‘ ’ 1

> ps <- mpreg(diarrheaci10~qentero1600 +agecat+female+racewhite+gichron+anim_any+gicontactbase+rawfood+beach,dat=ad[ad$pointsource=="Yes",],vcv=T)

Call:
glm(formula = formula, family = poisson(link = "log"), data = dat)

Deviance Residuals: 
    Min       1Q   Median       3Q      Max  
-0.9464  -0.3190  -0.2685  -0.2274   2.5110  

Coefficients:
                      Estimate Std. Error z value Pr(>|z|)    
(Intercept)           -2.91891    0.16055 -18.180  < 2e-16 ***
qentero16002          -0.05006    0.12972  -0.386 0.699576    
qentero16003           0.10959    0.11990   0.914 0.360708    
qentero16004           0.26903    0.12346   2.179 0.029325 *  
agecat5-14            -0.71675    0.09789  -7.322 2.44e-13 ***
agecat15-24           -0.74343    0.10922  -6.806 1.00e-11 ***
agecat25-34           -0.34203    0.10498  -3.258 0.001121 ** 
agecat35-44           -0.34884    0.10371  -3.363 0.000770 ***
agecat45-54           -0.58490    0.12267  -4.768 1.86e-06 ***
agecat55-64           -0.57033    0.16584  -3.439 0.000584 ***
agecat65-74           -0.73412    0.30012  -2.446 0.014442 *  
agecat75+            -12.51743  145.25890  -0.086 0.931329    
agecatMissing         -0.70920    0.25647  -2.765 0.005688 ** 
female                 0.08687    0.05663   1.534 0.125043    
racewhiteYes           0.16954    0.08794   1.928 0.053864 .  
racewhiteMissing       0.40230    0.34385   1.170 0.242006    
gichronYes             0.57765    0.13238   4.364 1.28e-05 ***
gichronMissing       -12.19008  330.58431  -0.037 0.970585    
anim_anyYes            0.25223    0.06637   3.800 0.000144 ***
gicontactbaseYes       0.70327    0.09918   7.091 1.33e-12 ***
gicontactbaseMissing   0.44936    0.45023   0.998 0.318250    
rawfood                0.24217    0.07395   3.275 0.001057 ** 
beachBoqueron         -0.42421    0.12437  -3.411 0.000647 ***
beachEdgewater         0.11074    0.17401   0.636 0.524508    
beachFairhope          0.03473    0.16235   0.214 0.830602    
beachGoddard          -0.25224    0.17911  -1.408 0.159042    
beachHuntington        0.50070    0.14397   3.478 0.000505 ***
beachSilver           -0.41051    0.10447  -3.929 8.52e-05 ***
beachWashington Park  -0.18511    0.12151  -1.523 0.127645    
beachWest              0.32474    0.12069   2.691 0.007129 ** 
---
Signif. codes:  0 ‘***’ 0.001 ‘**’ 0.01 ‘*’ 0.05 ‘.’ 0.1 ‘ ’ 1

(Dispersion parameter for poisson family taken to be 1)

    Null deviance: 7872.7  on 28458  degrees of freedom
Residual deviance: 7521.2  on 28429  degrees of freedom
AIC: 10109

Number of Fisher Scoring iterations: 13



Robust, Sandwich Standard Errors Account for Clustering:

z test of coefficients:

                       Estimate Std. Error  z value  Pr(>|z|)    
(Intercept)           -2.918905   0.171282 -17.0415 < 2.2e-16 ***
qentero16002          -0.050059   0.141803  -0.3530 0.7240779    
qentero16003           0.109590   0.128764   0.8511 0.3947208    
qentero16004           0.269025   0.132570   2.0293 0.0424275 *  
agecat5-14            -0.716751   0.098730  -7.2597 3.880e-13 ***
agecat15-24           -0.743431   0.110141  -6.7498 1.480e-11 ***
agecat25-34           -0.342030   0.102419  -3.3395 0.0008392 ***
agecat35-44           -0.348836   0.102329  -3.4090 0.0006521 ***
agecat45-54           -0.584896   0.123665  -4.7297 2.249e-06 ***
agecat55-64           -0.570328   0.163519  -3.4878 0.0004870 ***
agecat65-74           -0.734118   0.296155  -2.4788 0.0131813 *  
agecat75+            -12.517427   0.157606 -79.4223 < 2.2e-16 ***
agecatMissing         -0.709195   0.294262  -2.4101 0.0159488 *  
female                 0.086869   0.053682   1.6182 0.1056160    
racewhiteYes           0.169544   0.099619   1.7019 0.0887709 .  
racewhiteMissing       0.402305   0.360665   1.1155 0.2646563    
gichronYes             0.577645   0.131380   4.3968 1.099e-05 ***
gichronMissing       -12.190083   0.365368 -33.3639 < 2.2e-16 ***
anim_anyYes            0.252234   0.073032   3.4537 0.0005529 ***
gicontactbaseYes       0.703274   0.106209   6.6216 3.553e-11 ***
gicontactbaseMissing   0.449361   0.405292   1.1087 0.2675448    
rawfood                0.242170   0.077686   3.1173 0.0018251 ** 
beachBoqueron         -0.424213   0.146293  -2.8998 0.0037346 ** 
beachEdgewater         0.110743   0.189040   0.5858 0.5579981    
beachFairhope          0.034731   0.184144   0.1886 0.8504022    
beachGoddard          -0.252239   0.211372  -1.1933 0.2327356    
beachHuntington        0.500704   0.162220   3.0866 0.0020248 ** 
beachSilver           -0.410505   0.115122  -3.5658 0.0003627 ***
beachWashington Park  -0.185113   0.139058  -1.3312 0.1831266    
beachWest              0.324738   0.135985   2.3880 0.0169382 *  
---
Signif. codes:  0 ‘***’ 0.001 ‘**’ 0.01 ‘*’ 0.05 ‘.’ 0.1 ‘ ’ 1

> 
> # Age-stratified results
> age0to4   <- mpreg(diarrheaci10~qentero1600 +female+racewhite+gichron+anim_any+gicontactbase+rawfood+beach,dat=ad[ad$agestrat=="(0, 4]",],vcv=T)

Call:
glm(formula = formula, family = poisson(link = "log"), data = dat)

Deviance Residuals: 
    Min       1Q   Median       3Q      Max  
-0.7694  -0.4027  -0.3533  -0.3119   2.2982  

Coefficients:
                     Estimate Std. Error z value Pr(>|z|)    
(Intercept)          -2.39391    0.30713  -7.795 6.46e-15 ***
qentero16002          0.05611    0.19314   0.291  0.77142    
qentero16003         -0.26474    0.21849  -1.212  0.22564    
qentero16004          0.09178    0.23136   0.397  0.69160    
female               -0.10471    0.12340  -0.849  0.39613    
racewhiteYes          0.25113    0.17020   1.475  0.14009    
racewhiteMissing      0.26223    0.72828   0.360  0.71880    
gichronYes            0.33626    0.71427   0.471  0.63781    
anim_anyYes           0.27249    0.14401   1.892  0.05847 .  
gicontactbaseYes      0.47051    0.25945   1.813  0.06976 .  
gicontactbaseMissing  0.96528    0.51831   1.862  0.06255 .  
rawfood              -0.67128    0.28028  -2.395  0.01662 *  
beachBoqueron        -0.55657    0.30677  -1.814  0.06963 .  
beachDoheny          -0.36846    0.29755  -1.238  0.21561    
beachEdgewater       -0.21807    0.49809  -0.438  0.66152    
beachFairhope        -0.14899    0.34445  -0.433  0.66535    
beachGoddard         -0.45560    0.41030  -1.110  0.26682    
beachHuntington      -0.20849    0.39682  -0.525  0.59930    
beachMalibu          -0.52626    0.35173  -1.496  0.13460    
beachMission Bay     -0.18062    0.29737  -0.607  0.54359    
beachSilver          -0.70129    0.26959  -2.601  0.00929 ** 
beachSurfside        -0.83218    0.30523  -2.726  0.00640 ** 
beachWashington Park -0.56948    0.33173  -1.717  0.08603 .  
beachWest            -0.07110    0.33998  -0.209  0.83436    
---
Signif. codes:  0 ‘***’ 0.001 ‘**’ 0.01 ‘*’ 0.05 ‘.’ 0.1 ‘ ’ 1

(Dispersion parameter for poisson family taken to be 1)

    Null deviance: 1409.2  on 3760  degrees of freedom
Residual deviance: 1369.1  on 3737  degrees of freedom
AIC: 1949.1

Number of Fisher Scoring iterations: 6



Robust, Sandwich Standard Errors Account for Clustering:

z test of coefficients:

                      Estimate Std. Error z value Pr(>|z|)    
(Intercept)          -2.393906   0.280081 -8.5472  < 2e-16 ***
qentero16002          0.056111   0.199816  0.2808  0.77886    
qentero16003         -0.264740   0.217630 -1.2165  0.22381    
qentero16004          0.091778   0.223231  0.4111  0.68097    
female               -0.104711   0.118590 -0.8830  0.37725    
racewhiteYes          0.251128   0.174748  1.4371  0.15069    
racewhiteMissing      0.262229   0.721697  0.3634  0.71634    
gichronYes            0.336256   0.636628  0.5282  0.59737    
anim_anyYes           0.272489   0.152000  1.7927  0.07302 .  
gicontactbaseYes      0.470512   0.255665  1.8403  0.06572 .  
gicontactbaseMissing  0.965276   0.490606  1.9675  0.04912 *  
rawfood              -0.671285   0.274509 -2.4454  0.01447 *  
beachBoqueron        -0.556568   0.317959 -1.7504  0.08004 .  
beachDoheny          -0.368459   0.278846 -1.3214  0.18638    
beachEdgewater       -0.218073   0.492218 -0.4430  0.65774    
beachFairhope        -0.148988   0.342604 -0.4349  0.66366    
beachGoddard         -0.455601   0.425278 -1.0713  0.28403    
beachHuntington      -0.208492   0.411139 -0.5071  0.61208    
beachMalibu          -0.526259   0.348502 -1.5101  0.13103    
beachMission Bay     -0.180619   0.311052 -0.5807  0.56146    
beachSilver          -0.701289   0.292655 -2.3963  0.01656 *  
beachSurfside        -0.832177   0.305215 -2.7265  0.00640 ** 
beachWashington Park -0.569485   0.332961 -1.7104  0.08720 .  
beachWest            -0.071095   0.351753 -0.2021  0.83983    
---
Signif. codes:  0 ‘***’ 0.001 ‘**’ 0.01 ‘*’ 0.05 ‘.’ 0.1 ‘ ’ 1

> age5to10  <- mpreg(diarrheaci10~qentero1600 +female+racewhite+gichron+anim_any+gicontactbase+rawfood+beach,dat=ad[ad$agestrat=="(4, 10]",],vcv=T)

Call:
glm(formula = formula, family = poisson(link = "log"), data = dat)

Deviance Residuals: 
    Min       1Q   Median       3Q      Max  
-0.7470  -0.3055  -0.2658  -0.2197   2.5575  

Coefficients:
                      Estimate Std. Error z value Pr(>|z|)    
(Intercept)           -3.65449    0.26999 -13.536  < 2e-16 ***
qentero16002          -0.07262    0.18496  -0.393  0.69461    
qentero16003           0.27228    0.19479   1.398  0.16216    
qentero16004           0.39737    0.20520   1.936  0.05281 .  
female                -0.09775    0.11004  -0.888  0.37438    
racewhiteYes           0.41551    0.15034   2.764  0.00571 ** 
racewhiteMissing       0.10677    0.59645   0.179  0.85793    
gichronYes             0.91022    0.45311   2.009  0.04456 *  
gichronMissing       -10.03490  269.96485  -0.037  0.97035    
anim_anyYes            0.07866    0.13489   0.583  0.55978    
gicontactbaseYes       0.40082    0.22249   1.802  0.07161 .  
gicontactbaseMissing  -0.04942    0.71387  -0.069  0.94481    
rawfood               -0.22264    0.18514  -1.203  0.22915    
beachBoqueron         -0.38515    0.29750  -1.295  0.19544    
beachDoheny           -0.02362    0.24860  -0.095  0.92429    
beachEdgewater         0.12095    0.48546   0.249  0.80325    
beachFairhope         -0.18139    0.37806  -0.480  0.63138    
beachGoddard           0.03947    0.40842   0.097  0.92300    
beachHuntington        0.78003    0.28607   2.727  0.00640 ** 
beachMalibu            0.55989    0.28615   1.957  0.05039 .  
beachMission Bay       0.30534    0.25032   1.220  0.22254    
beachSilver           -0.21811    0.22744  -0.959  0.33756    
beachSurfside         -0.42832    0.28340  -1.511  0.13070    
beachWashington Park  -0.08594    0.26897  -0.320  0.74934    
beachWest              0.37313    0.30725   1.214  0.22458    
---
Signif. codes:  0 ‘***’ 0.001 ‘**’ 0.01 ‘*’ 0.05 ‘.’ 0.1 ‘ ’ 1

(Dispersion parameter for poisson family taken to be 1)

    Null deviance: 2168.9  on 8529  degrees of freedom
Residual deviance: 2097.3  on 8505  degrees of freedom
AIC: 2817.3

Number of Fisher Scoring iterations: 11



Robust, Sandwich Standard Errors Account for Clustering:

z test of coefficients:

                       Estimate Std. Error  z value Pr(>|z|)    
(Intercept)           -3.654490   0.281742 -12.9710  < 2e-16 ***
qentero16002          -0.072616   0.206853  -0.3511  0.72555    
qentero16003           0.272278   0.204033   1.3345  0.18205    
qentero16004           0.397367   0.208872   1.9024  0.05711 .  
female                -0.097750   0.107795  -0.9068  0.36451    
racewhiteYes           0.415512   0.172127   2.4140  0.01578 *  
racewhiteMissing       0.106767   0.566746   0.1884  0.85057    
gichronYes             0.910223   0.422636   2.1537  0.03127 *  
gichronMissing       -10.034899   0.631167 -15.8990  < 2e-16 ***
anim_anyYes            0.078664   0.137361   0.5727  0.56686    
gicontactbaseYes       0.400823   0.226242   1.7717  0.07645 .  
gicontactbaseMissing  -0.049419   0.697873  -0.0708  0.94355    
rawfood               -0.222643   0.196546  -1.1328  0.25731    
beachBoqueron         -0.385154   0.320679  -1.2011  0.22973    
beachDoheny           -0.023625   0.253967  -0.0930  0.92588    
beachEdgewater         0.120953   0.474708   0.2548  0.79888    
beachFairhope         -0.181388   0.408464  -0.4441  0.65699    
beachGoddard           0.039474   0.441508   0.0894  0.92876    
beachHuntington        0.780030   0.306363   2.5461  0.01089 *  
beachMalibu            0.559889   0.288063   1.9436  0.05194 .  
beachMission Bay       0.305341   0.283683   1.0763  0.28177    
beachSilver           -0.218110   0.229408  -0.9508  0.34173    
beachSurfside         -0.428316   0.294131  -1.4562  0.14534    
beachWashington Park  -0.085938   0.280179  -0.3067  0.75905    
beachWest              0.373135   0.304981   1.2235  0.22115    
---
Signif. codes:  0 ‘***’ 0.001 ‘**’ 0.01 ‘*’ 0.05 ‘.’ 0.1 ‘ ’ 1

> age11plus <- mpreg(diarrheaci10~qentero1600 +female+racewhite+gichron+anim_any+gicontactbase+rawfood+beach,dat=ad[ad$agestrat==">10",],vcv=T)

Call:
glm(formula = formula, family = poisson(link = "log"), data = dat)

Deviance Residuals: 
    Min       1Q   Median       3Q      Max  
-0.8003  -0.3115  -0.2696  -0.2331   2.5207  

Coefficients:
                      Estimate Std. Error z value Pr(>|z|)    
(Intercept)           -3.61947    0.13649 -26.517  < 2e-16 ***
qentero16002           0.03753    0.08281   0.453  0.65042    
qentero16003           0.23736    0.08837   2.686  0.00723 ** 
qentero16004           0.28359    0.10220   2.775  0.00552 ** 
female                 0.15017    0.05387   2.788  0.00530 ** 
racewhiteYes           0.19480    0.08509   2.289  0.02206 *  
racewhiteMissing      -0.55323    0.45426  -1.218  0.22327    
gichronYes             0.78717    0.10627   7.407 1.29e-13 ***
gichronMissing       -10.09321  151.09965  -0.067  0.94674    
anim_anyYes            0.16629    0.06338   2.624  0.00870 ** 
gicontactbaseYes       0.69373    0.09510   7.295 2.99e-13 ***
gicontactbaseMissing   0.55504    0.32123   1.728  0.08401 .  
rawfood                0.35517    0.06060   5.861 4.60e-09 ***
beachBoqueron         -0.39038    0.13344  -2.925  0.00344 ** 
beachDoheny            0.01127    0.13562   0.083  0.93374    
beachEdgewater         0.20321    0.19826   1.025  0.30539    
beachFairhope          0.19346    0.20778   0.931  0.35182    
beachGoddard          -0.26802    0.22382  -1.197  0.23113    
beachHuntington        0.52919    0.18129   2.919  0.00351 ** 
beachMalibu            0.10952    0.14928   0.734  0.46317    
beachMission Bay      -0.15755    0.16160  -0.975  0.32959    
beachSilver           -0.35598    0.12440  -2.862  0.00421 ** 
beachSurfside         -0.15470    0.11847  -1.306  0.19160    
beachWashington Park  -0.05502    0.14404  -0.382  0.70247    
beachWest              0.41049    0.13874   2.959  0.00309 ** 
---
Signif. codes:  0 ‘***’ 0.001 ‘**’ 0.01 ‘*’ 0.05 ‘.’ 0.1 ‘ ’ 1

(Dispersion parameter for poisson family taken to be 1)

    Null deviance: 8920.3  on 33087  degrees of freedom
Residual deviance: 8626.2  on 33063  degrees of freedom
AIC: 11506

Number of Fisher Scoring iterations: 11



Robust, Sandwich Standard Errors Account for Clustering:

z test of coefficients:

                       Estimate Std. Error  z value  Pr(>|z|)    
(Intercept)           -3.619469   0.145653 -24.8499 < 2.2e-16 ***
qentero16002           0.037527   0.086586   0.4334  0.664722    
qentero16003           0.237361   0.094700   2.5064  0.012195 *  
qentero16004           0.283592   0.109022   2.6012  0.009289 ** 
female                 0.150174   0.050691   2.9626  0.003051 ** 
racewhiteYes           0.194800   0.089298   2.1815  0.029149 *  
racewhiteMissing      -0.553231   0.452274  -1.2232  0.221246    
gichronYes             0.787173   0.102548   7.6762 1.639e-14 ***
gichronMissing       -10.093206   0.382918 -26.3587 < 2.2e-16 ***
anim_anyYes            0.166295   0.065803   2.5272  0.011498 *  
gicontactbaseYes       0.693733   0.095643   7.2533 4.066e-13 ***
gicontactbaseMissing   0.555043   0.294421   1.8852  0.059402 .  
rawfood                0.355165   0.062547   5.6784 1.360e-08 ***
beachBoqueron         -0.390379   0.146802  -2.6592  0.007832 ** 
beachDoheny            0.011274   0.145408   0.0775  0.938197    
beachEdgewater         0.203207   0.210190   0.9668  0.333654    
beachFairhope          0.193459   0.207349   0.9330  0.350814    
beachGoddard          -0.268016   0.238454  -1.1240  0.261025    
beachHuntington        0.529192   0.179585   2.9468  0.003211 ** 
beachMalibu            0.109521   0.156918   0.6980  0.485208    
beachMission Bay      -0.157549   0.177813  -0.8860  0.375596    
beachSilver           -0.355981   0.129215  -2.7549  0.005870 ** 
beachSurfside         -0.154703   0.127302  -1.2152  0.224274    
beachWashington Park  -0.055021   0.154027  -0.3572  0.720927    
beachWest              0.410492   0.147925   2.7750  0.005520 ** 
---
Signif. codes:  0 ‘***’ 0.001 ‘**’ 0.01 ‘*’ 0.05 ‘.’ 0.1 ‘ ’ 1

> 
> # Non-point source estimates, stratified by age group
> nps0to4 <- mpreg(diarrheaci10~qentero1600 +female+racewhite+gichron+anim_any+gicontactbase+rawfood+beach,dat=ad[ad$pointsource=="No" & ad$agestrat=="(0, 4]",],vcv=T)

Call:
glm(formula = formula, family = poisson(link = "log"), data = dat)

Deviance Residuals: 
    Min       1Q   Median       3Q      Max  
-0.7635  -0.3792  -0.3585  -0.3107   2.3202  

Coefficients:
                      Estimate Std. Error z value Pr(>|z|)    
(Intercept)           -2.72053    0.30245  -8.995   <2e-16 ***
qentero16002           0.08490    0.22764   0.373   0.7092    
qentero16003          -0.55039    0.35033  -1.571   0.1162    
qentero16004          -0.26332    0.40006  -0.658   0.5104    
female                -0.01445    0.20128  -0.072   0.9428    
racewhiteYes           0.28307    0.26224   1.079   0.2804    
racewhiteMissing       0.59105    0.74599   0.792   0.4282    
gichronYes           -12.65352  624.81207  -0.020   0.9838    
anim_anyYes            0.05247    0.24572   0.214   0.8309    
gicontactbaseYes       0.06106    0.51183   0.119   0.9050    
gicontactbaseMissing   1.06731    0.52641   2.028   0.0426 *  
rawfood               -0.72369    0.40448  -1.789   0.0736 .  
beachMalibu           -0.19491    0.32604  -0.598   0.5500    
beachMission Bay       0.32842    0.32470   1.011   0.3118    
beachSurfside         -0.35983    0.30237  -1.190   0.2340    
---
Signif. codes:  0 ‘***’ 0.001 ‘**’ 0.01 ‘*’ 0.05 ‘.’ 0.1 ‘ ’ 1

(Dispersion parameter for poisson family taken to be 1)

    Null deviance: 540.67  on 1492  degrees of freedom
Residual deviance: 526.40  on 1478  degrees of freedom
AIC: 756.4

Number of Fisher Scoring iterations: 13



Robust, Sandwich Standard Errors Account for Clustering:

z test of coefficients:

                       Estimate Std. Error  z value Pr(>|z|)    
(Intercept)           -2.720528   0.291316  -9.3388  < 2e-16 ***
qentero16002           0.084897   0.232949   0.3644  0.71553    
qentero16003          -0.550389   0.384896  -1.4300  0.15273    
qentero16004          -0.263324   0.401810  -0.6553  0.51225    
female                -0.014447   0.202169  -0.0715  0.94303    
racewhiteYes           0.283068   0.286367   0.9885  0.32292    
racewhiteMissing       0.591045   0.729503   0.8102  0.41782    
gichronYes           -12.653520   0.550538 -22.9839  < 2e-16 ***
anim_anyYes            0.052467   0.244315   0.2148  0.82996    
gicontactbaseYes       0.061059   0.485349   0.1258  0.89989    
gicontactbaseMissing   1.067309   0.498127   2.1426  0.03214 *  
rawfood               -0.723694   0.392274  -1.8449  0.06506 .  
beachMalibu           -0.194910   0.335499  -0.5810  0.56127    
beachMission Bay       0.328421   0.362379   0.9063  0.36478    
beachSurfside         -0.359831   0.287908  -1.2498  0.21137    
---
Signif. codes:  0 ‘***’ 0.001 ‘**’ 0.01 ‘*’ 0.05 ‘.’ 0.1 ‘ ’ 1

> 
> nps5to10 <- mpreg(diarrheaci10~qentero1600 +female+racewhite+gichron+anim_any+gicontactbase+rawfood+beach,dat=ad[ad$pointsource=="No" & ad$agestrat=="(4, 10]",],vcv=T)

Call:
glm(formula = formula, family = poisson(link = "log"), data = dat)

Deviance Residuals: 
    Min       1Q   Median       3Q      Max  
-0.6743  -0.2958  -0.2546  -0.2156   2.6763  

Coefficients:
                     Estimate Std. Error z value Pr(>|z|)    
(Intercept)          -3.51243    0.25894 -13.564   <2e-16 ***
qentero16002          0.08490    0.20466   0.415   0.6783    
qentero16003          0.25775    0.26201   0.984   0.3252    
qentero16004         -0.34697    0.38424  -0.903   0.3665    
female               -0.38462    0.17869  -2.152   0.0314 *  
racewhiteYes          0.38316    0.21818   1.756   0.0791 .  
racewhiteMissing     -0.61398    1.02112  -0.601   0.5477    
gichronYes            1.49381    0.71658   2.085   0.0371 *  
anim_anyYes           0.13334    0.20989   0.635   0.5253    
gicontactbaseYes     -0.02572    0.45911  -0.056   0.9553    
gicontactbaseMissing  0.17613    0.71884   0.245   0.8064    
rawfood              -0.46035    0.27355  -1.683   0.0924 .  
beachMalibu           0.53885    0.25309   2.129   0.0332 *  
beachMission Bay      0.48241    0.27071   1.782   0.0747 .  
beachSurfside        -0.46500    0.27927  -1.665   0.0959 .  
---
Signif. codes:  0 ‘***’ 0.001 ‘**’ 0.01 ‘*’ 0.05 ‘.’ 0.1 ‘ ’ 1

(Dispersion parameter for poisson family taken to be 1)

    Null deviance: 885.13  on 3642  degrees of freedom
Residual deviance: 858.55  on 3628  degrees of freedom
AIC: 1156.6

Number of Fisher Scoring iterations: 6



Robust, Sandwich Standard Errors Account for Clustering:

z test of coefficients:

                      Estimate Std. Error  z value  Pr(>|z|)    
(Intercept)          -3.512432   0.268414 -13.0859 < 2.2e-16 ***
qentero16002          0.084903   0.224016   0.3790  0.704686    
qentero16003          0.257753   0.274665   0.9384  0.348025    
qentero16004         -0.346975   0.444566  -0.7805  0.435109    
female               -0.384622   0.168349  -2.2847  0.022332 *  
racewhiteYes          0.383158   0.256842   1.4918  0.135750    
racewhiteMissing     -0.613983   0.995090  -0.6170  0.537226    
gichronYes            1.493811   0.573061   2.6067  0.009141 ** 
anim_anyYes           0.133335   0.221505   0.6019  0.547208    
gicontactbaseYes     -0.025723   0.454153  -0.0566  0.954832    
gicontactbaseMissing  0.176129   0.694845   0.2535  0.799898    
rawfood              -0.460349   0.289517  -1.5901  0.111821    
beachMalibu           0.538851   0.262156   2.0555  0.039835 *  
beachMission Bay      0.482408   0.324734   1.4855  0.137398    
beachSurfside        -0.465001   0.305239  -1.5234  0.127660    
---
Signif. codes:  0 ‘***’ 0.001 ‘**’ 0.01 ‘*’ 0.05 ‘.’ 0.1 ‘ ’ 1

> 
> nps11plus <- mpreg(diarrheaci10~qentero1600 +female+racewhite+gichron+anim_any+gicontactbase+rawfood+beach,dat=ad[ad$pointsource=="No" & ad$agestrat==">10",],vcv=T)

Call:
glm(formula = formula, family = poisson(link = "log"), data = dat)

Deviance Residuals: 
    Min       1Q   Median       3Q      Max  
-0.8365  -0.3109  -0.2749  -0.2511   2.6614  

Coefficients:
                     Estimate Std. Error z value Pr(>|z|)    
(Intercept)          -3.77825    0.16119 -23.440  < 2e-16 ***
qentero16002          0.05635    0.10028   0.562 0.574123    
qentero16003          0.35965    0.12729   2.825 0.004723 ** 
qentero16004          0.30271    0.19567   1.547 0.121846    
female                0.13796    0.08769   1.573 0.115645    
racewhiteYes          0.44576    0.13731   3.246 0.001169 ** 
racewhiteMissing     -0.75250    0.71778  -1.048 0.294463    
gichronYes            1.03282    0.16563   6.236 4.50e-10 ***
anim_anyYes           0.01964    0.10750   0.183 0.855072    
gicontactbaseYes      0.66049    0.16185   4.081 4.49e-05 ***
gicontactbaseMissing  0.30066    0.45533   0.660 0.509045    
rawfood               0.30990    0.09179   3.376 0.000735 ***
beachMalibu           0.12147    0.14760   0.823 0.410531    
beachMission Bay     -0.04642    0.18317  -0.253 0.799929    
beachSurfside        -0.14372    0.13131  -1.095 0.273717    
---
Signif. codes:  0 ‘***’ 0.001 ‘**’ 0.01 ‘*’ 0.05 ‘.’ 0.1 ‘ ’ 1

(Dispersion parameter for poisson family taken to be 1)

    Null deviance: 3353.7  on 12289  degrees of freedom
Residual deviance: 3265.4  on 12275  degrees of freedom
AIC: 4365.4

Number of Fisher Scoring iterations: 6



Robust, Sandwich Standard Errors Account for Clustering:

z test of coefficients:

                      Estimate Std. Error  z value  Pr(>|z|)    
(Intercept)          -3.778249   0.167031 -22.6201 < 2.2e-16 ***
qentero16002          0.056355   0.104652   0.5385  0.590234    
qentero16003          0.359653   0.138040   2.6054  0.009176 ** 
qentero16004          0.302712   0.198780   1.5229  0.127796    
female                0.137964   0.083227   1.6577  0.097381 .  
racewhiteYes          0.445757   0.144666   3.0813  0.002061 ** 
racewhiteMissing     -0.752505   0.716395  -1.0504  0.293532    
gichronYes            1.032823   0.155125   6.6580 2.775e-11 ***
anim_anyYes           0.019635   0.111322   0.1764  0.859993    
gicontactbaseYes      0.660486   0.166649   3.9633 7.391e-05 ***
gicontactbaseMissing  0.300663   0.434013   0.6928  0.488466    
rawfood               0.309898   0.095549   3.2433  0.001181 ** 
beachMalibu           0.121468   0.151492   0.8018  0.422663    
beachMission Bay     -0.046422   0.201425  -0.2305  0.817730    
beachSurfside        -0.143723   0.133089  -1.0799  0.280187    
---
Signif. codes:  0 ‘***’ 0.001 ‘**’ 0.01 ‘*’ 0.05 ‘.’ 0.1 ‘ ’ 1

> 
> # Point-source estimates by age group
> ps0to4 <- mpreg(diarrheaci10~qentero1600 +female+racewhite+gichron+anim_any+gicontactbase+rawfood+beach,dat=ad[ad$pointsource=="Yes" & ad$agestrat=="(0, 4]",],vcv=T)

Call:
glm(formula = formula, family = poisson(link = "log"), data = dat)

Deviance Residuals: 
    Min       1Q   Median       3Q      Max  
-0.8014  -0.4170  -0.3513  -0.2934   2.2344  

Coefficients:
                      Estimate Std. Error z value Pr(>|z|)    
(Intercept)           -2.62024    0.42056  -6.230 4.65e-10 ***
qentero16002           0.15999    0.37256   0.429  0.66761    
qentero16003           0.02671    0.36140   0.074  0.94109    
qentero16004           0.38673    0.36847   1.050  0.29393    
female                -0.16130    0.15637  -1.032  0.30231    
racewhiteYes           0.21713    0.22347   0.972  0.33123    
racewhiteMissing     -12.51078  503.49635  -0.025  0.98018    
gichronYes             0.52564    0.72198   0.728  0.46658    
anim_anyYes            0.39765    0.18218   2.183  0.02906 *  
gicontactbaseYes       0.64409    0.30334   2.123  0.03373 *  
gicontactbaseMissing -12.87326  735.82458  -0.017  0.98604    
rawfood               -0.65066    0.39050  -1.666  0.09566 .  
beachBoqueron         -0.55186    0.34084  -1.619  0.10542    
beachEdgewater        -0.21976    0.50448  -0.436  0.66312    
beachFairhope         -0.25793    0.34934  -0.738  0.46032    
beachGoddard          -0.37803    0.42552  -0.888  0.37432    
beachHuntington       -0.26805    0.40373  -0.664  0.50673    
beachSilver           -0.82394    0.27597  -2.986  0.00283 ** 
beachWashington Park  -0.71019    0.33755  -2.104  0.03538 *  
beachWest             -0.08728    0.34627  -0.252  0.80100    
---
Signif. codes:  0 ‘***’ 0.001 ‘**’ 0.01 ‘*’ 0.05 ‘.’ 0.1 ‘ ’ 1

(Dispersion parameter for poisson family taken to be 1)

    Null deviance: 868.07  on 2267  degrees of freedom
Residual deviance: 833.68  on 2248  degrees of freedom
AIC: 1205.7

Number of Fisher Scoring iterations: 13



Robust, Sandwich Standard Errors Account for Clustering:

z test of coefficients:

                       Estimate Std. Error  z value  Pr(>|z|)    
(Intercept)           -2.620242   0.385315  -6.8003 1.044e-11 ***
qentero16002           0.159988   0.387769   0.4126  0.679911    
qentero16003           0.026706   0.358172   0.0746  0.940563    
qentero16004           0.386729   0.354576   1.0907  0.275413    
female                -0.161297   0.148520  -1.0860  0.277465    
racewhiteYes           0.217130   0.215602   1.0071  0.313895    
racewhiteMissing     -12.510782   0.586606 -21.3274 < 2.2e-16 ***
gichronYes             0.525640   0.637665   0.8243  0.409758    
anim_anyYes            0.397646   0.200620   1.9821  0.047470 *  
gicontactbaseYes       0.644089   0.302464   2.1295  0.033215 *  
gicontactbaseMissing -12.873260   0.782472 -16.4520 < 2.2e-16 ***
rawfood               -0.650664   0.388421  -1.6752  0.093904 .  
beachBoqueron         -0.551861   0.348835  -1.5820  0.113647    
beachEdgewater        -0.219758   0.504384  -0.4357  0.663058    
beachFairhope         -0.257927   0.345683  -0.7461  0.455585    
beachGoddard          -0.378033   0.436373  -0.8663  0.386322    
beachHuntington       -0.268047   0.423946  -0.6323  0.527213    
beachSilver           -0.823940   0.307006  -2.6838  0.007279 ** 
beachWashington Park  -0.710188   0.342565  -2.0731  0.038158 *  
beachWest             -0.087280   0.353816  -0.2467  0.805155    
---
Signif. codes:  0 ‘***’ 0.001 ‘**’ 0.01 ‘*’ 0.05 ‘.’ 0.1 ‘ ’ 1

> 
> ps5to10 <- mpreg(diarrheaci10~qentero1600 +female+racewhite+gichron+anim_any+gicontactbase+rawfood+beach,dat=ad[ad$pointsource=="Yes" & ad$agestrat=="(4, 10]",],vcv=T)

Call:
glm(formula = formula, family = poisson(link = "log"), data = dat)

Deviance Residuals: 
    Min       1Q   Median       3Q      Max  
-0.7080  -0.3227  -0.2675  -0.2125   2.6502  

Coefficients:
                      Estimate Std. Error z value Pr(>|z|)    
(Intercept)           -3.88265    0.39038  -9.946  < 2e-16 ***
qentero16002          -0.54084    0.40050  -1.350  0.17689    
qentero16003           0.26208    0.34217   0.766  0.44372    
qentero16004           0.55187    0.34337   1.607  0.10801    
female                 0.10141    0.14180   0.715  0.47449    
racewhiteYes           0.42733    0.20664   2.068  0.03864 *  
racewhiteMissing       0.77521    0.73752   1.051  0.29321    
gichronYes             0.65658    0.58409   1.124  0.26096    
gichronMissing       -12.31933  733.68623  -0.017  0.98660    
anim_anyYes            0.06208    0.17613   0.352  0.72451    
gicontactbaseYes       0.54003    0.25634   2.107  0.03515 *  
gicontactbaseMissing -12.30532  366.62341  -0.034  0.97322    
rawfood               -0.01027    0.24836  -0.041  0.96702    
beachBoqueron         -0.07731    0.32934  -0.235  0.81441    
beachEdgewater         0.30329    0.49145   0.617  0.53714    
beachFairhope         -0.09235    0.38384  -0.241  0.80988    
beachGoddard           0.33125    0.42468   0.780  0.43538    
beachHuntington        0.91767    0.29649   3.095  0.00197 ** 
beachSilver           -0.21513    0.23794  -0.904  0.36593    
beachWashington Park  -0.07128    0.27839  -0.256  0.79792    
beachWest              0.47039    0.31339   1.501  0.13336    
---
Signif. codes:  0 ‘***’ 0.001 ‘**’ 0.01 ‘*’ 0.05 ‘.’ 0.1 ‘ ’ 1

(Dispersion parameter for poisson family taken to be 1)

    Null deviance: 1282.8  on 4886  degrees of freedom
Residual deviance: 1216.9  on 4866  degrees of freedom
AIC: 1660.9

Number of Fisher Scoring iterations: 13



Robust, Sandwich Standard Errors Account for Clustering:

z test of coefficients:

                       Estimate Std. Error  z value  Pr(>|z|)    
(Intercept)           -3.882646   0.418836  -9.2701 < 2.2e-16 ***
qentero16002          -0.540842   0.412335  -1.3117  0.189637    
qentero16003           0.262077   0.349013   0.7509  0.452708    
qentero16004           0.551868   0.345461   1.5975  0.110157    
female                 0.101412   0.139948   0.7246  0.468673    
racewhiteYes           0.427330   0.225573   1.8944  0.058169 .  
racewhiteMissing       0.775212   0.627205   1.2360  0.216466    
gichronYes             0.656583   0.564611   1.1629  0.244872    
gichronMissing       -12.319333   0.660096 -18.6629 < 2.2e-16 ***
anim_anyYes            0.062076   0.170433   0.3642  0.715688    
gicontactbaseYes       0.540027   0.263366   2.0505  0.040318 *  
gicontactbaseMissing -12.305316   0.419952 -29.3017 < 2.2e-16 ***
rawfood               -0.010268   0.251818  -0.0408  0.967474    
beachBoqueron         -0.077310   0.357755  -0.2161  0.828911    
beachEdgewater         0.303292   0.479194   0.6329  0.526786    
beachFairhope         -0.092347   0.413974  -0.2231  0.823478    
beachGoddard           0.331254   0.457780   0.7236  0.469306    
beachHuntington        0.917668   0.314064   2.9219  0.003479 ** 
beachSilver           -0.215126   0.236345  -0.9102  0.362708    
beachWashington Park  -0.071279   0.285225  -0.2499  0.802662    
beachWest              0.470392   0.309048   1.5221  0.127992    
---
Signif. codes:  0 ‘***’ 0.001 ‘**’ 0.01 ‘*’ 0.05 ‘.’ 0.1 ‘ ’ 1

> 
> ps11plus <- mpreg(diarrheaci10~qentero1600 +female+racewhite+gichron+anim_any+gicontactbase+rawfood+beach,dat=ad[ad$pointsource=="Yes" & ad$agestrat==">10",],vcv=T)

Call:
glm(formula = formula, family = poisson(link = "log"), data = dat)

Deviance Residuals: 
    Min       1Q   Median       3Q      Max  
-0.7638  -0.3109  -0.2622  -0.2242   2.4596  

Coefficients:
                      Estimate Std. Error z value Pr(>|z|)    
(Intercept)           -3.44960    0.16933 -20.372  < 2e-16 ***
qentero16002          -0.03686    0.14949  -0.247 0.805250    
qentero16003           0.12412    0.13782   0.901 0.367812    
qentero16004           0.19665    0.14396   1.366 0.171945    
female                 0.16250    0.06834   2.378 0.017410 *  
racewhiteYes           0.02757    0.10700   0.258 0.796646    
racewhiteMissing      -0.32296    0.58671  -0.550 0.582002    
gichronYes             0.63360    0.13855   4.573 4.81e-06 ***
gichronMissing       -11.11172  249.71958  -0.044 0.964508    
anim_anyYes            0.24687    0.07872   3.136 0.001713 ** 
gicontactbaseYes       0.72312    0.11770   6.144 8.06e-10 ***
gicontactbaseMissing   0.85066    0.45181   1.883 0.059731 .  
rawfood                0.38969    0.08035   4.850 1.24e-06 ***
beachBoqueron         -0.52024    0.14707  -3.537 0.000404 ***
beachEdgewater         0.17271    0.20043   0.862 0.388835    
beachFairhope          0.16191    0.21034   0.770 0.441436    
beachGoddard          -0.32856    0.22679  -1.449 0.147414    
beachHuntington        0.53135    0.18527   2.868 0.004131 ** 
beachSilver           -0.35637    0.12887  -2.765 0.005689 ** 
beachWashington Park  -0.06770    0.14790  -0.458 0.647116    
beachWest              0.37558    0.14154   2.653 0.007967 ** 
---
Signif. codes:  0 ‘***’ 0.001 ‘**’ 0.01 ‘*’ 0.05 ‘.’ 0.1 ‘ ’ 1

(Dispersion parameter for poisson family taken to be 1)

    Null deviance: 5566.3  on 20797  degrees of freedom
Residual deviance: 5346.1  on 20777  degrees of freedom
AIC: 7148.1

Number of Fisher Scoring iterations: 12



Robust, Sandwich Standard Errors Account for Clustering:

z test of coefficients:

                       Estimate Std. Error  z value  Pr(>|z|)    
(Intercept)           -3.449602   0.175524 -19.6531 < 2.2e-16 ***
qentero16002          -0.036858   0.153989  -0.2394  0.810833    
qentero16003           0.124116   0.140858   0.8811  0.378238    
qentero16004           0.196653   0.149236   1.3177  0.187595    
female                 0.162505   0.064004   2.5390  0.011118 *  
racewhiteYes           0.027572   0.110193   0.2502  0.802421    
racewhiteMissing      -0.322962   0.585999  -0.5511  0.581544    
gichronYes             0.633603   0.136455   4.6433 3.429e-06 ***
gichronMissing       -11.111716   0.384931 -28.8668 < 2.2e-16 ***
anim_anyYes            0.246870   0.081611   3.0250  0.002487 ** 
gicontactbaseYes       0.723117   0.116496   6.2072 5.393e-10 ***
gicontactbaseMissing   0.850659   0.373542   2.2773  0.022770 *  
rawfood                0.389688   0.082102   4.7464 2.071e-06 ***
beachBoqueron         -0.520244   0.159745  -3.2567  0.001127 ** 
beachEdgewater         0.172713   0.212982   0.8109  0.417407    
beachFairhope          0.161913   0.209686   0.7722  0.440016    
beachGoddard          -0.328557   0.241743  -1.3591  0.174109    
beachHuntington        0.531346   0.183485   2.8959  0.003781 ** 
beachSilver           -0.356366   0.133378  -2.6718  0.007544 ** 
beachWashington Park  -0.067705   0.157807  -0.4290  0.667898    
beachWest              0.375579   0.150649   2.4931  0.012664 *  
---
Signif. codes:  0 ‘***’ 0.001 ‘**’ 0.01 ‘*’ 0.05 ‘.’ 0.1 ‘ ’ 1

> 
> 
> # --------------------------------------
> # Calculate adjusted CIRs and 95% CIs
> # From the regression coefficients
> # --------------------------------------
> 
> # function to get Estimates and CIs for quartiles of exposure
> # NOTE: assumes that the quartiles exposure variables are #s 2-4
> CIRquartiles <- function(x,vcv) {
+ 	# x : log-linear model object returned from coeftest (class=coeftest)
+ 	# vcv : variance-covariance matrix of coefficients for robust SEs
+ 	lc2 <- c(0,1,rep(0,nrow(x)-2))
+ 	lc3 <- c(0,0,1,rep(0,nrow(x)-3))
+ 	lc4 <- c(0,0,0,1,rep(0,nrow(x)-4))	
+ 	estci <- function(lc,x,vcv) {
+ 		est <- exp(t(lc)%*%x[,1])
+ 		se  <- sqrt( t(lc)%*%vcv%*%lc )
+ 		lb <- exp(log(est)-1.96*se)
+ 		ub <- exp(log(est)+1.96*se)
+ 		res <- c(est,lb,ub)
+ 		return(res)
+ 	}
+ 	cirs <- t(sapply(list(lc2,lc3,lc4),estci,x=x,vcv=vcv))
+ 	colnames(cirs) <- c("CIR","CIRlb","CIRub")
+ 	rownames(cirs) <- paste("Entero1600-Q",2:4,sep="")
+ 	return(cirs)
+ }
> 
> cir.all <- CIRquartiles(overall.fit,all.VC)
> 
> cir.nps <- CIRquartiles(nps$fit,nps$vcovCL)
> cir.ps  <- CIRquartiles(ps$fit,  ps$vcovCL)
> 
> cir.age0to4   <- CIRquartiles(age0to4$fit,  age0to4$vcovCL)
> cir.age5to10  <- CIRquartiles(age5to10$fit, age5to10$vcovCL)
> cir.age11plus <- CIRquartiles(age11plus$fit,age11plus$vcovCL)
> 
> cir.nps0to4   <- CIRquartiles(nps0to4$fit,  nps0to4$vcovCL)
> cir.nps5to10  <- CIRquartiles(nps5to10$fit, nps5to10$vcovCL)
> cir.nps11plus <- CIRquartiles(nps11plus$fit,nps11plus$vcovCL)
> 
> cir.ps0to4   <- CIRquartiles(ps0to4$fit,  ps0to4$vcovCL)
> cir.ps5to10  <- CIRquartiles(ps5to10$fit, ps5to10$vcovCL)
> cir.ps11plus <- CIRquartiles(ps11plus$fit,ps11plus$vcovCL)
> 
> 
> # --------------------------------------
> # Print N counts to the log file
> # --------------------------------------
> N.all
    n     N
1 379  9027
2 544 14354
3 598 13116
4 520  9572
> N.age0to4
   n    N
1 50  709
2 75 1072
3 63 1083
4 78  897
> N.age5to10
    n    N
1  61 1741
2  66 2350
3  97 2280
4 111 2159
> N.age11plus
    n     N
1 268  6517
2 390 10765
3 430  9515
4 327  6291
> N.nps
    n    N
1 288 6978
2 292 6629
3 144 2752
4  53 1251
> N.ps
    n     N
1  91  2049
2 252  7725
3 454 10364
4 467  8321
> N.nps0to4
   n   N
1 40 569
2 39 515
3 12 263
4  9 146
> N.nps5to10
   n    N
1 50 1426
2 48 1270
3 27  598
4  9  349
> N.nps11plus
    n    N
1 198 4927
2 202 4776
3 100 1855
4  35  732
> N.ps0to4
   n   N
1 10 140
2 36 557
3 51 820
4 69 751
> N.ps5to10
    n    N
1  11  315
2  18 1080
3  70 1682
4 102 1810
> N.ps11plus
    n    N
1  70 1590
2 188 5989
3 330 7660
4 292 5559
> 
> # --------------------------------------
> # Print Cumulative Incidence estimates
> # to the log file
> # --------------------------------------
> ci.all
           CI       CIlb       CIub
Q1 0.04198516 0.03748283 0.04702829
Q2 0.03789884 0.03440270 0.04175028
Q3 0.04559317 0.04157023 0.05000543
Q4 0.05432511 0.04926029 0.05991069
> ci.0to4
           CI       CIlb       CIub
Q1 0.07052186 0.05302967 0.09378397
Q2 0.06996269 0.05537497 0.08839332
Q3 0.05817175 0.04490007 0.07536629
Q4 0.08695652 0.06947719 0.10883337
> ci.5to10
           CI       CIlb       CIub
Q1 0.03503733 0.02708248 0.04532875
Q2 0.02808511 0.02138876 0.03687793
Q3 0.04254386 0.03437715 0.05265066
Q4 0.05141269 0.04213237 0.06273716
> ci.11plus
           CI       CIlb       CIub
Q1 0.04112322 0.03627807 0.04661546
Q2 0.03622852 0.03259082 0.04027225
Q3 0.04519180 0.04083119 0.05001811
Q4 0.05197902 0.04632172 0.05832724
> ci.ps
           CI       CIlb       CIub
Q1 0.04441191 0.03559467 0.05541329
Q2 0.03262136 0.02827784 0.03763205
Q3 0.04380548 0.03948134 0.04860322
Q4 0.05612306 0.05060310 0.06224517
> ci.nps
           CI       CIlb       CIub
Q1 0.04127257 0.03617200 0.04709237
Q2 0.04404888 0.03862627 0.05023275
Q3 0.05232558 0.04287111 0.06386507
Q4 0.04236611 0.03147625 0.05702354
> 
> 
> # --------------------------------------
> # Print CIR estimates to the log file
> # --------------------------------------
> 
> cir.all
                   CIR     CIRlb    CIRub
Entero1600-Q2 1.038897 0.8893001 1.213659
Entero1600-Q3 1.209496 1.0228843 1.430152
Entero1600-Q4 1.333752 1.1093377 1.603564
> cir.nps
                   CIR     CIRlb    CIRub
Entero1600-Q2 1.068962 0.8872033 1.287958
Entero1600-Q3 1.316207 1.0261249 1.688295
Entero1600-Q4 1.086803 0.7674804 1.538985
> cir.ps
                    CIR     CIRlb    CIRub
Entero1600-Q2 0.9511737 0.7203677 1.255930
Entero1600-Q3 1.1158201 0.8669376 1.436152
Entero1600-Q4 1.3086885 1.0092298 1.697002
> cir.age0to4
                    CIR     CIRlb    CIRub
Entero1600-Q2 1.0577146 0.7149594 1.564788
Entero1600-Q3 0.7674057 0.5009274 1.175643
Entero1600-Q4 1.0961215 0.7076856 1.697763
> cir.age5to10
                    CIR     CIRlb    CIRub
Entero1600-Q2 0.9299578 0.6199920 1.394892
Entero1600-Q3 1.3129515 0.8801814 1.958507
Entero1600-Q4 1.4879013 0.9880495 2.240627
> cir.age11plus
                   CIR     CIRlb    CIRub
Entero1600-Q2 1.038240 0.8761816 1.230272
Entero1600-Q3 1.267899 1.0531110 1.526494
Entero1600-Q4 1.327891 1.0724095 1.644235
> cir.nps0to4
                    CIR     CIRlb    CIRub
Entero1600-Q2 1.0886049 0.6895731 1.718543
Entero1600-Q3 0.5767255 0.2712309 1.226307
Entero1600-Q4 0.7684931 0.3496333 1.689146
> cir.nps5to10
                    CIR     CIRlb    CIRub
Entero1600-Q2 1.0886111 0.7017569 1.688725
Entero1600-Q3 1.2940195 0.7553373 2.216872
Entero1600-Q4 0.7068232 0.2957254 1.689402
> cir.nps11plus
                   CIR     CIRlb    CIRub
Entero1600-Q2 1.057973 0.8617734 1.298841
Entero1600-Q3 1.432832 1.0931852 1.878007
Entero1600-Q4 1.353525 0.9167722 1.998347
> cir.ps0to4
                   CIR     CIRlb    CIRub
Entero1600-Q2 1.173496 0.5487895 2.509329
Entero1600-Q3 1.027066 0.5089980 2.072433
Entero1600-Q4 1.472157 0.7347394 2.949681
> cir.ps5to10
                   CIR     CIRlb    CIRub
Entero1600-Q2 0.582258 0.2594947 1.306479
Entero1600-Q3 1.299626 0.6557409 2.575756
Entero1600-Q4 1.736494 0.8822901 3.417711
> cir.ps11plus
                    CIR     CIRlb    CIRub
Entero1600-Q2 0.9638134 0.7127137 1.303379
Entero1600-Q3 1.1321474 0.8590187 1.492119
Entero1600-Q4 1.2173214 0.9086000 1.630939
> 
> 
> # --------------------------------------
> # save the results
> # exclude glm objects and data frames
> # (they are really large)
> # --------------------------------------
> save(
+ 	overall.fit,all.VC,age0to4,age5to10,age11plus,
+ 	nps,nps0to4,nps5to10,nps11plus,
+ 	ps,ps0to4,ps5to10,ps11plus,
+ 	
+ 	hufit,sifit,wpfit,wefit,avfit,bofit,dhfit,edfit,fafit,gdfit,mafit,mbfit,sufit,
+ 	
+ 	N.all,N.age0to4,N.age5to10,N.age11plus,
+ 	N.nps,N.nps0to4,N.nps5to10,N.nps11plus,
+ 	N.ps,N.ps0to4,N.ps5to10,N.ps11plus,
+ 	
+ 	ci.all,ci.0to4,ci.5to10,ci.11plus,ci.ps,ci.nps,
+ 	
+ 	cir.all,cir.age0to4,cir.age5to10,cir.age11plus,
+ 	cir.nps,cir.nps0to4,cir.nps5to10,cir.nps11plus,
+ 	cir.ps,cir.ps0to4,cir.ps5to10,cir.ps11plus,
+ 
+ 	file="~/dropbox/13beaches/aim1-results/rawoutput/aim1-entero1600-Quartile-regs-body.Rdata"
+ 	)
> 
> 
> 
> 
> 
> 
> 
> 
> 
> 
> proc.time()
   user  system elapsed 
144.467  17.746 172.856 
