
R version 3.2.0 (2015-04-16) -- "Full of Ingredients"
Copyright (C) 2015 The R Foundation for Statistical Computing
Platform: x86_64-apple-darwin13.4.0 (64-bit)

R is free software and comes with ABSOLUTELY NO WARRANTY.
You are welcome to redistribute it under certain conditions.
Type 'license()' or 'licence()' for distribution details.

  Natural language support but running in an English locale

R is a collaborative project with many contributors.
Type 'contributors()' for more information and
'citation()' on how to cite R or R packages in publications.

Type 'demo()' for some demos, 'help()' for on-line help, or
'help.start()' for an HTML browser interface to help.
Type 'q()' to quit R.

[Previously saved workspace restored]

> 
> 
> 
> 
> # --------------------------------------
> # 2-aim1-entero1600-Quartile-regs-swall.R
> # ben arnold (benarnold@berkeley.edu)
> #
> # description:
> # estimate the association between water
> # quality indicator concentrations and
> # the risk of Diarrhea among swimmers
> # for the 13 beaches study
> #
> # Analyses are conducted for EPA 1600
> # Among beachgoers who swallowed water
> #
> # NOTE: this script is identical to
> # 2-aim1-entero1600-Quartile-regs-body.R
> #
> # It just subsets the data to individuals
> # who swallowed water rather than swimmers
> # with body immersion
> #
> # --------------------------------------
> 
> # --------------------------------------
> # preamble
> # --------------------------------------
> 
> rm(list=ls())
> library(sandwich)
> library(lmtest)
Loading required package: zoo

Attaching package: ‘zoo’

The following objects are masked from ‘package:base’:

    as.Date, as.Date.numeric

> 
> # source the base functions
> source("~/dropbox/13beaches/src/aim1/0-aim1-base-functions.R")
> 
> # --------------------------------------
> # load the and pre-preprocess the 
> # analysis dataset
> # (refer to the base functions script
> # for details on the pre-processing)
> # --------------------------------------
> 
> ad <- preprocess.13beaches("~/dropbox/13beaches/data/final/13beaches-analysis.csv")

Successfully loaded the data
 Total sample size = 84411 

Dropping individuals with GI illness at enrollment
 N = 1948 

Final sample size = 82463 

Subsetting the data to relevant variables and completing final variable pre-processing> 
> # drop individuals with no water quality information
> table(ad$nowq)

    0     1 
81531   932 
> ad <- subset(ad,nowq==0)
> dim(ad)
[1] 81531    50
> 
> # subset to non-missing exposure categories
> # to make the robust CI calcs work
> table(ad$swallwater)

   No   Yes 
71013 10518 
> ad <- subset(ad,ad$swallwater=="Yes")
> 	dim(ad)
[1] 10518    50
> table(ad$qentero1600)

   1    2    3    4 
2265 3462 2827 1964 
> ad <- subset(ad,is.na(ad$qentero1600)==FALSE)
> 	dim(ad)
[1] 10518    50
> 
> 
> # --------------------------------------
> # Calculate the actual Ns for each cell
> # and store them for plotting and tables
> # --------------------------------------
> 
> # --------------------------------------
> # Summarize 
> # the number of swimmers and number
> # of cumulative incident episodes by
> # quartile of Entero 1600
> # --------------------------------------
> calcNs <- function(outcome,exposurecat) {
+   n <- tapply(outcome,exposurecat,sum)
+   N <- tapply(outcome,exposurecat,function(x) length(x))
+   cbind(n,N)
+ }
> 
> # overall
> N.all <- calcNs(ad$diarrheaci10,ad$qentero1600)
> # age stratified
> N.age0to4   <- calcNs(ad$diarrheaci10[ad$agestrat=="(0, 4]"],ad$qentero1600[ad$agestrat=="(0, 4]"] )
> N.age5to10  <- calcNs(ad$diarrheaci10[ad$agestrat=="(4, 10]"],ad$qentero1600[ad$agestrat=="(4, 10]"] )
> N.age11plus <- calcNs(ad$diarrheaci10[ad$agestrat==">10"],ad$qentero1600[ad$agestrat==">10"] )
> # point source vs. non-point source stratified
> N.nps <- calcNs(ad$diarrheaci10[ad$pointsource=="No"], ad$qentero1600[ad$pointsource=="No"])
> N.ps  <- calcNs(ad$diarrheaci10[ad$pointsource=="Yes"],ad$qentero1600[ad$pointsource=="Yes"])
> # age and point source stratified
> N.nps0to4   <- calcNs(ad$diarrheaci10[ad$agestrat=="(0, 4]" & ad$pointsource=="No"],ad$qentero1600[ad$agestrat=="(0, 4]" & ad$pointsource=="No"] )
> N.nps5to10  <- calcNs(ad$diarrheaci10[ad$agestrat=="(4, 10]" & ad$pointsource=="No"],ad$qentero1600[ad$agestrat=="(4, 10]" & ad$pointsource=="No"] )
> N.nps11plus <- calcNs(ad$diarrheaci10[ad$agestrat==">10" & ad$pointsource=="No"],ad$qentero1600[ad$agestrat==">10" & ad$pointsource=="No"] )
> 
> N.ps0to4   <- calcNs(ad$diarrheaci10[ad$agestrat=="(0, 4]" & ad$pointsource=="Yes"],ad$qentero1600[ad$agestrat=="(0, 4]" & ad$pointsource=="Yes"] )
> N.ps5to10  <- calcNs(ad$diarrheaci10[ad$agestrat=="(4, 10]" & ad$pointsource=="Yes"],ad$qentero1600[ad$agestrat=="(4, 10]" & ad$pointsource=="Yes"] )
> N.ps11plus <- calcNs(ad$diarrheaci10[ad$agestrat==">10" & ad$pointsource=="Yes"],ad$qentero1600[ad$agestrat==">10" & ad$pointsource=="Yes"] )
> 
> 
> # --------------------------------------
> # Calculate unadjusted 
> # Cumulative Incidence Rates
> # and robust 95% CIs using a saturated, 
> # unadjusted model
> # (just using the models to get the robust
> # SEs that account for HH clustering)
> # --------------------------------------
> 
> # fit the saturated models
> # for now, only doing this for the overall results
> # (not stratified by point/nonpoint because the
> #  sample sizes are really small with the double stratification)
> 
> # All Ages
> allci <- mpreg(diarrheaci10~qentero1600,dat=ad,vcv=T)

Call:
glm(formula = formula, family = poisson(link = "log"), data = dat)

Deviance Residuals: 
    Min       1Q   Median       3Q      Max  
-0.3735  -0.3158  -0.3145  -0.3059   2.0537  

Coefficients:
             Estimate Std. Error z value Pr(>|z|)    
(Intercept)  -3.00683    0.09449 -31.821  < 2e-16 ***
qentero16002 -0.05517    0.12289  -0.449  0.65345    
qentero16003  0.00862    0.12657   0.068  0.94571    
qentero16004  0.34407    0.12739   2.701  0.00691 ** 
---
Signif. codes:  0 ‘***’ 0.001 ‘**’ 0.01 ‘*’ 0.05 ‘.’ 0.1 ‘ ’ 1

(Dispersion parameter for poisson family taken to be 1)

    Null deviance: 3253.8  on 10517  degrees of freedom
Residual deviance: 3240.7  on 10514  degrees of freedom
AIC: 4352.7

Number of Fisher Scoring iterations: 6



Robust, Sandwich Standard Errors Account for Clustering:

z test of coefficients:

               Estimate Std. Error  z value Pr(>|z|)    
(Intercept)  -3.0068312  0.1047112 -28.7155  < 2e-16 ***
qentero16002 -0.0551742  0.1379856  -0.3999  0.68926    
qentero16003  0.0086197  0.1399460   0.0616  0.95089    
qentero16004  0.3440736  0.1408456   2.4429  0.01457 *  
---
Signif. codes:  0 ‘***’ 0.001 ‘**’ 0.01 ‘*’ 0.05 ‘.’ 0.1 ‘ ’ 1

> 
> # Ages 0 - 4
> age0to4ci <- mpreg(diarrheaci10~qentero1600,dat=ad[ad$agestrat=="(0, 4]",],vcv=T)

Call:
glm(formula = formula, family = poisson(link = "log"), data = dat)

Deviance Residuals: 
    Min       1Q   Median       3Q      Max  
-0.4861  -0.4031  -0.3807  -0.3722   1.8650  

Coefficients:
             Estimate Std. Error z value Pr(>|z|)    
(Intercept)  -2.62467    0.22361 -11.738   <2e-16 ***
qentero16002  0.11444    0.27503   0.416    0.677    
qentero16003 -0.04516    0.28504  -0.158    0.874    
qentero16004  0.48871    0.27066   1.806    0.071 .  
---
Signif. codes:  0 ‘***’ 0.001 ‘**’ 0.01 ‘*’ 0.05 ‘.’ 0.1 ‘ ’ 1

(Dispersion parameter for poisson family taken to be 1)

    Null deviance: 661.59  on 1581  degrees of freedom
Residual deviance: 655.35  on 1578  degrees of freedom
AIC: 931.35

Number of Fisher Scoring iterations: 6



Robust, Sandwich Standard Errors Account for Clustering:

z test of coefficients:

             Estimate Std. Error  z value Pr(>|z|)    
(Intercept)  -2.62467    0.23663 -11.0920  < 2e-16 ***
qentero16002  0.11444    0.28614   0.4000  0.68919    
qentero16003 -0.04516    0.29717  -0.1520  0.87921    
qentero16004  0.48872    0.28211   1.7324  0.08321 .  
---
Signif. codes:  0 ‘***’ 0.001 ‘**’ 0.01 ‘*’ 0.05 ‘.’ 0.1 ‘ ’ 1

> 
> # Ages 5 - 10
> age5to10ci <- mpreg(diarrheaci10~qentero1600,dat=ad[ad$agestrat=="(4, 10]",],vcv=T)

Call:
glm(formula = formula, family = poisson(link = "log"), data = dat)

Deviance Residuals: 
    Min       1Q   Median       3Q      Max  
-0.3298  -0.3142  -0.3086  -0.2524   2.2264  

Coefficients:
             Estimate Std. Error z value Pr(>|z|)    
(Intercept)  -3.04452    0.17961 -16.951   <2e-16 ***
qentero16002 -0.40206    0.26071  -1.542    0.123    
qentero16003  0.03572    0.24202   0.148    0.883    
qentero16004  0.13278    0.24502   0.542    0.588    
---
Signif. codes:  0 ‘***’ 0.001 ‘**’ 0.01 ‘*’ 0.05 ‘.’ 0.1 ‘ ’ 1

(Dispersion parameter for poisson family taken to be 1)

    Null deviance: 825.47  on 2961  degrees of freedom
Residual deviance: 820.08  on 2958  degrees of freedom
AIC: 1094.1

Number of Fisher Scoring iterations: 6



Robust, Sandwich Standard Errors Account for Clustering:

z test of coefficients:

              Estimate Std. Error  z value Pr(>|z|)    
(Intercept)  -3.044522   0.180410 -16.8755   <2e-16 ***
qentero16002 -0.402058   0.288959  -1.3914   0.1641    
qentero16003  0.035718   0.250523   0.1426   0.8866    
qentero16004  0.132776   0.250954   0.5291   0.5967    
---
Signif. codes:  0 ‘***’ 0.001 ‘**’ 0.01 ‘*’ 0.05 ‘.’ 0.1 ‘ ’ 1

> 
> # Ages >10
> age11plusci <- mpreg(diarrheaci10~qentero1600,dat=ad[ad$agestrat==">10",],vcv=T)

Call:
glm(formula = formula, family = poisson(link = "log"), data = dat)

Deviance Residuals: 
    Min       1Q   Median       3Q      Max  
-0.3576  -0.3028  -0.2975  -0.2969   2.0812  

Coefficients:
             Estimate Std. Error z value Pr(>|z|)    
(Intercept)  -3.08281    0.12804 -24.078   <2e-16 ***
qentero16002 -0.03873    0.16548  -0.234   0.8149    
qentero16003 -0.03488    0.17574  -0.198   0.8427    
qentero16004  0.33280    0.18507   1.798   0.0721 .  
---
Signif. codes:  0 ‘***’ 0.001 ‘**’ 0.01 ‘*’ 0.05 ‘.’ 0.1 ‘ ’ 1

(Dispersion parameter for poisson family taken to be 1)

    Null deviance: 1687.9  on 5829  degrees of freedom
Residual deviance: 1682.5  on 5826  degrees of freedom
AIC: 2244.5

Number of Fisher Scoring iterations: 6



Robust, Sandwich Standard Errors Account for Clustering:

z test of coefficients:

              Estimate Std. Error  z value Pr(>|z|)    
(Intercept)  -3.082812   0.130152 -23.6863  < 2e-16 ***
qentero16002 -0.038730   0.170267  -0.2275  0.82006    
qentero16003 -0.034881   0.179685  -0.1941  0.84608    
qentero16004  0.332798   0.189406   1.7571  0.07891 .  
---
Signif. codes:  0 ‘***’ 0.001 ‘**’ 0.01 ‘*’ 0.05 ‘.’ 0.1 ‘ ’ 1

> 
> # Point source
> psci <- mpreg(diarrheaci10~qentero1600,dat=ad[ad$pointsource=="Yes",],vcv=T)

Call:
glm(formula = formula, family = poisson(link = "log"), data = dat)

Deviance Residuals: 
    Min       1Q   Median       3Q      Max  
-0.3799  -0.3799  -0.3028  -0.2722   2.1866  

Coefficients:
             Estimate Std. Error z value Pr(>|z|)    
(Intercept)   -3.3557     0.2582 -12.997  < 2e-16 ***
qentero16002   0.0599     0.2882   0.208  0.83536    
qentero16003   0.2730     0.2780   0.982  0.32625    
qentero16004   0.7271     0.2742   2.651  0.00802 ** 
---
Signif. codes:  0 ‘***’ 0.001 ‘**’ 0.01 ‘*’ 0.05 ‘.’ 0.1 ‘ ’ 1

(Dispersion parameter for poisson family taken to be 1)

    Null deviance: 1720.4  on 5748  degrees of freedom
Residual deviance: 1697.4  on 5745  degrees of freedom
AIC: 2279.4

Number of Fisher Scoring iterations: 6



Robust, Sandwich Standard Errors Account for Clustering:

z test of coefficients:

              Estimate Std. Error  z value  Pr(>|z|)    
(Intercept)  -3.355735   0.254156 -13.2035 < 2.2e-16 ***
qentero16002  0.059898   0.291426   0.2055  0.837155    
qentero16003  0.272947   0.275815   0.9896  0.322369    
qentero16004  0.727110   0.273918   2.6545  0.007943 ** 
---
Signif. codes:  0 ‘***’ 0.001 ‘**’ 0.01 ‘*’ 0.05 ‘.’ 0.1 ‘ ’ 1

> 
> # Non-point source
> npsci <- mpreg(diarrheaci10~qentero1600,dat=ad[ad$pointsource=="No",],vcv=T)

Call:
glm(formula = formula, family = poisson(link = "log"), data = dat)

Deviance Residuals: 
    Min       1Q   Median       3Q      Max  
-0.3480  -0.3336  -0.3336  -0.3251   1.9965  

Coefficients:
             Estimate Std. Error z value Pr(>|z|)    
(Intercept)  -2.94009    0.10153 -28.957   <2e-16 ***
qentero16002  0.05137    0.14216   0.361    0.718    
qentero16003  0.13608    0.17772   0.766    0.444    
qentero16004  0.09809    0.24558   0.399    0.690    
---
Signif. codes:  0 ‘***’ 0.001 ‘**’ 0.01 ‘*’ 0.05 ‘.’ 0.1 ‘ ’ 1

(Dispersion parameter for poisson family taken to be 1)

    Null deviance: 1531.8  on 4768  degrees of freedom
Residual deviance: 1531.2  on 4765  degrees of freedom
AIC: 2069.2

Number of Fisher Scoring iterations: 6



Robust, Sandwich Standard Errors Account for Clustering:

z test of coefficients:

              Estimate Std. Error  z value Pr(>|z|)    
(Intercept)  -2.940089   0.114157 -25.7547   <2e-16 ***
qentero16002  0.051369   0.162358   0.3164   0.7517    
qentero16003  0.136084   0.211282   0.6441   0.5195    
qentero16004  0.098091   0.268354   0.3655   0.7147    
---
Signif. codes:  0 ‘***’ 0.001 ‘**’ 0.01 ‘*’ 0.05 ‘.’ 0.1 ‘ ’ 1

> 
> # function to get Estimates and CIs from a linear combination of regression coefficients
> lccalc <- function(lc,x,vcv) {
+ 	# lc : linear combination of coefficients
+ 	# x : log-linear model object returned from coeftest (class=coeftest)
+ 	# vcv : variance-covariance matrix of coefficients for robust SEs
+ 	est <- exp(t(lc)%*%x[,1])
+ 	se  <- sqrt( t(lc)%*%vcv%*%lc )
+ 	lb <- exp(log(est)-1.96*se)
+ 	ub <- exp(log(est)+1.96*se)
+ 	res <- c(est,lb,ub)
+ 	return(res)
+ }
> getCI <- function(fit,vcv) {
+ 	# fit : an object returned from coeftest w/ 4 parameters corresponding to Q1-Q4 cumulative incidence
+ 	# vcv : variance-covariance matrix for coefficients in the fit object
+ 	lc1 <- lc2 <- lc3 <- lc4 <- rep(0,nrow(fit))
+ 	lc1[c(1)  ] <- 1
+ 	lc2[c(1,2)] <- 1
+ 	lc3[c(1,3)] <- 1
+ 	lc4[c(1,4)] <- 1
+ 	lcs <- list(lc1,lc2,lc3,lc4)
+ 	res <- t(sapply(lcs,lccalc,x=fit,vcv=vcv))
+ 	colnames(res) <- c("CI","CIlb","CIub")
+ 	rownames(res) <- paste("Q",1:4,sep="")
+ 	return(res)
+ }
> 
> 
> 
> ci.all    <- getCI(allci$fit,allci$vcovCL)
> ci.0to4   <- getCI(age0to4ci$fit,age0to4ci$vcovCL)
> ci.5to10  <- getCI(age5to10ci$fit,age5to10ci$vcovCL)
> ci.11plus <- getCI(age11plusci$fit,age11plusci$vcovCL)
> 
> ci.ps  <- getCI(psci$fit,psci$vcovCL)
> ci.nps <- getCI(npsci$fit,npsci$vcovCL)
> 
> # --------------------------------------
> # Test for interaction (effect modification)
> # by environmental conditions at
> # Avalon and Doheny beaches
> # --------------------------------------
> 
> # Avalon
> # Above versus below median groundwater flow
> # See Yau et al. 2014 Wat Res for details
> av.h.noint <-glm(diarrheaci10~ qentero1600+groundwater +agecat+female+racewhite+gichron+anim_any+gicontactbase+rawfood,family=poisson(link="log"),data=ad[ad$beach=="Avalon",])
> av.h <-glm(diarrheaci10~ qentero1600*groundwater +agecat+female+racewhite+gichron+anim_any+gicontactbase+rawfood,family=poisson(link="log"),data=ad[ad$beach=="Avalon",])
> 	lrtest(av.h.noint,av.h)
Likelihood ratio test

Model 1: diarrheaci10 ~ qentero1600 + groundwater + agecat + female + 
    racewhite + gichron + anim_any + gicontactbase + rawfood
Model 2: diarrheaci10 ~ qentero1600 * groundwater + agecat + female + 
    racewhite + gichron + anim_any + gicontactbase + rawfood
  #Df  LogLik Df  Chisq Pr(>Chisq)  
1  22 -171.26                       
2  25 -167.69  3 7.1292    0.06789 .
---
Signif. codes:  0 ‘***’ 0.001 ‘**’ 0.01 ‘*’ 0.05 ‘.’ 0.1 ‘ ’ 1
> 
> # Doheny
> # Sand berm open vs. closed
> # See Colford et al. 2012 Wat Res for details
> dh.h.noint <-glm(diarrheaci10~qentero1600+berm +agecat+female+racewhite+gichron+anim_any+gicontactbase+rawfood,family=poisson(link="log"),data=ad[ad$beach=="Doheny",])
> dh.h <-glm(diarrheaci10~ qentero1600*berm +agecat+female+racewhite+gichron+anim_any+gicontactbase+rawfood,family=poisson(link="log"),data=ad[ad$beach=="Doheny",])
Warning message:
glm.fit: fitted rates numerically 0 occurred 
> 	lrtest(dh.h.noint,dh.h)
Likelihood ratio test

Model 1: diarrheaci10 ~ qentero1600 + berm + agecat + female + racewhite + 
    gichron + anim_any + gicontactbase + rawfood
Model 2: diarrheaci10 ~ qentero1600 * berm + agecat + female + racewhite + 
    gichron + anim_any + gicontactbase + rawfood
  #Df  LogLik Df  Chisq Pr(>Chisq)  
1  21 -254.18                       
2  24 -249.88  3 8.6043    0.03504 *
---
Signif. codes:  0 ‘***’ 0.001 ‘**’ 0.01 ‘*’ 0.05 ‘.’ 0.1 ‘ ’ 1
> 
> # --------------------------------------
> # Beach Specific Stratified Estimates
> # --------------------------------------
> 
> # --------------------------------------
> # Freshwater beaches
> 
> # Huntington
> hufit <- mpreg(diarrheaci10~qentero1600 +agecat+female+racewhite+gichron+anim_any+gicontactbase+rawfood,dat=ad[ad$beach=="Huntington",],vcv=T)

Call:
glm(formula = formula, family = poisson(link = "log"), data = dat)

Deviance Residuals: 
     Min        1Q    Median        3Q       Max  
-0.97445  -0.42956  -0.27622  -0.00008   2.14683  

Coefficients:
                   Estimate Std. Error z value Pr(>|z|)  
(Intercept)         -4.0933     1.6834  -2.432   0.0150 *
qentero16003         0.9038     1.1090   0.815   0.4151  
qentero16004         1.8613     0.9095   2.046   0.0407 *
agecat5-14          -0.6807     0.6487  -1.049   0.2940  
agecat15-24        -18.5026  4193.4932  -0.004   0.9965  
agecat25-34          0.8128     0.9019   0.901   0.3675  
agecat35-44        -19.6648  4394.9776  -0.004   0.9964  
agecat45-54        -20.4504  6798.2651  -0.003   0.9976  
agecat55-64        -19.0315  7707.5501  -0.002   0.9980  
female              -0.6601     0.6542  -1.009   0.3130  
racewhiteYes        -0.6587     0.8499  -0.775   0.4383  
gichronYes           1.9685 16151.3268   0.000   0.9999  
anim_anyYes          2.1458     1.1526   1.862   0.0626 .
gicontactbaseYes     0.5899     1.2396   0.476   0.6342  
rawfood              2.4515     1.3513   1.814   0.0696 .
---
Signif. codes:  0 ‘***’ 0.001 ‘**’ 0.01 ‘*’ 0.05 ‘.’ 0.1 ‘ ’ 1

(Dispersion parameter for poisson family taken to be 1)

    Null deviance: 56.905  on 115  degrees of freedom
Residual deviance: 39.650  on 101  degrees of freedom
AIC: 95.65

Number of Fisher Scoring iterations: 18



Robust, Sandwich Standard Errors Account for Clustering:

z test of coefficients:

                  Estimate Std. Error  z value  Pr(>|z|)    
(Intercept)       -4.09327    1.48864  -2.7497  0.005966 ** 
qentero16003       0.90382    1.19537   0.7561  0.449589    
qentero16004       1.86129    1.05119   1.7706  0.076620 .  
agecat5-14        -0.68074    0.52766  -1.2901  0.197008    
agecat15-24      -18.50260    0.89501 -20.6731 < 2.2e-16 ***
agecat25-34        0.81275    0.69770   1.1649  0.244059    
agecat35-44      -19.66485    1.55163 -12.6737 < 2.2e-16 ***
agecat45-54      -20.45035    1.68571 -12.1316 < 2.2e-16 ***
agecat55-64      -19.03153    1.18062 -16.1199 < 2.2e-16 ***
female            -0.66008    0.62468  -1.0567  0.290663    
racewhiteYes      -0.65869    0.75455  -0.8730  0.382688    
gichronYes         1.96847    2.41908   0.8137  0.415803    
anim_anyYes        2.14576    0.75429   2.8447  0.004445 ** 
gicontactbaseYes   0.58987    1.38610   0.4256  0.670429    
rawfood            2.45151    1.46059   1.6784  0.093261 .  
---
Signif. codes:  0 ‘***’ 0.001 ‘**’ 0.01 ‘*’ 0.05 ‘.’ 0.1 ‘ ’ 1

> 
> # Silver
> sifit <- mpreg(diarrheaci10~qentero1600 +agecat+female+racewhite+gichron+anim_any+gicontactbase+rawfood,dat=ad[ad$beach=="Silver",],vcv=T)

Call:
glm(formula = formula, family = poisson(link = "log"), data = dat)

Deviance Residuals: 
    Min       1Q   Median       3Q      Max  
-0.8553  -0.3806  -0.3134  -0.2745   2.3268  

Coefficients:
                   Estimate Std. Error z value Pr(>|z|)   
(Intercept)        -2.26485    0.85746  -2.641  0.00826 **
qentero16003       -0.23519    0.73973  -0.318  0.75053   
qentero16004       -0.51484    0.73200  -0.703  0.48184   
agecat5-14         -0.83259    0.31928  -2.608  0.00912 **
agecat15-24        -0.65359    0.50250  -1.301  0.19337   
agecat25-34         0.63536    0.51987   1.222  0.22165   
agecat35-44        -0.58193    0.74791  -0.778  0.43652   
agecat45-54         0.13962    0.75463   0.185  0.85321   
agecat55-64        -0.68274    1.04316  -0.654  0.51280   
agecat65-74       -13.60868 1487.19000  -0.009  0.99270   
agecatMissing      -0.32740    0.74538  -0.439  0.66048   
female              0.06283    0.26930   0.233  0.81552   
racewhiteYes        0.05403    0.38766   0.139  0.88916   
racewhiteMissing  -13.06880  919.66136  -0.014  0.98866   
gichronYes          1.17954    1.08588   1.086  0.27736   
anim_anyYes         0.36529    0.39103   0.934  0.35022   
gicontactbaseYes   -0.93810    1.01601  -0.923  0.35584   
rawfood            -0.52305    0.46587  -1.123  0.26155   
---
Signif. codes:  0 ‘***’ 0.001 ‘**’ 0.01 ‘*’ 0.05 ‘.’ 0.1 ‘ ’ 1

(Dispersion parameter for poisson family taken to be 1)

    Null deviance: 315.32  on 905  degrees of freedom
Residual deviance: 297.74  on 888  degrees of freedom
AIC: 447.74

Number of Fisher Scoring iterations: 14



Robust, Sandwich Standard Errors Account for Clustering:

z test of coefficients:

                   Estimate Std. Error  z value Pr(>|z|)    
(Intercept)       -2.264850   0.883293  -2.5641  0.01034 *  
qentero16003      -0.235191   0.735322  -0.3198  0.74908    
qentero16004      -0.514843   0.723170  -0.7119  0.47651    
agecat5-14        -0.832587   0.329405  -2.5275  0.01149 *  
agecat15-24       -0.653586   0.513790  -1.2721  0.20334    
agecat25-34        0.635356   0.476356   1.3338  0.18227    
agecat35-44       -0.581933   0.670003  -0.8686  0.38509    
agecat45-54        0.139622   0.725968   0.1923  0.84749    
agecat55-64       -0.682739   1.068664  -0.6389  0.52291    
agecat65-74      -13.608678   1.128925 -12.0545  < 2e-16 ***
agecatMissing     -0.327403   0.756676  -0.4327  0.66524    
female             0.062829   0.257105   0.2444  0.80694    
racewhiteYes       0.054028   0.388273   0.1391  0.88933    
racewhiteMissing -13.068798   0.698794 -18.7019  < 2e-16 ***
gichronYes         1.179542   1.070082   1.1023  0.27033    
anim_anyYes        0.365292   0.444850   0.8212  0.41156    
gicontactbaseYes  -0.938096   1.025505  -0.9148  0.36031    
rawfood           -0.523048   0.470347  -1.1120  0.26612    
---
Signif. codes:  0 ‘***’ 0.001 ‘**’ 0.01 ‘*’ 0.05 ‘.’ 0.1 ‘ ’ 1

> 
> # Washington Park
> wpfit <- mpreg(diarrheaci10~qentero1600 +agecat+female+racewhite+gichron+anim_any+gicontactbase+rawfood,dat=ad[ad$beach=="Washington Park",],vcv=T)

Call:
glm(formula = formula, family = poisson(link = "log"), data = dat)

Deviance Residuals: 
    Min       1Q   Median       3Q      Max  
-0.9641  -0.4222  -0.3305  -0.2282   2.5765  

Coefficients:
                   Estimate Std. Error z value Pr(>|z|)    
(Intercept)        -2.96832    0.68242  -4.350 1.36e-05 ***
qentero16004        0.74585    0.43347   1.721   0.0853 .  
agecat5-14         -0.33782    0.42384  -0.797   0.4254    
agecat15-24        -1.51822    1.05750  -1.436   0.1511    
agecat25-34         0.62063    0.57349   1.082   0.2792    
agecat35-44        -0.22331    0.67418  -0.331   0.7405    
agecat45-54       -17.04454 2338.33733  -0.007   0.9942    
agecat55-64       -16.81116 3977.54545  -0.004   0.9966    
agecatMissing     -17.01643 1824.95888  -0.009   0.9926    
female              0.05020    0.35934   0.140   0.8889    
racewhiteYes        0.06097    0.43585   0.140   0.8888    
gichronYes          0.08170    1.04293   0.078   0.9376    
anim_anyYes         0.03138    0.46043   0.068   0.9457    
gicontactbaseYes    0.69310    0.48002   1.444   0.1488    
rawfood            -0.64669    0.62975  -1.027   0.3045    
---
Signif. codes:  0 ‘***’ 0.001 ‘**’ 0.01 ‘*’ 0.05 ‘.’ 0.1 ‘ ’ 1

(Dispersion parameter for poisson family taken to be 1)

    Null deviance: 173.89  on 459  degrees of freedom
Residual deviance: 154.74  on 445  degrees of freedom
AIC: 250.74

Number of Fisher Scoring iterations: 17



Robust, Sandwich Standard Errors Account for Clustering:

z test of coefficients:

                   Estimate Std. Error  z value  Pr(>|z|)    
(Intercept)       -2.968322   0.655636  -4.5274 5.972e-06 ***
qentero16004       0.745847   0.529019   1.4099    0.1586    
agecat5-14        -0.337822   0.377679  -0.8945    0.3711    
agecat15-24       -1.518219   1.065878  -1.4244    0.1543    
agecat25-34        0.620630   0.542793   1.1434    0.2529    
agecat35-44       -0.223306   0.833118  -0.2680    0.7887    
agecat45-54      -17.044544   0.509441 -33.4574 < 2.2e-16 ***
agecat55-64      -16.811158   0.717789 -23.4207 < 2.2e-16 ***
agecatMissing    -17.016433   0.521442 -32.6334 < 2.2e-16 ***
female             0.050198   0.318226   0.1577    0.8747    
racewhiteYes       0.060968   0.439851   0.1386    0.8898    
gichronYes         0.081696   1.057360   0.0773    0.9384    
anim_anyYes        0.031382   0.467019   0.0672    0.9464    
gicontactbaseYes   0.693097   0.481017   1.4409    0.1496    
rawfood           -0.646689   0.532757  -1.2139    0.2248    
---
Signif. codes:  0 ‘***’ 0.001 ‘**’ 0.01 ‘*’ 0.05 ‘.’ 0.1 ‘ ’ 1

> 
> # West
> wefit <- mpreg(diarrheaci10~qentero1600 +agecat+female+racewhite+gichron+anim_any+gicontactbase+rawfood,dat=ad[ad$beach=="West",],vcv=T)

Call:
glm(formula = formula, family = poisson(link = "log"), data = dat)

Deviance Residuals: 
     Min        1Q    Median        3Q       Max  
-1.13173  -0.38553  -0.22403  -0.00006   2.09936  

Coefficients:
                   Estimate Std. Error z value Pr(>|z|)  
(Intercept)      -2.088e+01  2.057e+03  -0.010   0.9919  
qentero16002     -5.455e-01  1.449e+00  -0.377   0.7065  
qentero16003      1.050e+00  1.136e+00   0.924   0.3554  
qentero16004      7.104e-01  1.216e+00   0.584   0.5591  
agecat5-14       -6.206e-02  8.812e-01  -0.070   0.9439  
agecat15-24      -1.071e+00  1.078e+00  -0.994   0.3202  
agecat25-34       3.109e-01  1.152e+00   0.270   0.7872  
agecat35-44      -1.817e+01  5.727e+03  -0.003   0.9975  
agecat45-54      -1.815e+01  4.010e+03  -0.005   0.9964  
agecat55-64      -1.777e+01  1.554e+04  -0.001   0.9991  
female           -1.081e-01  6.243e-01  -0.173   0.8626  
racewhiteYes      1.710e+01  2.057e+03   0.008   0.9934  
gichronYes        2.118e+00  1.335e+00   1.587   0.1125  
gichronMissing   -1.888e+01  1.554e+04  -0.001   0.9990  
anim_anyYes       6.406e-01  1.101e+00   0.582   0.5608  
gicontactbaseYes -1.773e+01  8.843e+03  -0.002   0.9984  
rawfood           1.781e+00  7.129e-01   2.498   0.0125 *
---
Signif. codes:  0 ‘***’ 0.001 ‘**’ 0.01 ‘*’ 0.05 ‘.’ 0.1 ‘ ’ 1

(Dispersion parameter for poisson family taken to be 1)

    Null deviance: 67.159  on 196  degrees of freedom
Residual deviance: 45.761  on 180  degrees of freedom
AIC: 103.76

Number of Fisher Scoring iterations: 18



Robust, Sandwich Standard Errors Account for Clustering:

z test of coefficients:

                   Estimate Std. Error  z value  Pr(>|z|)    
(Intercept)      -20.878839   1.410861 -14.7987 < 2.2e-16 ***
qentero16002      -0.545457   1.236714  -0.4411  0.659174    
qentero16003       1.049754   1.025749   1.0234  0.306117    
qentero16004       0.710370   0.912631   0.7784  0.436347    
agecat5-14        -0.062061   0.800783  -0.0775  0.938225    
agecat15-24       -1.071372   1.069754  -1.0015  0.316579    
agecat25-34        0.310919   1.071941   0.2901  0.771777    
agecat35-44      -18.174834   1.267730 -14.3365 < 2.2e-16 ***
agecat45-54      -18.150955   1.191026 -15.2398 < 2.2e-16 ***
agecat55-64      -17.765228   1.402428 -12.6675 < 2.2e-16 ***
female            -0.108055   0.539619  -0.2002  0.841290    
racewhiteYes      17.098612   0.488198  35.0239 < 2.2e-16 ***
gichronYes         2.118383   0.858064   2.4688  0.013557 *  
gichronMissing   -18.881645   1.441270 -13.1007 < 2.2e-16 ***
anim_anyYes        0.640556   1.076576   0.5950  0.551848    
gicontactbaseYes -17.731700   0.792887 -22.3635 < 2.2e-16 ***
rawfood            1.780793   0.571027   3.1186  0.001817 ** 
---
Signif. codes:  0 ‘***’ 0.001 ‘**’ 0.01 ‘*’ 0.05 ‘.’ 0.1 ‘ ’ 1

Warning message:
glm.fit: fitted rates numerically 0 occurred 
> 
> # --------------------------------------
> # Marine beaches
> 
> # Avalon
> avfit <- mpreg(diarrheaci10~qentero1600*groundwater +agecat+female+racewhite+gichron+anim_any+gicontactbase+rawfood,dat=ad[ad$beach=="Avalon",],vcv=T)

Call:
glm(formula = formula, family = poisson(link = "log"), data = dat)

Deviance Residuals: 
    Min       1Q   Median       3Q      Max  
-0.8771  -0.3647  -0.2643  -0.2076   2.5738  

Coefficients:
                                            Estimate Std. Error z value
(Intercept)                                 -2.13193    0.74638  -2.856
qentero16002                                 1.02123    1.20426   0.848
qentero16003                                 0.48307    0.67727   0.713
qentero16004                                 0.22984    0.66619   0.345
groundwaterAbove median flow                -0.64441    0.91765  -0.702
agecat5-14                                  -1.51212    0.40165  -3.765
agecat15-24                                 -1.15341    0.54723  -2.108
agecat25-34                                 -0.88657    0.54070  -1.640
agecat35-44                                 -0.53072    0.48271  -1.099
agecat45-54                                 -1.32916    0.65850  -2.018
agecat55-64                                -17.57812 1464.31973  -0.012
agecat65-74                                -17.72226 2917.34021  -0.006
agecat75+                                  -17.71894 6528.52047  -0.003
agecatMissing                              -18.11457 9426.61686  -0.002
female                                      -0.20346    0.29855  -0.682
racewhiteYes                                 0.01037    0.33320   0.031
racewhiteMissing                             0.97716    1.09143   0.895
gichronYes                                   0.34714    1.04214   0.333
anim_anyYes                                 -0.18909    0.35526  -0.532
gicontactbaseYes                             0.67942    0.49297   1.378
gicontactbaseMissing                         0.13003    1.04995   0.124
rawfood                                      0.11668    0.36611   0.319
qentero16002:groundwaterAbove median flow  -16.60396 1947.08792  -0.009
qentero16003:groundwaterAbove median flow    0.15104    1.06517   0.142
qentero16004:groundwaterAbove median flow    1.34812    0.99760   1.351
                                          Pr(>|z|)    
(Intercept)                               0.004285 ** 
qentero16002                              0.396428    
qentero16003                              0.475687    
qentero16004                              0.730092    
groundwaterAbove median flow              0.482531    
agecat5-14                                0.000167 ***
agecat15-24                               0.035056 *  
agecat25-34                               0.101070    
agecat35-44                               0.271567    
agecat45-54                               0.043543 *  
agecat55-64                               0.990422    
agecat65-74                               0.995153    
agecat75+                                 0.997834    
agecatMissing                             0.998467    
female                                    0.495551    
racewhiteYes                              0.975170    
racewhiteMissing                          0.370628    
gichronYes                                0.739053    
anim_anyYes                               0.594543    
gicontactbaseYes                          0.168136    
gicontactbaseMissing                      0.901442    
rawfood                                   0.749953    
qentero16002:groundwaterAbove median flow 0.993196    
qentero16003:groundwaterAbove median flow 0.887236    
qentero16004:groundwaterAbove median flow 0.176578    
---
Signif. codes:  0 ‘***’ 0.001 ‘**’ 0.01 ‘*’ 0.05 ‘.’ 0.1 ‘ ’ 1

(Dispersion parameter for poisson family taken to be 1)

    Null deviance: 276.02  on 850  degrees of freedom
Residual deviance: 239.38  on 826  degrees of freedom
AIC: 385.38

Number of Fisher Scoring iterations: 17



Robust, Sandwich Standard Errors Account for Clustering:

z test of coefficients:

                                            Estimate Std. Error  z value
(Intercept)                                -2.131933   0.644972  -3.3055
qentero16002                                1.021232   1.156738   0.8829
qentero16003                                0.483069   0.662108   0.7296
qentero16004                                0.229836   0.615328   0.3735
groundwaterAbove median flow               -0.644410   0.894270  -0.7206
agecat5-14                                 -1.512116   0.400909  -3.7717
agecat15-24                                -1.153412   0.537284  -2.1467
agecat25-34                                -0.886574   0.493275  -1.7973
agecat35-44                                -0.530718   0.472978  -1.1221
agecat45-54                                -1.329161   0.648972  -2.0481
agecat55-64                               -17.578117   0.390843 -44.9748
agecat65-74                               -17.722259   0.505750 -35.0415
agecat75+                                 -17.718940   0.848708 -20.8775
agecatMissing                             -18.114568   1.083678 -16.7158
female                                     -0.203463   0.280664  -0.7249
racewhiteYes                                0.010371   0.322576   0.0321
racewhiteMissing                            0.977158   0.889892   1.0981
gichronYes                                  0.347144   0.804667   0.4314
anim_anyYes                                -0.189092   0.386140  -0.4897
gicontactbaseYes                            0.679421   0.463820   1.4648
gicontactbaseMissing                        0.130027   1.204095   0.1080
rawfood                                     0.116680   0.343471   0.3397
qentero16002:groundwaterAbove median flow -16.603960   1.419251 -11.6991
qentero16003:groundwaterAbove median flow   0.151044   1.021836   0.1478
qentero16004:groundwaterAbove median flow   1.348120   0.970742   1.3888
                                           Pr(>|z|)    
(Intercept)                               0.0009482 ***
qentero16002                              0.3773146    
qentero16003                              0.4656399    
qentero16004                              0.7087632    
groundwaterAbove median flow              0.4711561    
agecat5-14                                0.0001621 ***
agecat15-24                               0.0318137 *  
agecat25-34                               0.0722845 .  
agecat35-44                               0.2618296    
agecat45-54                               0.0405501 *  
agecat55-64                               < 2.2e-16 ***
agecat65-74                               < 2.2e-16 ***
agecat75+                                 < 2.2e-16 ***
agecatMissing                             < 2.2e-16 ***
female                                    0.4684908    
racewhiteYes                              0.9743532    
racewhiteMissing                          0.2721771    
gichronYes                                0.6661677    
anim_anyYes                               0.6243474    
gicontactbaseYes                          0.1429653    
gicontactbaseMissing                      0.9140061    
rawfood                                   0.7340759    
qentero16002:groundwaterAbove median flow < 2.2e-16 ***
qentero16003:groundwaterAbove median flow 0.8824881    
qentero16004:groundwaterAbove median flow 0.1649078    
---
Signif. codes:  0 ‘***’ 0.001 ‘**’ 0.01 ‘*’ 0.05 ‘.’ 0.1 ‘ ’ 1

> 
> # Boqueron
> bofit <- mpreg(diarrheaci10~qentero1600 +agecat+female+racewhite+gichron+anim_any+gicontactbase+rawfood,dat=ad[ad$beach=="Boqueron",],vcv=T)

Call:
glm(formula = formula, family = poisson(link = "log"), data = dat)

Deviance Residuals: 
    Min       1Q   Median       3Q      Max  
-1.1104  -0.2817  -0.2160  -0.1879   2.5860  

Coefficients:
                       Estimate Std. Error z value Pr(>|z|)    
(Intercept)            -2.64936    0.46812  -5.660 1.52e-08 ***
qentero16002           -0.03660    0.43495  -0.084 0.932946    
qentero16003           -0.16664    0.45027  -0.370 0.711319    
qentero16004            0.09698    0.58297   0.166 0.867879    
agecat5-14             -1.27462    0.30234  -4.216 2.49e-05 ***
agecat15-24            -1.06916    0.34577  -3.092 0.001988 ** 
agecat25-34            -1.49561    0.45187  -3.310 0.000934 ***
agecat35-44            -0.61333    0.33775  -1.816 0.069383 .  
agecat45-54            -0.40480    0.37388  -1.083 0.278933    
agecat55-64           -15.76724  583.38692  -0.027 0.978438    
agecat65-74           -15.63487 1342.65884  -0.012 0.990709    
agecat75+             -15.57269 4039.86569  -0.004 0.996924    
agecatMissing          -0.88406    1.02403  -0.863 0.387963    
female                 -0.14889    0.21444  -0.694 0.487478    
racewhiteYes          -14.66268 1916.52653  -0.008 0.993896    
racewhiteMissing        1.60401    1.24247   1.291 0.196709    
gichronYes              0.39798    0.47127   0.844 0.398396    
anim_anyYes             0.20268    0.22049   0.919 0.357973    
gicontactbaseYes        1.27960    0.29393   4.353 1.34e-05 ***
gicontactbaseMissing  -14.87325 5717.53215  -0.003 0.997924    
rawfood                 0.13131    0.30805   0.426 0.669905    
---
Signif. codes:  0 ‘***’ 0.001 ‘**’ 0.01 ‘*’ 0.05 ‘.’ 0.1 ‘ ’ 1

(Dispersion parameter for poisson family taken to be 1)

    Null deviance: 608.31  on 2573  degrees of freedom
Residual deviance: 548.34  on 2553  degrees of freedom
AIC: 772.34

Number of Fisher Scoring iterations: 16



Robust, Sandwich Standard Errors Account for Clustering:

z test of coefficients:

                       Estimate Std. Error  z value  Pr(>|z|)    
(Intercept)           -2.649365   0.432149  -6.1307 8.751e-10 ***
qentero16002          -0.036596   0.423057  -0.0865 0.9310660    
qentero16003          -0.166638   0.428260  -0.3891 0.6971993    
qentero16004           0.096979   0.545721   0.1777 0.8589518    
agecat5-14            -1.274617   0.303401  -4.2011 2.656e-05 ***
agecat15-24           -1.069157   0.345329  -3.0961 0.0019611 ** 
agecat25-34           -1.495608   0.449190  -3.3296 0.0008698 ***
agecat35-44           -0.613331   0.332721  -1.8434 0.0652737 .  
agecat45-54           -0.404803   0.374097  -1.0821 0.2792165    
agecat55-64          -15.767240   0.242965 -64.8952 < 2.2e-16 ***
agecat65-74          -15.634867   0.323839 -48.2797 < 2.2e-16 ***
agecat75+            -15.572691   0.762025 -20.4359 < 2.2e-16 ***
agecatMissing         -0.884061   1.075817  -0.8218 0.4112148    
female                -0.148894   0.215241  -0.6918 0.4890936    
racewhiteYes         -14.662675   0.682175 -21.4940 < 2.2e-16 ***
racewhiteMissing       1.604011   1.100278   1.4578 0.1448893    
gichronYes             0.397980   0.468411   0.8496 0.3955263    
anim_anyYes            0.202678   0.233059   0.8696 0.3844971    
gicontactbaseYes       1.279602   0.299526   4.2721 1.936e-05 ***
gicontactbaseMissing -14.873252   1.060803 -14.0207 < 2.2e-16 ***
rawfood                0.131315   0.311835   0.4211 0.6736788    
---
Signif. codes:  0 ‘***’ 0.001 ‘**’ 0.01 ‘*’ 0.05 ‘.’ 0.1 ‘ ’ 1

> 
> # Doheny
> dhfit <- mpreg(diarrheaci10~qentero1600*berm +agecat+female+racewhite+gichron+anim_any+gicontactbase+rawfood,dat=ad[ad$beach=="Doheny",],vcv=T)

Call:
glm(formula = formula, family = poisson(link = "log"), data = dat)

Deviance Residuals: 
    Min       1Q   Median       3Q      Max  
-0.8123  -0.3853  -0.3165  -0.2734   2.3336  

Coefficients:
                        Estimate Std. Error z value Pr(>|z|)    
(Intercept)           -2.544e+00  3.973e-01  -6.405 1.51e-10 ***
qentero16002           2.928e-01  3.009e-01   0.973   0.3306    
qentero16003           7.301e-01  3.945e-01   1.851   0.0642 .  
qentero16004          -4.194e-01  1.023e+00  -0.410   0.6818    
bermOpen              -1.620e+01  1.043e+03  -0.016   0.9876    
agecat5-14            -6.359e-01  3.485e-01  -1.825   0.0681 .  
agecat15-24           -4.117e-01  4.629e-01  -0.889   0.3738    
agecat25-34           -4.470e-01  5.205e-01  -0.859   0.3904    
agecat35-44           -3.591e-02  4.406e-01  -0.082   0.9350    
agecat45-54           -2.846e-01  5.533e-01  -0.514   0.6070    
agecat55-64           -1.676e+01  1.928e+03  -0.009   0.9931    
agecat65-74           -1.699e+01  9.427e+03  -0.002   0.9986    
agecatMissing         -1.673e+01  4.026e+03  -0.004   0.9967    
female                 4.187e-02  2.489e-01   0.168   0.8664    
racewhiteYes          -1.066e-01  2.653e-01  -0.402   0.6878    
racewhiteMissing      -1.639e+01  2.204e+03  -0.007   0.9941    
gichronYes             9.317e-01  7.455e-01   1.250   0.2114    
anim_anyYes            8.785e-03  2.884e-01   0.030   0.9757    
gicontactbaseYes      -1.455e+00  1.015e+00  -1.434   0.1515    
gicontactbaseMissing   1.243e+00  6.234e-01   1.995   0.0461 *  
rawfood                1.216e-01  3.186e-01   0.382   0.7027    
qentero16002:bermOpen  1.655e+01  1.043e+03   0.016   0.9873    
qentero16003:bermOpen  1.620e+01  1.043e+03   0.016   0.9876    
qentero16004:bermOpen  1.738e+01  1.043e+03   0.017   0.9867    
---
Signif. codes:  0 ‘***’ 0.001 ‘**’ 0.01 ‘*’ 0.05 ‘.’ 0.1 ‘ ’ 1

(Dispersion parameter for poisson family taken to be 1)

    Null deviance: 393.80  on 1165  degrees of freedom
Residual deviance: 359.75  on 1142  degrees of freedom
AIC: 547.75

Number of Fisher Scoring iterations: 17



Robust, Sandwich Standard Errors Account for Clustering:

z test of coefficients:

                         Estimate  Std. Error  z value  Pr(>|z|)    
(Intercept)            -2.5443508   0.3758996  -6.7687 1.299e-11 ***
qentero16002            0.2927872   0.3208262   0.9126   0.36145    
qentero16003            0.7300703   0.4437200   1.6453   0.09990 .  
qentero16004           -0.4193769   1.0126021  -0.4142   0.67876    
bermOpen              -16.1958033   0.2757017 -58.7439 < 2.2e-16 ***
agecat5-14             -0.6358909   0.3164868  -2.0092   0.04451 *  
agecat15-24            -0.4116497   0.4451058  -0.9248   0.35505    
agecat25-34            -0.4470226   0.5349651  -0.8356   0.40337    
agecat35-44            -0.0359143   0.4329745  -0.0829   0.93389    
agecat45-54            -0.2846231   0.5051569  -0.5634   0.57314    
agecat55-64           -16.7574447   0.4315339 -38.8323 < 2.2e-16 ***
agecat65-74           -16.9862718   1.0959148 -15.4996 < 2.2e-16 ***
agecatMissing         -16.7332721   0.7712289 -21.6969 < 2.2e-16 ***
female                  0.0418734   0.2594657   0.1614   0.87179    
racewhiteYes           -0.1066230   0.2674110  -0.3987   0.69010    
racewhiteMissing      -16.3936577   0.4333991 -37.8258 < 2.2e-16 ***
gichronYes              0.9317309   0.6504942   1.4323   0.15205    
anim_anyYes             0.0087848   0.3196966   0.0275   0.97808    
gicontactbaseYes       -1.4553858   1.0131716  -1.4365   0.15087    
gicontactbaseMissing    1.2433688   0.6617024   1.8790   0.06024 .  
rawfood                 0.1215650   0.3496146   0.3477   0.72806    
qentero16002:bermOpen  16.5514550   0.7126585  23.2249 < 2.2e-16 ***
qentero16003:bermOpen  16.1958986   0.6580031  24.6137 < 2.2e-16 ***
qentero16004:bermOpen  17.3795489   1.1998055  14.4853 < 2.2e-16 ***
---
Signif. codes:  0 ‘***’ 0.001 ‘**’ 0.01 ‘*’ 0.05 ‘.’ 0.1 ‘ ’ 1

Warning message:
glm.fit: fitted rates numerically 0 occurred 
> 
> # Edgewater
> edfit <- mpreg(diarrheaci10~qentero1600 +agecat+female+racewhite+gichron+anim_any+gicontactbase+rawfood,dat=ad[ad$beach=="Edgewater",],vcv=T)

Call:
glm(formula = formula, family = poisson(link = "log"), data = dat)

Deviance Residuals: 
     Min        1Q    Median        3Q       Max  
-0.91391  -0.30214  -0.00015  -0.00003   2.30441  

Coefficients:
                   Estimate Std. Error z value Pr(>|z|)  
(Intercept)      -2.838e+00  1.418e+00  -2.002   0.0453 *
qentero16002     -1.959e+01  3.393e+03  -0.006   0.9954  
qentero16003     -4.944e-01  1.216e+00  -0.406   0.6844  
qentero16004     -8.113e-02  1.562e+00  -0.052   0.9586  
agecat5-14       -7.926e-01  9.801e-01  -0.809   0.4187  
agecat15-24      -1.904e+01  4.620e+03  -0.004   0.9967  
agecat25-34      -2.485e-01  1.211e+00  -0.205   0.8373  
agecat35-44      -1.835e+01  7.243e+03  -0.003   0.9980  
agecat45-54      -1.939e+01  1.794e+04  -0.001   0.9991  
agecat55-64      -1.797e+01  2.562e+04  -0.001   0.9994  
agecat75+         4.533e-01  2.585e+04   0.000   1.0000  
agecatMissing     1.680e+00  1.344e+00   1.250   0.2114  
female            9.967e-01  8.042e-01   1.239   0.2152  
racewhiteYes     -7.903e-01  1.119e+00  -0.706   0.4801  
gichronYes        1.793e+01  2.626e+04   0.001   0.9995  
gichronMissing    1.834e+01  2.686e+04   0.001   0.9995  
anim_anyYes       1.463e+00  1.067e+00   1.370   0.1705  
gicontactbaseYes -1.764e+01  7.319e+03  -0.002   0.9981  
rawfood           5.724e-01  1.220e+00   0.469   0.6390  
---
Signif. codes:  0 ‘***’ 0.001 ‘**’ 0.01 ‘*’ 0.05 ‘.’ 0.1 ‘ ’ 1

(Dispersion parameter for poisson family taken to be 1)

    Null deviance: 43.545  on 156  degrees of freedom
Residual deviance: 29.071  on 138  degrees of freedom
AIC: 81.071

Number of Fisher Scoring iterations: 19



Robust, Sandwich Standard Errors Account for Clustering:

z test of coefficients:

                   Estimate Std. Error  z value  Pr(>|z|)    
(Intercept)       -2.838352   1.919839  -1.4784    0.1393    
qentero16002     -19.590218   1.416838 -13.8267 < 2.2e-16 ***
qentero16003      -0.494431   1.038258  -0.4762    0.6339    
qentero16004      -0.081127   1.232085  -0.0658    0.9475    
agecat5-14        -0.792624   1.195712  -0.6629    0.5074    
agecat15-24      -19.043933   0.764151 -24.9217 < 2.2e-16 ***
agecat25-34       -0.248552   1.099622  -0.2260    0.8212    
agecat35-44      -18.352385   0.816788 -22.4690 < 2.2e-16 ***
agecat45-54      -19.385246   1.251109 -15.4945 < 2.2e-16 ***
agecat55-64      -17.969802   1.667894 -10.7739 < 2.2e-16 ***
agecat75+          0.453343   2.407125   0.1883    0.8506    
agecatMissing      1.680076   1.156956   1.4522    0.1465    
female             0.996687   0.763825   1.3049    0.1919    
racewhiteYes      -0.790251   1.525126  -0.5182    0.6044    
gichronYes        17.928198   1.767855  10.1412 < 2.2e-16 ***
gichronMissing    18.343243   2.366661   7.7507  9.14e-15 ***
anim_anyYes        1.462893   1.560936   0.9372    0.3487    
gicontactbaseYes -17.641348   1.020067 -17.2943 < 2.2e-16 ***
rawfood            0.572391   0.919441   0.6225    0.5336    
---
Signif. codes:  0 ‘***’ 0.001 ‘**’ 0.01 ‘*’ 0.05 ‘.’ 0.1 ‘ ’ 1

Warning message:
glm.fit: fitted rates numerically 0 occurred 
> 
> # Fairhope
> fafit <- mpreg(diarrheaci10~qentero1600 +agecat+female+racewhite+gichron+anim_any+gicontactbase+rawfood,dat=ad[ad$beach=="Fairhope",],vcv=T)

Call:
glm(formula = formula, family = poisson(link = "log"), data = dat)

Deviance Residuals: 
    Min       1Q   Median       3Q      Max  
-0.7934  -0.4177  -0.2889  -0.1956   2.4630  

Coefficients:
                  Estimate Std. Error z value Pr(>|z|)  
(Intercept)        -2.1149     1.1865  -1.783   0.0747 .
qentero16003       -0.1515     1.1238  -0.135   0.8928  
qentero16004        0.6871     1.1010   0.624   0.5326  
agecat5-14          0.1147     0.5224   0.220   0.8262  
agecat15-24        -0.8254     1.0979  -0.752   0.4522  
agecat25-34         0.4447     1.0975   0.405   0.6853  
agecat35-44         0.2188     1.0971   0.199   0.8419  
agecat45-54       -15.1864  2211.1163  -0.007   0.9945  
agecat55-64       -15.0868  5717.5322  -0.003   0.9979  
agecat75+         -14.1727  5717.5322  -0.002   0.9980  
female             -0.1729     0.4637  -0.373   0.7093  
racewhiteYes       -0.7412     0.6510  -1.138   0.2549  
gichronYes          2.2852     1.1304   2.022   0.0432 *
anim_anyYes        -0.9493     0.6060  -1.567   0.1172  
gicontactbaseYes    1.5668     0.8815   1.777   0.0755 .
rawfood             0.2319     0.6654   0.348   0.7275  
---
Signif. codes:  0 ‘***’ 0.001 ‘**’ 0.01 ‘*’ 0.05 ‘.’ 0.1 ‘ ’ 1

(Dispersion parameter for poisson family taken to be 1)

    Null deviance: 104.842  on 274  degrees of freedom
Residual deviance:  88.089  on 259  degrees of freedom
AIC: 160.09

Number of Fisher Scoring iterations: 16



Robust, Sandwich Standard Errors Account for Clustering:

z test of coefficients:

                  Estimate Std. Error  z value Pr(>|z|)    
(Intercept)       -2.11495    1.10395  -1.9158  0.05539 .  
qentero16003      -0.15151    1.14499  -0.1323  0.89473    
qentero16004       0.68708    1.12364   0.6115  0.54088    
agecat5-14         0.11467    0.47938   0.2392  0.81095    
agecat15-24       -0.82540    1.05538  -0.7821  0.43416    
agecat25-34        0.44470    1.10391   0.4028  0.68706    
agecat35-44        0.21880    0.86396   0.2533  0.80007    
agecat45-54      -15.18637    0.80494 -18.8665  < 2e-16 ***
agecat55-64      -15.08682    1.37703 -10.9561  < 2e-16 ***
agecat75+        -14.17274    1.33413 -10.6232  < 2e-16 ***
female            -0.17288    0.47302  -0.3655  0.71475    
racewhiteYes      -0.74120    0.65204  -1.1367  0.25564    
gichronYes         2.28521    0.89102   2.5647  0.01033 *  
anim_anyYes       -0.94931    0.65182  -1.4564  0.14528    
gicontactbaseYes   1.56685    1.01610   1.5420  0.12307    
rawfood            0.23191    0.72999   0.3177  0.75072    
---
Signif. codes:  0 ‘***’ 0.001 ‘**’ 0.01 ‘*’ 0.05 ‘.’ 0.1 ‘ ’ 1

> 
> # Goddard
> gdfit <- mpreg(diarrheaci10~qentero1600 +agecat+female+racewhite+gichron+anim_any+gicontactbase+rawfood,dat=ad[ad$beach=="Goddard",],vcv=T)

Call:
glm(formula = formula, family = poisson(link = "log"), data = dat)

Deviance Residuals: 
     Min        1Q    Median        3Q       Max  
-0.78125  -0.20900  -0.13076  -0.00002   2.20396  

Coefficients:
                   Estimate Std. Error z value Pr(>|z|)
(Intercept)      -1.829e+00  1.291e+00  -1.416    0.157
qentero16002     -9.380e-01  9.641e-01  -0.973    0.331
qentero16003     -1.935e+01  4.804e+03  -0.004    0.997
qentero16004     -3.531e-01  4.745e+07   0.000    1.000
agecat5-14       -6.283e-01  1.246e+00  -0.504    0.614
agecat15-24      -1.854e+01  1.006e+04  -0.002    0.999
agecat25-34      -1.913e+01  9.751e+03  -0.002    0.998
agecat35-44       1.370e+00  1.267e+00   1.081    0.280
agecat45-54      -1.892e+01  1.281e+04  -0.001    0.999
agecat55-64       2.947e+00  1.817e+00   1.622    0.105
agecat65-74      -1.852e+01  2.958e+04  -0.001    1.000
agecat75+        -1.906e+01  4.225e+04   0.000    1.000
agecatMissing    -1.934e+01  4.745e+07   0.000    1.000
female           -4.711e-01  9.188e-01  -0.513    0.608
racewhiteYes     -8.645e-01  1.388e+00  -0.623    0.533
gichronYes        1.630e+00  4.745e+07   0.000    1.000
anim_anyYes      -5.022e-01  1.113e+00  -0.451    0.652
gicontactbaseYes -1.736e+01  9.956e+03  -0.002    0.999
rawfood           8.084e-02  1.219e+00   0.066    0.947

(Dispersion parameter for poisson family taken to be 1)

    Null deviance: 42.834  on 212  degrees of freedom
Residual deviance: 27.782  on 194  degrees of freedom
AIC: 77.782

Number of Fisher Scoring iterations: 20



Robust, Sandwich Standard Errors Account for Clustering:

z test of coefficients:

                   Estimate Std. Error  z value  Pr(>|z|)    
(Intercept)       -1.828903   0.940188  -1.9453   0.05174 .  
qentero16002      -0.937985   0.857379  -1.0940   0.27395    
qentero16003     -19.354643   0.755160 -25.6298 < 2.2e-16 ***
qentero16004      -0.353103   2.657583  -0.1329   0.89430    
agecat5-14        -0.628309   1.214908  -0.5172   0.60504    
agecat15-24      -18.539796   1.102908 -16.8099 < 2.2e-16 ***
agecat25-34      -19.129403   1.103836 -17.3299 < 2.2e-16 ***
agecat35-44        1.369603   1.196937   1.1443   0.25252    
agecat45-54      -18.922922   1.185302 -15.9646 < 2.2e-16 ***
agecat55-64        2.946795   1.623312   1.8153   0.06948 .  
agecat65-74      -18.524323   2.719359  -6.8120 9.624e-12 ***
agecat75+        -19.064648   1.841435 -10.3531 < 2.2e-16 ***
agecatMissing    -19.336903   1.417125 -13.6452 < 2.2e-16 ***
female            -0.471049   0.785756  -0.5995   0.54885    
racewhiteYes      -0.864520   1.376917  -0.6279   0.53009    
gichronYes         1.630046   1.753141   0.9298   0.35248    
anim_anyYes       -0.502249   1.050869  -0.4779   0.63270    
gicontactbaseYes -17.358218   1.559476 -11.1308 < 2.2e-16 ***
rawfood            0.080843   1.189274   0.0680   0.94580    
---
Signif. codes:  0 ‘***’ 0.001 ‘**’ 0.01 ‘*’ 0.05 ‘.’ 0.1 ‘ ’ 1

Warning message:
glm.fit: fitted rates numerically 0 occurred 
> 
> # Malibu
> mafit <- mpreg(diarrheaci10~qentero1600 +agecat+female+racewhite+gichron+anim_any+gicontactbase+rawfood,dat=ad[ad$beach=="Malibu",],vcv=T)

Call:
glm(formula = formula, family = poisson(link = "log"), data = dat)

Deviance Residuals: 
    Min       1Q   Median       3Q      Max  
-1.0541  -0.3639  -0.2939  -0.2174   2.3970  

Coefficients:
                   Estimate Std. Error z value Pr(>|z|)    
(Intercept)        -2.34034    0.51264  -4.565 4.99e-06 ***
qentero16002       -0.18589    0.40687  -0.457  0.64776    
qentero16003        0.87848    0.78174   1.124  0.26112    
qentero16004        0.46081    1.06260   0.434  0.66453    
agecat5-14         -0.42986    0.48472  -0.887  0.37518    
agecat15-24        -1.57753    0.82794  -1.905  0.05673 .  
agecat25-34        -0.94541    0.72687  -1.301  0.19337    
agecat35-44        -0.60888    0.66130  -0.921  0.35720    
agecat45-54        -1.03326    1.08341  -0.954  0.34023    
agecat55-64       -16.73112 2099.66728  -0.008  0.99364    
agecat65-74       -16.58640 9426.61688  -0.002  0.99860    
agecat75+         -16.83970 9426.61687  -0.002  0.99857    
female              0.36501    0.37411   0.976  0.32922    
racewhiteYes       -0.18597    0.39078  -0.476  0.63415    
racewhiteMissing   -0.89544    1.04780  -0.855  0.39278    
gichronYes          2.00334    0.66311   3.021  0.00252 ** 
anim_anyYes         0.06343    0.46725   0.136  0.89202    
gicontactbaseYes  -16.21686 1740.23793  -0.009  0.99256    
rawfood            -0.18987    0.56426  -0.336  0.73650    
---
Signif. codes:  0 ‘***’ 0.001 ‘**’ 0.01 ‘*’ 0.05 ‘.’ 0.1 ‘ ’ 1

(Dispersion parameter for poisson family taken to be 1)

    Null deviance: 174.63  on 550  degrees of freedom
Residual deviance: 156.07  on 532  degrees of freedom
AIC: 254.07

Number of Fisher Scoring iterations: 17



Robust, Sandwich Standard Errors Account for Clustering:

z test of coefficients:

                  Estimate Std. Error  z value  Pr(>|z|)    
(Intercept)       -2.34034    0.47133  -4.9654 6.856e-07 ***
qentero16002      -0.18589    0.43118  -0.4311  0.666385    
qentero16003       0.87848    0.79466   1.1055  0.268950    
qentero16004       0.46081    0.91967   0.5011  0.616327    
agecat5-14        -0.42986    0.49585  -0.8669  0.385987    
agecat15-24       -1.57753    0.78312  -2.0144  0.043966 *  
agecat25-34       -0.94541    0.75787  -1.2475  0.212229    
agecat35-44       -0.60888    0.62831  -0.9691  0.332510    
agecat45-54       -1.03326    1.06778  -0.9677  0.333207    
agecat55-64      -16.73112    0.72585 -23.0503 < 2.2e-16 ***
agecat65-74      -16.58640    1.29741 -12.7842 < 2.2e-16 ***
agecat75+        -16.83970    1.27863 -13.1701 < 2.2e-16 ***
female             0.36501    0.37331   0.9778  0.328191    
racewhiteYes      -0.18597    0.36273  -0.5127  0.608173    
racewhiteMissing  -0.89544    1.08034  -0.8289  0.407189    
gichronYes         2.00334    0.62374   3.2118  0.001319 ** 
anim_anyYes        0.06343    0.49543   0.1280  0.898124    
gicontactbaseYes -16.21686    0.56388 -28.7596 < 2.2e-16 ***
rawfood           -0.18987    0.58979  -0.3219  0.747503    
---
Signif. codes:  0 ‘***’ 0.001 ‘**’ 0.01 ‘*’ 0.05 ‘.’ 0.1 ‘ ’ 1

Warning message:
glm.fit: fitted rates numerically 0 occurred 
> 
> # Mission Bay
> mbfit <- mpreg(diarrheaci10~qentero1600 +agecat+female+racewhite+gichron+anim_any+gicontactbase+rawfood,dat=ad[ad$beach=="Mission Bay",],vcv=T)

Call:
glm(formula = formula, family = poisson(link = "log"), data = dat)

Deviance Residuals: 
    Min       1Q   Median       3Q      Max  
-0.7919  -0.3617  -0.2972  -0.2300   2.3495  

Coefficients:
                      Estimate Std. Error z value Pr(>|z|)    
(Intercept)            -2.7770     0.4714  -5.891 3.83e-09 ***
qentero16002           -0.1167     0.4035  -0.289   0.7725    
qentero16003           -0.3206     0.3944  -0.813   0.4164    
qentero16004           -0.1543     0.4331  -0.356   0.7217    
agecat5-14             -0.1896     0.3876  -0.489   0.6248    
agecat15-24            -0.6087     0.6158  -0.988   0.3230    
agecat25-34             0.2677     0.4986   0.537   0.5914    
agecat35-44            -0.2557     0.6210  -0.412   0.6805    
agecat45-54             0.4180     0.6818   0.613   0.5398    
agecat55-64           -14.8712  2357.0224  -0.006   0.9950    
agecat65-74           -15.2697  5717.5322  -0.003   0.9979    
agecat75+             -14.8221  5717.5322  -0.003   0.9979    
agecatMissing         -15.5523  1168.1255  -0.013   0.9894    
female                  0.1028     0.2691   0.382   0.7025    
racewhiteYes            0.7018     0.3172   2.212   0.0269 *  
racewhiteMissing      -15.1509  2525.5464  -0.006   0.9952    
gichronYes            -15.0530  1561.1129  -0.010   0.9923    
anim_anyYes             0.6139     0.2989   2.054   0.0400 *  
gicontactbaseYes        0.4190     0.7453   0.562   0.5740    
gicontactbaseMissing    0.8459     0.5369   1.576   0.1151    
rawfood                -0.5493     0.3099  -1.772   0.0764 .  
---
Signif. codes:  0 ‘***’ 0.001 ‘**’ 0.01 ‘*’ 0.05 ‘.’ 0.1 ‘ ’ 1

(Dispersion parameter for poisson family taken to be 1)

    Null deviance: 325.20  on 987  degrees of freedom
Residual deviance: 297.49  on 967  degrees of freedom
AIC: 453.49

Number of Fisher Scoring iterations: 16



Robust, Sandwich Standard Errors Account for Clustering:

z test of coefficients:

                      Estimate Std. Error  z value  Pr(>|z|)    
(Intercept)           -2.77698    0.41172  -6.7448 1.532e-11 ***
qentero16002          -0.11665    0.44226  -0.2638   0.79196    
qentero16003          -0.32056    0.50344  -0.6367   0.52429    
qentero16004          -0.15427    0.44168  -0.3493   0.72688    
agecat5-14            -0.18959    0.41180  -0.4604   0.64524    
agecat15-24           -0.60865    0.75442  -0.8068   0.41979    
agecat25-34            0.26767    0.48623   0.5505   0.58197    
agecat35-44           -0.25573    0.57717  -0.4431   0.65772    
agecat45-54            0.41805    0.65358   0.6396   0.52241    
agecat55-64          -14.87121    0.68859 -21.5966 < 2.2e-16 ***
agecat65-74          -15.26972    1.19019 -12.8296 < 2.2e-16 ***
agecat75+            -14.82207    1.13534 -13.0552 < 2.2e-16 ***
agecatMissing        -15.55230    0.44650 -34.8318 < 2.2e-16 ***
female                 0.10280    0.23306   0.4411   0.65915    
racewhiteYes           0.70176    0.38308   1.8319   0.06697 .  
racewhiteMissing     -15.15087    0.83849 -18.0692 < 2.2e-16 ***
gichronYes           -15.05300    0.44329 -33.9575 < 2.2e-16 ***
anim_anyYes            0.61394    0.39147   1.5683   0.11681    
gicontactbaseYes       0.41895    0.45890   0.9130   0.36126    
gicontactbaseMissing   0.84591    0.51463   1.6437   0.10023    
rawfood               -0.54927    0.32514  -1.6893   0.09116 .  
---
Signif. codes:  0 ‘***’ 0.001 ‘**’ 0.01 ‘*’ 0.05 ‘.’ 0.1 ‘ ’ 1

> 
> # Surfside
> sufit <- mpreg(diarrheaci10~qentero1600 +agecat+female+racewhite+gichron+anim_any+gicontactbase+rawfood,dat=ad[ad$beach=="Surfside",],vcv=T)

Call:
glm(formula = formula, family = poisson(link = "log"), data = dat)

Deviance Residuals: 
    Min       1Q   Median       3Q      Max  
-0.6767  -0.3501  -0.2998  -0.2610   2.2992  

Coefficients:
                  Estimate Std. Error z value Pr(>|z|)    
(Intercept)       -2.47604    0.45462  -5.446 5.14e-08 ***
qentero16002      -0.15390    0.21260  -0.724   0.4691    
qentero16003      -0.01476    0.30724  -0.048   0.9617    
qentero16004       0.05802    0.72900   0.080   0.9366    
agecat5-14        -0.54732    0.32820  -1.668   0.0954 .  
agecat15-24       -0.31080    0.37123  -0.837   0.4025    
agecat25-34        0.16346    0.36885   0.443   0.6577    
agecat35-44        0.06732    0.36617   0.184   0.8541    
agecat45-54       -0.17269    0.40875  -0.422   0.6727    
agecat55-64        0.43488    0.46353   0.938   0.3481    
agecat65-74      -13.61087  551.20451  -0.025   0.9803    
agecat75+          0.80459    1.03691   0.776   0.4378    
agecatMissing      0.81486    0.76174   1.070   0.2847    
female            -0.11339    0.19463  -0.583   0.5602    
racewhiteYes      -0.11451    0.37541  -0.305   0.7603    
racewhiteMissing -14.62664  940.65270  -0.016   0.9876    
gichronYes         1.07817    0.47250   2.282   0.0225 *  
anim_anyYes       -0.21113    0.23503  -0.898   0.3690    
gicontactbaseYes   0.18265    0.42488   0.430   0.6673    
rawfood            0.19925    0.23251   0.857   0.3915    
---
Signif. codes:  0 ‘***’ 0.001 ‘**’ 0.01 ‘*’ 0.05 ‘.’ 0.1 ‘ ’ 1

(Dispersion parameter for poisson family taken to be 1)

    Null deviance: 637.26  on 2063  degrees of freedom
Residual deviance: 616.19  on 2044  degrees of freedom
AIC: 872.19

Number of Fisher Scoring iterations: 14



Robust, Sandwich Standard Errors Account for Clustering:

z test of coefficients:

                   Estimate Std. Error  z value  Pr(>|z|)    
(Intercept)       -2.476039   0.518634  -4.7742 1.805e-06 ***
qentero16002      -0.153901   0.251164  -0.6128   0.54004    
qentero16003      -0.014763   0.327885  -0.0450   0.96409    
qentero16004       0.058018   0.589731   0.0984   0.92163    
agecat5-14        -0.547321   0.372714  -1.4685   0.14198    
agecat15-24       -0.310805   0.377234  -0.8239   0.40999    
agecat25-34        0.163456   0.323163   0.5058   0.61300    
agecat35-44        0.067317   0.368398   0.1827   0.85501    
agecat45-54       -0.172693   0.398838  -0.4330   0.66502    
agecat55-64        0.434881   0.470177   0.9249   0.35500    
agecat65-74      -13.610870   0.410754 -33.1363 < 2.2e-16 ***
agecat75+          0.804592   0.954659   0.8428   0.39934    
agecatMissing      0.814861   0.769018   1.0596   0.28932    
female            -0.113385   0.179288  -0.6324   0.52711    
racewhiteYes      -0.114513   0.491545  -0.2330   0.81579    
racewhiteMissing -14.626644   1.375567 -10.6332 < 2.2e-16 ***
gichronYes         1.078168   0.429541   2.5100   0.01207 *  
anim_anyYes       -0.211133   0.281039  -0.7513   0.45250    
gicontactbaseYes   0.182654   0.422397   0.4324   0.66543    
rawfood            0.199249   0.223840   0.8901   0.37339    
---
Signif. codes:  0 ‘***’ 0.001 ‘**’ 0.01 ‘*’ 0.05 ‘.’ 0.1 ‘ ’ 1

> 
> # --------------------------------------
> # Pooled estimates
> # (can't use the mpreg fn because we 
> # need the actual glm returned object 
> # for the LR tests)
> 
> # all beaches
> all.fit <- glm(diarrheaci10~qentero1600 +agecat+female+racewhite+gichron+anim_any+gicontactbase+rawfood+beach,family=poisson(link="log"),data=ad)
> 	all.VC <- cl(ad,fm=all.fit,cluster=ad$hhid)
> 	overall.fit <- coeftest(all.fit, all.VC)
> 	summary(all.fit)

Call:
glm(formula = diarrheaci10 ~ qentero1600 + agecat + female + 
    racewhite + gichron + anim_any + gicontactbase + rawfood + 
    beach, family = poisson(link = "log"), data = ad)

Deviance Residuals: 
    Min       1Q   Median       3Q      Max  
-0.8482  -0.3456  -0.2976  -0.2692   2.4836  

Coefficients:
                       Estimate Std. Error z value Pr(>|z|)    
(Intercept)          -2.692e+00  2.279e-01 -11.811  < 2e-16 ***
qentero16002          6.347e-02  1.283e-01   0.495  0.62073    
qentero16003          1.053e-01  1.446e-01   0.728  0.46659    
qentero16004          3.359e-01  1.625e-01   2.067  0.03873 *  
agecat5-14           -6.867e-01  1.147e-01  -5.988 2.13e-09 ***
agecat15-24          -7.575e-01  1.625e-01  -4.661 3.14e-06 ***
agecat25-34          -2.801e-01  1.579e-01  -1.774  0.07603 .  
agecat35-44          -2.759e-01  1.567e-01  -1.761  0.07831 .  
agecat45-54          -4.158e-01  1.948e-01  -2.134  0.03281 *  
agecat55-64          -9.543e-01  3.472e-01  -2.749  0.00598 ** 
agecat65-74          -1.370e+01  2.963e+02  -0.046  0.96313    
agecat75+            -2.227e-01  1.005e+00  -0.222  0.82469    
agecatMissing        -4.462e-01  3.675e-01  -1.214  0.22467    
female               -2.767e-02  8.599e-02  -0.322  0.74764    
racewhiteYes          8.553e-02  1.232e-01   0.694  0.48755    
racewhiteMissing     -2.569e-03  5.162e-01  -0.005  0.99603    
gichronYes            7.518e-01  2.315e-01   3.247  0.00117 ** 
gichronMissing       -1.346e+01  1.458e+03  -0.009  0.99263    
anim_anyYes           8.563e-02  1.014e-01   0.844  0.39848    
gicontactbaseYes      4.392e-01  1.659e-01   2.647  0.00812 ** 
gicontactbaseMissing  8.472e-01  3.654e-01   2.318  0.02044 *  
rawfood              -4.202e-02  1.146e-01  -0.367  0.71374    
beachBoqueron        -3.817e-01  2.151e-01  -1.775  0.07597 .  
beachDoheny           2.039e-01  2.012e-01   1.013  0.31097    
beachEdgewater       -2.136e-01  4.110e-01  -0.520  0.60322    
beachFairhope         1.433e-01  2.740e-01   0.523  0.60100    
beachGoddard         -5.699e-01  4.418e-01  -1.290  0.19707    
beachHuntington       5.594e-01  3.204e-01   1.746  0.08084 .  
beachMalibu           9.090e-02  2.509e-01   0.362  0.71717    
beachMission Bay      1.004e-01  2.131e-01   0.471  0.63771    
beachSilver          -4.645e-02  2.088e-01  -0.222  0.82397    
beachSurfside        -5.608e-03  1.987e-01  -0.028  0.97749    
beachWashington Park  4.133e-02  2.370e-01   0.174  0.86160    
beachWest             3.824e-02  3.299e-01   0.116  0.90772    
---
Signif. codes:  0 ‘***’ 0.001 ‘**’ 0.01 ‘*’ 0.05 ‘.’ 0.1 ‘ ’ 1

(Dispersion parameter for poisson family taken to be 1)

    Null deviance: 3253.8  on 10517  degrees of freedom
Residual deviance: 3142.2  on 10484  degrees of freedom
AIC: 4314.2

Number of Fisher Scoring iterations: 14

> 	overall.fit

z test of coefficients:

                        Estimate  Std. Error  z value  Pr(>|z|)    
(Intercept)           -2.6919553   0.2277275 -11.8209 < 2.2e-16 ***
qentero16002           0.0634738   0.1443668   0.4397 0.6601757    
qentero16003           0.1052715   0.1586569   0.6635 0.5069997    
qentero16004           0.3358592   0.1699817   1.9759 0.0481712 *  
agecat5-14            -0.6866708   0.1197346  -5.7349 9.755e-09 ***
agecat15-24           -0.7574848   0.1645933  -4.6022 4.181e-06 ***
agecat25-34           -0.2800747   0.1554359  -1.8019 0.0715664 .  
agecat35-44           -0.2758525   0.1548919  -1.7809 0.0749230 .  
agecat45-54           -0.4157858   0.1926343  -2.1584 0.0308952 *  
agecat55-64           -0.9543172   0.3764978  -2.5347 0.0112537 *  
agecat65-74          -13.6971509   0.1949123 -70.2734 < 2.2e-16 ***
agecat75+             -0.2226592   0.9748519  -0.2284 0.8193329    
agecatMissing         -0.4461697   0.3949216  -1.1298 0.2585740    
female                -0.0276674   0.0827966  -0.3342 0.7382580    
racewhiteYes           0.0855337   0.1463068   0.5846 0.5588040    
racewhiteMissing      -0.0025693   0.6088505  -0.0042 0.9966329    
gichronYes             0.7517952   0.2210853   3.4005 0.0006727 ***
gichronMissing       -13.4610413   0.8075450 -16.6691 < 2.2e-16 ***
anim_anyYes            0.0856284   0.1138663   0.7520 0.4520459    
gicontactbaseYes       0.4391742   0.1709969   2.5683 0.0102194 *  
gicontactbaseMissing   0.8471864   0.3544898   2.3899 0.0168541 *  
rawfood               -0.0420243   0.1199291  -0.3504 0.7260314    
beachBoqueron         -0.3817109   0.2230323  -1.7115 0.0869962 .  
beachDoheny            0.2038678   0.2067899   0.9859 0.3241973    
beachEdgewater        -0.2136228   0.4003883  -0.5335 0.5936605    
beachFairhope          0.1433082   0.3173220   0.4516 0.6515444    
beachGoddard          -0.5698529   0.4391811  -1.2975 0.1944471    
beachHuntington        0.5594495   0.3360414   1.6648 0.0959481 .  
beachMalibu            0.0908984   0.2548408   0.3567 0.7213261    
beachMission Bay       0.1003549   0.2526903   0.3971 0.6912599    
beachSilver           -0.0464451   0.2144446  -0.2166 0.8285333    
beachSurfside         -0.0056077   0.2086527  -0.0269 0.9785587    
beachWashington Park   0.0413254   0.2697087   0.1532 0.8782230    
beachWest              0.0382356   0.3395573   0.1126 0.9103443    
---
Signif. codes:  0 ‘***’ 0.001 ‘**’ 0.01 ‘*’ 0.05 ‘.’ 0.1 ‘ ’ 1

> 
> # Interaction model with fresh v. marine beaches
> mf.ref <- glm(diarrheaci10~qentero1600+marine +agecat+female+racewhite+gichron+anim_any+gicontactbase+rawfood+beach,family=poisson(link="log"),data=ad)
> mf.fit <- glm(diarrheaci10~qentero1600*marine +agecat+female+racewhite+gichron+anim_any+gicontactbase+rawfood+beach,family=poisson(link="log"),data=ad)
> 	# commented out robust SE calcs b/c not used
> 	# mf.VC <- cl(ad,fm=mf.fit,cluster=ad$hhid)
> 	# mf.head <- coeftest(mf.fit, mf.VC)
> 	summary(mf.fit) 

Call:
glm(formula = diarrheaci10 ~ qentero1600 * marine + agecat + 
    female + racewhite + gichron + anim_any + gicontactbase + 
    rawfood + beach, family = poisson(link = "log"), data = ad)

Deviance Residuals: 
    Min       1Q   Median       3Q      Max  
-0.8323  -0.3449  -0.2980  -0.2686   2.4799  

Coefficients: (1 not defined because of singularities)
                         Estimate Std. Error z value Pr(>|z|)    
(Intercept)            -3.145e+00  1.008e+00  -3.119  0.00182 ** 
qentero16002            2.768e-01  1.129e+00   0.245  0.80636    
qentero16003            7.829e-01  1.052e+00   0.744  0.45693    
qentero16004            8.856e-01  1.051e+00   0.843  0.39926    
marineYes               4.599e-01  1.020e+00   0.451  0.65203    
agecat5-14             -6.910e-01  1.147e-01  -6.023 1.71e-09 ***
agecat15-24            -7.597e-01  1.626e-01  -4.673 2.96e-06 ***
agecat25-34            -2.794e-01  1.580e-01  -1.769  0.07697 .  
agecat35-44            -2.773e-01  1.567e-01  -1.769  0.07685 .  
agecat45-54            -4.181e-01  1.949e-01  -2.145  0.03192 *  
agecat55-64            -9.599e-01  3.473e-01  -2.764  0.00570 ** 
agecat65-74            -1.369e+01  2.962e+02  -0.046  0.96312    
agecat75+              -2.277e-01  1.005e+00  -0.226  0.82083    
agecatMissing          -4.388e-01  3.677e-01  -1.194  0.23265    
female                 -2.623e-02  8.600e-02  -0.305  0.76037    
racewhiteYes            8.667e-02  1.232e-01   0.704  0.48159    
racewhiteMissing        1.554e-03  5.162e-01   0.003  0.99760    
gichronYes              7.531e-01  2.316e-01   3.252  0.00115 ** 
gichronMissing         -1.329e+01  1.421e+03  -0.009  0.99254    
anim_anyYes             8.889e-02  1.014e-01   0.877  0.38057    
gicontactbaseYes        4.331e-01  1.660e-01   2.610  0.00907 ** 
gicontactbaseMissing    8.474e-01  3.655e-01   2.319  0.02041 *  
rawfood                -4.095e-02  1.146e-01  -0.357  0.72085    
beachBoqueron          -3.736e-01  2.191e-01  -1.705  0.08813 .  
beachDoheny             2.014e-01  2.041e-01   0.987  0.32357    
beachEdgewater         -1.949e-01  4.131e-01  -0.472  0.63706    
beachFairhope           1.490e-01  2.742e-01   0.544  0.58675    
beachGoddard           -5.649e-01  4.441e-01  -1.272  0.20336    
beachHuntington         5.107e-01  4.137e-01   1.235  0.21696    
beachMalibu             8.397e-02  2.538e-01   0.331  0.74075    
beachMission Bay        1.058e-01  2.141e-01   0.494  0.62107    
beachSilver            -1.816e-01  3.363e-01  -0.540  0.58912    
beachSurfside          -9.699e-03  2.027e-01  -0.048  0.96184    
beachWashington Park   -9.561e-02  3.566e-01  -0.268  0.78859    
beachWest                      NA         NA      NA       NA    
qentero16002:marineYes -2.112e-01  1.137e+00  -0.186  0.85256    
qentero16003:marineYes -7.271e-01  1.063e+00  -0.684  0.49403    
qentero16004:marineYes -5.346e-01  1.066e+00  -0.501  0.61606    
---
Signif. codes:  0 ‘***’ 0.001 ‘**’ 0.01 ‘*’ 0.05 ‘.’ 0.1 ‘ ’ 1

(Dispersion parameter for poisson family taken to be 1)

    Null deviance: 3253.8  on 10517  degrees of freedom
Residual deviance: 3140.5  on 10481  degrees of freedom
AIC: 4318.5

Number of Fisher Scoring iterations: 14

> 	lrtest(mf.ref,mf.fit)
Likelihood ratio test

Model 1: diarrheaci10 ~ qentero1600 + marine + agecat + female + racewhite + 
    gichron + anim_any + gicontactbase + rawfood + beach
Model 2: diarrheaci10 ~ qentero1600 * marine + agecat + female + racewhite + 
    gichron + anim_any + gicontactbase + rawfood + beach
  #Df  LogLik Df  Chisq Pr(>Chisq)
1  34 -2123.1                     
2  37 -2122.3  3 1.6167     0.6556
> 	
> 
> # Interaction model with point v. non-point source beaches
> ps.ref <- glm(diarrheaci10~qentero1600+pointsource +agecat+female+racewhite+gichron+anim_any+gicontactbase+rawfood+beach,family=poisson(link="log"),data=ad)
> ps.fit <- glm(diarrheaci10~qentero1600*pointsource+agecat+female+racewhite+gichron+anim_any+gicontactbase+rawfood+beach,family=poisson(link="log"),data=ad)
> 	# commented out robust SE calcs b/c not used
> 	# ps.VC <- cl(ad,fm=ps.fit,cluster=ad$hhid)
> 	# ps.head <- coeftest(ps.fit, ps.VC)
> 	summary(ps.fit)

Call:
glm(formula = diarrheaci10 ~ qentero1600 * pointsource + agecat + 
    female + racewhite + gichron + anim_any + gicontactbase + 
    rawfood + beach, family = poisson(link = "log"), data = ad)

Deviance Residuals: 
    Min       1Q   Median       3Q      Max  
-0.8601  -0.3467  -0.2963  -0.2690   2.4772  

Coefficients: (1 not defined because of singularities)
                              Estimate Std. Error z value Pr(>|z|)    
(Intercept)                 -2.687e+00  2.010e-01 -13.367  < 2e-16 ***
qentero16002                 4.513e-02  1.432e-01   0.315  0.75263    
qentero16003                 1.177e-01  1.899e-01   0.620  0.53538    
qentero16004                 6.512e-02  2.647e-01   0.246  0.80571    
pointsourceYes              -1.466e-01  3.099e-01  -0.473  0.63610    
agecat5-14                  -6.864e-01  1.147e-01  -5.986 2.15e-09 ***
agecat15-24                 -7.562e-01  1.625e-01  -4.653 3.27e-06 ***
agecat25-34                 -2.756e-01  1.579e-01  -1.745  0.08091 .  
agecat35-44                 -2.695e-01  1.567e-01  -1.720  0.08547 .  
agecat45-54                 -4.121e-01  1.948e-01  -2.115  0.03441 *  
agecat55-64                 -9.579e-01  3.472e-01  -2.759  0.00580 ** 
agecat65-74                 -1.372e+01  2.960e+02  -0.046  0.96304    
agecat75+                   -2.184e-01  1.005e+00  -0.217  0.82802    
agecatMissing               -4.475e-01  3.675e-01  -1.218  0.22331    
female                      -2.862e-02  8.602e-02  -0.333  0.73935    
racewhiteYes                 8.678e-02  1.231e-01   0.705  0.48070    
racewhiteMissing            -1.132e-02  5.162e-01  -0.022  0.98250    
gichronYes                   7.583e-01  2.317e-01   3.273  0.00106 ** 
gichronMissing              -1.341e+01  1.449e+03  -0.009  0.99262    
anim_anyYes                  8.353e-02  1.013e-01   0.824  0.40985    
gicontactbaseYes             4.392e-01  1.660e-01   2.647  0.00813 ** 
gicontactbaseMissing         8.390e-01  3.657e-01   2.294  0.02177 *  
rawfood                     -4.329e-02  1.145e-01  -0.378  0.70550    
beachBoqueron               -3.515e-01  2.274e-01  -1.546  0.12216    
beachDoheny                  2.220e-01  1.665e-01   1.334  0.18222    
beachEdgewater              -1.811e-01  4.135e-01  -0.438  0.66143    
beachFairhope                1.313e-01  2.764e-01   0.475  0.63474    
beachGoddard                -5.185e-01  4.476e-01  -1.158  0.24667    
beachHuntington              5.486e-01  3.238e-01   1.695  0.09017 .  
beachMalibu                  9.892e-02  2.196e-01   0.450  0.65237    
beachMission Bay             1.644e-01  2.137e-01   0.769  0.44169    
beachSilver                 -7.799e-02  2.113e-01  -0.369  0.71207    
beachSurfside                       NA         NA      NA       NA    
beachWashington Park         5.453e-03  2.394e-01   0.023  0.98182    
beachWest                    4.420e-02  3.303e-01   0.134  0.89356    
qentero16002:pointsourceYes  1.270e-01  3.360e-01   0.378  0.70535    
qentero16003:pointsourceYes  1.006e-01  3.438e-01   0.293  0.76981    
qentero16004:pointsourceYes  4.725e-01  3.937e-01   1.200  0.23015    
---
Signif. codes:  0 ‘***’ 0.001 ‘**’ 0.01 ‘*’ 0.05 ‘.’ 0.1 ‘ ’ 1

(Dispersion parameter for poisson family taken to be 1)

    Null deviance: 3253.8  on 10517  degrees of freedom
Residual deviance: 3140.2  on 10481  degrees of freedom
AIC: 4318.2

Number of Fisher Scoring iterations: 14

> 	lrtest(ps.ref,ps.fit)
Likelihood ratio test

Model 1: diarrheaci10 ~ qentero1600 + pointsource + agecat + female + 
    racewhite + gichron + anim_any + gicontactbase + rawfood + 
    beach
Model 2: diarrheaci10 ~ qentero1600 * pointsource + agecat + female + 
    racewhite + gichron + anim_any + gicontactbase + rawfood + 
    beach
  #Df  LogLik Df Chisq Pr(>Chisq)
1  34 -2123.1                    
2  37 -2122.1  3 1.962     0.5803
> 	
> 
> # --------------------------------------
> # Age-stratified estimates and LR tests of
> # interaction
> 
> # reduced models for LR tests of indicator x age interactions
> agestrat.ref <- glm(diarrheaci10~qentero1600 +agestrat+female+racewhite+gichron+anim_any+gicontactbase+rawfood+beach,family=poisson(link="log"),data=ad)
> 
> # Pooled estimate (Age 0-4, 5-10, >10)
> agestrat.fit <- glm(diarrheaci10~ qentero1600*agestrat +female+racewhite+gichron+anim_any+gicontactbase+rawfood+beach,family=poisson(link="log"),data=ad)
> 	# commented out robust SE calcs b/c not used
> 	# agestrat.VC <- cl(ad,fm=agestrat.fit,cluster=ad$hhid)
> 	# agestrat.body <- coeftest(agestrat.fit, agestrat.VC) 
> 	lrtest(agestrat.ref,agestrat.fit)
Likelihood ratio test

Model 1: diarrheaci10 ~ qentero1600 + agestrat + female + racewhite + 
    gichron + anim_any + gicontactbase + rawfood + beach
Model 2: diarrheaci10 ~ qentero1600 * agestrat + female + racewhite + 
    gichron + anim_any + gicontactbase + rawfood + beach
  #Df  LogLik Df  Chisq Pr(>Chisq)
1  28 -2132.9                     
2  37 -2129.1  9 7.5544     0.5796
> 
> # --------------------------------------
> # Stratified Models 
> # based on tests of interaction (above)
> # stratify the results by non-point and
> # point source conditions
> # --------------------------------------
> 
> # Non-point source and point-source
> nps <- mpreg(diarrheaci10~qentero1600 +agecat+female+racewhite+gichron+anim_any+gicontactbase+rawfood+beach,dat=ad[ad$pointsource=="No",],vcv=T)

Call:
glm(formula = formula, family = poisson(link = "log"), data = dat)

Deviance Residuals: 
    Min       1Q   Median       3Q      Max  
-0.6600  -0.3543  -0.3163  -0.2935   2.5793  

Coefficients:
                      Estimate Std. Error z value Pr(>|z|)    
(Intercept)           -2.73723    0.23817 -11.493   <2e-16 ***
qentero16002           0.03548    0.14338   0.247   0.8046    
qentero16003           0.13317    0.19000   0.701   0.4834    
qentero16004           0.07618    0.26481   0.288   0.7736    
agecat5-14            -0.42765    0.18469  -2.316   0.0206 *  
agecat15-24           -0.43730    0.24278  -1.801   0.0717 .  
agecat25-34           -0.01789    0.23548  -0.076   0.9394    
agecat35-44           -0.04716    0.23343  -0.202   0.8399    
agecat45-54           -0.19758    0.27700  -0.713   0.4757    
agecat55-64           -0.14896    0.41215  -0.361   0.7178    
agecat65-74          -12.64999  304.89815  -0.041   0.9669    
agecat75+              0.53277    1.01408   0.525   0.5993    
agecatMissing         -0.42752    0.72656  -0.588   0.5563    
female                 0.02594    0.12440   0.208   0.8348    
racewhiteYes           0.19297    0.17454   1.106   0.2689    
racewhiteMissing      -1.09620    1.01487  -1.080   0.2801    
gichronYes             0.93515    0.32753   2.855   0.0043 ** 
anim_anyYes            0.10615    0.15237   0.697   0.4860    
gicontactbaseYes      -0.19485    0.34092  -0.572   0.5676    
gicontactbaseMissing   0.91638    0.39512   2.319   0.0204 *  
rawfood               -0.11389    0.15426  -0.738   0.4603    
beachMalibu           -0.08746    0.22180  -0.394   0.6934    
beachMission Bay      -0.01548    0.21873  -0.071   0.9436    
beachSurfside         -0.27910    0.17969  -1.553   0.1204    
---
Signif. codes:  0 ‘***’ 0.001 ‘**’ 0.01 ‘*’ 0.05 ‘.’ 0.1 ‘ ’ 1

(Dispersion parameter for poisson family taken to be 1)

    Null deviance: 1531.8  on 4768  degrees of freedom
Residual deviance: 1501.5  on 4745  degrees of freedom
AIC: 2079.5

Number of Fisher Scoring iterations: 13



Robust, Sandwich Standard Errors Account for Clustering:

z test of coefficients:

                       Estimate Std. Error  z value  Pr(>|z|)    
(Intercept)           -2.737225   0.253608 -10.7931 < 2.2e-16 ***
qentero16002           0.035476   0.164780   0.2153  0.829540    
qentero16003           0.133169   0.223134   0.5968  0.550632    
qentero16004           0.076175   0.293552   0.2595  0.795253    
agecat5-14            -0.427649   0.193012  -2.2157  0.026715 *  
agecat15-24           -0.437302   0.249417  -1.7533  0.079550 .  
agecat25-34           -0.017892   0.224135  -0.0798  0.936373    
agecat35-44           -0.047164   0.227940  -0.2069  0.836078    
agecat45-54           -0.197581   0.266121  -0.7425  0.457814    
agecat55-64           -0.148962   0.441567  -0.3373  0.735855    
agecat65-74          -12.649994   0.319443 -39.6002 < 2.2e-16 ***
agecat75+              0.532773   0.949794   0.5609  0.574842    
agecatMissing         -0.427518   0.733373  -0.5829  0.559928    
female                 0.025937   0.118242   0.2194  0.826370    
racewhiteYes           0.192974   0.222792   0.8662  0.386401    
racewhiteMissing      -1.096200   1.021596  -1.0730  0.283259    
gichronYes             0.935149   0.311945   2.9978  0.002719 ** 
anim_anyYes            0.106146   0.180373   0.5885  0.556212    
gicontactbaseYes      -0.194847   0.325694  -0.5983  0.549672    
gicontactbaseMissing   0.916378   0.392362   2.3355  0.019515 *  
rawfood               -0.113891   0.167355  -0.6805  0.496165    
beachMalibu           -0.087455   0.230133  -0.3800  0.703930    
beachMission Bay      -0.015485   0.298556  -0.0519  0.958636    
beachSurfside         -0.279101   0.209344  -1.3332  0.182461    
---
Signif. codes:  0 ‘***’ 0.001 ‘**’ 0.01 ‘*’ 0.05 ‘.’ 0.1 ‘ ’ 1

> ps <- mpreg(diarrheaci10~qentero1600 +agecat+female+racewhite+gichron+anim_any+gicontactbase+rawfood+beach,dat=ad[ad$pointsource=="Yes",],vcv=T)

Call:
glm(formula = formula, family = poisson(link = "log"), data = dat)

Deviance Residuals: 
    Min       1Q   Median       3Q      Max  
-0.9374  -0.3326  -0.2772  -0.2238   2.8421  

Coefficients:
                       Estimate Std. Error z value Pr(>|z|)    
(Intercept)            -2.55333    0.33284  -7.671 1.70e-14 ***
qentero16002            0.15773    0.30425   0.518 0.604154    
qentero16003            0.20175    0.28713   0.703 0.482269    
qentero16004            0.52119    0.29215   1.784 0.074430 .  
agecat5-14             -0.87223    0.15083  -5.783 7.34e-09 ***
agecat15-24            -0.98884    0.22600  -4.375 1.21e-05 ***
agecat25-34            -0.48550    0.22099  -2.197 0.028024 *  
agecat35-44            -0.41600    0.21960  -1.894 0.058184 .  
agecat45-54            -0.56590    0.28540  -1.983 0.047385 *  
agecat55-64            -1.99619    0.71790  -2.781 0.005426 ** 
agecat65-74           -13.77349  366.17105  -0.038 0.969995    
agecat75+             -13.74152  782.59312  -0.018 0.985991    
agecatMissing          -0.55079    0.43260  -1.273 0.202947    
female                 -0.07801    0.11935  -0.654 0.513364    
racewhiteYes           -0.07979    0.17117  -0.466 0.641131    
racewhiteMissing        1.14617    0.60495   1.895 0.058139 .  
gichronYes              0.54862    0.32814   1.672 0.094540 .  
gichronMissing        -13.50125 1440.72323  -0.009 0.992523    
anim_anyYes             0.07976    0.13550   0.589 0.556079    
gicontactbaseYes        0.75081    0.19384   3.873 0.000107 ***
gicontactbaseMissing    0.43323    1.01372   0.427 0.669111    
rawfood                 0.02371    0.17050   0.139 0.889417    
beachBoqueron          -0.46536    0.24439  -1.904 0.056890 .  
beachEdgewater         -0.23408    0.41676  -0.562 0.574347    
beachFairhope           0.07000    0.28250   0.248 0.804310    
beachGoddard           -0.56075    0.45018  -1.246 0.212907    
beachHuntington         0.55235    0.33015   1.673 0.094327 .  
beachSilver            -0.09613    0.22020  -0.437 0.662447    
beachWashington Park   -0.03534    0.24687  -0.143 0.886154    
beachWest               0.06171    0.33660   0.183 0.854524    
---
Signif. codes:  0 ‘***’ 0.001 ‘**’ 0.01 ‘*’ 0.05 ‘.’ 0.1 ‘ ’ 1

(Dispersion parameter for poisson family taken to be 1)

    Null deviance: 1720.4  on 5748  degrees of freedom
Residual deviance: 1613.6  on 5719  degrees of freedom
AIC: 2247.6

Number of Fisher Scoring iterations: 14



Robust, Sandwich Standard Errors Account for Clustering:

z test of coefficients:

                       Estimate Std. Error  z value  Pr(>|z|)    
(Intercept)           -2.553327   0.311950  -8.1850 2.722e-16 ***
qentero16002           0.157733   0.308999   0.5105 0.6097253    
qentero16003           0.201751   0.283220   0.7123 0.4762499    
qentero16004           0.521186   0.283296   1.8397 0.0658091 .  
agecat5-14            -0.872230   0.154716  -5.6376 1.724e-08 ***
agecat15-24           -0.988842   0.224734  -4.4001 1.082e-05 ***
agecat25-34           -0.485503   0.223992  -2.1675 0.0301964 *  
agecat35-44           -0.415996   0.220506  -1.8865 0.0592210 .  
agecat45-54           -0.565902   0.291862  -1.9389 0.0525090 .  
agecat55-64           -1.996190   0.726710  -2.7469 0.0060164 ** 
agecat65-74          -13.773488   0.252138 -54.6268 < 2.2e-16 ***
agecat75+            -13.741520   0.429886 -31.9655 < 2.2e-16 ***
agecatMissing         -0.550790   0.412731  -1.3345 0.1820397    
female                -0.078008   0.116073  -0.6721 0.5015477    
racewhiteYes          -0.079786   0.175022  -0.4559 0.6484906    
racewhiteMissing       1.146174   0.525116   2.1827 0.0290573 *  
gichronYes             0.548620   0.309601   1.7720 0.0763909 .  
gichronMissing       -13.501252   0.851974 -15.8470 < 2.2e-16 ***
anim_anyYes            0.079764   0.141827   0.5624 0.5738417    
gicontactbaseYes       0.750812   0.198142   3.7893 0.0001511 ***
gicontactbaseMissing   0.433233   0.993278   0.4362 0.6627174    
rawfood                0.023706   0.170642   0.1389 0.8895101    
beachBoqueron         -0.465363   0.236716  -1.9659 0.0493089 *  
beachEdgewater        -0.234077   0.407609  -0.5743 0.5657865    
beachFairhope          0.069997   0.329502   0.2124 0.8317701    
beachGoddard          -0.560748   0.445295  -1.2593 0.2079323    
beachHuntington        0.552350   0.349547   1.5802 0.1140639    
beachSilver           -0.096126   0.228380  -0.4209 0.6738246    
beachWashington Park  -0.035345   0.281720  -0.1255 0.9001588    
beachWest              0.061715   0.351262   0.1757 0.8605337    
---
Signif. codes:  0 ‘***’ 0.001 ‘**’ 0.01 ‘*’ 0.05 ‘.’ 0.1 ‘ ’ 1

> 
> # Age-stratified results
> age0to4   <- mpreg(diarrheaci10~qentero1600 +female+racewhite+gichron+anim_any+gicontactbase+rawfood+beach,dat=ad[ad$agestrat=="(0, 4]",],vcv=T)

Call:
glm(formula = formula, family = poisson(link = "log"), data = dat)

Deviance Residuals: 
    Min       1Q   Median       3Q      Max  
-1.0554  -0.4329  -0.3755  -0.3287   2.3346  

Coefficients:
                      Estimate Std. Error z value Pr(>|z|)    
(Intercept)           -2.06416    0.47317  -4.362 1.29e-05 ***
qentero16002           0.03354    0.29345   0.114  0.90901    
qentero16003          -0.23294    0.33356  -0.698  0.48495    
qentero16004           0.20107    0.36147   0.556  0.57804    
female                -0.14046    0.17504  -0.802  0.42231    
racewhiteYes           0.09852    0.26199   0.376  0.70688    
racewhiteMissing     -13.73519  662.99524  -0.021  0.98347    
gichronYes             0.40064    0.72428   0.553  0.58016    
anim_anyYes            0.38414    0.20571   1.867  0.06185 .  
gicontactbaseYes       0.49792    0.33653   1.480  0.13899    
gicontactbaseMissing   1.61322    0.54699   2.949  0.00319 ** 
rawfood                0.03058    0.29039   0.105  0.91613    
beachBoqueron         -0.61134    0.43609  -1.402  0.16096    
beachDoheny           -0.52650    0.45117  -1.167  0.24323    
beachEdgewater        -0.44573    0.66650  -0.669  0.50365    
beachFairhope         -0.69283    0.48744  -1.421  0.15521    
beachGoddard          -1.52927    1.06474  -1.436  0.15092    
beachHuntington       -0.14215    0.55368  -0.257  0.79738    
beachMalibu           -0.41168    0.53192  -0.774  0.43896    
beachMission Bay      -0.87974    0.48627  -1.809  0.07043 .  
beachSilver           -0.66580    0.37677  -1.767  0.07721 .  
beachSurfside         -1.10407    0.45692  -2.416  0.01568 *  
beachWashington Park  -0.70547    0.46148  -1.529  0.12634    
beachWest             -1.21810    0.78108  -1.560  0.11888    
---
Signif. codes:  0 ‘***’ 0.001 ‘**’ 0.01 ‘*’ 0.05 ‘.’ 0.1 ‘ ’ 1

(Dispersion parameter for poisson family taken to be 1)

    Null deviance: 661.59  on 1581  degrees of freedom
Residual deviance: 631.36  on 1558  degrees of freedom
AIC: 947.36

Number of Fisher Scoring iterations: 14



Robust, Sandwich Standard Errors Account for Clustering:

z test of coefficients:

                       Estimate Std. Error  z value  Pr(>|z|)    
(Intercept)           -2.064164   0.400675  -5.1517 2.581e-07 ***
qentero16002           0.033539   0.291044   0.1152   0.90826    
qentero16003          -0.232945   0.320903  -0.7259   0.46790    
qentero16004           0.201066   0.334068   0.6019   0.54726    
female                -0.140457   0.163800  -0.8575   0.39117    
racewhiteYes           0.098519   0.256315   0.3844   0.70071    
racewhiteMissing     -13.735194   0.499732 -27.4851 < 2.2e-16 ***
gichronYes             0.400636   0.654077   0.6125   0.54019    
anim_anyYes            0.384140   0.220837   1.7395   0.08195 .  
gicontactbaseYes       0.497920   0.327609   1.5199   0.12855    
gicontactbaseMissing   1.613219   0.567303   2.8437   0.00446 ** 
rawfood                0.030583   0.267762   0.1142   0.90907    
beachBoqueron         -0.611341   0.420365  -1.4543   0.14586    
beachDoheny           -0.526495   0.427174  -1.2325   0.21776    
beachEdgewater        -0.445734   0.642933  -0.6933   0.48813    
beachFairhope         -0.692830   0.499312  -1.3876   0.16527    
beachGoddard          -1.529272   1.054051  -1.4509   0.14682    
beachHuntington       -0.142153   0.532892  -0.2668   0.78966    
beachMalibu           -0.411679   0.504462  -0.8161   0.41446    
beachMission Bay      -0.879742   0.439041  -2.0038   0.04509 *  
beachSilver           -0.665799   0.404519  -1.6459   0.09978 .  
beachSurfside         -1.104067   0.435865  -2.5330   0.01131 *  
beachWashington Park  -0.705474   0.462810  -1.5243   0.12743    
beachWest             -1.218104   0.772104  -1.5776   0.11465    
---
Signif. codes:  0 ‘***’ 0.001 ‘**’ 0.01 ‘*’ 0.05 ‘.’ 0.1 ‘ ’ 1

> age5to10  <- mpreg(diarrheaci10~qentero1600 +female+racewhite+gichron+anim_any+gicontactbase+rawfood+beach,dat=ad[ad$agestrat=="(4, 10]",],vcv=T)

Call:
glm(formula = formula, family = poisson(link = "log"), data = dat)

Deviance Residuals: 
    Min       1Q   Median       3Q      Max  
-0.6482  -0.3210  -0.2748  -0.2141   2.5202  

Coefficients:
                       Estimate Std. Error z value Pr(>|z|)    
(Intercept)            -3.19907    0.43363  -7.377 1.61e-13 ***
qentero16002           -0.20416    0.27171  -0.751  0.45242    
qentero16003            0.14338    0.28933   0.496  0.62019    
qentero16004            0.20782    0.31412   0.662  0.50824    
female                 -0.22310    0.17758  -1.256  0.20900    
racewhiteYes            0.04895    0.22503   0.218  0.82781    
racewhiteMissing       -0.53803    1.03197  -0.521  0.60211    
gichronYes              0.77398    0.72178   1.072  0.28358    
gichronMissing        -12.63307 2103.36265  -0.006  0.99521    
anim_anyYes            -0.05952    0.21060  -0.283  0.77746    
gicontactbaseYes        0.12326    0.42102   0.293  0.76971    
gicontactbaseMissing  -13.46561  448.40512  -0.030  0.97604    
rawfood                -1.02846    0.37269  -2.760  0.00579 ** 
beachBoqueron          -0.45031    0.48793  -0.923  0.35606    
beachDoheny             0.22261    0.42774   0.520  0.60277    
beachEdgewater          0.22198    0.78666   0.282  0.77780    
beachFairhope           0.20995    0.55995   0.375  0.70770    
beachGoddard           -0.36208    0.79460  -0.456  0.64862    
beachHuntington         0.83233    0.60535   1.375  0.16915    
beachMalibu             1.03901    0.46755   2.222  0.02627 *  
beachMission Bay        0.94316    0.39914   2.363  0.01813 *  
beachSilver             0.03627    0.43276   0.084  0.93320    
beachSurfside          -0.08428    0.45290  -0.186  0.85238    
beachWashington Park    0.45358    0.45179   1.004  0.31540    
beachWest               0.56859    0.66794   0.851  0.39463    
---
Signif. codes:  0 ‘***’ 0.001 ‘**’ 0.01 ‘*’ 0.05 ‘.’ 0.1 ‘ ’ 1

(Dispersion parameter for poisson family taken to be 1)

    Null deviance: 825.47  on 2961  degrees of freedom
Residual deviance: 780.30  on 2937  degrees of freedom
AIC: 1096.3

Number of Fisher Scoring iterations: 14



Robust, Sandwich Standard Errors Account for Clustering:

z test of coefficients:

                       Estimate Std. Error  z value  Pr(>|z|)    
(Intercept)           -3.199070   0.431152  -7.4198 1.173e-13 ***
qentero16002          -0.204162   0.316009  -0.6461  0.518238    
qentero16003           0.143385   0.298482   0.4804  0.630958    
qentero16004           0.207816   0.306303   0.6785  0.497477    
female                -0.223101   0.171553  -1.3005  0.193438    
racewhiteYes           0.048946   0.267044   0.1833  0.854572    
racewhiteMissing      -0.538034   0.967849  -0.5559  0.578274    
gichronYes             0.773982   0.579177   1.3363  0.181436    
gichronMissing       -12.633068   1.232033 -10.2538 < 2.2e-16 ***
anim_anyYes           -0.059522   0.221736  -0.2684  0.788362    
gicontactbaseYes       0.123256   0.415423   0.2967  0.766696    
gicontactbaseMissing -13.465606   0.335547 -40.1304 < 2.2e-16 ***
rawfood               -1.028458   0.390790  -2.6317  0.008495 ** 
beachBoqueron         -0.450308   0.523578  -0.8601  0.389756    
beachDoheny            0.222610   0.431062   0.5164  0.605560    
beachEdgewater         0.221984   0.759481   0.2923  0.770069    
beachFairhope          0.209950   0.567169   0.3702  0.711254    
beachGoddard          -0.362084   0.782925  -0.4625  0.643740    
beachHuntington        0.832332   0.675238   1.2326  0.217707    
beachMalibu            1.039006   0.442359   2.3488  0.018835 *  
beachMission Bay       0.943163   0.433895   2.1737  0.029727 *  
beachSilver            0.036273   0.430521   0.0843  0.932854    
beachSurfside         -0.084278   0.472696  -0.1783  0.858493    
beachWashington Park   0.453584   0.440300   1.0302  0.302930    
beachWest              0.568586   0.650409   0.8742  0.382011    
---
Signif. codes:  0 ‘***’ 0.001 ‘**’ 0.01 ‘*’ 0.05 ‘.’ 0.1 ‘ ’ 1

> age11plus <- mpreg(diarrheaci10~qentero1600 +female+racewhite+gichron+anim_any+gicontactbase+rawfood+beach,dat=ad[ad$agestrat==">10",],vcv=T)

Call:
glm(formula = formula, family = poisson(link = "log"), data = dat)

Deviance Residuals: 
    Min       1Q   Median       3Q      Max  
-0.7230  -0.3400  -0.2991  -0.2329   2.5814  

Coefficients:
                      Estimate Std. Error z value Pr(>|z|)    
(Intercept)           -3.59851    0.29838 -12.060  < 2e-16 ***
qentero16002           0.12255    0.17129   0.715  0.47432    
qentero16003           0.19800    0.19693   1.005  0.31470    
qentero16004           0.40990    0.23392   1.752  0.07972 .  
female                 0.13959    0.12132   1.151  0.24987    
racewhiteYes           0.11387    0.18203   0.626  0.53162    
racewhiteMissing      -0.27573    1.01564  -0.271  0.78602    
gichronYes             0.83732    0.26017   3.218  0.00129 ** 
gichronMissing        -8.27539  284.66104  -0.029  0.97681    
anim_anyYes            0.03261    0.14497   0.225  0.82203    
gicontactbaseYes       0.46477    0.22545   2.062  0.03925 *  
gicontactbaseMissing   1.02366    0.52030   1.967  0.04913 *  
rawfood                0.19451    0.13614   1.429  0.15307    
beachBoqueron         -0.30364    0.30218  -1.005  0.31498    
beachDoheny            0.51110    0.27240   1.876  0.06062 .  
beachEdgewater        -1.16248    1.02365  -1.136  0.25611    
beachFairhope          0.66367    0.41768   1.589  0.11208    
beachGoddard          -0.11458    0.62107  -0.184  0.85363    
beachHuntington        0.68369    0.54657   1.251  0.21098    
beachMalibu           -0.20988    0.39249  -0.535  0.59282    
beachMission Bay       0.02428    0.31538   0.077  0.93865    
beachSilver            0.14684    0.32041   0.458  0.64674    
beachSurfside          0.35178    0.26583   1.323  0.18573    
beachWashington Park   0.25857    0.35546   0.727  0.46696    
beachWest              0.32676    0.43761   0.747  0.45525    
---
Signif. codes:  0 ‘***’ 0.001 ‘**’ 0.01 ‘*’ 0.05 ‘.’ 0.1 ‘ ’ 1

(Dispersion parameter for poisson family taken to be 1)

    Null deviance: 1687.9  on 5829  degrees of freedom
Residual deviance: 1631.4  on 5805  degrees of freedom
AIC: 2235.4

Number of Fisher Scoring iterations: 10



Robust, Sandwich Standard Errors Account for Clustering:

z test of coefficients:

                      Estimate Std. Error  z value  Pr(>|z|)    
(Intercept)          -3.598515   0.286182 -12.5742 < 2.2e-16 ***
qentero16002          0.122552   0.174111   0.7039 0.4815120    
qentero16003          0.197996   0.206873   0.9571 0.3385216    
qentero16004          0.409899   0.244228   1.6783 0.0932799 .  
female                0.139593   0.116917   1.1939 0.2324983    
racewhiteYes          0.113866   0.184608   0.6168 0.5373689    
racewhiteMissing     -0.275727   0.995011  -0.2771 0.7816959    
gichronYes            0.837325   0.249608   3.3546 0.0007949 ***
gichronMissing       -8.275388   1.434938  -5.7671 8.066e-09 ***
anim_anyYes           0.032609   0.150506   0.2167 0.8284730    
gicontactbaseYes      0.464772   0.227073   2.0468 0.0406783 *  
gicontactbaseMissing  1.023664   0.509553   2.0089 0.0445430 *  
rawfood               0.194512   0.139866   1.3907 0.1643171    
beachBoqueron        -0.303641   0.296885  -1.0228 0.3064227    
beachDoheny           0.511104   0.275189   1.8573 0.0632703 .  
beachEdgewater       -1.162481   1.026410  -1.1326 0.2573947    
beachFairhope         0.663668   0.411739   1.6119 0.1069917    
beachGoddard         -0.114583   0.617846  -0.1855 0.8528719    
beachHuntington       0.683694   0.515183   1.3271 0.1844793    
beachMalibu          -0.209885   0.391533  -0.5361 0.5919172    
beachMission Bay      0.024275   0.341007   0.0712 0.9432490    
beachSilver           0.146841   0.311326   0.4717 0.6371664    
beachSurfside         0.351778   0.266621   1.3194 0.1870369    
beachWashington Park  0.258575   0.393189   0.6576 0.5107725    
beachWest             0.326760   0.472466   0.6916 0.4891858    
---
Signif. codes:  0 ‘***’ 0.001 ‘**’ 0.01 ‘*’ 0.05 ‘.’ 0.1 ‘ ’ 1

> 
> # Non-point source estimates, stratified by age group
> nps0to4 <- mpreg(diarrheaci10~qentero1600 +female+racewhite+gichron+anim_any+gicontactbase+rawfood+beach,dat=ad[ad$pointsource=="No" & ad$agestrat=="(0, 4]",],vcv=T)

Call:
glm(formula = formula, family = poisson(link = "log"), data = dat)

Deviance Residuals: 
    Min       1Q   Median       3Q      Max  
-1.0733  -0.3896  -0.3441  -0.2702   2.2615  

Coefficients:
                       Estimate Std. Error z value Pr(>|z|)    
(Intercept)            -2.64514    0.46088  -5.739 9.50e-09 ***
qentero16002            0.02371    0.34801   0.068   0.9457    
qentero16003           -0.37154    0.55151  -0.674   0.5005    
qentero16004            0.02451    0.68744   0.036   0.9716    
female                  0.13634    0.30657   0.445   0.6565    
racewhiteYes           -0.35836    0.41236  -0.869   0.3848    
racewhiteMissing      -14.87907 1154.64183  -0.013   0.9897    
gichronYes            -14.45062 1989.72727  -0.007   0.9942    
anim_anyYes             0.81305    0.37735   2.155   0.0312 *  
gicontactbaseYes       -0.57872    1.02178  -0.566   0.5711    
gicontactbaseMissing    2.42820    0.59831   4.058 4.94e-05 ***
rawfood                 0.43005    0.44421   0.968   0.3330    
beachMalibu             0.17675    0.49768   0.355   0.7225    
beachMission Bay       -0.68861    0.56831  -1.212   0.2256    
beachSurfside          -0.54797    0.44644  -1.227   0.2197    
---
Signif. codes:  0 ‘***’ 0.001 ‘**’ 0.01 ‘*’ 0.05 ‘.’ 0.1 ‘ ’ 1

(Dispersion parameter for poisson family taken to be 1)

    Null deviance: 227.81  on 607  degrees of freedom
Residual deviance: 207.70  on 593  degrees of freedom
AIC: 323.7

Number of Fisher Scoring iterations: 15



Robust, Sandwich Standard Errors Account for Clustering:

z test of coefficients:

                       Estimate Std. Error  z value  Pr(>|z|)    
(Intercept)           -2.645140   0.391408  -6.7580 1.399e-11 ***
qentero16002           0.023707   0.346212   0.0685   0.94541    
qentero16003          -0.371540   0.569685  -0.6522   0.51428    
qentero16004           0.024511   0.558761   0.0439   0.96501    
female                 0.136335   0.281523   0.4843   0.62819    
racewhiteYes          -0.358356   0.440668  -0.8132   0.41610    
racewhiteMissing     -14.879071   0.544836 -27.3093 < 2.2e-16 ***
gichronYes           -14.450618   0.690722 -20.9210 < 2.2e-16 ***
anim_anyYes            0.813050   0.396771   2.0492   0.04045 *  
gicontactbaseYes      -0.578720   0.953253  -0.6071   0.54378    
gicontactbaseMissing   2.428197   0.473576   5.1274 2.938e-07 ***
rawfood                0.430051   0.368763   1.1662   0.24353    
beachMalibu            0.176753   0.476106   0.3712   0.71045    
beachMission Bay      -0.688607   0.549015  -1.2543   0.20975    
beachSurfside         -0.547973   0.422464  -1.2971   0.19460    
---
Signif. codes:  0 ‘***’ 0.001 ‘**’ 0.01 ‘*’ 0.05 ‘.’ 0.1 ‘ ’ 1

> 
> nps5to10 <- mpreg(diarrheaci10~qentero1600 +female+racewhite+gichron+anim_any+gicontactbase+rawfood+beach,dat=ad[ad$pointsource=="No" & ad$agestrat=="(4, 10]",],vcv=T)

Call:
glm(formula = formula, family = poisson(link = "log"), data = dat)

Deviance Residuals: 
    Min       1Q   Median       3Q      Max  
-0.8543  -0.3411  -0.2763  -0.2282   2.6014  

Coefficients:
                      Estimate Std. Error z value Pr(>|z|)    
(Intercept)           -2.90685    0.35961  -8.083  6.3e-16 ***
qentero16002          -0.03787    0.28371  -0.133   0.8938    
qentero16003           0.11678    0.35806   0.326   0.7443    
qentero16004          -0.64890    0.55789  -1.163   0.2448    
female                -0.34504    0.24646  -1.400   0.1615    
racewhiteYes           0.06237    0.30227   0.206   0.8365    
racewhiteMissing      -0.42160    1.04749  -0.402   0.6873    
gichronYes             1.47029    0.74189   1.982   0.0475 *  
anim_anyYes           -0.03926    0.29463  -0.133   0.8940    
gicontactbaseYes      -0.87715    1.01214  -0.867   0.3861    
gicontactbaseMissing -14.68458  842.19735  -0.017   0.9861    
rawfood               -0.98074    0.43564  -2.251   0.0244 *  
beachMalibu            0.71116    0.38291   1.857   0.0633 .  
beachMission Bay       0.80479    0.36916   2.180   0.0293 *  
beachSurfside         -0.38180    0.39725  -0.961   0.3365    
---
Signif. codes:  0 ‘***’ 0.001 ‘**’ 0.01 ‘*’ 0.05 ‘.’ 0.1 ‘ ’ 1

(Dispersion parameter for poisson family taken to be 1)

    Null deviance: 421.85  on 1384  degrees of freedom
Residual deviance: 391.73  on 1370  degrees of freedom
AIC: 563.73

Number of Fisher Scoring iterations: 15



Robust, Sandwich Standard Errors Account for Clustering:

z test of coefficients:

                       Estimate Std. Error  z value  Pr(>|z|)    
(Intercept)           -2.906853   0.368268  -7.8933 2.943e-15 ***
qentero16002          -0.037869   0.320648  -0.1181  0.905987    
qentero16003           0.116776   0.393991   0.2964  0.766931    
qentero16004          -0.648904   0.650374  -0.9977  0.318405    
female                -0.345042   0.225119  -1.5327  0.125347    
racewhiteYes           0.062367   0.384502   0.1622  0.871147    
racewhiteMissing      -0.421604   0.982931  -0.4289  0.667977    
gichronYes             1.470285   0.499115   2.9458  0.003221 ** 
anim_anyYes           -0.039261   0.330762  -0.1187  0.905515    
gicontactbaseYes      -0.877145   1.013941  -0.8651  0.386992    
gicontactbaseMissing -14.684575   0.360035 -40.7865 < 2.2e-16 ***
rawfood               -0.980735   0.461036  -2.1272  0.033400 *  
beachMalibu            0.711157   0.379509   1.8739  0.060946 .  
beachMission Bay       0.804792   0.449666   1.7898  0.073493 .  
beachSurfside         -0.381796   0.456445  -0.8365  0.402898    
---
Signif. codes:  0 ‘***’ 0.001 ‘**’ 0.01 ‘*’ 0.05 ‘.’ 0.1 ‘ ’ 1

> 
> nps11plus <- mpreg(diarrheaci10~qentero1600 +female+racewhite+gichron+anim_any+gicontactbase+rawfood+beach,dat=ad[ad$pointsource=="No" & ad$agestrat==">10",],vcv=T)

Call:
glm(formula = formula, family = poisson(link = "log"), data = dat)

Deviance Residuals: 
    Min       1Q   Median       3Q      Max  
-0.7248  -0.3517  -0.3200  -0.2725   2.3685  

Coefficients:
                      Estimate Std. Error z value Pr(>|z|)    
(Intercept)           -3.33981    0.29508 -11.318   <2e-16 ***
qentero16002           0.06220    0.19241   0.323   0.7465    
qentero16003           0.30554    0.24895   1.227   0.2197    
qentero16004           0.61445    0.33754   1.820   0.0687 .  
female                 0.15742    0.16584   0.949   0.3425    
racewhiteYes           0.51026    0.26379   1.934   0.0531 .  
racewhiteMissing     -12.68651  388.84280  -0.033   0.9740    
gichronYes             0.87820    0.36525   2.404   0.0162 *  
anim_anyYes            0.03250    0.20742   0.157   0.8755    
gicontactbaseYes       0.04608    0.38988   0.118   0.9059    
gicontactbaseMissing   0.85100    0.60299   1.411   0.1582    
rawfood                0.09481    0.18104   0.524   0.6005    
beachMalibu           -0.66183    0.35461  -1.866   0.0620 .  
beachMission Bay      -0.34211    0.32493  -1.053   0.2924    
beachSurfside         -0.23720    0.23093  -1.027   0.3043    
---
Signif. codes:  0 ‘***’ 0.001 ‘**’ 0.01 ‘*’ 0.05 ‘.’ 0.1 ‘ ’ 1

(Dispersion parameter for poisson family taken to be 1)

    Null deviance: 866.40  on 2727  degrees of freedom
Residual deviance: 841.74  on 2713  degrees of freedom
AIC: 1169.7

Number of Fisher Scoring iterations: 14



Robust, Sandwich Standard Errors Account for Clustering:

z test of coefficients:

                       Estimate Std. Error  z value Pr(>|z|)    
(Intercept)           -3.339808   0.306904 -10.8823  < 2e-16 ***
qentero16002           0.062197   0.195089   0.3188  0.74987    
qentero16003           0.305543   0.262068   1.1659  0.24366    
qentero16004           0.614447   0.350926   1.7509  0.07996 .  
female                 0.157420   0.158384   0.9939  0.32026    
racewhiteYes           0.510263   0.285225   1.7890  0.07362 .  
racewhiteMissing     -12.686509   0.392678 -32.3077  < 2e-16 ***
gichronYes             0.878205   0.342719   2.5625  0.01039 *  
anim_anyYes            0.032502   0.222681   0.1460  0.88395    
gicontactbaseYes       0.046079   0.369548   0.1247  0.90077    
gicontactbaseMissing   0.850997   0.581888   1.4625  0.14361    
rawfood                0.094812   0.182714   0.5189  0.60383    
beachMalibu           -0.661832   0.345927  -1.9132  0.05572 .  
beachMission Bay      -0.342114   0.375940  -0.9100  0.36281    
beachSurfside         -0.237200   0.241419  -0.9825  0.32584    
---
Signif. codes:  0 ‘***’ 0.001 ‘**’ 0.01 ‘*’ 0.05 ‘.’ 0.1 ‘ ’ 1

> 
> # Point-source estimates by age group
> ps0to4 <- mpreg(diarrheaci10~qentero1600 +female+racewhite+gichron+anim_any+gicontactbase+rawfood+beach,dat=ad[ad$pointsource=="Yes" & ad$agestrat=="(0, 4]",],vcv=T)

Call:
glm(formula = formula, family = poisson(link = "log"), data = dat)

Deviance Residuals: 
    Min       1Q   Median       3Q      Max  
-0.9857  -0.4520  -0.3894  -0.3271   2.3829  

Coefficients:
                      Estimate Std. Error z value Pr(>|z|)    
(Intercept)            -2.4103     0.7244  -3.327 0.000877 ***
qentero16002            0.3488     0.6324   0.552 0.581253    
qentero16003            0.2072     0.6234   0.332 0.739602    
qentero16004            0.5468     0.6396   0.855 0.392655    
female                 -0.2892     0.2150  -1.345 0.178658    
racewhiteYes            0.4324     0.3627   1.192 0.233261    
racewhiteMissing      -12.2438  1275.7540  -0.010 0.992343    
gichronYes              0.6479     0.7321   0.885 0.376175    
anim_anyYes             0.2287     0.2468   0.927 0.353927    
gicontactbaseYes        0.7695     0.3629   2.121 0.033945 *  
gicontactbaseMissing  -13.4393   734.6399  -0.018 0.985405    
rawfood                -0.2946     0.4018  -0.733 0.463467    
beachBoqueron          -0.4578     0.5001  -0.915 0.359983    
beachEdgewater         -0.4738     0.6792  -0.698 0.485405    
beachFairhope          -0.8087     0.4954  -1.632 0.102591    
beachGoddard           -1.4665     1.0755  -1.363 0.172726    
beachHuntington        -0.2706     0.5636  -0.480 0.631150    
beachSilver            -0.7899     0.3832  -2.061 0.039266 *  
beachWashington Park   -0.8380     0.4705  -1.781 0.074923 .  
beachWest              -1.2469     0.7897  -1.579 0.114355    
---
Signif. codes:  0 ‘***’ 0.001 ‘**’ 0.01 ‘*’ 0.05 ‘.’ 0.1 ‘ ’ 1

(Dispersion parameter for poisson family taken to be 1)

    Null deviance: 431.44  on 973  degrees of freedom
Residual deviance: 409.34  on 954  degrees of freedom
AIC: 631.34

Number of Fisher Scoring iterations: 13



Robust, Sandwich Standard Errors Account for Clustering:

z test of coefficients:

                      Estimate Std. Error  z value  Pr(>|z|)    
(Intercept)           -2.41028    0.64803  -3.7194 0.0001997 ***
qentero16002           0.34881    0.61641   0.5659 0.5714772    
qentero16003           0.20721    0.60319   0.3435 0.7312095    
qentero16004           0.54678    0.60618   0.9020 0.3670552    
female                -0.28915    0.20117  -1.4373 0.1506274    
racewhiteYes           0.43237    0.34809   1.2421 0.2141863    
racewhiteMissing     -12.24378    1.16254 -10.5319 < 2.2e-16 ***
gichronYes             0.64792    0.62726   1.0329 0.3016344    
anim_anyYes            0.22874    0.26969   0.8482 0.3963325    
gicontactbaseYes       0.76951    0.34435   2.2347 0.0254391 *  
gicontactbaseMissing -13.43927    0.81948 -16.3997 < 2.2e-16 ***
rawfood               -0.29461    0.39238  -0.7508 0.4527557    
beachBoqueron         -0.45776    0.47158  -0.9707 0.3317009    
beachEdgewater        -0.47382    0.66036  -0.7175 0.4730529    
beachFairhope         -0.80873    0.49099  -1.6471 0.0995283 .  
beachGoddard          -1.46648    1.05883  -1.3850 0.1660517    
beachHuntington       -0.27060    0.54802  -0.4938 0.6214584    
beachSilver           -0.78987    0.40283  -1.9608 0.0499003 *  
beachWashington Park  -0.83797    0.46586  -1.7988 0.0720564 .  
beachWest             -1.24686    0.77330  -1.6124 0.1068786    
---
Signif. codes:  0 ‘***’ 0.001 ‘**’ 0.01 ‘*’ 0.05 ‘.’ 0.1 ‘ ’ 1

> 
> ps5to10 <- mpreg(diarrheaci10~qentero1600 +female+racewhite+gichron+anim_any+gicontactbase+rawfood+beach,dat=ad[ad$pointsource=="Yes" & ad$agestrat=="(4, 10]",],vcv=T)

Call:
glm(formula = formula, family = poisson(link = "log"), data = dat)

Deviance Residuals: 
    Min       1Q   Median       3Q      Max  
-0.5642  -0.3241  -0.2741  -0.1490   2.7054  

Coefficients:
                       Estimate Std. Error z value Pr(>|z|)    
(Intercept)          -3.567e+00  6.945e-01  -5.135 2.82e-07 ***
qentero16002         -9.851e-01  7.901e-01  -1.247    0.212    
qentero16003          3.408e-01  6.438e-01   0.529    0.597    
qentero16004          6.764e-01  6.514e-01   1.038    0.299    
female               -7.608e-02  2.592e-01  -0.294    0.769    
racewhiteYes         -3.402e-02  3.354e-01  -0.101    0.919    
racewhiteMissing     -1.426e+01  1.998e+03  -0.007    0.994    
gichronYes           -1.401e+01  9.268e+02  -0.015    0.988    
gichronMissing       -1.330e+01  3.468e+03  -0.004    0.997    
anim_anyYes          -5.476e-04  3.052e-01  -0.002    0.999    
gicontactbaseYes      5.044e-01  4.736e-01   1.065    0.287    
gicontactbaseMissing -1.370e+01  1.713e+03  -0.008    0.994    
rawfood              -1.058e+00  7.239e-01  -1.461    0.144    
beachBoqueron        -5.213e-02  5.347e-01  -0.097    0.922    
beachEdgewater        4.084e-01  7.984e-01   0.512    0.609    
beachFairhope         3.038e-01  5.701e-01   0.533    0.594    
beachGoddard          1.277e-01  8.205e-01   0.156    0.876    
beachHuntington       9.181e-01  6.194e-01   1.482    0.138    
beachSilver          -2.161e-02  4.522e-01  -0.048    0.962    
beachWashington Park  3.960e-01  4.665e-01   0.849    0.396    
beachWest             6.594e-01  6.764e-01   0.975    0.330    
---
Signif. codes:  0 ‘***’ 0.001 ‘**’ 0.01 ‘*’ 0.05 ‘.’ 0.1 ‘ ’ 1

(Dispersion parameter for poisson family taken to be 1)

    Null deviance: 401.28  on 1576  degrees of freedom
Residual deviance: 373.58  on 1556  degrees of freedom
AIC: 539.58

Number of Fisher Scoring iterations: 15



Robust, Sandwich Standard Errors Account for Clustering:

z test of coefficients:

                        Estimate  Std. Error  z value  Pr(>|z|)    
(Intercept)          -3.5666e+00  6.6956e-01  -5.3268 9.998e-08 ***
qentero16002         -9.8514e-01  8.1483e-01  -1.2090    0.2267    
qentero16003          3.4080e-01  6.2351e-01   0.5466    0.5847    
qentero16004          6.7643e-01  6.1962e-01   1.0917    0.2750    
female               -7.6081e-02  2.5941e-01  -0.2933    0.7693    
racewhiteYes         -3.4016e-02  3.4132e-01  -0.0997    0.9206    
racewhiteMissing     -1.4265e+01  8.6198e-01 -16.5491 < 2.2e-16 ***
gichronYes           -1.4006e+01  3.9268e-01 -35.6667 < 2.2e-16 ***
gichronMissing       -1.3303e+01  1.4310e+00  -9.2961 < 2.2e-16 ***
anim_anyYes          -5.4765e-04  2.9314e-01  -0.0019    0.9985    
gicontactbaseYes      5.0442e-01  4.4241e-01   1.1402    0.2542    
gicontactbaseMissing -1.3696e+01  7.1602e-01 -19.1276 < 2.2e-16 ***
rawfood              -1.0576e+00  7.0743e-01  -1.4950    0.1349    
beachBoqueron        -5.2127e-02  5.7656e-01  -0.0904    0.9280    
beachEdgewater        4.0840e-01  7.7188e-01   0.5291    0.5967    
beachFairhope         3.0380e-01  5.7512e-01   0.5282    0.5973    
beachGoddard          1.2771e-01  7.8526e-01   0.1626    0.8708    
beachHuntington       9.1814e-01  6.7101e-01   1.3683    0.1712    
beachSilver          -2.1607e-02  4.3839e-01  -0.0493    0.9607    
beachWashington Park  3.9601e-01  4.4901e-01   0.8820    0.3778    
beachWest             6.5936e-01  6.4834e-01   1.0170    0.3092    
---
Signif. codes:  0 ‘***’ 0.001 ‘**’ 0.01 ‘*’ 0.05 ‘.’ 0.1 ‘ ’ 1

> 
> ps11plus <- mpreg(diarrheaci10~qentero1600 +female+racewhite+gichron+anim_any+gicontactbase+rawfood+beach,dat=ad[ad$pointsource=="Yes" & ad$agestrat==">10",],vcv=T)

Call:
glm(formula = formula, family = poisson(link = "log"), data = dat)

Deviance Residuals: 
    Min       1Q   Median       3Q      Max  
-0.7714  -0.3083  -0.2404  -0.2195   2.5524  

Coefficients:
                      Estimate Std. Error z value Pr(>|z|)    
(Intercept)           -3.34344    0.41981  -7.964 1.66e-15 ***
qentero16002           0.26109    0.40553   0.644  0.51968    
qentero16003           0.11572    0.38198   0.303  0.76192    
qentero16004           0.24967    0.39717   0.629  0.52960    
female                 0.14229    0.17858   0.797  0.42555    
racewhiteYes          -0.31657    0.25159  -1.258  0.20830    
racewhiteMissing       0.94050    1.03470   0.909  0.36337    
gichronYes             0.70137    0.37242   1.883  0.05966 .  
gichronMissing        -9.58937  469.32480  -0.020  0.98370    
anim_anyYes            0.02682    0.19976   0.134  0.89319    
gicontactbaseYes       0.83489    0.28288   2.951  0.00316 ** 
gicontactbaseMissing   1.71231    1.03182   1.659  0.09702 .  
rawfood                0.35406    0.20607   1.718  0.08577 .  
beachBoqueron         -0.64372    0.34350  -1.874  0.06093 .  
beachEdgewater        -1.17601    1.02758  -1.144  0.25244    
beachFairhope          0.68730    0.43347   1.586  0.11284    
beachGoddard          -0.27936    0.62999  -0.443  0.65745    
beachHuntington        0.83566    0.56086   1.490  0.13624    
beachSilver            0.28844    0.33877   0.851  0.39453    
beachWashington Park   0.33683    0.37255   0.904  0.36593    
beachWest              0.46613    0.45055   1.035  0.30087    
---
Signif. codes:  0 ‘***’ 0.001 ‘**’ 0.01 ‘*’ 0.05 ‘.’ 0.1 ‘ ’ 1

(Dispersion parameter for poisson family taken to be 1)

    Null deviance: 816.07  on 3101  degrees of freedom
Residual deviance: 775.59  on 3081  degrees of freedom
AIC: 1073.6

Number of Fisher Scoring iterations: 11



Robust, Sandwich Standard Errors Account for Clustering:

z test of coefficients:

                      Estimate Std. Error z value  Pr(>|z|)    
(Intercept)          -3.343437   0.382969 -8.7303 < 2.2e-16 ***
qentero16002          0.261093   0.407764  0.6403  0.521975    
qentero16003          0.115724   0.379564  0.3049  0.760452    
qentero16004          0.249668   0.388299  0.6430  0.520238    
female                0.142295   0.173315  0.8210  0.411637    
racewhiteYes         -0.316565   0.234752 -1.3485  0.177495    
racewhiteMissing      0.940504   0.920613  1.0216  0.306967    
gichronYes            0.701371   0.359649  1.9502  0.051158 .  
gichronMissing       -9.589370   1.448835 -6.6187 3.624e-11 ***
anim_anyYes           0.026821   0.194464  0.1379  0.890299    
gicontactbaseYes      0.834888   0.296088  2.8197  0.004806 ** 
gicontactbaseMissing  1.712307   0.984827  1.7387  0.082090 .  
rawfood               0.354059   0.213313  1.6598  0.096952 .  
beachBoqueron        -0.643717   0.310000 -2.0765  0.037847 *  
beachEdgewater       -1.176015   1.029370 -1.1425  0.253263    
beachFairhope         0.687300   0.421648  1.6300  0.103095    
beachGoddard         -0.279362   0.624833 -0.4471  0.654803    
beachHuntington       0.835659   0.531422  1.5725  0.115836    
beachSilver           0.288438   0.326830  0.8825  0.377489    
beachWashington Park  0.336830   0.405842  0.8300  0.406565    
beachWest             0.466127   0.490137  0.9510  0.341597    
---
Signif. codes:  0 ‘***’ 0.001 ‘**’ 0.01 ‘*’ 0.05 ‘.’ 0.1 ‘ ’ 1

> 
> 
> # --------------------------------------
> # Calculate adjusted CIRs and 95% CIs
> # From the regression coefficients
> # --------------------------------------
> 
> # function to get Estimates and CIs for quartiles of exposure
> # NOTE: assumes that the quartiles exposure variables are #s 2-4
> CIRquartiles <- function(x,vcv) {
+ 	# x : log-linear model object returned from coeftest (class=coeftest)
+ 	# vcv : variance-covariance matrix of coefficients for robust SEs
+ 	lc2 <- c(0,1,rep(0,nrow(x)-2))
+ 	lc3 <- c(0,0,1,rep(0,nrow(x)-3))
+ 	lc4 <- c(0,0,0,1,rep(0,nrow(x)-4))	
+ 	estci <- function(lc,x,vcv) {
+ 		est <- exp(t(lc)%*%x[,1])
+ 		se  <- sqrt( t(lc)%*%vcv%*%lc )
+ 		lb <- exp(log(est)-1.96*se)
+ 		ub <- exp(log(est)+1.96*se)
+ 		res <- c(est,lb,ub)
+ 		return(res)
+ 	}
+ 	cirs <- t(sapply(list(lc2,lc3,lc4),estci,x=x,vcv=vcv))
+ 	colnames(cirs) <- c("CIR","CIRlb","CIRub")
+ 	rownames(cirs) <- paste("Entero1600-Q",2:4,sep="")
+ 	return(cirs)
+ }
> 
> cir.all <- CIRquartiles(overall.fit,all.VC)
> 
> cir.nps <- CIRquartiles(nps$fit,nps$vcovCL)
> cir.ps  <- CIRquartiles(ps$fit,  ps$vcovCL)
> 
> cir.age0to4   <- CIRquartiles(age0to4$fit,  age0to4$vcovCL)
> cir.age5to10  <- CIRquartiles(age5to10$fit, age5to10$vcovCL)
> cir.age11plus <- CIRquartiles(age11plus$fit,age11plus$vcovCL)
> 
> cir.nps0to4   <- CIRquartiles(nps0to4$fit,  nps0to4$vcovCL)
> cir.nps5to10  <- CIRquartiles(nps5to10$fit, nps5to10$vcovCL)
> cir.nps11plus <- CIRquartiles(nps11plus$fit,nps11plus$vcovCL)
> 
> cir.ps0to4   <- CIRquartiles(ps0to4$fit,  ps0to4$vcovCL)
> cir.ps5to10  <- CIRquartiles(ps5to10$fit, ps5to10$vcovCL)
> cir.ps11plus <- CIRquartiles(ps11plus$fit,ps11plus$vcovCL)
> 
> 
> # --------------------------------------
> # Print N counts to the log file
> # --------------------------------------
> N.all
    n    N
1 112 2265
2 162 3462
3 141 2827
4 137 1964
> N.age0to4
   n   N
1 20 276
2 39 480
3 32 462
4 43 364
> N.age5to10
   n   N
1 31 651
2 28 879
3 38 770
4 36 662
> N.age11plus
   n    N
1 61 1331
2 91 2064
3 69 1559
4 56  876
> N.nps
    n    N
1  97 1835
2 101 1815
3  47  776
4  20  343
> N.ps
    n    N
1  15  430
2  61 1647
3  94 2051
4 117 1621
> N.nps0to4
   n   N
1 17 227
2 18 226
3  5 110
4  3  45
> N.nps5to10
   n   N
1 28 542
2 24 490
3 15 232
4  4 121
> N.nps11plus
   n    N
1 52 1059
2 58 1081
3 26  420
4 13  168
> N.ps0to4
   n   N
1  3  49
2 21 254
3 27 352
4 40 319
> N.ps5to10
   n   N
1  3 109
2  4 389
3 23 538
4 32 541
> N.ps11plus
   n    N
1  9  272
2 33  983
3 43 1139
4 43  708
> 
> # --------------------------------------
> # Print Cumulative Incidence estimates
> # to the log file
> # --------------------------------------
> ci.all
           CI       CIlb       CIub
Q1 0.04944812 0.04027336 0.06071302
Q2 0.04679376 0.03923683 0.05580614
Q3 0.04987619 0.04157775 0.05983092
Q4 0.06975560 0.05799561 0.08390020
> ci.0to4
           CI       CIlb      CIub
Q1 0.07246377 0.04557215 0.1152238
Q2 0.08125000 0.05927460 0.1113725
Q3 0.06926407 0.04869492 0.0985218
Q4 0.11813187 0.08742190 0.1596298
> ci.5to10
           CI       CIlb       CIub
Q1 0.04761905 0.03343585 0.06781864
Q2 0.03185438 0.02046601 0.04957985
Q3 0.04935065 0.03510211 0.06938291
Q4 0.05438066 0.03863279 0.07654785
> ci.11plus
           CI       CIlb       CIub
Q1 0.04583020 0.03551112 0.05914788
Q2 0.04408915 0.03555377 0.05467360
Q3 0.04425914 0.03471772 0.05642282
Q4 0.06392694 0.04881425 0.08371846
> ci.ps
           CI       CIlb       CIub
Q1 0.03488372 0.02119733 0.05740696
Q2 0.03703704 0.02800623 0.04897990
Q3 0.04583130 0.03715035 0.05654074
Q4 0.07217767 0.05907901 0.08818048
> ci.nps
           CI       CIlb       CIub
Q1 0.05286104 0.04226326 0.06611627
Q2 0.05564738 0.04437858 0.06977760
Q3 0.06056701 0.04274656 0.08581656
Q4 0.05830904 0.03622489 0.09385657
> 
> 
> # --------------------------------------
> # Print CIR estimates to the log file
> # --------------------------------------
> 
> cir.all
                   CIR     CIRlb    CIRub
Entero1600-Q2 1.065532 0.8029322 1.414014
Entero1600-Q3 1.111012 0.8140804 1.516248
Entero1600-Q4 1.399142 1.0026987 1.952330
> cir.nps
                   CIR     CIRlb    CIRub
Entero1600-Q2 1.036112 0.7501421 1.431101
Entero1600-Q3 1.142443 0.7377330 1.769172
Entero1600-Q4 1.079152 0.6070244 1.918488
> cir.ps
                   CIR     CIRlb    CIRub
Entero1600-Q2 1.170854 0.6389658 2.145496
Entero1600-Q3 1.223543 0.7023240 2.131578
Entero1600-Q4 1.684024 0.9664995 2.934235
> cir.age0to4
                    CIR     CIRlb    CIRub
Entero1600-Q2 1.0341077 0.5845532 1.829395
Entero1600-Q3 0.7921972 0.4223528 1.485906
Entero1600-Q4 1.2227052 0.6352683 2.353349
> cir.age5to10
                    CIR     CIRlb    CIRub
Entero1600-Q2 0.8153307 0.4388759 1.514697
Entero1600-Q3 1.1541736 0.6429807 2.071783
Entero1600-Q4 1.2309863 0.6753404 2.243798
> cir.age11plus
                   CIR     CIRlb    CIRub
Entero1600-Q2 1.130378 0.8035579 1.590122
Entero1600-Q3 1.218957 0.8126338 1.828446
Entero1600-Q4 1.506666 0.9335243 2.431690
> cir.nps0to4
                    CIR     CIRlb    CIRub
Entero1600-Q2 1.0239904 0.5195101 2.018356
Entero1600-Q3 0.6896711 0.2257962 2.106529
Entero1600-Q4 1.0248137 0.3427821 3.063880
> cir.nps5to10
                    CIR     CIRlb    CIRub
Entero1600-Q2 0.9628389 0.5135852 1.805073
Entero1600-Q3 1.1238672 0.5192100 2.432691
Entero1600-Q4 0.5226182 0.1460748 1.869794
> cir.nps11plus
                   CIR     CIRlb    CIRub
Entero1600-Q2 1.064172 0.7260205 1.559822
Entero1600-Q3 1.357362 0.8121170 2.268677
Entero1600-Q4 1.848633 0.9292581 3.677605
> cir.ps0to4
                   CIR     CIRlb    CIRub
Entero1600-Q2 1.417379 0.4234397 4.744393
Entero1600-Q3 1.230238 0.3771719 4.012722
Entero1600-Q4 1.727679 0.5265864 5.668350
> cir.ps5to10
                    CIR      CIRlb    CIRub
Entero1600-Q2 0.3733863 0.07560631 1.843990
Entero1600-Q3 1.4060785 0.41425145 4.772601
Entero1600-Q4 1.9668499 0.58389961 6.625280
> cir.ps11plus
                   CIR     CIRlb    CIRub
Entero1600-Q2 1.298348 0.5838424 2.887265
Entero1600-Q3 1.122686 0.5335399 2.362380
Entero1600-Q4 1.283599 0.5996565 2.747619
> 
> 
> # --------------------------------------
> # save the results
> # exclude glm objects and data frames
> # (they are really large)
> # --------------------------------------
> save(
+ 	overall.fit,all.VC,age0to4,age5to10,age11plus,
+ 	nps,nps0to4,nps5to10,nps11plus,
+ 	ps,ps0to4,ps5to10,ps11plus,
+ 	
+ 	hufit,sifit,wpfit,wefit,avfit,bofit,dhfit,edfit,fafit,gdfit,mafit,mbfit,sufit,
+ 	
+ 	N.all,N.age0to4,N.age5to10,N.age11plus,
+ 	N.nps,N.nps0to4,N.nps5to10,N.nps11plus,
+ 	N.ps,N.ps0to4,N.ps5to10,N.ps11plus,
+ 	
+ 	ci.all,ci.0to4,ci.5to10,ci.11plus,ci.ps,ci.nps,
+ 	
+ 	cir.all,cir.age0to4,cir.age5to10,cir.age11plus,
+ 	cir.nps,cir.nps0to4,cir.nps5to10,cir.nps11plus,
+ 	cir.ps,cir.ps0to4,cir.ps5to10,cir.ps11plus,
+ 
+ 	file="~/dropbox/13beaches/aim1-results/rawoutput/aim1-entero1600-Quartile-regs-head.Rdata"
+ 	)
> 
> 
> 
> 
> 
> 
> 
> 
> 
> 
> proc.time()
   user  system elapsed 
 86.539  10.178 100.868 
