
R version 3.2.0 (2015-04-16) -- "Full of Ingredients"
Copyright (C) 2015 The R Foundation for Statistical Computing
Platform: x86_64-apple-darwin13.4.0 (64-bit)

R is free software and comes with ABSOLUTELY NO WARRANTY.
You are welcome to redistribute it under certain conditions.
Type 'license()' or 'licence()' for distribution details.

  Natural language support but running in an English locale

R is a collaborative project with many contributors.
Type 'contributors()' for more information and
'citation()' on how to cite R or R packages in publications.

Type 'demo()' for some demos, 'help()' for on-line help, or
'help.start()' for an HTML browser interface to help.
Type 'q()' to quit R.

[Previously saved workspace restored]

> 
> 
> 
> 
> # --------------------------------------
> # 2-aim1-entero1600-Quartile-regs-head.R
> # ben arnold (benarnold@berkeley.edu)
> #
> # description:
> # estimate the association between water
> # quality indicator concentrations and
> # the risk of Diarrhea among swimmers
> # for the 13 beaches study
> #
> # Analyses are conducted for EPA 1600
> # Among Swimmers with head immersion
> #
> # NOTE: this script is identical to
> # 2-aim1-entero1600-Quartile-regs-body.R
> #
> # It just subsets the data to swimmers
> # with head immersion rather than swimmers
> # with body immersion
> #
> # --------------------------------------
> 
> # --------------------------------------
> # preamble
> # --------------------------------------
> 
> rm(list=ls())
> library(sandwich)
> library(lmtest)
Loading required package: zoo

Attaching package: ‘zoo’

The following objects are masked from ‘package:base’:

    as.Date, as.Date.numeric

> 
> # source the base functions
> source("~/dropbox/13beaches/src/aim1/0-aim1-base-functions.R")
> 
> # --------------------------------------
> # load the and pre-preprocess the 
> # analysis dataset
> # (refer to the base functions script
> # for details on the pre-processing)
> # --------------------------------------
> 
> ad <- preprocess.13beaches("~/dropbox/13beaches/data/final/13beaches-analysis.csv")

Successfully loaded the data
 Total sample size = 84411 

Dropping individuals with GI illness at enrollment
 N = 1948 

Final sample size = 82463 

Subsetting the data to relevant variables and completing final variable pre-processing> 
> # drop individuals with no water quality information
> table(ad$nowq)

    0     1 
81531   932 
> ad <- subset(ad,nowq==0)
> dim(ad)
[1] 81531    50
> 
> 
> # subset to non-missing exposure categories
> # to make the robust CI calcs work
> table(ad$headunder)

   No   Yes 
45649 35882 
> ad <- subset(ad,ad$headunder=="Yes")
> 	dim(ad)
[1] 35882    50
> table(ad$qentero1600)

    1     2     3     4 
 7000 11510 10081  7291 
> ad <- subset(ad,is.na(ad$qentero1600)==FALSE)
> 	dim(ad)
[1] 35882    50
> 
> 
> # --------------------------------------
> # Calculate the actual Ns for each cell
> # and store them for plotting and tables
> # --------------------------------------
> 
> # --------------------------------------
> # Summarize 
> # the number of swimmers and number
> # of cumulative incident episodes by
> # quartile of Entero 1600
> # --------------------------------------
> calcNs <- function(outcome,exposurecat) {
+   n <- tapply(outcome,exposurecat,sum)
+   N <- tapply(outcome,exposurecat,function(x) length(x))
+   cbind(n,N)
+ }
> 
> # overall
> N.all <- calcNs(ad$diarrheaci10,ad$qentero1600)
> # age stratified
> N.age0to4   <- calcNs(ad$diarrheaci10[ad$agestrat=="(0, 4]"],ad$qentero1600[ad$agestrat=="(0, 4]"] )
> N.age5to10  <- calcNs(ad$diarrheaci10[ad$agestrat=="(4, 10]"],ad$qentero1600[ad$agestrat=="(4, 10]"] )
> N.age11plus <- calcNs(ad$diarrheaci10[ad$agestrat==">10"],ad$qentero1600[ad$agestrat==">10"] )
> # point source vs. non-point source stratified
> N.nps <- calcNs(ad$diarrheaci10[ad$pointsource=="No"], ad$qentero1600[ad$pointsource=="No"])
> N.ps  <- calcNs(ad$diarrheaci10[ad$pointsource=="Yes"],ad$qentero1600[ad$pointsource=="Yes"])
> # age and point source stratified
> N.nps0to4   <- calcNs(ad$diarrheaci10[ad$agestrat=="(0, 4]" & ad$pointsource=="No"],ad$qentero1600[ad$agestrat=="(0, 4]" & ad$pointsource=="No"] )
> N.nps5to10  <- calcNs(ad$diarrheaci10[ad$agestrat=="(4, 10]" & ad$pointsource=="No"],ad$qentero1600[ad$agestrat=="(4, 10]" & ad$pointsource=="No"] )
> N.nps11plus <- calcNs(ad$diarrheaci10[ad$agestrat==">10" & ad$pointsource=="No"],ad$qentero1600[ad$agestrat==">10" & ad$pointsource=="No"] )
> 
> N.ps0to4   <- calcNs(ad$diarrheaci10[ad$agestrat=="(0, 4]" & ad$pointsource=="Yes"],ad$qentero1600[ad$agestrat=="(0, 4]" & ad$pointsource=="Yes"] )
> N.ps5to10  <- calcNs(ad$diarrheaci10[ad$agestrat=="(4, 10]" & ad$pointsource=="Yes"],ad$qentero1600[ad$agestrat=="(4, 10]" & ad$pointsource=="Yes"] )
> N.ps11plus <- calcNs(ad$diarrheaci10[ad$agestrat==">10" & ad$pointsource=="Yes"],ad$qentero1600[ad$agestrat==">10" & ad$pointsource=="Yes"] )
> 
> 
> # --------------------------------------
> # Calculate unadjusted 
> # Cumulative Incidence Rates
> # and robust 95% CIs using a saturated, 
> # unadjusted model
> # (just using the models to get the robust
> # SEs that account for HH clustering)
> # --------------------------------------
> 
> # fit the saturated models
> # for now, only doing this for the overall results
> # (not stratified by point/nonpoint because the
> #  sample sizes are really small with the double stratification)
> 
> # All Ages
> allci <- mpreg(diarrheaci10~qentero1600,dat=ad,vcv=T)

Call:
glm(formula = formula, family = poisson(link = "log"), data = dat)

Deviance Residuals: 
    Min       1Q   Median       3Q      Max  
-0.3250  -0.2938  -0.2893  -0.2705   2.1656  

Coefficients:
             Estimate Std. Error z value Pr(>|z|)    
(Intercept)  -3.17349    0.05842 -54.321  < 2e-16 ***
qentero16002 -0.13485    0.07608  -1.772  0.07633 .  
qentero16003  0.03043    0.07558   0.403  0.68720    
qentero16004  0.23234    0.07753   2.997  0.00273 ** 
---
Signif. codes:  0 ‘***’ 0.001 ‘**’ 0.01 ‘*’ 0.05 ‘.’ 0.1 ‘ ’ 1

(Dispersion parameter for poisson family taken to be 1)

    Null deviance: 9671.4  on 35881  degrees of freedom
Residual deviance: 9644.4  on 35878  degrees of freedom
AIC: 12720

Number of Fisher Scoring iterations: 6



Robust, Sandwich Standard Errors Account for Clustering:

z test of coefficients:

              Estimate Std. Error  z value Pr(>|z|)    
(Intercept)  -3.173493   0.065546 -48.4163  < 2e-16 ***
qentero16002 -0.134846   0.086250  -1.5634  0.11795    
qentero16003  0.030431   0.085994   0.3539  0.72343    
qentero16004  0.232340   0.087354   2.6597  0.00782 ** 
---
Signif. codes:  0 ‘***’ 0.001 ‘**’ 0.01 ‘*’ 0.05 ‘.’ 0.1 ‘ ’ 1

> 
> # Ages 0 - 4
> age0to4ci <- mpreg(diarrheaci10~qentero1600,dat=ad[ad$agestrat=="(0, 4]",],vcv=T)

Call:
glm(formula = formula, family = poisson(link = "log"), data = dat)

Deviance Residuals: 
    Min       1Q   Median       3Q      Max  
-0.4420  -0.3719  -0.3489  -0.3176   2.0186  

Coefficients:
             Estimate Std. Error z value Pr(>|z|)    
(Intercept)   -2.7990     0.1890 -14.811   <2e-16 ***
qentero16002   0.1274     0.2329   0.547   0.5842    
qentero16003  -0.1879     0.2464  -0.763   0.4457    
qentero16004   0.4729     0.2271   2.082   0.0373 *  
---
Signif. codes:  0 ‘***’ 0.001 ‘**’ 0.01 ‘*’ 0.05 ‘.’ 0.1 ‘ ’ 1

(Dispersion parameter for poisson family taken to be 1)

    Null deviance: 988.95  on 2678  degrees of freedom
Residual deviance: 977.32  on 2675  degrees of freedom
AIC: 1355.3

Number of Fisher Scoring iterations: 6



Robust, Sandwich Standard Errors Account for Clustering:

z test of coefficients:

             Estimate Std. Error  z value Pr(>|z|)    
(Intercept)  -2.79902    0.19414 -14.4172  < 2e-16 ***
qentero16002  0.12743    0.23917   0.5328  0.59418    
qentero16003 -0.18792    0.25699  -0.7312  0.46463    
qentero16004  0.47291    0.23281   2.0313  0.04222 *  
---
Signif. codes:  0 ‘***’ 0.001 ‘**’ 0.01 ‘*’ 0.05 ‘.’ 0.1 ‘ ’ 1

> 
> # Ages 5 - 10
> age5to10ci <- mpreg(diarrheaci10~qentero1600,dat=ad[ad$agestrat=="(4, 10]",],vcv=T)

Call:
glm(formula = formula, family = poisson(link = "log"), data = dat)

Deviance Residuals: 
    Min       1Q   Median       3Q      Max  
-0.3189  -0.2951  -0.2951  -0.2346   2.2892  

Coefficients:
             Estimate Std. Error z value Pr(>|z|)    
(Intercept)   -3.2699     0.1348 -24.250   <2e-16 ***
qentero16002  -0.3228     0.1890  -1.708   0.0876 .  
qentero16003   0.1359     0.1719   0.791   0.4291    
qentero16004   0.2908     0.1688   1.723   0.0849 .  
---
Signif. codes:  0 ‘***’ 0.001 ‘**’ 0.01 ‘*’ 0.05 ‘.’ 0.1 ‘ ’ 1

(Dispersion parameter for poisson family taken to be 1)

    Null deviance: 1913.8  on 7446  degrees of freedom
Residual deviance: 1898.8  on 7443  degrees of freedom
AIC: 2500.8

Number of Fisher Scoring iterations: 6



Robust, Sandwich Standard Errors Account for Clustering:

z test of coefficients:

             Estimate Std. Error  z value Pr(>|z|)    
(Intercept)  -3.26991    0.13889 -23.5432   <2e-16 ***
qentero16002 -0.32282    0.20339  -1.5872   0.1125    
qentero16003  0.13590    0.18041   0.7533   0.4513    
qentero16004  0.29081    0.17732   1.6401   0.1010    
---
Signif. codes:  0 ‘***’ 0.001 ‘**’ 0.01 ‘*’ 0.05 ‘.’ 0.1 ‘ ’ 1

> 
> # Ages >10
> age11plusci <- mpreg(diarrheaci10~qentero1600,dat=ad[ad$agestrat==">10",],vcv=T)

Call:
glm(formula = formula, family = poisson(link = "log"), data = dat)

Deviance Residuals: 
    Min       1Q   Median       3Q      Max  
-0.3119  -0.2917  -0.2886  -0.2650   2.1837  

Coefficients:
             Estimate Std. Error z value Pr(>|z|)    
(Intercept)  -3.17845    0.06901 -46.060   <2e-16 ***
qentero16002 -0.17081    0.09004  -1.897   0.0578 .  
qentero16003  0.02110    0.08991   0.235   0.8145    
qentero16004  0.15495    0.09626   1.610   0.1075    
---
Signif. codes:  0 ‘***’ 0.001 ‘**’ 0.01 ‘*’ 0.05 ‘.’ 0.1 ‘ ’ 1

(Dispersion parameter for poisson family taken to be 1)

    Null deviance: 6595.1  on 25198  degrees of freedom
Residual deviance: 6581.0  on 25195  degrees of freedom
AIC: 8653

Number of Fisher Scoring iterations: 6



Robust, Sandwich Standard Errors Account for Clustering:

z test of coefficients:

              Estimate Std. Error  z value Pr(>|z|)    
(Intercept)  -3.178451   0.072785 -43.6689  < 2e-16 ***
qentero16002 -0.170808   0.095646  -1.7858  0.07413 .  
qentero16003  0.021097   0.095552   0.2208  0.82526    
qentero16004  0.154954   0.101997   1.5192  0.12871    
---
Signif. codes:  0 ‘***’ 0.001 ‘**’ 0.01 ‘*’ 0.05 ‘.’ 0.1 ‘ ’ 1

> 
> # Point source
> psci <- mpreg(diarrheaci10~qentero1600,dat=ad[ad$pointsource=="Yes",],vcv=T)

Call:
glm(formula = formula, family = poisson(link = "log"), data = dat)

Deviance Residuals: 
    Min       1Q   Median       3Q      Max  
-0.3297  -0.3297  -0.2833  -0.2508   2.2321  

Coefficients:
             Estimate Std. Error z value Pr(>|z|)    
(Intercept)  -3.13114    0.11952 -26.197   <2e-16 ***
qentero16002 -0.32849    0.13933  -2.358   0.0184 *  
qentero16003 -0.08417    0.13218  -0.637   0.5243    
qentero16004  0.21882    0.13132   1.666   0.0956 .  
---
Signif. codes:  0 ‘***’ 0.001 ‘**’ 0.01 ‘*’ 0.05 ‘.’ 0.1 ‘ ’ 1

(Dispersion parameter for poisson family taken to be 1)

    Null deviance: 5815.0  on 21845  degrees of freedom
Residual deviance: 5775.6  on 21842  degrees of freedom
AIC: 7617.6

Number of Fisher Scoring iterations: 6



Robust, Sandwich Standard Errors Account for Clustering:

z test of coefficients:

              Estimate Std. Error  z value Pr(>|z|)    
(Intercept)  -3.131137   0.121064 -25.8635  < 2e-16 ***
qentero16002 -0.328491   0.145896  -2.2515  0.02435 *  
qentero16003 -0.084166   0.136844  -0.6150  0.53852    
qentero16004  0.218818   0.135933   1.6097  0.10745    
---
Signif. codes:  0 ‘***’ 0.001 ‘**’ 0.01 ‘*’ 0.05 ‘.’ 0.1 ‘ ’ 1

> 
> # Non-point source
> npsci <- mpreg(diarrheaci10~qentero1600,dat=ad[ad$pointsource=="No",],vcv=T)

Call:
glm(formula = formula, family = poisson(link = "log"), data = dat)

Deviance Residuals: 
    Min       1Q   Median       3Q      Max  
-0.3273  -0.2918  -0.2918  -0.2875   2.1108  

Coefficients:
             Estimate Std. Error z value Pr(>|z|)    
(Intercept)  -3.18643    0.06696 -47.584   <2e-16 ***
qentero16002  0.02999    0.09439   0.318   0.7507    
qentero16003  0.25954    0.11291   2.299   0.0215 *  
qentero16004  0.05929    0.16050   0.369   0.7118    
---
Signif. codes:  0 ‘***’ 0.001 ‘**’ 0.01 ‘*’ 0.05 ‘.’ 0.1 ‘ ’ 1

(Dispersion parameter for poisson family taken to be 1)

    Null deviance: 3855.6  on 14035  degrees of freedom
Residual deviance: 3850.1  on 14032  degrees of freedom
AIC: 5092.1

Number of Fisher Scoring iterations: 6



Robust, Sandwich Standard Errors Account for Clustering:

z test of coefficients:

              Estimate Std. Error  z value Pr(>|z|)    
(Intercept)  -3.186427   0.077305 -41.2186  < 2e-16 ***
qentero16002  0.029991   0.109210   0.2746  0.78361    
qentero16003  0.259540   0.136256   1.9048  0.05681 .  
qentero16004  0.059293   0.178487   0.3322  0.73974    
---
Signif. codes:  0 ‘***’ 0.001 ‘**’ 0.01 ‘*’ 0.05 ‘.’ 0.1 ‘ ’ 1

> 
> # function to get Estimates and CIs from a linear combination of regression coefficients
> lccalc <- function(lc,x,vcv) {
+ 	# lc : linear combination of coefficients
+ 	# x : log-linear model object returned from coeftest (class=coeftest)
+ 	# vcv : variance-covariance matrix of coefficients for robust SEs
+ 	est <- exp(t(lc)%*%x[,1])
+ 	se  <- sqrt( t(lc)%*%vcv%*%lc )
+ 	lb <- exp(log(est)-1.96*se)
+ 	ub <- exp(log(est)+1.96*se)
+ 	res <- c(est,lb,ub)
+ 	return(res)
+ }
> getCI <- function(fit,vcv) {
+ 	# fit : an object returned from coeftest w/ 4 parameters corresponding to Q1-Q4 cumulative incidence
+ 	# vcv : variance-covariance matrix for coefficients in the fit object
+ 	lc1 <- lc2 <- lc3 <- lc4 <- rep(0,nrow(fit))
+ 	lc1[c(1)  ] <- 1
+ 	lc2[c(1,2)] <- 1
+ 	lc3[c(1,3)] <- 1
+ 	lc4[c(1,4)] <- 1
+ 	lcs <- list(lc1,lc2,lc3,lc4)
+ 	res <- t(sapply(lcs,lccalc,x=fit,vcv=vcv))
+ 	colnames(res) <- c("CI","CIlb","CIub")
+ 	rownames(res) <- paste("Q",1:4,sep="")
+ 	return(res)
+ }
> 
> 
> 
> ci.all    <- getCI(allci$fit,allci$vcovCL)
> ci.0to4   <- getCI(age0to4ci$fit,age0to4ci$vcovCL)
> ci.5to10  <- getCI(age5to10ci$fit,age5to10ci$vcovCL)
> ci.11plus <- getCI(age11plusci$fit,age11plusci$vcovCL)
> 
> ci.ps  <- getCI(psci$fit,psci$vcovCL)
> ci.nps <- getCI(npsci$fit,npsci$vcovCL)
> 
> # --------------------------------------
> # Test for interaction (effect modification)
> # by environmental conditions at
> # Avalon and Doheny beaches
> # --------------------------------------
> 
> # Avalon
> # Above versus below median groundwater flow
> # See Yau et al. 2014 Wat Res for details
> av.h.noint <-glm(diarrheaci10~ qentero1600+groundwater +agecat+female+racewhite+gichron+anim_any+gicontactbase+rawfood,family=poisson(link="log"),data=ad[ad$beach=="Avalon",])
> av.h <-glm(diarrheaci10~ qentero1600*groundwater +agecat+female+racewhite+gichron+anim_any+gicontactbase+rawfood,family=poisson(link="log"),data=ad[ad$beach=="Avalon",])
> 	lrtest(av.h.noint,av.h)
Likelihood ratio test

Model 1: diarrheaci10 ~ qentero1600 + groundwater + agecat + female + 
    racewhite + gichron + anim_any + gicontactbase + rawfood
Model 2: diarrheaci10 ~ qentero1600 * groundwater + agecat + female + 
    racewhite + gichron + anim_any + gicontactbase + rawfood
  #Df  LogLik Df  Chisq Pr(>Chisq)  
1  22 -606.05                       
2  25 -602.43  3 7.2467    0.06444 .
---
Signif. codes:  0 ‘***’ 0.001 ‘**’ 0.01 ‘*’ 0.05 ‘.’ 0.1 ‘ ’ 1
> 
> # Doheny
> # Sand berm open vs. closed
> # See Colford et al. 2012 Wat Res for details
> dh.h.noint <-glm(diarrheaci10~qentero1600+berm +agecat+female+racewhite+gichron+anim_any+gicontactbase+rawfood,family=poisson(link="log"),data=ad[ad$beach=="Doheny",])
> dh.h <-glm(diarrheaci10~ qentero1600*berm +agecat+female+racewhite+gichron+anim_any+gicontactbase+rawfood,family=poisson(link="log"),data=ad[ad$beach=="Doheny",])
> 	lrtest(dh.h.noint,dh.h)
Likelihood ratio test

Model 1: diarrheaci10 ~ qentero1600 + berm + agecat + female + racewhite + 
    gichron + anim_any + gicontactbase + rawfood
Model 2: diarrheaci10 ~ qentero1600 * berm + agecat + female + racewhite + 
    gichron + anim_any + gicontactbase + rawfood
  #Df  LogLik Df Chisq Pr(>Chisq)  
1  21 -549.68                      
2  24 -546.38  3 6.601    0.08576 .
---
Signif. codes:  0 ‘***’ 0.001 ‘**’ 0.01 ‘*’ 0.05 ‘.’ 0.1 ‘ ’ 1
> 
> # --------------------------------------
> # Beach Specific Stratified Estimates
> # --------------------------------------
> 
> # --------------------------------------
> # Freshwater beaches
> 
> # Huntington
> hufit <- mpreg(diarrheaci10~qentero1600 +agecat+female+racewhite+gichron+anim_any+gicontactbase+rawfood,dat=ad[ad$beach=="Huntington",],vcv=T)

Call:
glm(formula = formula, family = poisson(link = "log"), data = dat)

Deviance Residuals: 
    Min       1Q   Median       3Q      Max  
-0.8307  -0.4796  -0.4292  -0.2808   2.2475  

Coefficients:
                   Estimate Std. Error z value Pr(>|z|)    
(Intercept)      -2.874e+00  7.292e-01  -3.942 8.08e-05 ***
qentero16003     -1.614e-01  3.992e-01  -0.404    0.686    
qentero16004      1.615e-01  3.537e-01   0.457    0.648    
agecat5-14       -7.583e-02  4.702e-01  -0.161    0.872    
agecat15-24      -1.247e+00  8.209e-01  -1.519    0.129    
agecat25-34      -1.578e-01  6.081e-01  -0.259    0.795    
agecat35-44       4.054e-01  5.198e-01   0.780    0.435    
agecat45-54      -2.176e-01  7.187e-01  -0.303    0.762    
agecat55-64      -1.606e+01  1.674e+03  -0.010    0.992    
agecat65-74      -1.605e+01  3.175e+03  -0.005    0.996    
agecatMissing     9.157e-01  8.265e-01   1.108    0.268    
female           -1.009e-01  2.962e-01  -0.341    0.733    
racewhiteYes     -6.097e-03  4.918e-01  -0.012    0.990    
gichronYes       -1.612e+01  1.615e+03  -0.010    0.992    
anim_anyYes       7.329e-01  4.909e-01   1.493    0.135    
gicontactbaseYes  3.459e-01  7.426e-01   0.466    0.641    
rawfood           2.697e-01  4.902e-01   0.550    0.582    
---
Signif. codes:  0 ‘***’ 0.001 ‘**’ 0.01 ‘*’ 0.05 ‘.’ 0.1 ‘ ’ 1

(Dispersion parameter for poisson family taken to be 1)

    Null deviance: 230.53  on 514  degrees of freedom
Residual deviance: 213.42  on 498  degrees of freedom
AIC: 345.42

Number of Fisher Scoring iterations: 16



Robust, Sandwich Standard Errors Account for Clustering:

z test of coefficients:

                    Estimate  Std. Error  z value  Pr(>|z|)    
(Intercept)       -2.8743390   0.7736321  -3.7154 0.0002029 ***
qentero16003      -0.1614164   0.3850243  -0.4192 0.6750430    
qentero16004       0.1614633   0.3799788   0.4249 0.6708898    
agecat5-14        -0.0758347   0.4705501  -0.1612 0.8719660    
agecat15-24       -1.2469827   0.8563462  -1.4562 0.1453466    
agecat25-34       -0.1577903   0.6300860  -0.2504 0.8022574    
agecat35-44        0.4054306   0.5323928   0.7615 0.4463434    
agecat45-54       -0.2176003   0.7480168  -0.2909 0.7711255    
agecat55-64      -16.0605155   0.6004843 -26.7459 < 2.2e-16 ***
agecat65-74      -16.0524136   1.0123131 -15.8572 < 2.2e-16 ***
agecatMissing      0.9157432   0.8836133   1.0364 0.3000333    
female            -0.1008880   0.2768081  -0.3645 0.7155079    
racewhiteYes      -0.0060969   0.6038378  -0.0101 0.9919440    
gichronYes       -16.1207002   0.6272756 -25.6995 < 2.2e-16 ***
anim_anyYes        0.7329377   0.7361681   0.9956 0.3194388    
gicontactbaseYes   0.3459069   0.7045912   0.4909 0.6234741    
rawfood            0.2697468   0.7264203   0.3713 0.7103865    
---
Signif. codes:  0 ‘***’ 0.001 ‘**’ 0.01 ‘*’ 0.05 ‘.’ 0.1 ‘ ’ 1

> 
> # Silver
> sifit <- mpreg(diarrheaci10~qentero1600 +agecat+female+racewhite+gichron+anim_any+gicontactbase+rawfood,dat=ad[ad$beach=="Silver",],vcv=T)

Call:
glm(formula = formula, family = poisson(link = "log"), data = dat)

Deviance Residuals: 
    Min       1Q   Median       3Q      Max  
-0.6018  -0.3087  -0.2776  -0.2567   2.5170  

Coefficients:
                       Estimate Std. Error z value Pr(>|z|)    
(Intercept)            -2.96192    0.56120  -5.278 1.31e-07 ***
qentero16003           -0.29998    0.47018  -0.638   0.5235    
qentero16004           -0.20669    0.45896  -0.450   0.6525    
agecat5-14             -0.61609    0.25424  -2.423   0.0154 *  
agecat15-24            -0.47143    0.28007  -1.683   0.0923 .  
agecat25-34            -0.18853    0.32672  -0.577   0.5639    
agecat35-44            -0.24314    0.30438  -0.799   0.4244    
agecat45-54            -0.48071    0.38450  -1.250   0.2112    
agecat55-64             0.03607    0.49921   0.072   0.9424    
agecat65-74           -13.41567  580.73973  -0.023   0.9816    
agecat75+             -13.67457 2103.36254  -0.007   0.9948    
agecatMissing          -1.07580    0.61614  -1.746   0.0808 .  
female                  0.15684    0.15839   0.990   0.3221    
racewhiteYes            0.09255    0.23932   0.387   0.6990    
racewhiteMissing        0.60317    1.03318   0.584   0.5594    
gichronYes              0.44540    0.46304   0.962   0.3361    
gichronMissing        -13.11451  735.89187  -0.018   0.9858    
anim_anyYes             0.29120    0.22227   1.310   0.1901    
gicontactbaseYes        0.53112    0.29206   1.819   0.0690 .  
gicontactbaseMissing  -13.07169 1214.23419  -0.011   0.9914    
rawfood                 0.05565    0.21504   0.259   0.7958    
---
Signif. codes:  0 ‘***’ 0.001 ‘**’ 0.01 ‘*’ 0.05 ‘.’ 0.1 ‘ ’ 1

(Dispersion parameter for poisson family taken to be 1)

    Null deviance: 1033.4  on 3879  degrees of freedom
Residual deviance: 1013.6  on 3859  degrees of freedom
AIC: 1381.6

Number of Fisher Scoring iterations: 14



Robust, Sandwich Standard Errors Account for Clustering:

z test of coefficients:

                       Estimate Std. Error  z value  Pr(>|z|)    
(Intercept)           -2.961920   0.657531  -4.5046  6.65e-06 ***
qentero16003          -0.299979   0.535550  -0.5601   0.57539    
qentero16004          -0.206687   0.521636  -0.3962   0.69194    
agecat5-14            -0.616093   0.263082  -2.3418   0.01919 *  
agecat15-24           -0.471427   0.286369  -1.6462   0.09972 .  
agecat25-34           -0.188531   0.332213  -0.5675   0.57037    
agecat35-44           -0.243144   0.305632  -0.7955   0.42630    
agecat45-54           -0.480707   0.390776  -1.2301   0.21865    
agecat55-64            0.036067   0.496350   0.0727   0.94207    
agecat65-74          -13.415673   0.398260 -33.6857 < 2.2e-16 ***
agecat75+            -13.674567   1.032174 -13.2483 < 2.2e-16 ***
agecatMissing         -1.075801   0.776502  -1.3854   0.16592    
female                 0.156842   0.157636   0.9950   0.31975    
racewhiteYes           0.092546   0.290550   0.3185   0.75009    
racewhiteMissing       0.603171   0.838265   0.7195   0.47180    
gichronYes             0.445401   0.468072   0.9516   0.34132    
gichronMissing       -13.114513   0.454889 -28.8302 < 2.2e-16 ***
anim_anyYes            0.291201   0.264983   1.0989   0.27179    
gicontactbaseYes       0.531119   0.286986   1.8507   0.06422 .  
gicontactbaseMissing -13.071686   0.594888 -21.9733 < 2.2e-16 ***
rawfood                0.055647   0.211957   0.2625   0.79291    
---
Signif. codes:  0 ‘***’ 0.001 ‘**’ 0.01 ‘*’ 0.05 ‘.’ 0.1 ‘ ’ 1

> 
> # Washington Park
> wpfit <- mpreg(diarrheaci10~qentero1600 +agecat+female+racewhite+gichron+anim_any+gicontactbase+rawfood,dat=ad[ad$beach=="Washington Park",],vcv=T)

Call:
glm(formula = formula, family = poisson(link = "log"), data = dat)

Deviance Residuals: 
    Min       1Q   Median       3Q      Max  
-0.9196  -0.3345  -0.3014  -0.2247   2.6876  

Coefficients:
                       Estimate Std. Error z value Pr(>|z|)    
(Intercept)            -3.25544    0.46876  -6.945 3.79e-12 ***
qentero16004            0.34895    0.24317   1.435   0.1513    
agecat5-14             -0.47681    0.35186  -1.355   0.1754    
agecat15-24            -1.21896    0.54056  -2.255   0.0241 *  
agecat25-34             0.15467    0.40089   0.386   0.6996    
agecat35-44            -0.26974    0.42007  -0.642   0.5208    
agecat45-54            -1.37979    0.76982  -1.792   0.0731 .  
agecat55-64             0.70875    0.51191   1.385   0.1662    
agecat65-74             0.33723    1.04810   0.322   0.7476    
agecat75+             -15.56895 3997.38778  -0.004   0.9969    
agecatMissing         -15.55853  628.31156  -0.025   0.9802    
female                  0.05376    0.22015   0.244   0.8071    
racewhiteYes            0.15509    0.29556   0.525   0.5998    
racewhiteMissing      -12.31864 2262.03394  -0.005   0.9957    
gichronYes              1.12286    0.47782   2.350   0.0188 *  
anim_anyYes             0.29124    0.31194   0.934   0.3505    
gicontactbaseYes        0.44325    0.38694   1.146   0.2520    
gicontactbaseMissing  -13.95739 2044.23426  -0.007   0.9946    
rawfood                -0.12138    0.33534  -0.362   0.7174    
---
Signif. codes:  0 ‘***’ 0.001 ‘**’ 0.01 ‘*’ 0.05 ‘.’ 0.1 ‘ ’ 1

(Dispersion parameter for poisson family taken to be 1)

    Null deviance: 502.08  on 1667  degrees of freedom
Residual deviance: 464.10  on 1649  degrees of freedom
AIC: 670.1

Number of Fisher Scoring iterations: 16



Robust, Sandwich Standard Errors Account for Clustering:

z test of coefficients:

                       Estimate Std. Error  z value  Pr(>|z|)    
(Intercept)           -3.255437   0.460465  -7.0699 1.551e-12 ***
qentero16004           0.348948   0.299075   1.1668   0.24331    
agecat5-14            -0.476814   0.339170  -1.4058   0.15978    
agecat15-24           -1.218964   0.529634  -2.3015   0.02136 *  
agecat25-34            0.154669   0.385383   0.4013   0.68817    
agecat35-44           -0.269742   0.425042  -0.6346   0.52567    
agecat45-54           -1.379795   0.760385  -1.8146   0.06959 .  
agecat55-64            0.708748   0.460432   1.5393   0.12373    
agecat65-74            0.337233   1.002272   0.3365   0.73652    
agecat75+            -15.568955   0.798829 -19.4897 < 2.2e-16 ***
agecatMissing        -15.558532   0.352946 -44.0819 < 2.2e-16 ***
female                 0.053764   0.207798   0.2587   0.79584    
racewhiteYes           0.155089   0.328681   0.4719   0.63703    
racewhiteMissing     -12.318645   1.151399 -10.6989 < 2.2e-16 ***
gichronYes             1.122862   0.518466   2.1657   0.03033 *  
anim_anyYes            0.291243   0.333145   0.8742   0.38200    
gicontactbaseYes       0.443246   0.411600   1.0769   0.28153    
gicontactbaseMissing -13.957388   0.836406 -16.6873 < 2.2e-16 ***
rawfood               -0.121376   0.320470  -0.3787   0.70488    
---
Signif. codes:  0 ‘***’ 0.001 ‘**’ 0.01 ‘*’ 0.05 ‘.’ 0.1 ‘ ’ 1

Warning message:
glm.fit: fitted rates numerically 0 occurred 
> 
> # West
> wefit <- mpreg(diarrheaci10~qentero1600 +agecat+female+racewhite+gichron+anim_any+gicontactbase+rawfood,dat=ad[ad$beach=="West",],vcv=T)

Call:
glm(formula = formula, family = poisson(link = "log"), data = dat)

Deviance Residuals: 
    Min       1Q   Median       3Q      Max  
-0.8711  -0.4029  -0.3298  -0.2410   2.5632  

Coefficients:
                       Estimate Std. Error z value Pr(>|z|)    
(Intercept)            -3.06741    0.50621  -6.060 1.37e-09 ***
qentero16002           -0.53321    0.42360  -1.259   0.2081    
qentero16003            0.09178    0.32100   0.286   0.7749    
qentero16004            0.21644    0.32500   0.666   0.5054    
agecat5-14             -0.61950    0.38390  -1.614   0.1066    
agecat15-24            -0.86472    0.39452  -2.192   0.0284 *  
agecat25-34            -0.10641    0.39436  -0.270   0.7873    
agecat35-44            -0.55641    0.44645  -1.246   0.2127    
agecat45-54           -17.38563 1053.82536  -0.016   0.9868    
agecat55-64           -17.31107 1913.06915  -0.009   0.9928    
agecat65-74           -16.99045 4016.61490  -0.004   0.9966    
agecatMissing         -16.57593 4635.99969  -0.004   0.9971    
female                 -0.05087    0.22138  -0.230   0.8183    
racewhiteYes            0.35250    0.28576   1.234   0.2174    
racewhiteMissing        0.32779    1.04836   0.313   0.7545    
gichronYes              1.43663    0.59852   2.400   0.0164 *  
anim_anyYes             0.71912    0.30866   2.330   0.0198 *  
gicontactbaseYes        1.11635    0.43480   2.568   0.0102 *  
gicontactbaseMissing    1.74526    0.76744   2.274   0.0230 *  
rawfood                 0.71678    0.29427   2.436   0.0149 *  
---
Signif. codes:  0 ‘***’ 0.001 ‘**’ 0.01 ‘*’ 0.05 ‘.’ 0.1 ‘ ’ 1

(Dispersion parameter for poisson family taken to be 1)

    Null deviance: 446.19  on 1195  degrees of freedom
Residual deviance: 393.80  on 1176  degrees of freedom
AIC: 601.8

Number of Fisher Scoring iterations: 17



Robust, Sandwich Standard Errors Account for Clustering:

z test of coefficients:

                       Estimate Std. Error  z value  Pr(>|z|)    
(Intercept)           -3.067406   0.498349  -6.1551 7.501e-10 ***
qentero16002          -0.533214   0.473350  -1.1265 0.2599669    
qentero16003           0.091781   0.327483   0.2803 0.7792760    
qentero16004           0.216444   0.325478   0.6650 0.5060492    
agecat5-14            -0.619505   0.383938  -1.6136 0.1066240    
agecat15-24           -0.864718   0.377568  -2.2902 0.0220080 *  
agecat25-34           -0.106412   0.381815  -0.2787 0.7804740    
agecat35-44           -0.556414   0.413627  -1.3452 0.1785579    
agecat45-54          -17.385632   0.374122 -46.4705 < 2.2e-16 ***
agecat55-64          -17.311067   0.569453 -30.3994 < 2.2e-16 ***
agecat65-74          -16.990454   0.626938 -27.1007 < 2.2e-16 ***
agecatMissing        -16.575934   0.662311 -25.0274 < 2.2e-16 ***
female                -0.050867   0.217508  -0.2339 0.8150924    
racewhiteYes           0.352496   0.275915   1.2776 0.2014061    
racewhiteMissing       0.327788   1.155213   0.2837 0.7766042    
gichronYes             1.436626   0.412281   3.4846 0.0004929 ***
anim_anyYes            0.719118   0.295075   2.4371 0.0148068 *  
gicontactbaseYes       1.116347   0.388015   2.8771 0.0040138 ** 
gicontactbaseMissing   1.745260   0.633468   2.7551 0.0058676 ** 
rawfood                0.716784   0.307264   2.3328 0.0196591 *  
---
Signif. codes:  0 ‘***’ 0.001 ‘**’ 0.01 ‘*’ 0.05 ‘.’ 0.1 ‘ ’ 1

> 
> # --------------------------------------
> # Marine beaches
> 
> # Avalon
> avfit <- mpreg(diarrheaci10~qentero1600*groundwater +agecat+female+racewhite+gichron+anim_any+gicontactbase+rawfood,dat=ad[ad$beach=="Avalon",],vcv=T)

Call:
glm(formula = formula, family = poisson(link = "log"), data = dat)

Deviance Residuals: 
    Min       1Q   Median       3Q      Max  
-0.9639  -0.3517  -0.2957  -0.2527   2.5010  

Coefficients:
                                           Estimate Std. Error z value Pr(>|z|)
(Intercept)                                -2.16779    0.40714  -5.324 1.01e-07
qentero16002                                0.03472    0.75822   0.046  0.96347
qentero16003                                0.21514    0.32388   0.664  0.50654
qentero16004                                0.02628    0.30943   0.085  0.93231
groundwaterAbove median flow               -0.30207    0.37919  -0.797  0.42568
agecat5-14                                 -1.25439    0.27012  -4.644 3.42e-06
agecat15-24                                -1.53395    0.36167  -4.241 2.22e-05
agecat25-34                                -0.94441    0.33385  -2.829  0.00467
agecat35-44                                -0.55054    0.29148  -1.889  0.05893
agecat45-54                                -0.93393    0.31712  -2.945  0.00323
agecat55-64                                -1.44223    0.47264  -3.051  0.00228
agecat65-74                                -1.66272    1.02925  -1.615  0.10621
agecat75+                                 -14.39964  728.08830  -0.020  0.98422
agecatMissing                             -14.35693  907.89468  -0.016  0.98738
female                                      0.04732    0.15882   0.298  0.76574
racewhiteYes                                0.13846    0.19601   0.706  0.47993
racewhiteMissing                           -0.51937    0.72988  -0.712  0.47673
gichronYes                                  1.03802    0.35027   2.964  0.00304
anim_anyYes                                 0.10660    0.18291   0.583  0.56005
gicontactbaseYes                            0.34937    0.29191   1.197  0.23137
gicontactbaseMissing                       -0.56798    1.00801  -0.563  0.57312
rawfood                                     0.29287    0.18684   1.567  0.11700
qentero16002:groundwaterAbove median flow   0.03110    0.94913   0.033  0.97386
qentero16003:groundwaterAbove median flow  -0.50811    0.51013  -0.996  0.31923
qentero16004:groundwaterAbove median flow   0.53340    0.43759   1.219  0.22286
                                             
(Intercept)                               ***
qentero16002                                 
qentero16003                                 
qentero16004                                 
groundwaterAbove median flow                 
agecat5-14                                ***
agecat15-24                               ***
agecat25-34                               ** 
agecat35-44                               .  
agecat45-54                               ** 
agecat55-64                               ** 
agecat65-74                                  
agecat75+                                    
agecatMissing                                
female                                       
racewhiteYes                                 
racewhiteMissing                             
gichronYes                                ** 
anim_anyYes                                  
gicontactbaseYes                             
gicontactbaseMissing                         
rawfood                                      
qentero16002:groundwaterAbove median flow    
qentero16003:groundwaterAbove median flow    
qentero16004:groundwaterAbove median flow    
---
Signif. codes:  0 ‘***’ 0.001 ‘**’ 0.01 ‘*’ 0.05 ‘.’ 0.1 ‘ ’ 1

(Dispersion parameter for poisson family taken to be 1)

    Null deviance: 935.03  on 2902  degrees of freedom
Residual deviance: 880.85  on 2878  degrees of freedom
AIC: 1254.9

Number of Fisher Scoring iterations: 14



Robust, Sandwich Standard Errors Account for Clustering:

z test of coefficients:

                                            Estimate Std. Error  z value
(Intercept)                                -2.167791   0.391476  -5.5375
qentero16002                                0.034723   0.795142   0.0437
qentero16003                                0.215136   0.335079   0.6420
qentero16004                                0.026284   0.303481   0.0866
groundwaterAbove median flow               -0.302066   0.391394  -0.7718
agecat5-14                                 -1.254391   0.264277  -4.7465
agecat15-24                                -1.533949   0.350268  -4.3794
agecat25-34                                -0.944410   0.309124  -3.0551
agecat35-44                                -0.550541   0.279168  -1.9721
agecat45-54                                -0.933933   0.328915  -2.8394
agecat55-64                                -1.442233   0.464429  -3.1054
agecat65-74                                -1.662717   1.040737  -1.5976
agecat75+                                 -14.399635   0.444147 -32.4209
agecatMissing                             -14.356926   0.562675 -25.5155
female                                      0.047322   0.150651   0.3141
racewhiteYes                                0.138462   0.218727   0.6330
racewhiteMissing                           -0.519366   0.701166  -0.7407
gichronYes                                  1.038022   0.336917   3.0809
anim_anyYes                                 0.106595   0.204859   0.5203
gicontactbaseYes                            0.349374   0.306079   1.1414
gicontactbaseMissing                       -0.567983   1.027867  -0.5526
rawfood                                     0.292871   0.188603   1.5528
qentero16002:groundwaterAbove median flow   0.031103   0.977317   0.0318
qentero16003:groundwaterAbove median flow  -0.508108   0.555978  -0.9139
qentero16004:groundwaterAbove median flow   0.533404   0.462442   1.1535
                                           Pr(>|z|)    
(Intercept)                               3.069e-08 ***
qentero16002                               0.965168    
qentero16003                               0.520843    
qentero16004                               0.930983    
groundwaterAbove median flow               0.440251    
agecat5-14                                2.070e-06 ***
agecat15-24                               1.190e-05 ***
agecat25-34                                0.002250 ** 
agecat35-44                                0.048601 *  
agecat45-54                                0.004519 ** 
agecat55-64                                0.001900 ** 
agecat65-74                                0.110124    
agecat75+                                 < 2.2e-16 ***
agecatMissing                             < 2.2e-16 ***
female                                     0.753431    
racewhiteYes                               0.526711    
racewhiteMissing                           0.458865    
gichronYes                                 0.002063 ** 
anim_anyYes                                0.602832    
gicontactbaseYes                           0.253683    
gicontactbaseMissing                       0.580548    
rawfood                                    0.120460    
qentero16002:groundwaterAbove median flow  0.974611    
qentero16003:groundwaterAbove median flow  0.360769    
qentero16004:groundwaterAbove median flow  0.248725    
---
Signif. codes:  0 ‘***’ 0.001 ‘**’ 0.01 ‘*’ 0.05 ‘.’ 0.1 ‘ ’ 1

> 
> # Boqueron
> bofit <- mpreg(diarrheaci10~qentero1600 +agecat+female+racewhite+gichron+anim_any+gicontactbase+rawfood,dat=ad[ad$beach=="Boqueron",],vcv=T)

Call:
glm(formula = formula, family = poisson(link = "log"), data = dat)

Deviance Residuals: 
    Min       1Q   Median       3Q      Max  
-0.9193  -0.2417  -0.2192  -0.2021   2.5805  

Coefficients:
                       Estimate Std. Error z value Pr(>|z|)    
(Intercept)            -3.10843    0.30449 -10.209  < 2e-16 ***
qentero16002           -0.07823    0.25713  -0.304 0.760959    
qentero16003           -0.02027    0.26096  -0.078 0.938089    
qentero16004            0.04843    0.35507   0.136 0.891498    
agecat5-14             -0.95787    0.22500  -4.257 2.07e-05 ***
agecat15-24            -0.69265    0.21984  -3.151 0.001629 ** 
agecat25-34            -0.56089    0.21834  -2.569 0.010204 *  
agecat35-44            -0.76557    0.23331  -3.281 0.001033 ** 
agecat45-54            -0.69816    0.25274  -2.762 0.005739 ** 
agecat55-64            -0.67105    0.32739  -2.050 0.040395 *  
agecat65-74            -1.12940    0.60347  -1.872 0.061275 .  
agecat75+             -13.29971  402.60097  -0.033 0.973647    
agecatMissing          -1.25402    0.72831  -1.722 0.085103 .  
female                  0.01868    0.11961   0.156 0.875893    
racewhiteYes            1.03862    0.58352   1.780 0.075089 .  
racewhiteMissing        3.32598    0.87950   3.782 0.000156 ***
gichronYes              0.52516    0.23550   2.230 0.025748 *  
anim_anyYes             0.19539    0.12249   1.595 0.110686    
gicontactbaseYes        1.03812    0.19226   5.399 6.68e-08 ***
gicontactbaseMissing  -12.73237 1205.09794  -0.011 0.991570    
rawfood                 0.35438    0.15255   2.323 0.020177 *  
---
Signif. codes:  0 ‘***’ 0.001 ‘**’ 0.01 ‘*’ 0.05 ‘.’ 0.1 ‘ ’ 1

(Dispersion parameter for poisson family taken to be 1)

    Null deviance: 2026.2  on 9879  degrees of freedom
Residual deviance: 1942.3  on 9859  degrees of freedom
AIC: 2556.3

Number of Fisher Scoring iterations: 14



Robust, Sandwich Standard Errors Account for Clustering:

z test of coefficients:

                       Estimate Std. Error  z value  Pr(>|z|)    
(Intercept)           -3.108429   0.312344  -9.9519 < 2.2e-16 ***
qentero16002          -0.078225   0.267417  -0.2925 0.7698876    
qentero16003          -0.020269   0.269173  -0.0753 0.9399751    
qentero16004           0.048434   0.437322   0.1108 0.9118130    
agecat5-14            -0.957866   0.225388  -4.2498 2.139e-05 ***
agecat15-24           -0.692651   0.227559  -3.0438 0.0023359 ** 
agecat25-34           -0.560892   0.216402  -2.5919 0.0095447 ** 
agecat35-44           -0.765572   0.232449  -3.2935 0.0009895 ***
agecat45-54           -0.698162   0.257231  -2.7141 0.0066447 ** 
agecat55-64           -0.671054   0.326451  -2.0556 0.0398205 *  
agecat65-74           -1.129398   0.601928  -1.8763 0.0606141 .  
agecat75+            -13.299708   0.270971 -49.0816 < 2.2e-16 ***
agecatMissing         -1.254023   0.721175  -1.7389 0.0820590 .  
female                 0.018680   0.112674   0.1658 0.8683221    
racewhiteYes           1.038624   0.698835   1.4862 0.1372206    
racewhiteMissing       3.325984   0.752988   4.4170 1.001e-05 ***
gichronYes             0.525159   0.238189   2.2048 0.0274684 *  
anim_anyYes            0.195389   0.136911   1.4271 0.1535441    
gicontactbaseYes       1.038120   0.197887   5.2460 1.554e-07 ***
gicontactbaseMissing -12.732366   0.641574 -19.8455 < 2.2e-16 ***
rawfood                0.354380   0.159416   2.2230 0.0262161 *  
---
Signif. codes:  0 ‘***’ 0.001 ‘**’ 0.01 ‘*’ 0.05 ‘.’ 0.1 ‘ ’ 1

> 
> # Doheny
> dhfit <- mpreg(diarrheaci10~qentero1600*berm +agecat+female+racewhite+gichron+anim_any+gicontactbase+rawfood,dat=ad[ad$beach=="Doheny",],vcv=T)

Call:
glm(formula = formula, family = poisson(link = "log"), data = dat)

Deviance Residuals: 
    Min       1Q   Median       3Q      Max  
-0.6794  -0.3214  -0.2683  -0.2253   2.5934  

Coefficients:
                        Estimate Std. Error z value Pr(>|z|)    
(Intercept)            -2.745577   0.314628  -8.726  < 2e-16 ***
qentero16002            0.093906   0.211252   0.445 0.656665    
qentero16003            0.470809   0.276920   1.700 0.089101 .  
qentero16004           -0.326606   0.722863  -0.452 0.651397    
bermOpen               -0.723591   0.521220  -1.388 0.165056    
agecat5-14             -1.021898   0.284922  -3.587 0.000335 ***
agecat15-24            -0.890163   0.364031  -2.445 0.014473 *  
agecat25-34            -0.406543   0.346421  -1.174 0.240574    
agecat35-44            -0.489542   0.325402  -1.504 0.132472    
agecat45-54            -0.763644   0.379730  -2.011 0.044323 *  
agecat55-64            -1.685317   0.755592  -2.230 0.025717 *  
agecat65-74             0.065515   1.034971   0.063 0.949526    
agecatMissing         -12.898700 419.721486  -0.031 0.975484    
female                  0.141035   0.178196   0.791 0.428677    
racewhiteYes            0.302220   0.200152   1.510 0.131055    
racewhiteMissing       -0.005857   0.730312  -0.008 0.993601    
gichronYes              0.543451   0.517165   1.051 0.293338    
anim_anyYes            -0.534773   0.251507  -2.126 0.033481 *  
gicontactbaseYes        0.339161   0.369856   0.917 0.359138    
gicontactbaseMissing    0.400010   0.588595   0.680 0.496757    
rawfood                 0.243429   0.213816   1.138 0.254912    
qentero16002:bermOpen   1.059578   0.630835   1.680 0.093027 .  
qentero16003:bermOpen   0.209485   0.760133   0.276 0.782863    
qentero16004:bermOpen   1.886209   0.959662   1.965 0.049357 *  
---
Signif. codes:  0 ‘***’ 0.001 ‘**’ 0.01 ‘*’ 0.05 ‘.’ 0.1 ‘ ’ 1

(Dispersion parameter for poisson family taken to be 1)

    Null deviance: 859.39  on 3153  degrees of freedom
Residual deviance: 818.76  on 3130  degrees of freedom
AIC: 1140.8

Number of Fisher Scoring iterations: 13



Robust, Sandwich Standard Errors Account for Clustering:

z test of coefficients:

                         Estimate  Std. Error  z value  Pr(>|z|)    
(Intercept)            -2.7455775   0.2993877  -9.1706 < 2.2e-16 ***
qentero16002            0.0939064   0.2373595   0.3956  0.692378    
qentero16003            0.4708088   0.3202264   1.4702  0.141498    
qentero16004           -0.3266058   0.7284192  -0.4484  0.653882    
bermOpen               -0.7235914   0.5215504  -1.3874  0.165324    
agecat5-14             -1.0218980   0.2673220  -3.8227  0.000132 ***
agecat15-24            -0.8901634   0.3523563  -2.5263  0.011527 *  
agecat25-34            -0.4065426   0.3127036  -1.3001  0.193570    
agecat35-44            -0.4895423   0.3128891  -1.5646  0.117680    
agecat45-54            -0.7636436   0.3500868  -2.1813  0.029161 *  
agecat55-64            -1.6853173   0.7457861  -2.2598  0.023835 *  
agecat65-74             0.0655154   0.9809244   0.0668  0.946749    
agecatMissing         -12.8987005   0.5103784 -25.2728 < 2.2e-16 ***
female                  0.1410348   0.1819789   0.7750  0.438336    
racewhiteYes            0.3022198   0.2213810   1.3652  0.172204    
racewhiteMissing       -0.0058571   0.6864345  -0.0085  0.993192    
gichronYes              0.5434515   0.4899265   1.1093  0.267322    
anim_anyYes            -0.5347727   0.2774379  -1.9275  0.053912 .  
gicontactbaseYes        0.3391612   0.3820160   0.8878  0.374638    
gicontactbaseMissing    0.4000099   0.5216143   0.7669  0.443159    
rawfood                 0.2434290   0.2267277   1.0737  0.282974    
qentero16002:bermOpen   1.0595782   0.7021334   1.5091  0.131277    
qentero16003:bermOpen   0.2094847   0.7582443   0.2763  0.782336    
qentero16004:bermOpen   1.8862088   0.9765680   1.9315  0.053425 .  
---
Signif. codes:  0 ‘***’ 0.001 ‘**’ 0.01 ‘*’ 0.05 ‘.’ 0.1 ‘ ’ 1

> 
> # Edgewater
> edfit <- mpreg(diarrheaci10~qentero1600 +agecat+female+racewhite+gichron+anim_any+gicontactbase+rawfood,dat=ad[ad$beach=="Edgewater",],vcv=T)

Call:
glm(formula = formula, family = poisson(link = "log"), data = dat)

Deviance Residuals: 
    Min       1Q   Median       3Q      Max  
-0.6760  -0.3912  -0.3078  -0.2251   2.5108  

Coefficients:
                  Estimate Std. Error z value Pr(>|z|)   
(Intercept)        -2.8976     0.8926  -3.246  0.00117 **
qentero16002       -0.1400     0.8865  -0.158  0.87452   
qentero16003        0.7082     0.7629   0.928  0.35322   
qentero16004        0.6178     0.9369   0.659  0.50966   
agecat5-14         -0.7781     0.6585  -1.182  0.23733   
agecat15-24        -0.2560     0.6414  -0.399  0.68985   
agecat25-34        -0.0665     0.6357  -0.105  0.91668   
agecat35-44        -1.5680     1.1284  -1.390  0.16467   
agecat45-54       -16.0013  1372.4463  -0.012  0.99070   
agecat55-64       -16.0853  2519.7673  -0.006  0.99491   
agecat65-74       -16.7826  5717.5322  -0.003  0.99766   
agecat75+         -15.1403  5717.5322  -0.003  0.99789   
agecatMissing      -0.7146     1.1369  -0.629  0.52966   
female              0.4695     0.4010   1.171  0.24167   
racewhiteYes       -0.3683     0.4821  -0.764  0.44488   
gichronYes        -15.4367  3064.0438  -0.005  0.99598   
gichronMissing    -15.3935  5717.5323  -0.003  0.99785   
anim_anyYes         0.2436     0.4674   0.521  0.60226   
gicontactbaseYes    0.3198     1.0550   0.303  0.76180   
rawfood             0.1998     0.5433   0.368  0.71306   
---
Signif. codes:  0 ‘***’ 0.001 ‘**’ 0.01 ‘*’ 0.05 ‘.’ 0.1 ‘ ’ 1

(Dispersion parameter for poisson family taken to be 1)

    Null deviance: 144.55  on 418  degrees of freedom
Residual deviance: 131.04  on 399  degrees of freedom
AIC: 223.04

Number of Fisher Scoring iterations: 16



Robust, Sandwich Standard Errors Account for Clustering:

z test of coefficients:

                   Estimate Std. Error  z value  Pr(>|z|)    
(Intercept)       -2.897567   0.954424  -3.0359  0.002398 ** 
qentero16002      -0.140001   0.824100  -0.1699  0.865101    
qentero16003       0.708218   0.724506   0.9775  0.328312    
qentero16004       0.617750   0.970814   0.6363  0.524567    
agecat5-14        -0.778098   0.620521  -1.2539  0.209863    
agecat15-24       -0.255976   0.601812  -0.4253  0.670588    
agecat25-34       -0.066501   0.603039  -0.1103  0.912190    
agecat35-44       -1.568013   1.162927  -1.3483  0.177551    
agecat45-54      -16.001315   0.601162 -26.6173 < 2.2e-16 ***
agecat55-64      -16.085350   0.708431 -22.7056 < 2.2e-16 ***
agecat65-74      -16.782550   1.281379 -13.0973 < 2.2e-16 ***
agecat75+        -15.140257   1.224776 -12.3617 < 2.2e-16 ***
agecatMissing     -0.714555   1.091737  -0.6545  0.512782    
female             0.469499   0.360370   1.3028  0.192635    
racewhiteYes      -0.368331   0.529514  -0.6956  0.486678    
gichronYes       -15.436721   0.807641 -19.1134 < 2.2e-16 ***
gichronMissing   -15.393554   1.527199 -10.0796 < 2.2e-16 ***
anim_anyYes        0.243571   0.480931   0.5065  0.612535    
gicontactbaseYes   0.319799   1.103503   0.2898  0.771967    
rawfood            0.199815   0.509862   0.3919  0.695132    
---
Signif. codes:  0 ‘***’ 0.001 ‘**’ 0.01 ‘*’ 0.05 ‘.’ 0.1 ‘ ’ 1

> 
> # Fairhope
> fafit <- mpreg(diarrheaci10~qentero1600 +agecat+female+racewhite+gichron+anim_any+gicontactbase+rawfood,dat=ad[ad$beach=="Fairhope",],vcv=T)

Call:
glm(formula = formula, family = poisson(link = "log"), data = dat)

Deviance Residuals: 
    Min       1Q   Median       3Q      Max  
-0.9245  -0.3532  -0.3166  -0.2812   2.3593  

Coefficients:
                   Estimate Std. Error z value Pr(>|z|)   
(Intercept)        -2.06287    0.65483  -3.150  0.00163 **
qentero16003       -0.14544    0.56483  -0.257  0.79680   
qentero16004        0.10937    0.56259   0.194  0.84586   
agecat5-14         -0.76700    0.37332  -2.055  0.03993 * 
agecat15-24        -0.98861    0.57665  -1.714  0.08645 . 
agecat25-34        -1.44356    0.76394  -1.890  0.05881 . 
agecat35-44        -0.76858    0.77087  -0.997  0.31875   
agecat45-54        -1.46494    1.05258  -1.392  0.16399   
agecat55-64         0.28587    1.05025   0.272  0.78547   
agecat65-74       -14.02342 1049.21690  -0.013  0.98934   
agecat75+         -13.84083 2103.36257  -0.007  0.99475   
female             -0.11463    0.32084  -0.357  0.72088   
racewhiteYes       -0.19934    0.38925  -0.512  0.60857   
gichronYes          1.14401    1.03494   1.105  0.26899   
anim_anyYes         0.06053    0.39020   0.155  0.87672   
gicontactbaseYes    1.05046    0.57044   1.841  0.06555 . 
rawfood             0.19164    0.44768   0.428  0.66859   
---
Signif. codes:  0 ‘***’ 0.001 ‘**’ 0.01 ‘*’ 0.05 ‘.’ 0.1 ‘ ’ 1

(Dispersion parameter for poisson family taken to be 1)

    Null deviance: 220.80  on 631  degrees of freedom
Residual deviance: 206.53  on 615  degrees of freedom
AIC: 320.53

Number of Fisher Scoring iterations: 14



Robust, Sandwich Standard Errors Account for Clustering:

z test of coefficients:

                   Estimate Std. Error  z value  Pr(>|z|)    
(Intercept)       -2.062867   0.607769  -3.3942 0.0006884 ***
qentero16003      -0.145441   0.534320  -0.2722 0.7854696    
qentero16004       0.109370   0.541120   0.2021 0.8398242    
agecat5-14        -0.767000   0.383166  -2.0017 0.0453123 *  
agecat15-24       -0.988608   0.574722  -1.7202 0.0854051 .  
agecat25-34       -1.443563   0.757314  -1.9062 0.0566293 .  
agecat35-44       -0.768577   0.674440  -1.1396 0.2544622    
agecat45-54       -1.464945   1.095418  -1.3373 0.1811122    
agecat55-64        0.285874   0.961482   0.2973 0.7662175    
agecat65-74      -14.023422   0.694804 -20.1833 < 2.2e-16 ***
agecat75+        -13.840834   1.116497 -12.3967 < 2.2e-16 ***
female            -0.114630   0.322406  -0.3555 0.7221813    
racewhiteYes      -0.199343   0.375152  -0.5314 0.5951655    
gichronYes         1.144010   0.762907   1.4995 0.1337335    
anim_anyYes        0.060529   0.391042   0.1548 0.8769868    
gicontactbaseYes   1.050460   0.584737   1.7965 0.0724204 .  
rawfood            0.191644   0.519701   0.3688 0.7123078    
---
Signif. codes:  0 ‘***’ 0.001 ‘**’ 0.01 ‘*’ 0.05 ‘.’ 0.1 ‘ ’ 1

> 
> # Goddard
> gdfit <- mpreg(diarrheaci10~qentero1600 +agecat+female+racewhite+gichron+anim_any+gicontactbase+rawfood,dat=ad[ad$beach=="Goddard",],vcv=T)

Call:
glm(formula = formula, family = poisson(link = "log"), data = dat)

Deviance Residuals: 
    Min       1Q   Median       3Q      Max  
-0.4092  -0.2933  -0.2378  -0.2045   2.4646  

Coefficients:
                   Estimate Std. Error z value Pr(>|z|)    
(Intercept)      -3.442e+00  7.539e-01  -4.565 4.99e-06 ***
qentero16002      3.046e-02  5.127e-01   0.059    0.953    
qentero16003      2.161e-01  5.828e-01   0.371    0.711    
qentero16004     -1.580e+01  7.824e+03  -0.002    0.998    
agecat5-14       -3.838e-01  6.919e-01  -0.555    0.579    
agecat15-24      -5.412e-01  9.213e-01  -0.587    0.557    
agecat25-34       3.027e-01  7.364e-01   0.411    0.681    
agecat35-44       2.281e-01  7.333e-01   0.311    0.756    
agecat45-54      -1.705e+01  1.818e+03  -0.009    0.993    
agecat55-64      -1.683e-01  1.175e+00  -0.143    0.886    
agecat65-74      -1.706e+01  5.373e+03  -0.003    0.997    
agecat75+        -1.704e+01  1.099e+04  -0.002    0.999    
agecatMissing    -1.671e+01  5.556e+03  -0.003    0.998    
female            8.464e-02  4.216e-01   0.201    0.841    
racewhiteYes      2.471e-01  4.667e-01   0.529    0.597    
racewhiteMissing -1.146e-01  1.651e+04   0.000    1.000    
gichronYes       -1.677e+01  5.016e+03  -0.003    0.997    
anim_anyYes      -6.688e-02  4.695e-01  -0.142    0.887    
gicontactbaseYes -1.694e+01  2.452e+03  -0.007    0.994    
rawfood           2.962e-01  5.165e-01   0.573    0.566    
---
Signif. codes:  0 ‘***’ 0.001 ‘**’ 0.01 ‘*’ 0.05 ‘.’ 0.1 ‘ ’ 1

(Dispersion parameter for poisson family taken to be 1)

    Null deviance: 160.47  on 752  degrees of freedom
Residual deviance: 148.43  on 733  degrees of freedom
AIC: 234.43

Number of Fisher Scoring iterations: 18



Robust, Sandwich Standard Errors Account for Clustering:

z test of coefficients:

                   Estimate Std. Error  z value  Pr(>|z|)    
(Intercept)       -3.441554   0.842555  -4.0847 4.414e-05 ***
qentero16002       0.030463   0.509648   0.0598    0.9523    
qentero16003       0.216076   0.600054   0.3601    0.7188    
qentero16004     -15.796421   1.468153 -10.7594 < 2.2e-16 ***
agecat5-14        -0.383784   0.700662  -0.5477    0.5839    
agecat15-24       -0.541148   0.919725  -0.5884    0.5563    
agecat25-34        0.302698   0.712479   0.4249    0.6709    
agecat35-44        0.228120   0.723979   0.3151    0.7527    
agecat45-54      -17.047992   0.602775 -28.2825 < 2.2e-16 ***
agecat55-64       -0.168271   1.179681  -0.1426    0.8866    
agecat65-74      -17.062712   0.850514 -20.0616 < 2.2e-16 ***
agecat75+        -17.043597   1.031920 -16.5164 < 2.2e-16 ***
agecatMissing    -16.710011   0.789610 -21.1623 < 2.2e-16 ***
female             0.084643   0.413518   0.2047    0.8378    
racewhiteYes       0.247098   0.490410   0.5039    0.6144    
racewhiteMissing  -0.114607   1.206711  -0.0950    0.9243    
gichronYes       -16.773227   0.622932 -26.9263 < 2.2e-16 ***
anim_anyYes       -0.066876   0.475202  -0.1407    0.8881    
gicontactbaseYes -16.938098   0.386697 -43.8020 < 2.2e-16 ***
rawfood            0.296165   0.498316   0.5943    0.5523    
---
Signif. codes:  0 ‘***’ 0.001 ‘**’ 0.01 ‘*’ 0.05 ‘.’ 0.1 ‘ ’ 1

Warning message:
glm.fit: fitted rates numerically 0 occurred 
> 
> # Malibu
> mafit <- mpreg(diarrheaci10~qentero1600 +agecat+female+racewhite+gichron+anim_any+gicontactbase+rawfood,dat=ad[ad$beach=="Malibu",],vcv=T)

Call:
glm(formula = formula, family = poisson(link = "log"), data = dat)

Deviance Residuals: 
    Min       1Q   Median       3Q      Max  
-0.6642  -0.3381  -0.2955  -0.2471   2.6220  

Coefficients:
                   Estimate Std. Error z value Pr(>|z|)    
(Intercept)        -2.91194    0.43393  -6.711 1.94e-11 ***
qentero16002        0.25571    0.22914   1.116    0.264    
qentero16003        0.59006    0.48254   1.223    0.221    
qentero16004       -0.68233    1.01618  -0.671    0.502    
agecat5-14         -0.33007    0.43013  -0.767    0.443    
agecat15-24        -0.60520    0.49826  -1.215    0.225    
agecat25-34        -0.21959    0.46641  -0.471    0.638    
agecat35-44        -0.03982    0.45286  -0.088    0.930    
agecat45-54        -0.46115    0.52651  -0.876    0.381    
agecat55-64        -1.55640    1.07541  -1.447    0.148    
agecat65-74       -14.69447  826.76936  -0.018    0.986    
agecat75+         -14.46393 1648.17265  -0.009    0.993    
female              0.02785    0.22745   0.122    0.903    
racewhiteYes        0.09629    0.23561   0.409    0.683    
racewhiteMissing   -1.43917    1.01920  -1.412    0.158    
gichronYes          0.97063    0.59578   1.629    0.103    
anim_anyYes        -0.46167    0.31566  -1.463    0.144    
gicontactbaseYes    0.13493    0.51633   0.261    0.794    
rawfood             0.21395    0.25761   0.830    0.406    
---
Signif. codes:  0 ‘***’ 0.001 ‘**’ 0.01 ‘*’ 0.05 ‘.’ 0.1 ‘ ’ 1

(Dispersion parameter for poisson family taken to be 1)

    Null deviance: 515.34  on 1804  degrees of freedom
Residual deviance: 495.77  on 1786  degrees of freedom
AIC: 701.77

Number of Fisher Scoring iterations: 15



Robust, Sandwich Standard Errors Account for Clustering:

z test of coefficients:

                   Estimate Std. Error  z value  Pr(>|z|)    
(Intercept)       -2.911945   0.465784  -6.2517  4.06e-10 ***
qentero16002       0.255705   0.251862   1.0153    0.3100    
qentero16003       0.590059   0.478458   1.2333    0.2175    
qentero16004      -0.682330   1.042430  -0.6546    0.5128    
agecat5-14        -0.330068   0.419976  -0.7859    0.4319    
agecat15-24       -0.605203   0.489492  -1.2364    0.2163    
agecat25-34       -0.219586   0.431511  -0.5089    0.6108    
agecat35-44       -0.039823   0.421974  -0.0944    0.9248    
agecat45-54       -0.461149   0.515387  -0.8948    0.3709    
agecat55-64       -1.556398   1.071543  -1.4525    0.1464    
agecat65-74      -14.694467   0.513215 -28.6322 < 2.2e-16 ***
agecat75+        -14.463933   0.774569 -18.6735 < 2.2e-16 ***
female             0.027848   0.221957   0.1255    0.9002    
racewhiteYes       0.096290   0.257963   0.3733    0.7089    
racewhiteMissing  -1.439170   1.001797  -1.4366    0.1508    
gichronYes         0.970626   0.592965   1.6369    0.1017    
anim_anyYes       -0.461675   0.322404  -1.4320    0.1522    
gicontactbaseYes   0.134928   0.515486   0.2617    0.7935    
rawfood            0.213947   0.267948   0.7985    0.4246    
---
Signif. codes:  0 ‘***’ 0.001 ‘**’ 0.01 ‘*’ 0.05 ‘.’ 0.1 ‘ ’ 1

> 
> # Mission Bay
> mbfit <- mpreg(diarrheaci10~qentero1600 +agecat+female+racewhite+gichron+anim_any+gicontactbase+rawfood,dat=ad[ad$beach=="Mission Bay",],vcv=T)

Call:
glm(formula = formula, family = poisson(link = "log"), data = dat)

Deviance Residuals: 
    Min       1Q   Median       3Q      Max  
-0.9407  -0.3120  -0.2773  -0.2289   2.5793  

Coefficients:
                       Estimate Std. Error z value Pr(>|z|)    
(Intercept)            -2.78970    0.33843  -8.243  < 2e-16 ***
qentero16002           -0.30711    0.30040  -1.022  0.30662    
qentero16003            0.03903    0.26863   0.145  0.88449    
qentero16004           -0.17185    0.29251  -0.588  0.55686    
agecat5-14             -0.29387    0.26774  -1.098  0.27238    
agecat15-24            -0.36790    0.38103  -0.966  0.33427    
agecat25-34            -0.17881    0.34318  -0.521  0.60234    
agecat35-44            -0.27743    0.36651  -0.757  0.44908    
agecat45-54             0.20801    0.41444   0.502  0.61574    
agecat55-64           -14.67815  802.33462  -0.018  0.98540    
agecat65-74           -14.69726 1425.70661  -0.010  0.99177    
agecat75+             -14.17656 1983.80846  -0.007  0.99430    
agecatMissing          -1.21628    1.02685  -1.184  0.23623    
female                 -0.15164    0.18169  -0.835  0.40394    
racewhiteYes            0.64628    0.22186   2.913  0.00358 ** 
racewhiteMissing      -13.85293 1008.04787  -0.014  0.98904    
gichronYes              1.08102    0.51949   2.081  0.03744 *  
anim_anyYes             0.38354    0.21091   1.819  0.06898 .  
gicontactbaseYes        0.41909    0.51324   0.817  0.41418    
gicontactbaseMissing    0.08763    0.51556   0.170  0.86503    
rawfood                -0.52362    0.21005  -2.493  0.01267 *  
---
Signif. codes:  0 ‘***’ 0.001 ‘**’ 0.01 ‘*’ 0.05 ‘.’ 0.1 ‘ ’ 1

(Dispersion parameter for poisson family taken to be 1)

    Null deviance: 766.68  on 2775  degrees of freedom
Residual deviance: 727.85  on 2755  degrees of freedom
AIC: 1015.9

Number of Fisher Scoring iterations: 15



Robust, Sandwich Standard Errors Account for Clustering:

z test of coefficients:

                       Estimate Std. Error  z value  Pr(>|z|)    
(Intercept)           -2.789705   0.367922  -7.5823 3.394e-14 ***
qentero16002          -0.307111   0.337673  -0.9095   0.36309    
qentero16003           0.039027   0.306846   0.1272   0.89879    
qentero16004          -0.171854   0.318118  -0.5402   0.58905    
agecat5-14            -0.293874   0.303731  -0.9675   0.33327    
agecat15-24           -0.367904   0.414761  -0.8870   0.37507    
agecat25-34           -0.178812   0.346472  -0.5161   0.60579    
agecat35-44           -0.277429   0.373524  -0.7427   0.45764    
agecat45-54            0.208010   0.461361   0.4509   0.65209    
agecat55-64          -14.678147   0.390943 -37.5455 < 2.2e-16 ***
agecat65-74          -14.697263   0.664829 -22.1068 < 2.2e-16 ***
agecat75+            -14.176564   0.666145 -21.2815 < 2.2e-16 ***
agecatMissing         -1.216279   1.006841  -1.2080   0.22704    
female                -0.151641   0.163919  -0.9251   0.35491    
racewhiteYes           0.646282   0.258259   2.5025   0.01233 *  
racewhiteMissing     -13.852927   0.506698 -27.3396 < 2.2e-16 ***
gichronYes             1.081018   0.524269   2.0620   0.03921 *  
anim_anyYes            0.383545   0.243987   1.5720   0.11595    
gicontactbaseYes       0.419088   0.418617   1.0011   0.31677    
gicontactbaseMissing   0.087634   0.467317   0.1875   0.85125    
rawfood               -0.523615   0.208496  -2.5114   0.01203 *  
---
Signif. codes:  0 ‘***’ 0.001 ‘**’ 0.01 ‘*’ 0.05 ‘.’ 0.1 ‘ ’ 1

> 
> # Surfside
> sufit <- mpreg(diarrheaci10~qentero1600 +agecat+female+racewhite+gichron+anim_any+gicontactbase+rawfood,dat=ad[ad$beach=="Surfside",],vcv=T)

Call:
glm(formula = formula, family = poisson(link = "log"), data = dat)

Deviance Residuals: 
    Min       1Q   Median       3Q      Max  
-0.7569  -0.3102  -0.2753  -0.2382   2.4979  

Coefficients:
                   Estimate Std. Error z value Pr(>|z|)    
(Intercept)       -3.534486   0.404013  -8.748  < 2e-16 ***
qentero16002      -0.071368   0.135568  -0.526  0.59858    
qentero16003       0.189859   0.174287   1.089  0.27600    
qentero16004       0.204706   0.390831   0.524  0.60044    
agecat5-14        -0.497841   0.277920  -1.791  0.07324 .  
agecat15-24       -0.426074   0.284589  -1.497  0.13435    
agecat25-34        0.021203   0.284942   0.074  0.94068    
agecat35-44       -0.094976   0.278992  -0.340  0.73354    
agecat45-54       -0.177465   0.285150  -0.622  0.53371    
agecat55-64       -0.086872   0.333278  -0.261  0.79435    
agecat65-74      -14.370688 415.036453  -0.035  0.97238    
agecat75+        -14.255823 888.497896  -0.016  0.98720    
agecatMissing      0.750529   0.446725   1.680  0.09294 .  
female             0.100264   0.122358   0.819  0.41254    
racewhiteYes       0.397211   0.324818   1.223  0.22138    
racewhiteMissing -14.656998 861.700920  -0.017  0.98643    
gichronYes         1.021353   0.249802   4.089 4.34e-05 ***
anim_anyYes        0.000522   0.150798   0.003  0.99724    
gicontactbaseYes   0.648164   0.215467   3.008  0.00263 ** 
rawfood            0.383438   0.134366   2.854  0.00432 ** 
---
Signif. codes:  0 ‘***’ 0.001 ‘**’ 0.01 ‘*’ 0.05 ‘.’ 0.1 ‘ ’ 1

(Dispersion parameter for poisson family taken to be 1)

    Null deviance: 1713.9  on 6300  degrees of freedom
Residual deviance: 1649.2  on 6281  degrees of freedom
AIC: 2235.2

Number of Fisher Scoring iterations: 15



Robust, Sandwich Standard Errors Account for Clustering:

z test of coefficients:

                    Estimate  Std. Error  z value  Pr(>|z|)    
(Intercept)      -3.5345e+00  4.8422e-01  -7.2993 2.892e-13 ***
qentero16002     -7.1368e-02  1.5647e-01  -0.4561  0.648315    
qentero16003      1.8986e-01  2.0693e-01   0.9175  0.358878    
qentero16004      2.0471e-01  3.3898e-01   0.6039  0.545920    
agecat5-14       -4.9784e-01  3.0044e-01  -1.6571  0.097506 .  
agecat15-24      -4.2607e-01  2.9101e-01  -1.4641  0.143164    
agecat25-34       2.1203e-02  2.7200e-01   0.0780  0.937866    
agecat35-44      -9.4976e-02  2.8695e-01  -0.3310  0.740655    
agecat45-54      -1.7746e-01  2.9289e-01  -0.6059  0.544573    
agecat55-64      -8.6872e-02  3.3398e-01  -0.2601  0.794779    
agecat65-74      -1.4371e+01  2.9364e-01 -48.9391 < 2.2e-16 ***
agecat75+        -1.4256e+01  3.6944e-01 -38.5873 < 2.2e-16 ***
agecatMissing     7.5053e-01  6.5788e-01   1.1408  0.253938    
female            1.0026e-01  1.1822e-01   0.8481  0.396390    
racewhiteYes      3.9721e-01  3.9742e-01   0.9995  0.317569    
racewhiteMissing -1.4657e+01  8.9554e-01 -16.3666 < 2.2e-16 ***
gichronYes        1.0214e+00  2.2635e-01   4.5123 6.414e-06 ***
anim_anyYes       5.2196e-04  1.7335e-01   0.0030  0.997598    
gicontactbaseYes  6.4816e-01  2.2797e-01   2.8432  0.004467 ** 
rawfood           3.8344e-01  1.3705e-01   2.7977  0.005146 ** 
---
Signif. codes:  0 ‘***’ 0.001 ‘**’ 0.01 ‘*’ 0.05 ‘.’ 0.1 ‘ ’ 1

> 
> # --------------------------------------
> # Pooled estimates
> # (can't use the mpreg fn because we 
> # need the actual glm returned object 
> # for the LR tests)
> 
> # all beaches
> all.fit <- glm(diarrheaci10~qentero1600 +agecat+female+racewhite+gichron+anim_any+gicontactbase+rawfood+beach,family=poisson(link="log"),data=ad)
> 	all.VC <- cl(ad,fm=all.fit,cluster=ad$hhid)
> 	overall.fit <- coeftest(all.fit, all.VC)
> 	summary(all.fit)

Call:
glm(formula = diarrheaci10 ~ qentero1600 + agecat + female + 
    racewhite + gichron + anim_any + gicontactbase + rawfood + 
    beach, family = poisson(link = "log"), data = ad)

Deviance Residuals: 
    Min       1Q   Median       3Q      Max  
-0.9236  -0.3118  -0.2705  -0.2363   2.6938  

Coefficients:
                       Estimate Std. Error z value Pr(>|z|)    
(Intercept)           -2.908024   0.145259 -20.020  < 2e-16 ***
qentero16002           0.017172   0.079559   0.216 0.829113    
qentero16003           0.151461   0.085712   1.767 0.077211 .  
qentero16004           0.256731   0.096771   2.653 0.007979 ** 
agecat5-14            -0.679774   0.088568  -7.675 1.65e-14 ***
agecat15-24           -0.689315   0.101389  -6.799 1.06e-11 ***
agecat25-34           -0.300473   0.099612  -3.016 0.002558 ** 
agecat35-44           -0.365247   0.099072  -3.687 0.000227 ***
agecat45-54           -0.563028   0.113963  -4.940 7.79e-07 ***
agecat55-64           -0.570085   0.156963  -3.632 0.000281 ***
agecat65-74           -1.309964   0.415923  -3.150 0.001635 ** 
agecat75+            -12.517489 156.146050  -0.080 0.936106    
agecatMissing         -0.585113   0.236760  -2.471 0.013461 *  
female                 0.032179   0.051553   0.624 0.532498    
racewhiteYes           0.281830   0.078807   3.576 0.000349 ***
racewhiteMissing       0.042577   0.310580   0.137 0.890960    
gichronYes             0.770599   0.122692   6.281 3.37e-10 ***
gichronMissing       -12.098312 404.240942  -0.030 0.976124    
anim_anyYes            0.123721   0.060558   2.043 0.041053 *  
gicontactbaseYes       0.617613   0.095532   6.465 1.01e-10 ***
gicontactbaseMissing   0.215163   0.320338   0.672 0.501790    
rawfood                0.198509   0.063318   3.135 0.001718 ** 
beachBoqueron         -0.417599   0.126912  -3.290 0.001000 ** 
beachDoheny           -0.080342   0.124427  -0.646 0.518478    
beachEdgewater         0.162167   0.216045   0.751 0.452884    
beachFairhope          0.062053   0.180859   0.343 0.731522    
beachGoddard          -0.481005   0.229305  -2.098 0.035935 *  
beachHuntington        0.436470   0.168317   2.593 0.009510 ** 
beachMalibu           -0.001645   0.144193  -0.011 0.990900    
beachMission Bay      -0.062657   0.131915  -0.475 0.634805    
beachSilver           -0.414189   0.118232  -3.503 0.000460 ***
beachSurfside         -0.255510   0.114094  -2.239 0.025126 *  
beachWashington Park  -0.225203   0.140534  -1.602 0.109049    
beachWest              0.261683   0.139773   1.872 0.061179 .  
---
Signif. codes:  0 ‘***’ 0.001 ‘**’ 0.01 ‘*’ 0.05 ‘.’ 0.1 ‘ ’ 1

(Dispersion parameter for poisson family taken to be 1)

    Null deviance: 9671.4  on 35881  degrees of freedom
Residual deviance: 9348.1  on 35848  degrees of freedom
AIC: 12484

Number of Fisher Scoring iterations: 13

> 	overall.fit

z test of coefficients:

                        Estimate  Std. Error  z value  Pr(>|z|)    
(Intercept)           -2.9080241   0.1605910 -18.1083 < 2.2e-16 ***
qentero16002           0.0171720   0.0893856   0.1921 0.8476548    
qentero16003           0.1514608   0.0973393   1.5560 0.1197059    
qentero16004           0.2567311   0.1074383   2.3896 0.0168682 *  
agecat5-14            -0.6797740   0.0915291  -7.4269 1.112e-13 ***
agecat15-24           -0.6893145   0.1023572  -6.7344 1.646e-11 ***
agecat25-34           -0.3004733   0.0972479  -3.0898 0.0020031 ** 
agecat35-44           -0.3652474   0.0982971  -3.7158 0.0002026 ***
agecat45-54           -0.5630282   0.1154892  -4.8752 1.087e-06 ***
agecat55-64           -0.5700848   0.1568577  -3.6344 0.0002786 ***
agecat65-74           -1.3099642   0.4146754  -3.1590 0.0015831 ** 
agecat75+            -12.5174888   0.1582186 -79.1152 < 2.2e-16 ***
agecatMissing         -0.5851126   0.3163306  -1.8497 0.0643587 .  
female                 0.0321790   0.0497521   0.6468 0.5177704    
racewhiteYes           0.2818298   0.0940838   2.9955 0.0027398 ** 
racewhiteMissing       0.0425772   0.3319210   0.1283 0.8979313    
gichronYes             0.7705988   0.1205710   6.3912 1.645e-10 ***
gichronMissing       -12.0983118   0.4284823 -28.2353 < 2.2e-16 ***
anim_anyYes            0.1237208   0.0661895   1.8692 0.0615961 .  
gicontactbaseYes       0.6176132   0.0984336   6.2744 3.509e-10 ***
gicontactbaseMissing   0.2151632   0.3083619   0.6978 0.4853262    
rawfood                0.1985087   0.0671187   2.9576 0.0031007 ** 
beachBoqueron         -0.4175991   0.1484387  -2.8133 0.0049039 ** 
beachDoheny           -0.0803419   0.1407780  -0.5707 0.5682033    
beachEdgewater         0.1621666   0.2368732   0.6846 0.4935879    
beachFairhope          0.0620531   0.2039223   0.3043 0.7609009    
beachGoddard          -0.4810054   0.2396014  -2.0075 0.0446940 *  
beachHuntington        0.4364695   0.1886274   2.3139 0.0206719 *  
beachMalibu           -0.0016446   0.1562619  -0.0105 0.9916027    
beachMission Bay      -0.0626566   0.1619631  -0.3869 0.6988620    
beachSilver           -0.4141890   0.1312877  -3.1548 0.0016060 ** 
beachSurfside         -0.2555098   0.1287192  -1.9850 0.0471425 *  
beachWashington Park  -0.2252031   0.1633197  -1.3789 0.1679226    
beachWest              0.2616833   0.1535616   1.7041 0.0883638 .  
---
Signif. codes:  0 ‘***’ 0.001 ‘**’ 0.01 ‘*’ 0.05 ‘.’ 0.1 ‘ ’ 1

> 
> # Interaction model with fresh v. marine beaches
> mf.ref <- glm(diarrheaci10~qentero1600+marine +agecat+female+racewhite+gichron+anim_any+gicontactbase+rawfood+beach,family=poisson(link="log"),data=ad)
> mf.fit <- glm(diarrheaci10~qentero1600*marine +agecat+female+racewhite+gichron+anim_any+gicontactbase+rawfood+beach,family=poisson(link="log"),data=ad)
> 	# commented out robust SE calcs b/c not used
> 	# mf.VC <- cl(ad,fm=mf.fit,cluster=ad$hhid)
> 	# mf.head <- coeftest(mf.fit, mf.VC)
> 	summary(mf.fit) 

Call:
glm(formula = diarrheaci10 ~ qentero1600 * marine + agecat + 
    female + racewhite + gichron + anim_any + gicontactbase + 
    rawfood + beach, family = poisson(link = "log"), data = ad)

Deviance Residuals: 
    Min       1Q   Median       3Q      Max  
-0.9314  -0.3125  -0.2704  -0.2363   2.6935  

Coefficients: (1 not defined because of singularities)
                         Estimate Std. Error z value Pr(>|z|)    
(Intercept)             -2.382300   0.264270  -9.015  < 2e-16 ***
qentero16002            -0.346925   0.322537  -1.076 0.282101    
qentero16003            -0.184717   0.281191  -0.657 0.511239    
qentero16004            -0.021556   0.280805  -0.077 0.938811    
marineYes               -0.529771   0.268579  -1.972 0.048553 *  
agecat5-14              -0.680347   0.088575  -7.681 1.58e-14 ***
agecat15-24             -0.691037   0.101409  -6.814 9.47e-12 ***
agecat25-34             -0.301111   0.099623  -3.022 0.002507 ** 
agecat35-44             -0.365472   0.099097  -3.688 0.000226 ***
agecat45-54             -0.563412   0.113990  -4.943 7.71e-07 ***
agecat55-64             -0.569867   0.156971  -3.630 0.000283 ***
agecat65-74             -1.308619   0.415924  -3.146 0.001654 ** 
agecat75+              -12.517492 156.143916  -0.080 0.936105    
agecatMissing           -0.586521   0.236759  -2.477 0.013238 *  
female                   0.031494   0.051558   0.611 0.541308    
racewhiteYes             0.280535   0.078828   3.559 0.000373 ***
racewhiteMissing         0.040093   0.310673   0.129 0.897317    
gichronYes               0.768551   0.122704   6.263 3.77e-10 ***
gichronMissing         -12.072945 403.566305  -0.030 0.976134    
anim_anyYes              0.123782   0.060560   2.044 0.040958 *  
gicontactbaseYes         0.617728   0.095544   6.465 1.01e-10 ***
gicontactbaseMissing     0.197815   0.320607   0.617 0.537234    
rawfood                  0.197919   0.063329   3.125 0.001776 ** 
beachBoqueron           -0.437764   0.130163  -3.363 0.000770 ***
beachDoheny             -0.086707   0.126985  -0.683 0.494722    
beachEdgewater           0.143987   0.217662   0.662 0.508281    
beachFairhope            0.053491   0.181026   0.295 0.767623    
beachGoddard            -0.495818   0.231207  -2.144 0.031995 *  
beachHuntington          0.230075   0.189326   1.215 0.224278    
beachMalibu             -0.007498   0.146734  -0.051 0.959248    
beachMission Bay        -0.071077   0.132613  -0.536 0.591978    
beachSilver             -0.639602   0.151886  -4.211 2.54e-05 ***
beachSurfside           -0.264432   0.117276  -2.255 0.024147 *  
beachWashington Park    -0.451485   0.170632  -2.646 0.008146 ** 
beachWest                      NA         NA      NA       NA    
qentero16002:marineYes   0.387767   0.332842   1.165 0.244012    
qentero16003:marineYes   0.371476   0.295617   1.257 0.208895    
qentero16004:marineYes   0.268692   0.302634   0.888 0.374625    
---
Signif. codes:  0 ‘***’ 0.001 ‘**’ 0.01 ‘*’ 0.05 ‘.’ 0.1 ‘ ’ 1

(Dispersion parameter for poisson family taken to be 1)

    Null deviance: 9671.4  on 35881  degrees of freedom
Residual deviance: 9346.2  on 35845  degrees of freedom
AIC: 12488

Number of Fisher Scoring iterations: 13

> 	lrtest(mf.ref,mf.fit)
Likelihood ratio test

Model 1: diarrheaci10 ~ qentero1600 + marine + agecat + female + racewhite + 
    gichron + anim_any + gicontactbase + rawfood + beach
Model 2: diarrheaci10 ~ qentero1600 * marine + agecat + female + racewhite + 
    gichron + anim_any + gicontactbase + rawfood + beach
  #Df  LogLik Df  Chisq Pr(>Chisq)
1  34 -6208.0                     
2  37 -6207.1  3 1.8968     0.5941
> 	
> 
> # Interaction model with point v. non-point source beaches
> ps.ref <- glm(diarrheaci10~qentero1600+pointsource +agecat+female+racewhite+gichron+anim_any+gicontactbase+rawfood+beach,family=poisson(link="log"),data=ad)
> ps.fit <- glm(diarrheaci10~qentero1600*pointsource+agecat+female+racewhite+gichron+anim_any+gicontactbase+rawfood+beach,family=poisson(link="log"),data=ad)
> 	# commented out robust SE calcs b/c not used
> 	# ps.VC <- cl(ad,fm=ps.fit,cluster=ad$hhid)
> 	# ps.head <- coeftest(ps.fit, ps.VC)
> 	summary(ps.fit)

Call:
glm(formula = diarrheaci10 ~ qentero1600 * pointsource + agecat + 
    female + racewhite + gichron + anim_any + gicontactbase + 
    rawfood + beach, family = poisson(link = "log"), data = ad)

Deviance Residuals: 
    Min       1Q   Median       3Q      Max  
-0.9334  -0.3131  -0.2696  -0.2365   2.6908  

Coefficients: (1 not defined because of singularities)
                             Estimate Std. Error z value Pr(>|z|)    
(Intercept)                  -3.19115    0.13768 -23.178  < 2e-16 ***
qentero16002                  0.03610    0.09475   0.381 0.703192    
qentero16003                  0.29109    0.11920   2.442 0.014609 *  
qentero16004                  0.12139    0.17508   0.693 0.488094    
pointsourceYes                0.34589    0.15999   2.162 0.030619 *  
agecat5-14                   -0.67868    0.08857  -7.663 1.82e-14 ***
agecat15-24                  -0.68849    0.10140  -6.790 1.12e-11 ***
agecat25-34                  -0.29712    0.09964  -2.982 0.002865 ** 
agecat35-44                  -0.36380    0.09908  -3.672 0.000241 ***
agecat45-54                  -0.56414    0.11398  -4.949 7.45e-07 ***
agecat55-64                  -0.56660    0.15698  -3.609 0.000307 ***
agecat65-74                  -1.30953    0.41595  -3.148 0.001642 ** 
agecat75+                   -12.50279  156.20937  -0.080 0.936207    
agecatMissing                -0.58185    0.23679  -2.457 0.014002 *  
female                        0.03154    0.05156   0.612 0.540716    
racewhiteYes                  0.28014    0.07881   3.555 0.000378 ***
racewhiteMissing              0.04299    0.31061   0.138 0.889918    
gichronYes                    0.76900    0.12273   6.266 3.71e-10 ***
gichronMissing              -12.06873  403.15381  -0.030 0.976118    
anim_anyYes                   0.12392    0.06055   2.047 0.040692 *  
gicontactbaseYes              0.61881    0.09554   6.477 9.36e-11 ***
gicontactbaseMissing          0.20927    0.32043   0.653 0.513709    
rawfood                       0.19773    0.06332   3.123 0.001793 ** 
beachBoqueron                -0.38814    0.13174  -2.946 0.003216 ** 
beachDoheny                   0.18371    0.11188   1.642 0.100575    
beachEdgewater                0.19045    0.21709   0.877 0.380323    
beachFairhope                 0.08551    0.18204   0.470 0.638534    
beachGoddard                 -0.47204    0.23137  -2.040 0.041333 *  
beachHuntington               0.45543    0.17004   2.678 0.007396 ** 
beachMalibu                   0.27075    0.13183   2.054 0.039989 *  
beachMission Bay              0.20406    0.13764   1.483 0.138201    
beachSilver                  -0.40360    0.11980  -3.369 0.000754 ***
beachSurfside                      NA         NA      NA       NA    
beachWashington Park         -0.21437    0.14187  -1.511 0.130767    
beachWest                     0.27140    0.14010   1.937 0.052728 .  
qentero16002:pointsourceYes  -0.10345    0.17626  -0.587 0.557243    
qentero16003:pointsourceYes  -0.26221    0.18200  -1.441 0.149659    
qentero16004:pointsourceYes   0.08605    0.22484   0.383 0.701930    
---
Signif. codes:  0 ‘***’ 0.001 ‘**’ 0.01 ‘*’ 0.05 ‘.’ 0.1 ‘ ’ 1

(Dispersion parameter for poisson family taken to be 1)

    Null deviance: 9671.4  on 35881  degrees of freedom
Residual deviance: 9344.0  on 35845  degrees of freedom
AIC: 12486

Number of Fisher Scoring iterations: 13

> 	lrtest(ps.ref,ps.fit)
Likelihood ratio test

Model 1: diarrheaci10 ~ qentero1600 + pointsource + agecat + female + 
    racewhite + gichron + anim_any + gicontactbase + rawfood + 
    beach
Model 2: diarrheaci10 ~ qentero1600 * pointsource + agecat + female + 
    racewhite + gichron + anim_any + gicontactbase + rawfood + 
    beach
  #Df LogLik Df  Chisq Pr(>Chisq)
1  34  -6208                     
2  37  -6206  3 4.1266     0.2481
> 	
> 
> # --------------------------------------
> # Age-stratified estimates and LR tests of
> # interaction
> 
> # reduced models for LR tests of indicator x age interactions
> agestrat.ref <- glm(diarrheaci10~qentero1600 +agestrat+female+racewhite+gichron+anim_any+gicontactbase+rawfood+beach,family=poisson(link="log"),data=ad)
> 
> # Pooled estimate (Age 0-4, 5-10, >10)
> agestrat.fit <- glm(diarrheaci10~ qentero1600*agestrat +female+racewhite+gichron+anim_any+gicontactbase+rawfood+beach,family=poisson(link="log"),data=ad)
> 	# commented out robust SE calcs b/c not used
> 	# agestrat.VC <- cl(ad,fm=agestrat.fit,cluster=ad$hhid)
> 	# agestrat.body <- coeftest(agestrat.fit, agestrat.VC) 
> 	lrtest(agestrat.ref,agestrat.fit)
Likelihood ratio test

Model 1: diarrheaci10 ~ qentero1600 + agestrat + female + racewhite + 
    gichron + anim_any + gicontactbase + rawfood + beach
Model 2: diarrheaci10 ~ qentero1600 * agestrat + female + racewhite + 
    gichron + anim_any + gicontactbase + rawfood + beach
  #Df  LogLik Df  Chisq Pr(>Chisq)   
1  28 -6228.8                        
2  37 -6216.9  9 23.956   0.004371 **
---
Signif. codes:  0 ‘***’ 0.001 ‘**’ 0.01 ‘*’ 0.05 ‘.’ 0.1 ‘ ’ 1
> 
> # --------------------------------------
> # Stratified Models 
> # based on tests of interaction (above)
> # stratify the results by non-point and
> # point source conditions
> # --------------------------------------
> 
> # Non-point source and point-source
> nps <- mpreg(diarrheaci10~qentero1600 +agecat+female+racewhite+gichron+anim_any+gicontactbase+rawfood+beach,dat=ad[ad$pointsource=="No",],vcv=T)

Call:
glm(formula = formula, family = poisson(link = "log"), data = dat)

Deviance Residuals: 
    Min       1Q   Median       3Q      Max  
-0.7602  -0.3157  -0.2834  -0.2526   2.6739  

Coefficients:
                      Estimate Std. Error z value Pr(>|z|)    
(Intercept)           -3.17873    0.18431 -17.247  < 2e-16 ***
qentero16002           0.03272    0.09478   0.345 0.729892    
qentero16003           0.28448    0.11920   2.387 0.017007 *  
qentero16004           0.11479    0.17522   0.655 0.512405    
agecat5-14            -0.52909    0.14963  -3.536 0.000406 ***
agecat15-24           -0.53727    0.17367  -3.094 0.001978 ** 
agecat25-34           -0.14447    0.16778  -0.861 0.389185    
agecat35-44           -0.19318    0.16410  -1.177 0.239104    
agecat45-54           -0.29816    0.17791  -1.676 0.093756 .  
agecat55-64           -0.54814    0.25300  -2.167 0.030270 *  
agecat65-74           -1.91033    1.01000  -1.891 0.058570 .  
agecat75+            -12.52955  267.19016  -0.047 0.962598    
agecatMissing         -0.07454    0.37771  -0.197 0.843557    
female                 0.03176    0.08193   0.388 0.698256    
racewhiteYes           0.40095    0.12132   3.305 0.000951 ***
racewhiteMissing      -0.67143    0.58895  -1.140 0.254270    
gichronYes             0.95617    0.19337   4.945 7.62e-07 ***
anim_anyYes           -0.04972    0.09997  -0.497 0.618911    
gicontactbaseYes       0.51042    0.16464   3.100 0.001933 ** 
gicontactbaseMissing   0.14581    0.38436   0.379 0.704421    
rawfood                0.12355    0.09257   1.335 0.181990    
beachMalibu            0.10857    0.14047   0.773 0.439604    
beachMission Bay       0.10622    0.15202   0.699 0.484713    
beachSurfside         -0.12111    0.12239  -0.990 0.322388    
---
Signif. codes:  0 ‘***’ 0.001 ‘**’ 0.01 ‘*’ 0.05 ‘.’ 0.1 ‘ ’ 1

(Dispersion parameter for poisson family taken to be 1)

    Null deviance: 3855.6  on 14035  degrees of freedom
Residual deviance: 3769.9  on 14012  degrees of freedom
AIC: 5051.9

Number of Fisher Scoring iterations: 13



Robust, Sandwich Standard Errors Account for Clustering:

z test of coefficients:

                       Estimate Std. Error  z value  Pr(>|z|)    
(Intercept)           -3.178734   0.212381 -14.9671 < 2.2e-16 ***
qentero16002           0.032724   0.109028   0.3001  0.764066    
qentero16003           0.284478   0.140627   2.0229  0.043081 *  
qentero16004           0.114788   0.194957   0.5888  0.556006    
agecat5-14            -0.529086   0.157886  -3.3511  0.000805 ***
agecat15-24           -0.537273   0.177126  -3.0333  0.002419 ** 
agecat25-34           -0.144473   0.160164  -0.9020  0.367040    
agecat35-44           -0.193184   0.164455  -1.1747  0.240117    
agecat45-54           -0.298158   0.180867  -1.6485  0.099251 .  
agecat55-64           -0.548138   0.254325  -2.1553  0.031141 *  
agecat65-74           -1.910327   1.011494  -1.8886  0.058943 .  
agecat75+            -12.529551   0.270782 -46.2717 < 2.2e-16 ***
agecatMissing         -0.074541   0.574359  -0.1298  0.896740    
female                 0.031761   0.079291   0.4006  0.688745    
racewhiteYes           0.400947   0.146975   2.7280  0.006372 ** 
racewhiteMissing      -0.671430   0.586813  -1.1442  0.252542    
gichronYes             0.956173   0.182083   5.2513  1.51e-07 ***
anim_anyYes           -0.049724   0.108567  -0.4580  0.646953    
gicontactbaseYes       0.510417   0.170149   2.9998  0.002701 ** 
gicontactbaseMissing   0.145810   0.362890   0.4018  0.687830    
rawfood                0.123552   0.099045   1.2474  0.212241    
beachMalibu            0.108567   0.155452   0.6984  0.484929    
beachMission Bay       0.106221   0.195416   0.5436  0.586740    
beachSurfside         -0.121112   0.135859  -0.8915  0.372686    
---
Signif. codes:  0 ‘***’ 0.001 ‘**’ 0.01 ‘*’ 0.05 ‘.’ 0.1 ‘ ’ 1

> ps <- mpreg(diarrheaci10~qentero1600 +agecat+female+racewhite+gichron+anim_any+gicontactbase+rawfood+beach,dat=ad[ad$pointsource=="Yes",],vcv=T)

Call:
glm(formula = formula, family = poisson(link = "log"), data = dat)

Deviance Residuals: 
    Min       1Q   Median       3Q      Max  
-0.9729  -0.3108  -0.2621  -0.2198   2.6285  

Coefficients:
                      Estimate Std. Error z value Pr(>|z|)    
(Intercept)           -2.72452    0.18554 -14.684  < 2e-16 ***
qentero16002          -0.07389    0.14853  -0.497 0.618857    
qentero16003           0.02293    0.13759   0.167 0.867662    
qentero16004           0.20302    0.14124   1.437 0.150585    
agecat5-14            -0.77367    0.11049  -7.002 2.52e-12 ***
agecat15-24           -0.77919    0.12499  -6.234 4.55e-10 ***
agecat25-34           -0.39349    0.12433  -3.165 0.001551 ** 
agecat35-44           -0.47223    0.12534  -3.768 0.000165 ***
agecat45-54           -0.77626    0.15327  -5.065 4.09e-07 ***
agecat55-64           -0.56034    0.20081  -2.790 0.005265 ** 
agecat65-74           -1.16513    0.45761  -2.546 0.010893 *  
agecat75+            -12.47443  192.58065  -0.065 0.948353    
agecatMissing         -0.86169    0.30426  -2.832 0.004625 ** 
female                 0.03265    0.06642   0.492 0.623022    
racewhiteYes           0.17822    0.10263   1.737 0.082465 .  
racewhiteMissing       0.51537    0.36689   1.405 0.160114    
gichronYes             0.64770    0.15877   4.080 4.51e-05 ***
gichronMissing       -12.17988  406.63193  -0.030 0.976104    
anim_anyYes            0.23379    0.07704   3.035 0.002408 ** 
gicontactbaseYes       0.68587    0.11760   5.832 5.47e-09 ***
gicontactbaseMissing   0.24841    0.58078   0.428 0.668858    
rawfood                0.25393    0.08642   2.938 0.003299 ** 
beachBoqueron         -0.47930    0.14329  -3.345 0.000823 ***
beachEdgewater         0.14924    0.21881   0.682 0.495227    
beachFairhope          0.01676    0.18448   0.091 0.927622    
beachGoddard          -0.52981    0.23301  -2.274 0.022981 *  
beachHuntington        0.42051    0.17293   2.432 0.015030 *  
beachSilver           -0.44433    0.12320  -3.607 0.000310 ***
beachWashington Park  -0.25879    0.14469  -1.789 0.073672 .  
beachWest              0.22194    0.14285   1.554 0.120265    
---
Signif. codes:  0 ‘***’ 0.001 ‘**’ 0.01 ‘*’ 0.05 ‘.’ 0.1 ‘ ’ 1

(Dispersion parameter for poisson family taken to be 1)

    Null deviance: 5815.0  on 21845  degrees of freedom
Residual deviance: 5552.7  on 21816  degrees of freedom
AIC: 7446.7

Number of Fisher Scoring iterations: 13



Robust, Sandwich Standard Errors Account for Clustering:

z test of coefficients:

                       Estimate Std. Error  z value  Pr(>|z|)    
(Intercept)           -2.724520   0.192610 -14.1453 < 2.2e-16 ***
qentero16002          -0.073890   0.153645  -0.4809 0.6305778    
qentero16003           0.022927   0.142430   0.1610 0.8721192    
qentero16004           0.203022   0.146960   1.3815 0.1671328    
agecat5-14            -0.773666   0.112332  -6.8873 5.685e-12 ***
agecat15-24           -0.779192   0.125213  -6.2229 4.879e-10 ***
agecat25-34           -0.393491   0.122986  -3.1995 0.0013768 ** 
agecat35-44           -0.472233   0.123296  -3.8301 0.0001281 ***
agecat45-54           -0.776264   0.155309  -4.9982 5.787e-07 ***
agecat55-64           -0.560342   0.199598  -2.8074 0.0049950 ** 
agecat65-74           -1.165126   0.456588  -2.5518 0.0107165 *  
agecat75+            -12.474434   0.196635 -63.4394 < 2.2e-16 ***
agecatMissing         -0.861687   0.353467  -2.4378 0.0147765 *  
female                 0.032651   0.063925   0.5108 0.6095143    
racewhiteYes           0.178222   0.118948   1.4983 0.1340509    
racewhiteMissing       0.515367   0.402819   1.2794 0.2007557    
gichronYes             0.647703   0.160430   4.0373 5.407e-05 ***
gichronMissing       -12.179880   0.433303 -28.1094 < 2.2e-16 ***
anim_anyYes            0.233786   0.084320   2.7726 0.0055611 ** 
gicontactbaseYes       0.685866   0.120450   5.6942 1.240e-08 ***
gicontactbaseMissing   0.248409   0.575096   0.4319 0.6657826    
rawfood                0.253929   0.090206   2.8150 0.0048781 ** 
beachBoqueron         -0.479297   0.169358  -2.8301 0.0046537 ** 
beachEdgewater         0.149235   0.240256   0.6212 0.5345008    
beachFairhope          0.016757   0.209114   0.0801 0.9361298    
beachGoddard          -0.529810   0.244885  -2.1635 0.0305022 *  
beachHuntington        0.420514   0.194636   2.1605 0.0307324 *  
beachSilver           -0.444330   0.137835  -3.2236 0.0012657 ** 
beachWashington Park  -0.258793   0.168212  -1.5385 0.1239280    
beachWest              0.221945   0.157590   1.4084 0.1590212    
---
Signif. codes:  0 ‘***’ 0.001 ‘**’ 0.01 ‘*’ 0.05 ‘.’ 0.1 ‘ ’ 1

> 
> # Age-stratified results
> age0to4   <- mpreg(diarrheaci10~qentero1600 +female+racewhite+gichron+anim_any+gicontactbase+rawfood+beach,dat=ad[ad$agestrat=="(0, 4]",],vcv=T)

Call:
glm(formula = formula, family = poisson(link = "log"), data = dat)

Deviance Residuals: 
    Min       1Q   Median       3Q      Max  
-0.8714  -0.3920  -0.3278  -0.2766   2.3110  

Coefficients:
                     Estimate Std. Error z value Pr(>|z|)    
(Intercept)          -2.29401    0.39193  -5.853 4.83e-09 ***
qentero16002          0.17122    0.24777   0.691 0.489542    
qentero16003         -0.35492    0.28050  -1.265 0.205753    
qentero16004          0.20965    0.29213   0.718 0.472966    
female               -0.20730    0.14936  -1.388 0.165148    
racewhiteYes          0.37828    0.21328   1.774 0.076123 .  
racewhiteMissing      0.14878    1.02859   0.145 0.884993    
gichronYes            0.50133    0.71922   0.697 0.485775    
anim_anyYes           0.33544    0.17114   1.960 0.049998 *  
gicontactbaseYes      0.60953    0.29129   2.093 0.036390 *  
gicontactbaseMissing -0.14320    1.01313  -0.141 0.887596    
rawfood              -0.49132    0.29529  -1.664 0.096144 .  
beachBoqueron        -0.71169    0.37249  -1.911 0.056049 .  
beachDoheny          -0.44341    0.37415  -1.185 0.235974    
beachEdgewater       -0.09821    0.56665  -0.173 0.862406    
beachFairhope        -0.15106    0.36121  -0.418 0.675808    
beachGoddard         -1.23674    0.64733  -1.911 0.056065 .  
beachHuntington      -0.59491    0.48167  -1.235 0.216795    
beachMalibu          -0.80669    0.48109  -1.677 0.093579 .  
beachMission Bay     -0.50384    0.36446  -1.382 0.166840    
beachSilver          -0.98845    0.32296  -3.061 0.002209 ** 
beachSurfside        -1.34767    0.37875  -3.558 0.000373 ***
beachWashington Park -0.82811    0.38799  -2.134 0.032811 *  
beachWest            -0.26104    0.40379  -0.646 0.517968    
---
Signif. codes:  0 ‘***’ 0.001 ‘**’ 0.01 ‘*’ 0.05 ‘.’ 0.1 ‘ ’ 1

(Dispersion parameter for poisson family taken to be 1)

    Null deviance: 988.95  on 2678  degrees of freedom
Residual deviance: 938.23  on 2655  degrees of freedom
AIC: 1356.2

Number of Fisher Scoring iterations: 6



Robust, Sandwich Standard Errors Account for Clustering:

z test of coefficients:

                      Estimate Std. Error z value  Pr(>|z|)    
(Intercept)          -2.294014   0.353741 -6.4850 8.873e-11 ***
qentero16002          0.171220   0.248208  0.6898 0.4903029    
qentero16003         -0.354925   0.273594 -1.2973 0.1945394    
qentero16004          0.209649   0.286843  0.7309 0.4648490    
female               -0.207304   0.144161 -1.4380 0.1504341    
racewhiteYes          0.378275   0.216572  1.7466 0.0806987 .  
racewhiteMissing      0.148777   1.013517  0.1468 0.8832953    
gichronYes            0.501329   0.574126  0.8732 0.3825525    
anim_anyYes           0.335437   0.176910  1.8961 0.0579487 .  
gicontactbaseYes      0.609535   0.277863  2.1937 0.0282605 *  
gicontactbaseMissing -0.143203   1.000378 -0.1431 0.8861728    
rawfood              -0.491319   0.288341 -1.7040 0.0883899 .  
beachBoqueron        -0.711693   0.366443 -1.9422 0.0521172 .  
beachDoheny          -0.443411   0.351889 -1.2601 0.2076374    
beachEdgewater       -0.098208   0.540187 -0.1818 0.8557373    
beachFairhope        -0.151056   0.351878 -0.4293 0.6677154    
beachGoddard         -1.236743   0.636003 -1.9446 0.0518283 .  
beachHuntington      -0.594906   0.500724 -1.1881 0.2347968    
beachMalibu          -0.806693   0.461817 -1.7468 0.0806753 .  
beachMission Bay     -0.503837   0.359165 -1.4028 0.1606760    
beachSilver          -0.988447   0.344951 -2.8655 0.0041639 ** 
beachSurfside        -1.347666   0.372918 -3.6138 0.0003017 ***
beachWashington Park -0.828112   0.371191 -2.2310 0.0256839 *  
beachWest            -0.261041   0.393114 -0.6640 0.5066689    
---
Signif. codes:  0 ‘***’ 0.001 ‘**’ 0.01 ‘*’ 0.05 ‘.’ 0.1 ‘ ’ 1

> age5to10  <- mpreg(diarrheaci10~qentero1600 +female+racewhite+gichron+anim_any+gicontactbase+rawfood+beach,dat=ad[ad$agestrat=="(4, 10]",],vcv=T)

Call:
glm(formula = formula, family = poisson(link = "log"), data = dat)

Deviance Residuals: 
    Min       1Q   Median       3Q      Max  
-0.8197  -0.3142  -0.2693  -0.2187   2.5686  

Coefficients:
                      Estimate Std. Error z value Pr(>|z|)    
(Intercept)           -3.44910    0.28330 -12.175   <2e-16 ***
qentero16002          -0.15193    0.19710  -0.771   0.4408    
qentero16003           0.19351    0.20426   0.947   0.3435    
qentero16004           0.25468    0.21643   1.177   0.2393    
female                -0.02842    0.11689  -0.243   0.8079    
racewhiteYes           0.36799    0.16027   2.296   0.0217 *  
racewhiteMissing       0.12353    0.59987   0.206   0.8369    
gichronYes             0.98067    0.45409   2.160   0.0308 *  
gichronMissing       -10.01627  270.44803  -0.037   0.9705    
anim_anyYes           -0.06974    0.14305  -0.488   0.6259    
gicontactbaseYes       0.32946    0.24557   1.342   0.1797    
gicontactbaseMissing  -0.78937    1.00511  -0.785   0.4322    
rawfood               -0.29725    0.20049  -1.483   0.1382    
beachBoqueron         -0.46892    0.31202  -1.503   0.1329    
beachDoheny           -0.08426    0.26812  -0.314   0.7533    
beachEdgewater         0.39417    0.48865   0.807   0.4199    
beachFairhope         -0.14563    0.40079  -0.363   0.7163    
beachGoddard          -0.16972    0.46111  -0.368   0.7128    
beachHuntington        0.81615    0.31746   2.571   0.0101 *  
beachMalibu            0.49635    0.31107   1.596   0.1106    
beachMission Bay       0.32406    0.25910   1.251   0.2110    
beachSilver           -0.14284    0.24109  -0.592   0.5535    
beachSurfside         -0.41385    0.29333  -1.411   0.1583    
beachWashington Park   0.01123    0.28270   0.040   0.9683    
beachWest              0.35422    0.33575   1.055   0.2914    
---
Signif. codes:  0 ‘***’ 0.001 ‘**’ 0.01 ‘*’ 0.05 ‘.’ 0.1 ‘ ’ 1

(Dispersion parameter for poisson family taken to be 1)

    Null deviance: 1913.8  on 7446  degrees of freedom
Residual deviance: 1851.2  on 7422  degrees of freedom
AIC: 2495.2

Number of Fisher Scoring iterations: 11



Robust, Sandwich Standard Errors Account for Clustering:

z test of coefficients:

                       Estimate Std. Error  z value Pr(>|z|)    
(Intercept)           -3.449099   0.295372 -11.6771  < 2e-16 ***
qentero16002          -0.151934   0.221050  -0.6873  0.49188    
qentero16003           0.193514   0.210833   0.9179  0.35870    
qentero16004           0.254678   0.217543   1.1707  0.24172    
female                -0.028419   0.115222  -0.2466  0.80518    
racewhiteYes           0.367994   0.185877   1.9798  0.04773 *  
racewhiteMissing       0.123526   0.571713   0.2161  0.82894    
gichronYes             0.980673   0.418810   2.3416  0.01920 *  
gichronMissing       -10.016275   0.639906 -15.6527  < 2e-16 ***
anim_anyYes           -0.069737   0.144963  -0.4811  0.63047    
gicontactbaseYes       0.329456   0.239517   1.3755  0.16898    
gicontactbaseMissing  -0.789372   0.991139  -0.7964  0.42578    
rawfood               -0.297253   0.215056  -1.3822  0.16691    
beachBoqueron         -0.468916   0.338859  -1.3838  0.16642    
beachDoheny           -0.084261   0.273012  -0.3086  0.75760    
beachEdgewater         0.394174   0.475292   0.8293  0.40692    
beachFairhope         -0.145634   0.401961  -0.3623  0.71712    
beachGoddard          -0.169719   0.512315  -0.3313  0.74043    
beachHuntington        0.816147   0.351245   2.3236  0.02015 *  
beachMalibu            0.496350   0.310852   1.5967  0.11032    
beachMission Bay       0.324065   0.294708   1.0996  0.27150    
beachSilver           -0.142836   0.244198  -0.5849  0.55860    
beachSurfside         -0.413852   0.301762  -1.3715  0.17023    
beachWashington Park   0.011229   0.295672   0.0380  0.96971    
beachWest              0.354223   0.335193   1.0568  0.29062    
---
Signif. codes:  0 ‘***’ 0.001 ‘**’ 0.01 ‘*’ 0.05 ‘.’ 0.1 ‘ ’ 1

> age11plus <- mpreg(diarrheaci10~qentero1600 +female+racewhite+gichron+anim_any+gicontactbase+rawfood+beach,dat=ad[ad$agestrat==">10",],vcv=T)

Call:
glm(formula = formula, family = poisson(link = "log"), data = dat)

Deviance Residuals: 
    Min       1Q   Median       3Q      Max  
-0.8074  -0.3081  -0.2660  -0.2298   2.5911  

Coefficients:
                       Estimate Std. Error z value Pr(>|z|)    
(Intercept)           -3.534633   0.155649 -22.709  < 2e-16 ***
qentero16002           0.006101   0.094005   0.065  0.94826    
qentero16003           0.192181   0.101246   1.898  0.05768 .  
qentero16004           0.221486   0.119257   1.857  0.06328 .  
female                 0.109874   0.062801   1.750  0.08020 .  
racewhiteYes           0.199052   0.099804   1.994  0.04611 *  
racewhiteMissing      -0.781843   0.584825  -1.337  0.18126    
gichronYes             0.806049   0.129402   6.229 4.69e-10 ***
gichronMissing       -10.295271 204.179496  -0.050  0.95979    
anim_anyYes            0.118338   0.073566   1.609  0.10771    
gicontactbaseYes       0.689889   0.112978   6.106 1.02e-09 ***
gicontactbaseMissing   0.567511   0.359787   1.577  0.11471    
rawfood                0.378821   0.069940   5.416 6.08e-08 ***
beachBoqueron         -0.409776   0.153460  -2.670  0.00758 ** 
beachDoheny           -0.027354   0.153243  -0.178  0.85833    
beachEdgewater         0.155349   0.273023   0.569  0.56936    
beachFairhope          0.084675   0.258784   0.327  0.74351    
beachGoddard          -0.428409   0.291136  -1.472  0.14115    
beachHuntington        0.434852   0.227543   1.911  0.05599 .  
beachMalibu           -0.010542   0.175110  -0.060  0.95200    
beachMission Bay      -0.128661   0.172541  -0.746  0.45586    
beachSilver           -0.379232   0.151048  -2.511  0.01205 *  
beachSurfside         -0.130926   0.134902  -0.971  0.33178    
beachWashington Park  -0.130291   0.178494  -0.730  0.46542    
beachWest              0.335885   0.166448   2.018  0.04360 *  
---
Signif. codes:  0 ‘***’ 0.001 ‘**’ 0.01 ‘*’ 0.05 ‘.’ 0.1 ‘ ’ 1

(Dispersion parameter for poisson family taken to be 1)

    Null deviance: 6595.1  on 25198  degrees of freedom
Residual deviance: 6395.1  on 25174  degrees of freedom
AIC: 8509.1

Number of Fisher Scoring iterations: 11



Robust, Sandwich Standard Errors Account for Clustering:

z test of coefficients:

                        Estimate  Std. Error  z value  Pr(>|z|)    
(Intercept)           -3.5346330   0.1673970 -21.1153 < 2.2e-16 ***
qentero16002           0.0061006   0.0985736   0.0619   0.95065    
qentero16003           0.1921806   0.1093523   1.7574   0.07884 .  
qentero16004           0.2214862   0.1283827   1.7252   0.08449 .  
female                 0.1098736   0.0594188   1.8491   0.06444 .  
racewhiteYes           0.1990521   0.1057550   1.8822   0.05981 .  
racewhiteMissing      -0.7818433   0.5830626  -1.3409   0.17994    
gichronYes             0.8060491   0.1264403   6.3749 1.830e-10 ***
gichronMissing       -10.2952711   0.5051262 -20.3816 < 2.2e-16 ***
anim_anyYes            0.1183376   0.0763519   1.5499   0.12117    
gicontactbaseYes       0.6898894   0.1117639   6.1727 6.712e-10 ***
gicontactbaseMissing   0.5675115   0.3449598   1.6452   0.09994 .  
rawfood                0.3788210   0.0726289   5.2158 1.830e-07 ***
beachBoqueron         -0.4097762   0.1691643  -2.4224   0.01542 *  
beachDoheny           -0.0273535   0.1669754  -0.1638   0.86987    
beachEdgewater         0.1553489   0.2981625   0.5210   0.60235    
beachFairhope          0.0846753   0.2521871   0.3358   0.73705    
beachGoddard          -0.4284093   0.2952306  -1.4511   0.14675    
beachHuntington        0.4348522   0.2249134   1.9334   0.05318 .  
beachMalibu           -0.0105415   0.1855322  -0.0568   0.95469    
beachMission Bay      -0.1286609   0.1919091  -0.6704   0.50259    
beachSilver           -0.3792318   0.1582780  -2.3960   0.01658 *  
beachSurfside         -0.1309259   0.1462168  -0.8954   0.37056    
beachWashington Park  -0.1302908   0.1916853  -0.6797   0.49669    
beachWest              0.3358852   0.1800658   1.8653   0.06213 .  
---
Signif. codes:  0 ‘***’ 0.001 ‘**’ 0.01 ‘*’ 0.05 ‘.’ 0.1 ‘ ’ 1

> 
> # Non-point source estimates, stratified by age group
> nps0to4 <- mpreg(diarrheaci10~qentero1600 +female+racewhite+gichron+anim_any+gicontactbase+rawfood+beach,dat=ad[ad$pointsource=="No" & ad$agestrat=="(0, 4]",],vcv=T)

Call:
glm(formula = formula, family = poisson(link = "log"), data = dat)

Deviance Residuals: 
    Min       1Q   Median       3Q      Max  
-0.5761  -0.3778  -0.3256  -0.2701   2.3878  

Coefficients:
                      Estimate Std. Error z value Pr(>|z|)    
(Intercept)           -2.66072    0.38252  -6.956 3.51e-12 ***
qentero16002           0.13826    0.29969   0.461   0.6445    
qentero16003          -0.61738    0.46331  -1.333   0.1827    
qentero16004           0.15073    0.47178   0.319   0.7494    
female                 0.02089    0.25771   0.081   0.9354    
racewhiteYes           0.19879    0.33939   0.586   0.5581    
racewhiteMissing       0.26933    1.04837   0.257   0.7973    
gichronYes           -12.54836  697.11399  -0.018   0.9856    
anim_anyYes            0.39417    0.30291   1.301   0.1932    
gicontactbaseYes      -0.32043    0.72169  -0.444   0.6570    
gicontactbaseMissing   0.13348    1.02132   0.131   0.8960    
rawfood               -0.45524    0.45361  -1.004   0.3156    
beachMalibu           -0.37619    0.45638  -0.824   0.4098    
beachMission Bay      -0.09568    0.41799  -0.229   0.8189    
beachSurfside         -0.86990    0.37917  -2.294   0.0218 *  
---
Signif. codes:  0 ‘***’ 0.001 ‘**’ 0.01 ‘*’ 0.05 ‘.’ 0.1 ‘ ’ 1

(Dispersion parameter for poisson family taken to be 1)

    Null deviance: 345.06  on 1031  degrees of freedom
Residual deviance: 334.79  on 1017  degrees of freedom
AIC: 486.79

Number of Fisher Scoring iterations: 13



Robust, Sandwich Standard Errors Account for Clustering:

z test of coefficients:

                       Estimate Std. Error  z value  Pr(>|z|)    
(Intercept)           -2.660723   0.353318  -7.5307 5.048e-14 ***
qentero16002           0.138259   0.308305   0.4484   0.65383    
qentero16003          -0.617381   0.529636  -1.1657   0.24375    
qentero16004           0.150726   0.491493   0.3067   0.75909    
female                 0.020891   0.254723   0.0820   0.93464    
racewhiteYes           0.198794   0.360520   0.5514   0.58135    
racewhiteMissing       0.269332   1.041248   0.2587   0.79590    
gichronYes           -12.548358   0.690882 -18.1628 < 2.2e-16 ***
anim_anyYes            0.394172   0.265950   1.4821   0.13831    
gicontactbaseYes      -0.320430   0.700265  -0.4576   0.64725    
gicontactbaseMissing   0.133480   1.004153   0.1329   0.89425    
rawfood               -0.455244   0.431363  -1.0554   0.29126    
beachMalibu           -0.376187   0.449853  -0.8362   0.40302    
beachMission Bay      -0.095683   0.444424  -0.2153   0.82954    
beachSurfside         -0.869898   0.345249  -2.5196   0.01175 *  
---
Signif. codes:  0 ‘***’ 0.001 ‘**’ 0.01 ‘*’ 0.05 ‘.’ 0.1 ‘ ’ 1

> 
> nps5to10 <- mpreg(diarrheaci10~qentero1600 +female+racewhite+gichron+anim_any+gicontactbase+rawfood+beach,dat=ad[ad$pointsource=="No" & ad$agestrat=="(4, 10]",],vcv=T)

Call:
glm(formula = formula, family = poisson(link = "log"), data = dat)

Deviance Residuals: 
    Min       1Q   Median       3Q      Max  
-0.7027  -0.3136  -0.2584  -0.2175   2.5772  

Coefficients:
                      Estimate Std. Error z value Pr(>|z|)    
(Intercept)          -3.379591   0.280877 -12.032   <2e-16 ***
qentero16002          0.005447   0.215145   0.025   0.9798    
qentero16003          0.033976   0.277211   0.123   0.9025    
qentero16004         -0.773624   0.430817  -1.796   0.0725 .  
female               -0.344347   0.189043  -1.822   0.0685 .  
racewhiteYes          0.398889   0.239072   1.668   0.0952 .  
racewhiteMissing     -0.537237   1.027159  -0.523   0.6010    
gichronYes            1.386719   0.718496   1.930   0.0536 .  
anim_anyYes          -0.078083   0.228210  -0.342   0.7322    
gicontactbaseYes     -0.037950   0.512447  -0.074   0.9410    
gicontactbaseMissing -0.548046   1.008297  -0.544   0.5868    
rawfood              -0.558102   0.291948  -1.912   0.0559 .  
beachMalibu           0.539548   0.284327   1.898   0.0577 .  
beachMission Bay      0.706386   0.290289   2.433   0.0150 *  
beachSurfside        -0.346173   0.297014  -1.166   0.2438    
---
Signif. codes:  0 ‘***’ 0.001 ‘**’ 0.01 ‘*’ 0.05 ‘.’ 0.1 ‘ ’ 1

(Dispersion parameter for poisson family taken to be 1)

    Null deviance: 781.64  on 3115  degrees of freedom
Residual deviance: 754.10  on 3101  degrees of freedom
AIC: 1024.1

Number of Fisher Scoring iterations: 6



Robust, Sandwich Standard Errors Account for Clustering:

z test of coefficients:

                       Estimate Std. Error  z value Pr(>|z|)    
(Intercept)          -3.3795911  0.2909838 -11.6144  < 2e-16 ***
qentero16002          0.0054472  0.2357516   0.0231  0.98157    
qentero16003          0.0339758  0.2895358   0.1173  0.90659    
qentero16004         -0.7736238  0.5115887  -1.5122  0.13048    
female               -0.3443470  0.1776305  -1.9386  0.05256 .  
racewhiteYes          0.3988894  0.2851950   1.3987  0.16192    
racewhiteMissing     -0.5372373  0.9990816  -0.5377  0.59076    
gichronYes            1.3867192  0.5669678   2.4459  0.01445 *  
anim_anyYes          -0.0780829  0.2377718  -0.3284  0.74261    
gicontactbaseYes     -0.0379497  0.5073986  -0.0748  0.94038    
gicontactbaseMissing -0.5480457  0.9927768  -0.5520  0.58093    
rawfood              -0.5581016  0.3076692  -1.8140  0.06968 .  
beachMalibu           0.5395478  0.2914355   1.8513  0.06412 .  
beachMission Bay      0.7063863  0.3367422   2.0977  0.03593 *  
beachSurfside        -0.3461728  0.3174744  -1.0904  0.27554    
---
Signif. codes:  0 ‘***’ 0.001 ‘**’ 0.01 ‘*’ 0.05 ‘.’ 0.1 ‘ ’ 1

> 
> nps11plus <- mpreg(diarrheaci10~qentero1600 +female+racewhite+gichron+anim_any+gicontactbase+rawfood+beach,dat=ad[ad$pointsource=="No" & ad$agestrat==">10",],vcv=T)

Call:
glm(formula = formula, family = poisson(link = "log"), data = dat)

Deviance Residuals: 
    Min       1Q   Median       3Q      Max  
-0.7825  -0.3097  -0.2755  -0.2559   2.7925  

Coefficients:
                      Estimate Std. Error z value Pr(>|z|)    
(Intercept)          -3.786825   0.184690 -20.504  < 2e-16 ***
qentero16002          0.019041   0.113714   0.167 0.867019    
qentero16003          0.400225   0.140146   2.856 0.004293 ** 
qentero16004          0.379148   0.211141   1.796 0.072541 .  
female                0.147511   0.098142   1.503 0.132829    
racewhiteYes          0.494415   0.157247   3.144 0.001665 ** 
racewhiteMissing     -1.104667   1.009754  -1.094 0.273957    
gichronYes            0.931496   0.200348   4.649 3.33e-06 ***
anim_anyYes          -0.112027   0.119843  -0.935 0.349901    
gicontactbaseYes      0.696940   0.180145   3.869 0.000109 ***
gicontactbaseMissing  0.403585   0.456362   0.884 0.376506    
rawfood               0.313656   0.102117   3.072 0.002130 ** 
beachMalibu           0.056556   0.172626   0.328 0.743199    
beachMission Bay     -0.001116   0.199455  -0.006 0.995534    
beachSurfside        -0.033345   0.146313  -0.228 0.819722    
---
Signif. codes:  0 ‘***’ 0.001 ‘**’ 0.01 ‘*’ 0.05 ‘.’ 0.1 ‘ ’ 1

(Dispersion parameter for poisson family taken to be 1)

    Null deviance: 2674.0  on 9729  degrees of freedom
Residual deviance: 2602.9  on 9715  degrees of freedom
AIC: 3488.9

Number of Fisher Scoring iterations: 6



Robust, Sandwich Standard Errors Account for Clustering:

z test of coefficients:

                       Estimate Std. Error  z value  Pr(>|z|)    
(Intercept)          -3.7868254  0.1977455 -19.1500 < 2.2e-16 ***
qentero16002          0.0190410  0.1190557   0.1599  0.872933    
qentero16003          0.4002251  0.1487520   2.6906  0.007133 ** 
qentero16004          0.3791482  0.2162627   1.7532  0.079571 .  
female                0.1475111  0.0939043   1.5709  0.116214    
racewhiteYes          0.4944151  0.1682414   2.9387  0.003296 ** 
racewhiteMissing     -1.1046673  1.0089374  -1.0949  0.273568    
gichronYes            0.9314963  0.1864757   4.9953 5.875e-07 ***
anim_anyYes          -0.1120270  0.1226373  -0.9135  0.360989    
gicontactbaseYes      0.6969396  0.1751268   3.9796 6.902e-05 ***
gicontactbaseMissing  0.4035850  0.4303173   0.9379  0.348307    
rawfood               0.3136555  0.1061863   2.9538  0.003139 ** 
beachMalibu           0.0565555  0.1795883   0.3149  0.752824    
beachMission Bay     -0.0011163  0.2224256  -0.0050  0.995996    
beachSurfside        -0.0333450  0.1479368  -0.2254  0.821668    
---
Signif. codes:  0 ‘***’ 0.001 ‘**’ 0.01 ‘*’ 0.05 ‘.’ 0.1 ‘ ’ 1

> 
> # Point-source estimates by age group
> ps0to4 <- mpreg(diarrheaci10~qentero1600 +female+racewhite+gichron+anim_any+gicontactbase+rawfood+beach,dat=ad[ad$pointsource=="Yes" & ad$agestrat=="(0, 4]",],vcv=T)

Call:
glm(formula = formula, family = poisson(link = "log"), data = dat)

Deviance Residuals: 
    Min       1Q   Median       3Q      Max  
-1.0097  -0.4067  -0.3429  -0.2768   2.3113  

Coefficients:
                      Estimate Std. Error z value Pr(>|z|)    
(Intercept)           -2.53869    0.54959  -4.619 3.85e-06 ***
qentero16002           0.37790    0.46713   0.809  0.41852    
qentero16003          -0.07661    0.46131  -0.166  0.86809    
qentero16004           0.42662    0.46744   0.913  0.36141    
female                -0.32300    0.18395  -1.756  0.07911 .  
racewhiteYes           0.48960    0.28188   1.737  0.08240 .  
racewhiteMissing     -12.03221  709.32776  -0.017  0.98647    
gichronYes             0.68692    0.72867   0.943  0.34583    
anim_anyYes            0.31507    0.20926   1.506  0.13217    
gicontactbaseYes       0.95661    0.32523   2.941  0.00327 ** 
gicontactbaseMissing -13.07302  733.85819  -0.018  0.98579    
rawfood               -0.60684    0.39956  -1.519  0.12882    
beachBoqueron         -0.64695    0.42475  -1.523  0.12772    
beachEdgewater        -0.05478    0.57678  -0.095  0.92434    
beachFairhope         -0.21639    0.36899  -0.586  0.55758    
beachGoddard          -1.16112    0.66128  -1.756  0.07911 .  
beachHuntington       -0.61909    0.49057  -1.262  0.20696    
beachSilver           -1.02607    0.32986  -3.111  0.00187 ** 
beachWashington Park  -0.88843    0.39557  -2.246  0.02471 *  
beachWest             -0.22097    0.41288  -0.535  0.59251    
---
Signif. codes:  0 ‘***’ 0.001 ‘**’ 0.01 ‘*’ 0.05 ‘.’ 0.1 ‘ ’ 1

(Dispersion parameter for poisson family taken to be 1)

    Null deviance: 641.43  on 1646  degrees of freedom
Residual deviance: 596.06  on 1627  degrees of freedom
AIC: 884.06

Number of Fisher Scoring iterations: 13



Robust, Sandwich Standard Errors Account for Clustering:

z test of coefficients:

                       Estimate Std. Error  z value  Pr(>|z|)    
(Intercept)           -2.538694   0.497209  -5.1059 3.292e-07 ***
qentero16002           0.377901   0.443692   0.8517  0.394370    
qentero16003          -0.076615   0.431789  -0.1774  0.859166    
qentero16004           0.426623   0.439019   0.9718  0.331167    
female                -0.323000   0.177879  -1.8158  0.069394 .  
racewhiteYes           0.489603   0.285092   1.7174  0.085915 .  
racewhiteMissing     -12.032206   0.723870 -16.6221 < 2.2e-16 ***
gichronYes             0.686918   0.563128   1.2198  0.222531    
anim_anyYes            0.315072   0.232635   1.3544  0.175621    
gicontactbaseYes       0.956614   0.302970   3.1575  0.001592 ** 
gicontactbaseMissing -13.073017   0.789643 -16.5556 < 2.2e-16 ***
rawfood               -0.606843   0.407031  -1.4909  0.135987    
beachBoqueron         -0.646954   0.418667  -1.5453  0.122281    
beachEdgewater        -0.054779   0.555737  -0.0986  0.921480    
beachFairhope         -0.216388   0.356688  -0.6067  0.544077    
beachGoddard          -1.161117   0.645255  -1.7995  0.071944 .  
beachHuntington       -0.619089   0.514222  -1.2039  0.228615    
beachSilver           -1.026074   0.362883  -2.8276  0.004690 ** 
beachWashington Park  -0.888431   0.383109  -2.3190  0.020395 *  
beachWest             -0.220972   0.399712  -0.5528  0.580381    
---
Signif. codes:  0 ‘***’ 0.001 ‘**’ 0.01 ‘*’ 0.05 ‘.’ 0.1 ‘ ’ 1

> 
> ps5to10 <- mpreg(diarrheaci10~qentero1600 +female+racewhite+gichron+anim_any+gicontactbase+rawfood+beach,dat=ad[ad$pointsource=="Yes" & ad$agestrat=="(4, 10]",],vcv=T)

Call:
glm(formula = formula, family = poisson(link = "log"), data = dat)

Deviance Residuals: 
    Min       1Q   Median       3Q      Max  
-0.7064  -0.3215  -0.2756  -0.2036   2.7093  

Coefficients:
                       Estimate Std. Error z value Pr(>|z|)    
(Intercept)          -3.847e+00  4.198e-01  -9.164  < 2e-16 ***
qentero16002         -5.886e-01  4.459e-01  -1.320  0.18678    
qentero16003          3.974e-01  3.739e-01   1.063  0.28779    
qentero16004          6.380e-01  3.760e-01   1.697  0.08968 .  
female                1.957e-01  1.515e-01   1.291  0.19668    
racewhiteYes          3.085e-01  2.126e-01   1.452  0.14662    
racewhiteMissing      6.957e-01  7.393e-01   0.941  0.34670    
gichronYes            7.804e-01  5.856e-01   1.333  0.18263    
gichronMissing       -1.327e+01  1.210e+03  -0.011  0.99125    
anim_anyYes          -5.316e-02  1.838e-01  -0.289  0.77240    
gicontactbaseYes      4.326e-01  2.817e-01   1.536  0.12461    
gicontactbaseMissing -1.331e+01  6.048e+02  -0.022  0.98245    
rawfood              -5.025e-02  2.718e-01  -0.185  0.85332    
beachBoqueron        -1.716e-01  3.411e-01  -0.503  0.61496    
beachEdgewater        6.101e-01  4.950e-01   1.233  0.21776    
beachFairhope        -9.342e-02  4.062e-01  -0.230  0.81808    
beachGoddard          1.897e-01  4.771e-01   0.397  0.69101    
beachHuntington       9.726e-01  3.276e-01   2.969  0.00299 ** 
beachSilver          -1.721e-01  2.514e-01  -0.685  0.49351    
beachWashington Park -8.576e-03  2.916e-01  -0.029  0.97654    
beachWest             4.658e-01  3.408e-01   1.367  0.17173    
---
Signif. codes:  0 ‘***’ 0.001 ‘**’ 0.01 ‘*’ 0.05 ‘.’ 0.1 ‘ ’ 1

(Dispersion parameter for poisson family taken to be 1)

    Null deviance: 1131.9  on 4330  degrees of freedom
Residual deviance: 1071.3  on 4310  degrees of freedom
AIC: 1467.3

Number of Fisher Scoring iterations: 14



Robust, Sandwich Standard Errors Account for Clustering:

z test of coefficients:

                        Estimate  Std. Error  z value  Pr(>|z|)    
(Intercept)           -3.8473266   0.4560460  -8.4363 < 2.2e-16 ***
qentero16002          -0.5886318   0.4508559  -1.3056  0.191693    
qentero16003           0.3974119   0.3837708   1.0355  0.300415    
qentero16004           0.6380359   0.3815990   1.6720  0.094523 .  
female                 0.1956602   0.1508706   1.2969  0.194675    
racewhiteYes           0.3085341   0.2309977   1.3357  0.181661    
racewhiteMissing       0.6956984   0.6274956   1.1087  0.267564    
gichronYes             0.7803674   0.5668317   1.3767  0.168599    
gichronMissing       -13.2657510   0.6852153 -19.3600 < 2.2e-16 ***
anim_anyYes           -0.0531640   0.1785966  -0.2977  0.765950    
gicontactbaseYes       0.4325637   0.2718643   1.5911  0.111587    
gicontactbaseMissing -13.3082190   0.4212033 -31.5957 < 2.2e-16 ***
rawfood               -0.0502527   0.2789936  -0.1801  0.857057    
beachBoqueron         -0.1715768   0.3693674  -0.4645  0.642279    
beachEdgewater         0.6101362   0.4792848   1.2730  0.203013    
beachFairhope         -0.0934216   0.4060951  -0.2300  0.818054    
beachGoddard           0.1896545   0.5266335   0.3601  0.718753    
beachHuntington        0.9725880   0.3573464   2.7217  0.006495 ** 
beachSilver           -0.1721247   0.2503077  -0.6877  0.491672    
beachWashington Park  -0.0085758   0.2994436  -0.0286  0.977152    
beachWest              0.4657780   0.3359771   1.3863  0.165643    
---
Signif. codes:  0 ‘***’ 0.001 ‘**’ 0.01 ‘*’ 0.05 ‘.’ 0.1 ‘ ’ 1

> 
> ps11plus <- mpreg(diarrheaci10~qentero1600 +female+racewhite+gichron+anim_any+gicontactbase+rawfood+beach,dat=ad[ad$pointsource=="Yes" & ad$agestrat==">10",],vcv=T)

Call:
glm(formula = formula, family = poisson(link = "log"), data = dat)

Deviance Residuals: 
    Min       1Q   Median       3Q      Max  
-0.7959  -0.2984  -0.2523  -0.2214   2.4455  

Coefficients:
                      Estimate Std. Error z value Pr(>|z|)    
(Intercept)           -3.26785    0.19199 -17.021  < 2e-16 ***
qentero16002          -0.09885    0.17086  -0.579 0.562903    
qentero16003          -0.01544    0.15796  -0.098 0.922123    
qentero16004           0.04045    0.16577   0.244 0.807206    
female                 0.08493    0.08183   1.038 0.299318    
racewhiteYes          -0.01120    0.12756  -0.088 0.930020    
racewhiteMissing      -0.53307    0.71769  -0.743 0.457628    
gichronYes             0.70624    0.16947   4.167 3.08e-05 ***
gichronMissing       -10.27897  203.57670  -0.050 0.959730    
anim_anyYes            0.26302    0.09371   2.807 0.005007 ** 
gicontactbaseYes       0.68726    0.14528   4.731 2.24e-06 ***
gicontactbaseMissing   0.83748    0.58163   1.440 0.149902    
rawfood                0.43240    0.09536   4.534 5.78e-06 ***
beachBoqueron         -0.60480    0.17126  -3.531 0.000413 ***
beachEdgewater         0.09362    0.27587   0.339 0.734338    
beachFairhope          0.03064    0.26228   0.117 0.906987    
beachGoddard          -0.56441    0.29440  -1.917 0.055220 .  
beachHuntington        0.41768    0.23256   1.796 0.072495 .  
beachSilver           -0.39218    0.15731  -2.493 0.012665 *  
beachWashington Park  -0.15270    0.18368  -0.831 0.405774    
beachWest              0.26795    0.17004   1.576 0.115073    
---
Signif. codes:  0 ‘***’ 0.001 ‘**’ 0.01 ‘*’ 0.05 ‘.’ 0.1 ‘ ’ 1

(Dispersion parameter for poisson family taken to be 1)

    Null deviance: 3917.6  on 15468  degrees of freedom
Residual deviance: 3773.7  on 15448  degrees of freedom
AIC: 5023.7

Number of Fisher Scoring iterations: 11



Robust, Sandwich Standard Errors Account for Clustering:

z test of coefficients:

                       Estimate Std. Error  z value  Pr(>|z|)    
(Intercept)           -3.267847   0.197194 -16.5717 < 2.2e-16 ***
qentero16002          -0.098847   0.176646  -0.5596  0.575770    
qentero16003          -0.015442   0.163797  -0.0943  0.924891    
qentero16004           0.040453   0.173598   0.2330  0.815740    
female                 0.084931   0.076850   1.1052  0.269089    
racewhiteYes          -0.011203   0.132340  -0.0847  0.932539    
racewhiteMissing      -0.533072   0.719555  -0.7408  0.458792    
gichronYes             0.706241   0.171567   4.1164 3.848e-05 ***
gichronMissing       -10.278970   0.516459 -19.9028 < 2.2e-16 ***
anim_anyYes            0.263016   0.097363   2.7014  0.006905 ** 
gicontactbaseYes       0.687261   0.144235   4.7649 1.890e-06 ***
gicontactbaseMissing   0.837476   0.538319   1.5557  0.119774    
rawfood                0.432400   0.098249   4.4011 1.077e-05 ***
beachBoqueron         -0.604799   0.186792  -3.2378  0.001204 ** 
beachEdgewater         0.093621   0.301069   0.3110  0.755830    
beachFairhope          0.030645   0.257181   0.1192  0.905152    
beachGoddard          -0.564412   0.299859  -1.8823  0.059801 .  
beachHuntington        0.417684   0.230519   1.8119  0.069997 .  
beachSilver           -0.392185   0.166078  -2.3614  0.018204 *  
beachWashington Park  -0.152703   0.198432  -0.7695  0.441567    
beachWest              0.267946   0.184817   1.4498  0.147116    
---
Signif. codes:  0 ‘***’ 0.001 ‘**’ 0.01 ‘*’ 0.05 ‘.’ 0.1 ‘ ’ 1

> 
> 
> # --------------------------------------
> # Calculate adjusted CIRs and 95% CIs
> # From the regression coefficients
> # --------------------------------------
> 
> # function to get Estimates and CIs for quartiles of exposure
> # NOTE: assumes that the quartiles exposure variables are #s 2-4
> CIRquartiles <- function(x,vcv) {
+ 	# x : log-linear model object returned from coeftest (class=coeftest)
+ 	# vcv : variance-covariance matrix of coefficients for robust SEs
+ 	lc2 <- c(0,1,rep(0,nrow(x)-2))
+ 	lc3 <- c(0,0,1,rep(0,nrow(x)-3))
+ 	lc4 <- c(0,0,0,1,rep(0,nrow(x)-4))	
+ 	estci <- function(lc,x,vcv) {
+ 		est <- exp(t(lc)%*%x[,1])
+ 		se  <- sqrt( t(lc)%*%vcv%*%lc )
+ 		lb <- exp(log(est)-1.96*se)
+ 		ub <- exp(log(est)+1.96*se)
+ 		res <- c(est,lb,ub)
+ 		return(res)
+ 	}
+ 	cirs <- t(sapply(list(lc2,lc3,lc4),estci,x=x,vcv=vcv))
+ 	colnames(cirs) <- c("CIR","CIRlb","CIRub")
+ 	rownames(cirs) <- paste("Entero1600-Q",2:4,sep="")
+ 	return(cirs)
+ }
> 
> cir.all <- CIRquartiles(overall.fit,all.VC)
> 
> cir.nps <- CIRquartiles(nps$fit,nps$vcovCL)
> cir.ps  <- CIRquartiles(ps$fit,  ps$vcovCL)
> 
> cir.age0to4   <- CIRquartiles(age0to4$fit,  age0to4$vcovCL)
> cir.age5to10  <- CIRquartiles(age5to10$fit, age5to10$vcovCL)
> cir.age11plus <- CIRquartiles(age11plus$fit,age11plus$vcovCL)
> 
> cir.nps0to4   <- CIRquartiles(nps0to4$fit,  nps0to4$vcovCL)
> cir.nps5to10  <- CIRquartiles(nps5to10$fit, nps5to10$vcovCL)
> cir.nps11plus <- CIRquartiles(nps11plus$fit,nps11plus$vcovCL)
> 
> cir.ps0to4   <- CIRquartiles(ps0to4$fit,  ps0to4$vcovCL)
> cir.ps5to10  <- CIRquartiles(ps5to10$fit, ps5to10$vcovCL)
> cir.ps11plus <- CIRquartiles(ps11plus$fit,ps11plus$vcovCL)
> 
> 
> # --------------------------------------
> # Print N counts to the log file
> # --------------------------------------
> N.all
    n     N
1 293  7000
2 421 11510
3 435 10081
4 385  7291
> N.age0to4
   n   N
1 28 460
2 54 781
3 40 793
4 63 645
> N.age5to10
   n    N
1 55 1447
2 57 2071
3 88 2021
4 97 1908
> N.age11plus
    n    N
1 210 5042
2 299 8516
3 301 7076
4 222 4565
> N.nps
    n    N
1 223 5397
2 226 5308
3 121 2259
4  47 1072
> N.ps
    n    N
1  70 1603
2 195 6202
3 314 7822
4 338 6219
> N.nps0to4
   n   N
1 22 364
2 24 352
3  7 206
4  8 110
> N.nps5to10
   n    N
1 46 1162
2 43 1097
3 24  538
4  7  319
> N.nps11plus
    n    N
1 155 3824
2 156 3802
3  85 1481
4  32  623
> N.ps0to4
   n   N
1  6  96
2 30 429
3 33 587
4 55 535
> N.ps5to10
   n    N
1  9  285
2 14  974
3 64 1483
4 90 1589
> N.ps11plus
    n    N
1  55 1218
2 143 4714
3 216 5595
4 190 3942
> 
> # --------------------------------------
> # Print Cumulative Incidence estimates
> # to the log file
> # --------------------------------------
> ci.all
           CI       CIlb       CIub
Q1 0.04185714 0.03681084 0.04759523
Q2 0.03657689 0.03277079 0.04082504
Q3 0.04315048 0.03869022 0.04812493
Q4 0.05280483 0.04715449 0.05913223
> ci.0to4
           CI       CIlb       CIub
Q1 0.06086957 0.04160457 0.08905522
Q2 0.06914213 0.05258225 0.09091724
Q3 0.05044136 0.03626284 0.07016358
Q4 0.09767442 0.07593064 0.12564482
> ci.5to10
           CI       CIlb       CIub
Q1 0.03800968 0.02895134 0.04990220
Q2 0.02752294 0.02056935 0.03682723
Q3 0.04354280 0.03474636 0.05456616
Q4 0.05083857 0.04095987 0.06309982
> ci.11plus
           CI       CIlb       CIub
Q1 0.04165014 0.03611274 0.04803662
Q2 0.03511038 0.03108959 0.03965117
Q3 0.04253816 0.03767750 0.04802588
Q4 0.04863089 0.04227543 0.05594179
> ci.ps
           CI       CIlb       CIub
Q1 0.04366812 0.03444394 0.05536257
Q2 0.03144147 0.02680382 0.03688154
Q3 0.04014319 0.03542478 0.04549006
Q4 0.05434957 0.04814951 0.06134801
> ci.nps
           CI       CIlb       CIub
Q1 0.04131925 0.03550984 0.04807909
Q2 0.04257724 0.03660273 0.04952695
Q3 0.05356352 0.04298913 0.06673898
Q4 0.04384328 0.03198596 0.06009616
> 
> 
> # --------------------------------------
> # Print CIR estimates to the log file
> # --------------------------------------
> 
> cir.all
                   CIR     CIRlb    CIRub
Entero1600-Q2 1.017320 0.8538295 1.212116
Entero1600-Q3 1.163533 0.9614390 1.408106
Entero1600-Q4 1.292697 1.0472336 1.595696
> cir.nps
                   CIR     CIRlb    CIRub
Entero1600-Q2 1.033266 0.8344601 1.279435
Entero1600-Q3 1.329068 1.0088887 1.750859
Entero1600-Q4 1.121635 0.7654219 1.643624
> cir.ps
                   CIR     CIRlb    CIRub
Entero1600-Q2 0.928774 0.6872662 1.255148
Entero1600-Q3 1.023191 0.7739596 1.352681
Entero1600-Q4 1.225100 0.9184937 1.634055
> cir.age0to4
                    CIR     CIRlb    CIRub
Entero1600-Q2 1.1867522 0.7295944 1.930361
Entero1600-Q3 0.7012262 0.4101758 1.198799
Entero1600-Q4 1.2332455 0.7028846 2.163790
> cir.age5to10
                    CIR     CIRlb    CIRub
Entero1600-Q2 0.8590451 0.5569987 1.324884
Entero1600-Q3 1.2135060 0.8027446 1.834452
Entero1600-Q4 1.2900458 0.8422262 1.975976
> cir.age11plus
                   CIR     CIRlb    CIRub
Entero1600-Q2 1.006119 0.8293577 1.220554
Entero1600-Q3 1.211889 0.9780936 1.501570
Entero1600-Q4 1.247930 0.9703058 1.604988
> cir.nps0to4
                    CIR     CIRlb    CIRub
Entero1600-Q2 1.1482727 0.6274952 2.101260
Entero1600-Q3 0.5393553 0.1910026 1.523037
Entero1600-Q4 1.1626785 0.4437033 3.046679
> cir.nps5to10
                    CIR     CIRlb    CIRub
Entero1600-Q2 1.0054621 0.6334172 1.596032
Entero1600-Q3 1.0345595 0.5865400 1.824792
Entero1600-Q4 0.4613383 0.1692569 1.257455
> cir.nps11plus
                   CIR     CIRlb    CIRub
Entero1600-Q2 1.019223 0.8070996 1.287098
Entero1600-Q3 1.492161 1.1147958 1.997265
Entero1600-Q4 1.461040 0.9562588 2.232279
> cir.ps0to4
                    CIR     CIRlb    CIRub
Entero1600-Q2 1.4592185 0.6115637 3.481761
Entero1600-Q3 0.9262467 0.3973570 2.159098
Entero1600-Q4 1.5320756 0.6480069 3.622270
> cir.ps5to10
                    CIR     CIRlb    CIRub
Entero1600-Q2 0.5550862 0.2293951 1.343188
Entero1600-Q3 1.4879686 0.7013284 3.156938
Entero1600-Q4 1.8927597 0.8959254 3.998703
> cir.ps11plus
                    CIR     CIRlb    CIRub
Entero1600-Q2 0.9058816 0.6407774 1.280665
Entero1600-Q3 0.9846766 0.7142768 1.357440
Entero1600-Q4 1.0412824 0.7409677 1.463315
> 
> 
> # --------------------------------------
> # save the results
> # exclude glm objects and data frames
> # (they are really large)
> # --------------------------------------
> save(
+ 	overall.fit,all.VC,age0to4,age5to10,age11plus,
+ 	nps,nps0to4,nps5to10,nps11plus,
+ 	ps,ps0to4,ps5to10,ps11plus,
+ 	
+ 	hufit,sifit,wpfit,wefit,avfit,bofit,dhfit,edfit,fafit,gdfit,mafit,mbfit,sufit,
+ 	
+ 	N.all,N.age0to4,N.age5to10,N.age11plus,
+ 	N.nps,N.nps0to4,N.nps5to10,N.nps11plus,
+ 	N.ps,N.ps0to4,N.ps5to10,N.ps11plus,
+ 	
+ 	ci.all,ci.0to4,ci.5to10,ci.11plus,ci.ps,ci.nps,
+ 	
+ 	cir.all,cir.age0to4,cir.age5to10,cir.age11plus,
+ 	cir.nps,cir.nps0to4,cir.nps5to10,cir.nps11plus,
+ 	cir.ps,cir.ps0to4,cir.ps5to10,cir.ps11plus,
+ 
+ 	file="~/dropbox/13beaches/aim1-results/rawoutput/aim1-entero1600-Quartile-regs-head.Rdata"
+ 	)
> 
> 
> 
> 
> 
> 
> 
> 
> 
> 
> proc.time()
   user  system elapsed 
129.805  16.335 156.742 
