
R version 3.2.0 (2015-04-16) -- "Full of Ingredients"
Copyright (C) 2015 The R Foundation for Statistical Computing
Platform: x86_64-apple-darwin13.4.0 (64-bit)

R is free software and comes with ABSOLUTELY NO WARRANTY.
You are welcome to redistribute it under certain conditions.
Type 'license()' or 'licence()' for distribution details.

  Natural language support but running in an English locale

R is a collaborative project with many contributors.
Type 'contributors()' for more information and
'citation()' on how to cite R or R packages in publications.

Type 'demo()' for some demos, 'help()' for on-line help, or
'help.start()' for an HTML browser interface to help.
Type 'q()' to quit R.

[Previously saved workspace restored]

> 
> 
> 
> 
> # --------------------------------------
> # 4-aim1-enteroQPCR-Quartile-regs-body.R
> # ben arnold (benarnold@berkeley.edu)
> #
> # description:
> # estimate the association between water
> # quality indicator concentrations and
> # the risk of Diarrhea among swimmers
> # for the 13 beaches study
> #
> # Analyses are conducted for EPA qQPCR
> # Among Swimmers with Body Immmersion
> #
> #   NOTE: this script is identical to 
> #	2-aim1-entero1600-Quartile-regs-body.R
> # 	but uses a different exposure variable
> #   with a global replace of entero1600 -> enteroQPCR
> #
> # --------------------------------------
> 
> # --------------------------------------
> # preamble
> # --------------------------------------
> 
> rm(list=ls())
> library(sandwich)
> library(lmtest)
Loading required package: zoo

Attaching package: ‘zoo’

The following objects are masked from ‘package:base’:

    as.Date, as.Date.numeric

> 
> # source the base functions
> source("~/dropbox/13beaches/src/aim1/0-aim1-base-functions.R")
> 
> # --------------------------------------
> # load the and pre-preprocess the 
> # analysis dataset
> # (refer to the base functions script
> # for details on the pre-processing)
> # --------------------------------------
> 
> ad <- preprocess.13beaches("~/dropbox/13beaches/data/final/13beaches-analysis.csv")

Successfully loaded the data
 Total sample size = 84411 

Dropping individuals with GI illness at enrollment
 N = 1948 

Final sample size = 82463 

Subsetting the data to relevant variables and completing final variable pre-processing> 
> # drop individuals with no water quality information
> table(ad$nowq)

    0     1 
81531   932 
> ad <- subset(ad,nowq==0)
> dim(ad)
[1] 81531    50
> 
> 
> # subset to non-missing exposure categories
> # to make the robust CI calcs work
> table(ad$bodycontact)

   No   Yes 
35462 46069 
> ad <- subset(ad,ad$bodycontact=="Yes")
> 	dim(ad)
[1] 46069    50
> table(ad$qenteroQPCR)

    1     2     3     4 
18414 11619  8349  6475 
> ad <- subset(ad,is.na(ad$qenteroQPCR)==FALSE)
> 	dim(ad)
[1] 44857    50
> 
> 
> # --------------------------------------
> # Calculate the actual Ns for each cell
> # and store them for plotting and tables
> # --------------------------------------
> 
> # --------------------------------------
> # Summarize 
> # the number of swimmers and number
> # of cumulative incident episodes by
> # quartile of Entero 1600
> # --------------------------------------
> calcNs <- function(outcome,exposurecat) {
+   n <- tapply(outcome,exposurecat,sum)
+   N <- tapply(outcome,exposurecat,function(x) length(x))
+   cbind(n,N)
+ }
> 
> # overall
> N.all <- calcNs(ad$diarrheaci10,ad$qenteroQPCR)
> # age stratified
> N.age0to4   <- calcNs(ad$diarrheaci10[ad$agestrat=="(0, 4]"],ad$qenteroQPCR[ad$agestrat=="(0, 4]"] )
> N.age5to10  <- calcNs(ad$diarrheaci10[ad$agestrat=="(4, 10]"],ad$qenteroQPCR[ad$agestrat=="(4, 10]"] )
> N.age11plus <- calcNs(ad$diarrheaci10[ad$agestrat==">10"],ad$qenteroQPCR[ad$agestrat==">10"] )
> # point source vs. non-point source stratified
> N.nps <- calcNs(ad$diarrheaci10[ad$pointsource=="No"], ad$qenteroQPCR[ad$pointsource=="No"])
> N.ps  <- calcNs(ad$diarrheaci10[ad$pointsource=="Yes"],ad$qenteroQPCR[ad$pointsource=="Yes"])
> # age and point source stratified
> N.nps0to4   <- calcNs(ad$diarrheaci10[ad$agestrat=="(0, 4]" & ad$pointsource=="No"],ad$qenteroQPCR[ad$agestrat=="(0, 4]" & ad$pointsource=="No"] )
> N.nps5to10  <- calcNs(ad$diarrheaci10[ad$agestrat=="(4, 10]" & ad$pointsource=="No"],ad$qenteroQPCR[ad$agestrat=="(4, 10]" & ad$pointsource=="No"] )
> N.nps11plus <- calcNs(ad$diarrheaci10[ad$agestrat==">10" & ad$pointsource=="No"],ad$qenteroQPCR[ad$agestrat==">10" & ad$pointsource=="No"] )
> 
> N.ps0to4   <- calcNs(ad$diarrheaci10[ad$agestrat=="(0, 4]" & ad$pointsource=="Yes"],ad$qenteroQPCR[ad$agestrat=="(0, 4]" & ad$pointsource=="Yes"] )
> N.ps5to10  <- calcNs(ad$diarrheaci10[ad$agestrat=="(4, 10]" & ad$pointsource=="Yes"],ad$qenteroQPCR[ad$agestrat=="(4, 10]" & ad$pointsource=="Yes"] )
> N.ps11plus <- calcNs(ad$diarrheaci10[ad$agestrat==">10" & ad$pointsource=="Yes"],ad$qenteroQPCR[ad$agestrat==">10" & ad$pointsource=="Yes"] )
> 
> 
> # --------------------------------------
> # Calculate unadjusted 
> # Cumulative Incidence Rates
> # and robust 95% CIs using a saturated, 
> # unadjusted model
> # (just using the models to get the robust
> # SEs that account for HH clustering)
> # --------------------------------------
> 
> # fit the saturated models
> # for now, only doing this for the overall results
> # (not stratified by point/nonpoint because the
> #  sample sizes are really small with the double stratification)
> 
> # All Ages
> allci <- mpreg(diarrheaci10~qenteroQPCR,dat=ad,vcv=T)

Call:
glm(formula = formula, family = poisson(link = "log"), data = dat)

Deviance Residuals: 
    Min       1Q   Median       3Q      Max  
-0.3457  -0.3217  -0.2977  -0.2679   2.1739  

Coefficients:
             Estimate Std. Error z value Pr(>|z|)    
(Intercept)  -3.32711    0.03890 -85.540  < 2e-16 ***
qenteroQPCR2  0.21088    0.05878   3.588 0.000333 ***
qenteroQPCR3  0.36564    0.06187   5.910 3.42e-09 ***
qenteroQPCR4  0.50983    0.06401   7.965 1.65e-15 ***
---
Signif. codes:  0 ‘***’ 0.001 ‘**’ 0.01 ‘*’ 0.05 ‘.’ 0.1 ‘ ’ 1

(Dispersion parameter for poisson family taken to be 1)

    Null deviance: 12420  on 44856  degrees of freedom
Residual deviance: 12347  on 44853  degrees of freedom
AIC: 16345

Number of Fisher Scoring iterations: 6



Robust, Sandwich Standard Errors Account for Clustering:

z test of coefficients:

              Estimate Std. Error  z value  Pr(>|z|)    
(Intercept)  -3.327113   0.044148 -75.3631 < 2.2e-16 ***
qenteroQPCR2  0.210883   0.067196   3.1383  0.001699 ** 
qenteroQPCR3  0.365641   0.069951   5.2271 1.722e-07 ***
qenteroQPCR4  0.509833   0.074272   6.8644 6.676e-12 ***
---
Signif. codes:  0 ‘***’ 0.001 ‘**’ 0.01 ‘*’ 0.05 ‘.’ 0.1 ‘ ’ 1

> 
> # Ages 0 - 4
> age0to4ci <- mpreg(diarrheaci10~qenteroQPCR,dat=ad[ad$agestrat=="(0, 4]",],vcv=T)

Call:
glm(formula = formula, family = poisson(link = "log"), data = dat)

Deviance Residuals: 
    Min       1Q   Median       3Q      Max  
-0.4179  -0.3844  -0.3802  -0.3377   1.9602  

Coefficients:
             Estimate Std. Error z value Pr(>|z|)    
(Intercept)   -2.8642     0.1187 -24.134   <2e-16 ***
qenteroQPCR2   0.2591     0.1656   1.565   0.1177    
qenteroQPCR3   0.2369     0.1796   1.319   0.1872    
qenteroQPCR4   0.4258     0.1796   2.371   0.0178 *  
---
Signif. codes:  0 ‘***’ 0.001 ‘**’ 0.01 ‘*’ 0.05 ‘.’ 0.1 ‘ ’ 1

(Dispersion parameter for poisson family taken to be 1)

    Null deviance: 1360.7  on 3650  degrees of freedom
Residual deviance: 1354.7  on 3647  degrees of freedom
AIC: 1874.7

Number of Fisher Scoring iterations: 6



Robust, Sandwich Standard Errors Account for Clustering:

z test of coefficients:

             Estimate Std. Error  z value Pr(>|z|)    
(Intercept)  -2.86421    0.12271 -23.3421  < 2e-16 ***
qenteroQPCR2  0.25906    0.17006   1.5233  0.12768    
qenteroQPCR3  0.23691    0.18778   1.2617  0.20707    
qenteroQPCR4  0.42582    0.18514   2.3000  0.02145 *  
---
Signif. codes:  0 ‘***’ 0.001 ‘**’ 0.01 ‘*’ 0.05 ‘.’ 0.1 ‘ ’ 1

> 
> # Ages 5 - 10
> age5to10ci <- mpreg(diarrheaci10~qenteroQPCR,dat=ad[ad$agestrat=="(4, 10]",],vcv=T)

Call:
glm(formula = formula, family = poisson(link = "log"), data = dat)

Deviance Residuals: 
    Min       1Q   Median       3Q      Max  
-0.3407  -0.2981  -0.2764  -0.2411   2.2661  

Coefficients:
             Estimate Std. Error z value Pr(>|z|)    
(Intercept)   -3.5385     0.1091 -32.431  < 2e-16 ***
qenteroQPCR2   0.2733     0.1534   1.782  0.07480 .  
qenteroQPCR3   0.4247     0.1600   2.654  0.00795 ** 
qenteroQPCR4   0.6922     0.1562   4.431 9.39e-06 ***
---
Signif. codes:  0 ‘***’ 0.001 ‘**’ 0.01 ‘*’ 0.05 ‘.’ 0.1 ‘ ’ 1

(Dispersion parameter for poisson family taken to be 1)

    Null deviance: 2086.5  on 8163  degrees of freedom
Residual deviance: 2066.1  on 8160  degrees of freedom
AIC: 2720.1

Number of Fisher Scoring iterations: 6



Robust, Sandwich Standard Errors Account for Clustering:

z test of coefficients:

             Estimate Std. Error  z value  Pr(>|z|)    
(Intercept)  -3.53854    0.11331 -31.2296 < 2.2e-16 ***
qenteroQPCR2  0.27331    0.16643   1.6422   0.10055    
qenteroQPCR3  0.42472    0.17010   2.4968   0.01253 *  
qenteroQPCR4  0.69218    0.16330   4.2387 2.248e-05 ***
---
Signif. codes:  0 ‘***’ 0.001 ‘**’ 0.01 ‘*’ 0.05 ‘.’ 0.1 ‘ ’ 1

> 
> # Ages >10
> age11plusci <- mpreg(diarrheaci10~qenteroQPCR,dat=ad[ad$agestrat==">10",],vcv=T)

Call:
glm(formula = formula, family = poisson(link = "log"), data = dat)

Deviance Residuals: 
    Min       1Q   Median       3Q      Max  
-0.3357  -0.3215  -0.2928  -0.2659   2.1806  

Coefficients:
             Estimate Std. Error z value Pr(>|z|)    
(Intercept)  -3.34219    0.04481 -74.584  < 2e-16 ***
qenteroQPCR2  0.19272    0.06981   2.761  0.00577 ** 
qenteroQPCR3  0.37955    0.07324   5.183 2.19e-07 ***
qenteroQPCR4  0.46592    0.07793   5.979 2.25e-09 ***
---
Signif. codes:  0 ‘***’ 0.001 ‘**’ 0.01 ‘*’ 0.05 ‘.’ 0.1 ‘ ’ 1

(Dispersion parameter for poisson family taken to be 1)

    Null deviance: 8754.3  on 32355  degrees of freedom
Residual deviance: 8708.0  on 32352  degrees of freedom
AIC: 11498

Number of Fisher Scoring iterations: 6



Robust, Sandwich Standard Errors Account for Clustering:

z test of coefficients:

              Estimate Std. Error  z value  Pr(>|z|)    
(Intercept)  -3.342195   0.048595 -68.7759 < 2.2e-16 ***
qenteroQPCR2  0.192721   0.074547   2.5852  0.009731 ** 
qenteroQPCR3  0.379554   0.076915   4.9347 8.026e-07 ***
qenteroQPCR4  0.465924   0.084327   5.5252 3.291e-08 ***
---
Signif. codes:  0 ‘***’ 0.001 ‘**’ 0.01 ‘*’ 0.05 ‘.’ 0.1 ‘ ’ 1

> 
> # Point source
> psci <- mpreg(diarrheaci10~qenteroQPCR,dat=ad[ad$pointsource=="Yes",],vcv=T)

Call:
glm(formula = formula, family = poisson(link = "log"), data = dat)

Deviance Residuals: 
    Min       1Q   Median       3Q      Max  
-0.3689  -0.3298  -0.2943  -0.2479   2.2422  

Coefficients:
             Estimate Std. Error z value Pr(>|z|)    
(Intercept)  -3.48292    0.05431 -64.127  < 2e-16 ***
qenteroQPCR2  0.34343    0.07826   4.388 1.14e-05 ***
qenteroQPCR3  0.57148    0.07788   7.338 2.17e-13 ***
qenteroQPCR4  0.79514    0.08006   9.931  < 2e-16 ***
---
Signif. codes:  0 ‘***’ 0.001 ‘**’ 0.01 ‘*’ 0.05 ‘.’ 0.1 ‘ ’ 1

(Dispersion parameter for poisson family taken to be 1)

    Null deviance: 7872.7  on 28458  degrees of freedom
Residual deviance: 7762.0  on 28455  degrees of freedom
AIC: 10298

Number of Fisher Scoring iterations: 6



Robust, Sandwich Standard Errors Account for Clustering:

z test of coefficients:

              Estimate Std. Error  z value  Pr(>|z|)    
(Intercept)  -3.482918   0.061030 -57.0694 < 2.2e-16 ***
qenteroQPCR2  0.343429   0.088641   3.8744 0.0001069 ***
qenteroQPCR3  0.571482   0.087476   6.5330 6.447e-11 ***
qenteroQPCR4  0.795141   0.090999   8.7379 < 2.2e-16 ***
---
Signif. codes:  0 ‘***’ 0.001 ‘**’ 0.01 ‘*’ 0.05 ‘.’ 0.1 ‘ ’ 1

> 
> # Non-point source
> npsci <- mpreg(diarrheaci10~qenteroQPCR,dat=ad[ad$pointsource=="No",],vcv=T)

Call:
glm(formula = formula, family = poisson(link = "log"), data = dat)

Deviance Residuals: 
    Min       1Q   Median       3Q      Max  
-0.3034  -0.3034  -0.2967  -0.2954   2.0858  

Coefficients:
              Estimate Std. Error z value Pr(>|z|)    
(Intercept)  -3.131706   0.055728 -56.196   <2e-16 ***
qenteroQPCR2  0.053243   0.090031   0.591    0.554    
qenteroQPCR3  0.038210   0.110066   0.347    0.728    
qenteroQPCR4  0.008263   0.115368   0.072    0.943    
---
Signif. codes:  0 ‘***’ 0.001 ‘**’ 0.01 ‘*’ 0.05 ‘.’ 0.1 ‘ ’ 1

(Dispersion parameter for poisson family taken to be 1)

    Null deviance: 4547.6  on 16397  degrees of freedom
Residual deviance: 4547.2  on 16394  degrees of freedom
AIC: 6017.2

Number of Fisher Scoring iterations: 6



Robust, Sandwich Standard Errors Account for Clustering:

z test of coefficients:

               Estimate Std. Error  z value Pr(>|z|)    
(Intercept)  -3.1317063  0.0637201 -49.1479   <2e-16 ***
qenteroQPCR2  0.0532427  0.1040629   0.5116   0.6089    
qenteroQPCR3  0.0382099  0.1255771   0.3043   0.7609    
qenteroQPCR4  0.0082631  0.1408665   0.0587   0.9532    
---
Signif. codes:  0 ‘***’ 0.001 ‘**’ 0.01 ‘*’ 0.05 ‘.’ 0.1 ‘ ’ 1

> 
> 
> # function to get Estimates and CIs from a linear combination of regression coefficients
> lccalc <- function(lc,x,vcv) {
+ 	# lc : linear combination of coefficients
+ 	# x : log-linear model object returned from coeftest (class=coeftest)
+ 	# vcv : variance-covariance matrix of coefficients for robust SEs
+ 	est <- exp(t(lc)%*%x[,1])
+ 	se  <- sqrt( t(lc)%*%vcv%*%lc )
+ 	lb <- exp(log(est)-1.96*se)
+ 	ub <- exp(log(est)+1.96*se)
+ 	res <- c(est,lb,ub)
+ 	return(res)
+ }
> getCI <- function(fit,vcv) {
+ 	# fit : an object returned from coeftest w/ 4 parameters corresponding to Q1-Q4 cumulative incidence
+ 	# vcv : variance-covariance matrix for coefficients in the fit object
+ 	lc1 <- lc2 <- lc3 <- lc4 <- rep(0,nrow(fit))
+ 	lc1[c(1)  ] <- 1
+ 	lc2[c(1,2)] <- 1
+ 	lc3[c(1,3)] <- 1
+ 	lc4[c(1,4)] <- 1
+ 	lcs <- list(lc1,lc2,lc3,lc4)
+ 	res <- t(sapply(lcs,lccalc,x=fit,vcv=vcv))
+ 	colnames(res) <- c("CI","CIlb","CIub")
+ 	rownames(res) <- paste("Q",1:4,sep="")
+ 	return(res)
+ }
> 
> 
> 
> ci.all    <- getCI(allci$fit,allci$vcovCL)
> ci.0to4   <- getCI(age0to4ci$fit,age0to4ci$vcovCL)
> ci.5to10  <- getCI(age5to10ci$fit,age5to10ci$vcovCL)
> ci.11plus <- getCI(age11plusci$fit,age11plusci$vcovCL)
> 
> ci.ps  <- getCI(psci$fit,psci$vcovCL)
> ci.nps <- getCI(npsci$fit,npsci$vcovCL)
> 
> # --------------------------------------
> # Test for interaction (effect modification)
> # by environmental conditions at
> # Avalon and Doheny beaches
> # --------------------------------------
> 
> # Avalon
> # Above versus below median groundwater flow
> # See Yau et al. 2014 Wat Res for details
> av.h.noint <-glm(diarrheaci10~ qenteroQPCR+groundwater +agecat+female+racewhite+gichron+anim_any+gicontactbase+rawfood,family=poisson(link="log"),data=ad[ad$beach=="Avalon",])
> av.h <-glm(diarrheaci10~ qenteroQPCR*groundwater +agecat+female+racewhite+gichron+anim_any+gicontactbase+rawfood,family=poisson(link="log"),data=ad[ad$beach=="Avalon",])
> 	lrtest(av.h.noint,av.h)
Likelihood ratio test

Model 1: diarrheaci10 ~ qenteroQPCR + groundwater + agecat + female + 
    racewhite + gichron + anim_any + gicontactbase + rawfood
Model 2: diarrheaci10 ~ qenteroQPCR * groundwater + agecat + female + 
    racewhite + gichron + anim_any + gicontactbase + rawfood
  #Df  LogLik Df  Chisq Pr(>Chisq)
1  22 -774.49                     
2  25 -772.96  3 3.0485     0.3842
> 
> # Doheny
> # Sand berm open vs. closed
> # See Colford et al. 2012 Wat Res for details
> dh.h.noint <-glm(diarrheaci10~qenteroQPCR+berm +agecat+female+racewhite+gichron+anim_any+gicontactbase+rawfood,family=poisson(link="log"),data=ad[ad$beach=="Doheny",])
> dh.h <-glm(diarrheaci10~ qenteroQPCR*berm +agecat+female+racewhite+gichron+anim_any+gicontactbase+rawfood,family=poisson(link="log"),data=ad[ad$beach=="Doheny",])
> 	lrtest(dh.h.noint,dh.h)
Likelihood ratio test

Model 1: diarrheaci10 ~ qenteroQPCR + berm + agecat + female + racewhite + 
    gichron + anim_any + gicontactbase + rawfood
Model 2: diarrheaci10 ~ qenteroQPCR * berm + agecat + female + racewhite + 
    gichron + anim_any + gicontactbase + rawfood
  #Df  LogLik Df  Chisq Pr(>Chisq)
1  21 -545.91                     
2  23 -545.33  2 1.1565     0.5609
> 
> # --------------------------------------
> # Beach Specific Stratified Estimates
> # --------------------------------------
> 
> # --------------------------------------
> # Freshwater beaches
> 
> # Huntington
> hufit <- mpreg(diarrheaci10~qenteroQPCR +agecat+female+racewhite+gichron+anim_any+gicontactbase+rawfood,dat=ad[ad$beach=="Huntington",],vcv=T)

Call:
glm(formula = formula, family = poisson(link = "log"), data = dat)

Deviance Residuals: 
    Min       1Q   Median       3Q      Max  
-0.8615  -0.4896  -0.4269  -0.3080   2.2541  

Coefficients:
                   Estimate Std. Error z value Pr(>|z|)    
(Intercept)        -3.21741    0.64183  -5.013 5.36e-07 ***
qenteroQPCR3        0.22168    0.34344   0.645   0.5186    
qenteroQPCR4        0.35448    0.28895   1.227   0.2199    
agecat5-14         -0.02817    0.38498  -0.073   0.9417    
agecat15-24        -1.14047    0.66787  -1.708   0.0877 .  
agecat25-34        -0.17127    0.47266  -0.362   0.7171    
agecat35-44         0.35462    0.42071   0.843   0.3993    
agecat45-54        -0.27439    0.56079  -0.489   0.6246    
agecat55-64        -0.81822    1.05716  -0.774   0.4389    
agecat65-74       -15.32985 1284.80918  -0.012   0.9905    
agecat75+         -15.00773 3467.85856  -0.004   0.9965    
agecatMissing       0.94895    0.78630   1.207   0.2275    
female              0.18089    0.23442   0.772   0.4403    
racewhiteYes        0.44470    0.46989   0.946   0.3440    
racewhiteMissing  -14.43255 3467.85859  -0.004   0.9967    
gichronYes        -15.14585  930.32825  -0.016   0.9870    
anim_anyYes         0.29697    0.34631   0.858   0.3911    
gicontactbaseYes    0.12165    0.72228   0.168   0.8662    
rawfood             0.38694    0.36192   1.069   0.2850    
---
Signif. codes:  0 ‘***’ 0.001 ‘**’ 0.01 ‘*’ 0.05 ‘.’ 0.1 ‘ ’ 1

(Dispersion parameter for poisson family taken to be 1)

    Null deviance: 340.98  on 740  degrees of freedom
Residual deviance: 321.21  on 722  degrees of freedom
AIC: 507.21

Number of Fisher Scoring iterations: 15



Robust, Sandwich Standard Errors Account for Clustering:

z test of coefficients:

                   Estimate Std. Error  z value  Pr(>|z|)    
(Intercept)       -3.217414   0.665742  -4.8328 1.346e-06 ***
qenteroQPCR3       0.221682   0.357225   0.6206   0.53488    
qenteroQPCR4       0.354478   0.317611   1.1161   0.26439    
agecat5-14        -0.028169   0.376757  -0.0748   0.94040    
agecat15-24       -1.140474   0.674464  -1.6909   0.09085 .  
agecat25-34       -0.171273   0.488768  -0.3504   0.72603    
agecat35-44        0.354624   0.405933   0.8736   0.38234    
agecat45-54       -0.274385   0.569474  -0.4818   0.62993    
agecat55-64       -0.818222   1.064287  -0.7688   0.44201    
agecat65-74      -15.329849   0.627968 -24.4118 < 2.2e-16 ***
agecat75+        -15.007726   1.104932 -13.5825 < 2.2e-16 ***
agecatMissing      0.948946   0.907492   1.0457   0.29571    
female             0.180889   0.216024   0.8374   0.40239    
racewhiteYes       0.444696   0.563694   0.7889   0.43017    
racewhiteMissing -14.432551   1.238183 -11.6562 < 2.2e-16 ***
gichronYes       -15.145846   0.509489 -29.7275 < 2.2e-16 ***
anim_anyYes        0.296971   0.436799   0.6799   0.49658    
gicontactbaseYes   0.121650   0.684228   0.1778   0.85889    
rawfood            0.386937   0.456191   0.8482   0.39633    
---
Signif. codes:  0 ‘***’ 0.001 ‘**’ 0.01 ‘*’ 0.05 ‘.’ 0.1 ‘ ’ 1

> 
> # Silver
> sifit <- mpreg(diarrheaci10~qenteroQPCR +agecat+female+racewhite+gichron+anim_any+gicontactbase+rawfood,dat=ad[ad$beach=="Silver",],vcv=T)

Call:
glm(formula = formula, family = poisson(link = "log"), data = dat)

Deviance Residuals: 
    Min       1Q   Median       3Q      Max  
-0.7135  -0.3199  -0.2790  -0.2402   2.5745  

Coefficients:
                       Estimate Std. Error z value Pr(>|z|)    
(Intercept)            -3.24136    0.32685  -9.917  < 2e-16 ***
qenteroQPCR2           -0.23722    0.19668  -1.206  0.22776    
qenteroQPCR3            0.16813    0.20016   0.840  0.40092    
qenteroQPCR4            0.19459    0.25370   0.767  0.44308    
agecat5-14             -0.58168    0.21560  -2.698  0.00698 ** 
agecat15-24            -0.72683    0.24596  -2.955  0.00313 ** 
agecat25-34            -0.37372    0.25939  -1.441  0.14965    
agecat35-44            -0.06307    0.22514  -0.280  0.77937    
agecat45-54            -0.37374    0.28621  -1.306  0.19162    
agecat55-64            -0.42751    0.41937  -1.019  0.30801    
agecat65-74           -14.41793  539.50783  -0.027  0.97868    
agecat75+             -14.89859 1936.44964  -0.008  0.99386    
agecatMissing          -0.82183    0.44572  -1.844  0.06520 .  
female                  0.15422    0.13000   1.186  0.23551    
racewhiteYes            0.11750    0.20905   0.562  0.57409    
racewhiteMissing        0.24866    1.02397   0.243  0.80813    
gichronYes              0.55969    0.32927   1.700  0.08917 .  
gichronMissing        -14.05969 1075.14505  -0.013  0.98957    
anim_anyYes             0.38819    0.18461   2.103  0.03549 *  
gicontactbaseYes        0.18813    0.26842   0.701  0.48337    
gicontactbaseMissing    1.02713    1.01584   1.011  0.31196    
rawfood                 0.13563    0.17247   0.786  0.43162    
---
Signif. codes:  0 ‘***’ 0.001 ‘**’ 0.01 ‘*’ 0.05 ‘.’ 0.1 ‘ ’ 1

(Dispersion parameter for poisson family taken to be 1)

    Null deviance: 1520.8  on 5553  degrees of freedom
Residual deviance: 1478.3  on 5532  degrees of freedom
AIC: 2008.3

Number of Fisher Scoring iterations: 15



Robust, Sandwich Standard Errors Account for Clustering:

z test of coefficients:

                       Estimate Std. Error  z value  Pr(>|z|)    
(Intercept)           -3.241364   0.333938  -9.7065 < 2.2e-16 ***
qenteroQPCR2          -0.237223   0.199936  -1.1865  0.235427    
qenteroQPCR3           0.168133   0.207616   0.8098  0.418041    
qenteroQPCR4           0.194592   0.264149   0.7367  0.461321    
agecat5-14            -0.581678   0.221762  -2.6230  0.008717 ** 
agecat15-24           -0.726828   0.250119  -2.9059  0.003662 ** 
agecat25-34           -0.373725   0.273940  -1.3643  0.172486    
agecat35-44           -0.063069   0.227646  -0.2770  0.781744    
agecat45-54           -0.373739   0.285834  -1.3075  0.191030    
agecat55-64           -0.427508   0.415904  -1.0279  0.303996    
agecat65-74          -14.417926   0.266785 -54.0432 < 2.2e-16 ***
agecat75+            -14.898588   0.726484 -20.5078 < 2.2e-16 ***
agecatMissing         -0.821833   0.561708  -1.4631  0.143441    
female                 0.154216   0.129716   1.1889  0.234491    
racewhiteYes           0.117498   0.248650   0.4725  0.636540    
racewhiteMissing       0.248656   0.904214   0.2750  0.783318    
gichronYes             0.559690   0.326062   1.7165  0.086068 .  
gichronMissing       -14.059688   0.667794 -21.0539 < 2.2e-16 ***
anim_anyYes            0.388194   0.212454   1.8272  0.067671 .  
gicontactbaseYes       0.188132   0.265537   0.7085  0.478638    
gicontactbaseMissing   1.027130   0.722449   1.4217  0.155104    
rawfood                0.135632   0.175358   0.7735  0.439251    
---
Signif. codes:  0 ‘***’ 0.001 ‘**’ 0.01 ‘*’ 0.05 ‘.’ 0.1 ‘ ’ 1

> 
> # Washington Park
> wpfit <- mpreg(diarrheaci10~qenteroQPCR +agecat+female+racewhite+gichron+anim_any+gicontactbase+rawfood,dat=ad[ad$beach=="Washington Park",],vcv=T)

Call:
glm(formula = formula, family = poisson(link = "log"), data = dat)

Deviance Residuals: 
    Min       1Q   Median       3Q      Max  
-0.8774  -0.3633  -0.3107  -0.2514   2.5972  

Coefficients:
                      Estimate Std. Error z value Pr(>|z|)   
(Intercept)           -16.9151  1173.6060  -0.014  0.98850   
qenteroQPCR2           13.7767  1173.6060   0.012  0.99063   
qenteroQPCR3           13.9850  1173.6060   0.012  0.99049   
agecat5-14             -0.5242     0.3110  -1.686  0.09183 . 
agecat15-24            -1.2889     0.4849  -2.658  0.00786 **
agecat25-34             0.2294     0.3293   0.697  0.48594   
agecat35-44            -0.2155     0.3404  -0.633  0.52667   
agecat45-54            -0.2997     0.3901  -0.768  0.44240   
agecat55-64             0.5487     0.4023   1.364  0.17257   
agecat65-74            -0.2803     1.0349  -0.271  0.78649   
agecat75+             -14.4943  1409.0639  -0.010  0.99179   
agecatMissing          -1.7623     1.0337  -1.705  0.08823 . 
female                  0.1133     0.1805   0.628  0.53007   
racewhiteYes            0.1072     0.2490   0.431  0.66677   
racewhiteMissing      -11.8297  1352.7517  -0.009  0.99302   
gichronYes              0.4603     0.4645   0.991  0.32161   
gichronMissing        -12.9824  3467.8586  -0.004  0.99701   
anim_anyYes             0.3204     0.2580   1.242  0.21426   
gicontactbaseYes        0.7447     0.2906   2.563  0.01038 * 
gicontactbaseMissing  -13.6586  1061.6910  -0.013  0.98974   
rawfood                -0.1934     0.2819  -0.686  0.49278   
---
Signif. codes:  0 ‘***’ 0.001 ‘**’ 0.01 ‘*’ 0.05 ‘.’ 0.1 ‘ ’ 1

(Dispersion parameter for poisson family taken to be 1)

    Null deviance: 733.22  on 2311  degrees of freedom
Residual deviance: 691.20  on 2291  degrees of freedom
AIC: 985.2

Number of Fisher Scoring iterations: 15



Robust, Sandwich Standard Errors Account for Clustering:

z test of coefficients:

                      Estimate Std. Error  z value  Pr(>|z|)    
(Intercept)          -16.91511    0.76337 -22.1584 < 2.2e-16 ***
qenteroQPCR2          13.77667    0.66023  20.8665 < 2.2e-16 ***
qenteroQPCR3          13.98499    0.65641  21.3054 < 2.2e-16 ***
agecat5-14            -0.52424    0.30710  -1.7071  0.087808 .  
agecat15-24           -1.28893    0.47534  -2.7116  0.006696 ** 
agecat25-34            0.22942    0.30940   0.7415  0.458385    
agecat35-44           -0.21552    0.33442  -0.6445  0.519274    
agecat45-54           -0.29969    0.37385  -0.8016  0.422770    
agecat55-64            0.54869    0.37110   1.4786  0.139261    
agecat65-74           -0.28032    1.01673  -0.2757  0.782772    
agecat75+            -14.49434    0.58172 -24.9165 < 2.2e-16 ***
agecatMissing         -1.76229    1.00591  -1.7519  0.079785 .  
female                 0.11333    0.16559   0.6844  0.493730    
racewhiteYes           0.10721    0.26181   0.4095  0.682176    
racewhiteMissing     -11.82973    0.88625 -13.3481 < 2.2e-16 ***
gichronYes             0.46035    0.51682   0.8907  0.373079    
gichronMissing       -12.98244    1.10433 -11.7560 < 2.2e-16 ***
anim_anyYes            0.32036    0.26566   1.2059  0.227859    
gicontactbaseYes       0.74466    0.30114   2.4728  0.013404 *  
gicontactbaseMissing -13.65865    0.70391 -19.4041 < 2.2e-16 ***
rawfood               -0.19336    0.26921  -0.7183  0.472591    
---
Signif. codes:  0 ‘***’ 0.001 ‘**’ 0.01 ‘*’ 0.05 ‘.’ 0.1 ‘ ’ 1

> 
> # West
> wefit <- mpreg(diarrheaci10~qenteroQPCR +agecat+female+racewhite+gichron+anim_any+gicontactbase+rawfood,dat=ad[ad$beach=="West",],vcv=T)

Call:
glm(formula = formula, family = poisson(link = "log"), data = dat)

Deviance Residuals: 
    Min       1Q   Median       3Q      Max  
-1.0901  -0.4065  -0.3192  -0.2607   2.4777  

Coefficients:
                       Estimate Std. Error z value Pr(>|z|)    
(Intercept)          -3.413e+00  4.252e-01  -8.028 9.94e-16 ***
qenteroQPCR3          3.367e-05  2.952e-01   0.000  0.99991    
qenteroQPCR4          3.714e-01  2.683e-01   1.384  0.16637    
agecat5-14           -6.288e-01  3.327e-01  -1.890  0.05876 .  
agecat15-24          -7.522e-01  3.330e-01  -2.259  0.02391 *  
agecat25-34          -4.824e-02  3.311e-01  -0.146  0.88419    
agecat35-44          -1.919e-01  3.477e-01  -0.552  0.58103    
agecat45-54          -1.365e+00  5.347e-01  -2.553  0.01068 *  
agecat55-64          -1.487e+01  5.979e+02  -0.025  0.98015    
agecat65-74           1.030e-01  1.045e+00   0.099  0.92151    
agecat75+            -1.538e+01  2.450e+03  -0.006  0.99499    
agecatMissing        -1.455e+01  1.586e+03  -0.009  0.99268    
female                1.132e-01  1.827e-01   0.620  0.53555    
racewhiteYes          2.802e-01  2.482e-01   1.129  0.25903    
racewhiteMissing      7.995e-01  7.523e-01   1.063  0.28790    
gichronYes            1.061e+00  4.708e-01   2.254  0.02422 *  
gichronMissing       -1.546e+01  3.468e+03  -0.004  0.99644    
anim_anyYes           7.839e-01  2.618e-01   2.994  0.00275 ** 
gicontactbaseYes      1.344e+00  3.388e-01   3.966 7.29e-05 ***
gicontactbaseMissing  1.638e+00  6.167e-01   2.656  0.00790 ** 
rawfood               6.545e-01  2.386e-01   2.743  0.00609 ** 
---
Signif. codes:  0 ‘***’ 0.001 ‘**’ 0.01 ‘*’ 0.05 ‘.’ 0.1 ‘ ’ 1

(Dispersion parameter for poisson family taken to be 1)

    Null deviance: 645.05  on 1649  degrees of freedom
Residual deviance: 581.72  on 1629  degrees of freedom
AIC: 873.72

Number of Fisher Scoring iterations: 15



Robust, Sandwich Standard Errors Account for Clustering:

z test of coefficients:

                        Estimate  Std. Error  z value  Pr(>|z|)    
(Intercept)          -3.4132e+00  4.2679e-01  -7.9975  1.27e-15 ***
qenteroQPCR3          3.3669e-05  3.2273e-01   0.0001 0.9999168    
qenteroQPCR4          3.7138e-01  3.1313e-01   1.1860 0.2356059    
agecat5-14           -6.2881e-01  3.3890e-01  -1.8555 0.0635317 .  
agecat15-24          -7.5216e-01  3.3439e-01  -2.2494 0.0244876 *  
agecat25-34          -4.8235e-02  3.1553e-01  -0.1529 0.8784994    
agecat35-44          -1.9191e-01  3.3177e-01  -0.5784 0.5629631    
agecat45-54          -1.3650e+00  5.1361e-01  -2.6577 0.0078685 ** 
agecat55-64          -1.4872e+01  3.8396e-01 -38.7325 < 2.2e-16 ***
agecat65-74           1.0297e-01  8.8492e-01   0.1164 0.9073673    
agecat75+            -1.5382e+01  7.7506e-01 -19.8458 < 2.2e-16 ***
agecatMissing        -1.4552e+01  6.7452e-01 -21.5738 < 2.2e-16 ***
female                1.1320e-01  1.6763e-01   0.6753 0.4994990    
racewhiteYes          2.8018e-01  2.5211e-01   1.1114 0.2664128    
racewhiteMissing      7.9948e-01  8.2006e-01   0.9749 0.3296082    
gichronYes            1.0609e+00  3.4114e-01   3.1100 0.0018710 ** 
gichronMissing       -1.5464e+01  1.0685e+00 -14.4725 < 2.2e-16 ***
anim_anyYes           7.8387e-01  2.6831e-01   2.9215 0.0034837 ** 
gicontactbaseYes      1.3440e+00  3.6240e-01   3.7086 0.0002084 ***
gicontactbaseMissing  1.6382e+00  4.3091e-01   3.8016 0.0001438 ***
rawfood               6.5453e-01  2.6389e-01   2.4803 0.0131264 *  
---
Signif. codes:  0 ‘***’ 0.001 ‘**’ 0.01 ‘*’ 0.05 ‘.’ 0.1 ‘ ’ 1

> 
> # --------------------------------------
> # Marine beaches
> 
> # Avalon
> avfit <- mpreg(diarrheaci10~qenteroQPCR*groundwater +agecat+female+racewhite+gichron+anim_any+gicontactbase+rawfood,dat=ad[ad$beach=="Avalon",],vcv=T)

Call:
glm(formula = formula, family = poisson(link = "log"), data = dat)

Deviance Residuals: 
    Min       1Q   Median       3Q      Max  
-1.0838  -0.3568  -0.2953  -0.2525   2.4966  

Coefficients:
                                           Estimate Std. Error z value Pr(>|z|)
(Intercept)                                -2.44409    0.31263  -7.818 5.37e-15
qenteroQPCR2                                0.13577    0.29386   0.462  0.64406
qenteroQPCR3                                0.39678    0.26164   1.516  0.12940
qenteroQPCR4                                0.47111    0.26658   1.767  0.07719
groundwaterAbove median flow               -0.57037    0.39039  -1.461  0.14401
agecat5-14                                 -1.05190    0.23641  -4.449 8.61e-06
agecat15-24                                -1.19108    0.30514  -3.903 9.48e-05
agecat25-34                                -0.74690    0.28550  -2.616  0.00889
agecat35-44                                -0.41074    0.24593  -1.670  0.09489
agecat45-54                                -0.77227    0.27263  -2.833  0.00462
agecat55-64                                -1.21200    0.38990  -3.108  0.00188
agecat65-74                                -1.03902    0.73558  -1.413  0.15779
agecat75+                                 -14.16328  571.34560  -0.025  0.98022
agecatMissing                             -14.15584  759.97987  -0.019  0.98514
female                                     -0.05938    0.14043  -0.423  0.67240
racewhiteYes                                0.02567    0.16724   0.153  0.87802
racewhiteMissing                           -0.68595    0.72330  -0.948  0.34295
gichronYes                                  0.80721    0.33225   2.430  0.01512
anim_anyYes                                 0.10343    0.16131   0.641  0.52140
gicontactbaseYes                            0.66449    0.22354   2.973  0.00295
gicontactbaseMissing                       -0.38711    1.00683  -0.384  0.70062
rawfood                                     0.32515    0.16601   1.959  0.05016
qenteroQPCR2:groundwaterAbove median flow   0.72655    0.50372   1.442  0.14920
qenteroQPCR3:groundwaterAbove median flow   0.40751    0.46576   0.875  0.38161
qenteroQPCR4:groundwaterAbove median flow   0.12331    0.45931   0.268  0.78834
                                             
(Intercept)                               ***
qenteroQPCR2                                 
qenteroQPCR3                                 
qenteroQPCR4                              .  
groundwaterAbove median flow                 
agecat5-14                                ***
agecat15-24                               ***
agecat25-34                               ** 
agecat35-44                               .  
agecat45-54                               ** 
agecat55-64                               ** 
agecat65-74                                  
agecat75+                                    
agecatMissing                                
female                                       
racewhiteYes                                 
racewhiteMissing                             
gichronYes                                *  
anim_anyYes                                  
gicontactbaseYes                          ** 
gicontactbaseMissing                         
rawfood                                   .  
qenteroQPCR2:groundwaterAbove median flow    
qenteroQPCR3:groundwaterAbove median flow    
qenteroQPCR4:groundwaterAbove median flow    
---
Signif. codes:  0 ‘***’ 0.001 ‘**’ 0.01 ‘*’ 0.05 ‘.’ 0.1 ‘ ’ 1

(Dispersion parameter for poisson family taken to be 1)

    Null deviance: 1194.7  on 3742  degrees of freedom
Residual deviance: 1133.9  on 3718  degrees of freedom
AIC: 1595.9

Number of Fisher Scoring iterations: 14



Robust, Sandwich Standard Errors Account for Clustering:

z test of coefficients:

                                            Estimate Std. Error  z value
(Intercept)                                -2.444087   0.361140  -6.7677
qenteroQPCR2                                0.135772   0.316799   0.4286
qenteroQPCR3                                0.396777   0.289566   1.3702
qenteroQPCR4                                0.471115   0.315370   1.4938
groundwaterAbove median flow               -0.570367   0.431773  -1.3210
agecat5-14                                 -1.051902   0.236922  -4.4399
agecat15-24                                -1.191080   0.301413  -3.9517
agecat25-34                                -0.746905   0.268344  -2.7834
agecat35-44                                -0.410740   0.241226  -1.7027
agecat45-54                                -0.772265   0.275876  -2.7993
agecat55-64                                -1.211997   0.377446  -3.2110
agecat65-74                                -1.039022   0.722082  -1.4389
agecat75+                                 -14.163277   0.357895 -39.5738
agecatMissing                             -14.155836   0.476704 -29.6952
female                                     -0.059381   0.133922  -0.4434
racewhiteYes                                0.025667   0.184396   0.1392
racewhiteMissing                           -0.685951   0.647141  -1.0600
gichronYes                                  0.807208   0.326008   2.4760
anim_anyYes                                 0.103431   0.176169   0.5871
gicontactbaseYes                            0.664485   0.238340   2.7880
gicontactbaseMissing                       -0.387112   1.015258  -0.3813
rawfood                                     0.325145   0.165188   1.9683
qenteroQPCR2:groundwaterAbove median flow   0.726551   0.555308   1.3084
qenteroQPCR3:groundwaterAbove median flow   0.407510   0.507523   0.8029
qenteroQPCR4:groundwaterAbove median flow   0.123308   0.515842   0.2390
                                           Pr(>|z|)    
(Intercept)                               1.308e-11 ***
qenteroQPCR2                               0.668232    
qenteroQPCR3                               0.170611    
qenteroQPCR4                               0.135215    
groundwaterAbove median flow               0.186505    
agecat5-14                                9.002e-06 ***
agecat15-24                               7.761e-05 ***
agecat25-34                                0.005379 ** 
agecat35-44                                0.088621 .  
agecat45-54                                0.005121 ** 
agecat55-64                                0.001323 ** 
agecat65-74                                0.150172    
agecat75+                                 < 2.2e-16 ***
agecatMissing                             < 2.2e-16 ***
female                                     0.657476    
racewhiteYes                               0.889296    
racewhiteMissing                           0.289157    
gichronYes                                 0.013285 *  
anim_anyYes                                0.557128    
gicontactbaseYes                           0.005304 ** 
gicontactbaseMissing                       0.702985    
rawfood                                    0.049030 *  
qenteroQPCR2:groundwaterAbove median flow  0.190746    
qenteroQPCR3:groundwaterAbove median flow  0.422010    
qenteroQPCR4:groundwaterAbove median flow  0.811073    
---
Signif. codes:  0 ‘***’ 0.001 ‘**’ 0.01 ‘*’ 0.05 ‘.’ 0.1 ‘ ’ 1

> 
> # Boqueron
> bofit <- mpreg(diarrheaci10~qenteroQPCR +agecat+female+racewhite+gichron+anim_any+gicontactbase+rawfood,dat=ad[ad$beach=="Boqueron",],vcv=T)

Call:
glm(formula = formula, family = poisson(link = "log"), data = dat)

Deviance Residuals: 
    Min       1Q   Median       3Q      Max  
-1.1377  -0.2496  -0.2237  -0.2012   2.5269  

Coefficients:
                      Estimate Std. Error z value Pr(>|z|)    
(Intercept)            -3.2259     0.1795 -17.974  < 2e-16 ***
qenteroQPCR2            0.2938     0.1436   2.046 0.040774 *  
qenteroQPCR3            0.2146     0.1784   1.203 0.229032    
agecat5-14             -0.9514     0.2111  -4.507 6.56e-06 ***
agecat15-24            -0.6695     0.2001  -3.346 0.000821 ***
agecat25-34            -0.5273     0.1968  -2.680 0.007362 ** 
agecat35-44            -0.7729     0.2124  -3.638 0.000274 ***
agecat45-54            -0.7597     0.2318  -3.277 0.001050 ** 
agecat55-64            -0.6281     0.2849  -2.205 0.027488 *  
agecat65-74            -0.9466     0.4753  -1.992 0.046390 *  
agecat75+             -13.3796   321.1997  -0.042 0.966774    
agecatMissing          -0.7307     0.5246  -1.393 0.163664    
female                  0.0696     0.1080   0.645 0.519125    
racewhiteYes            0.8222     0.5820   1.413 0.157708    
racewhiteMissing        2.3497     0.7191   3.268 0.001084 ** 
gichronYes              0.5388     0.2035   2.648 0.008107 ** 
gichronMissing        -12.3866  2103.3625  -0.006 0.995301    
anim_anyYes             0.2075     0.1096   1.894 0.058278 .  
gicontactbaseYes        0.9643     0.1750   5.509 3.60e-08 ***
gicontactbaseMissing  -12.8026  1200.0930  -0.011 0.991488    
rawfood                 0.3061     0.1393   2.197 0.027992 *  
---
Signif. codes:  0 ‘***’ 0.001 ‘**’ 0.01 ‘*’ 0.05 ‘.’ 0.1 ‘ ’ 1

(Dispersion parameter for poisson family taken to be 1)

    Null deviance: 2487.4  on 11878  degrees of freedom
Residual deviance: 2397.7  on 11858  degrees of freedom
AIC: 3147.7

Number of Fisher Scoring iterations: 14



Robust, Sandwich Standard Errors Account for Clustering:

z test of coefficients:

                       Estimate Std. Error  z value  Pr(>|z|)    
(Intercept)           -3.225878   0.186369 -17.3091 < 2.2e-16 ***
qenteroQPCR2           0.293838   0.170040   1.7281 0.0839779 .  
qenteroQPCR3           0.214593   0.191299   1.1218 0.2619596    
agecat5-14            -0.951356   0.207815  -4.5779 4.697e-06 ***
agecat15-24           -0.669540   0.206726  -3.2388 0.0012004 ** 
agecat25-34           -0.527322   0.188067  -2.8039 0.0050489 ** 
agecat35-44           -0.772865   0.210506  -3.6715 0.0002412 ***
agecat45-54           -0.759667   0.235513  -3.2256 0.0012572 ** 
agecat55-64           -0.628142   0.282716  -2.2218 0.0262958 *  
agecat65-74           -0.946650   0.470542  -2.0118 0.0442379 *  
agecat75+            -13.379576   0.232611 -57.5191 < 2.2e-16 ***
agecatMissing         -0.730718   0.520468  -1.4040 0.1603298    
female                 0.069596   0.101728   0.6841 0.4938909    
racewhiteYes           0.822206   0.698309   1.1774 0.2390264    
racewhiteMissing       2.349719   0.595702   3.9445 7.998e-05 ***
gichronYes             0.538837   0.203659   2.6458 0.0081502 ** 
gichronMissing       -12.386636   1.020537 -12.1374 < 2.2e-16 ***
anim_anyYes            0.207500   0.122429   1.6949 0.0901002 .  
gicontactbaseYes       0.964252   0.184210   5.2345 1.654e-07 ***
gicontactbaseMissing -12.802625   0.628448 -20.3718 < 2.2e-16 ***
rawfood                0.306124   0.142970   2.1412 0.0322596 *  
---
Signif. codes:  0 ‘***’ 0.001 ‘**’ 0.01 ‘*’ 0.05 ‘.’ 0.1 ‘ ’ 1

> 
> # Doheny
> dhfit <- mpreg(diarrheaci10~qenteroQPCR*berm +agecat+female+racewhite+gichron+anim_any+gicontactbase+rawfood,dat=ad[ad$beach=="Doheny",],vcv=T)

Call:
glm(formula = formula, family = poisson(link = "log"), data = dat)

Deviance Residuals: 
    Min       1Q   Median       3Q      Max  
-0.9958  -0.3162  -0.2712  -0.2450   2.5426  

Coefficients: (1 not defined because of singularities)
                       Estimate Std. Error z value Pr(>|z|)    
(Intercept)            -2.72664    0.29486  -9.247  < 2e-16 ***
qenteroQPCR2           -0.35100    0.46053  -0.762  0.44597    
qenteroQPCR3            0.50599    0.75668   0.669  0.50369    
qenteroQPCR4            0.50495    1.01460   0.498  0.61871    
bermOpen               -0.22479    0.27087  -0.830  0.40661    
agecat5-14             -0.72980    0.28012  -2.605  0.00918 ** 
agecat15-24            -0.52841    0.35246  -1.499  0.13382    
agecat25-34            -0.42978    0.35800  -1.201  0.22994    
agecat35-44            -0.34814    0.31887  -1.092  0.27493    
agecat45-54            -0.38703    0.35860  -1.079  0.28046    
agecat55-64            -1.59793    0.75534  -2.116  0.03438 *  
agecat65-74            -0.19099    1.03865  -0.184  0.85411    
agecatMissing         -12.76860  399.74503  -0.032  0.97452    
female                 -0.02817    0.17762  -0.159  0.87400    
racewhiteYes            0.10681    0.19572   0.546  0.58526    
racewhiteMissing       -0.09968    0.72886  -0.137  0.89122    
gichronYes              0.91782    0.43088   2.130  0.03316 *  
anim_anyYes            -0.13323    0.22147  -0.602  0.54745    
gicontactbaseYes        0.31267    0.36848   0.849  0.39613    
gicontactbaseMissing    0.66553    0.59169   1.125  0.26068    
rawfood                 0.42710    0.20349   2.099  0.03583 *  
qenteroQPCR2:bermOpen   0.26900    0.60470   0.445  0.65643    
qenteroQPCR3:bermOpen        NA         NA      NA       NA    
qenteroQPCR4:bermOpen   1.15009    1.20481   0.955  0.33979    
---
Signif. codes:  0 ‘***’ 0.001 ‘**’ 0.01 ‘*’ 0.05 ‘.’ 0.1 ‘ ’ 1

(Dispersion parameter for poisson family taken to be 1)

    Null deviance: 848.56  on 3078  degrees of freedom
Residual deviance: 818.67  on 3056  degrees of freedom
AIC: 1136.7

Number of Fisher Scoring iterations: 13



Robust, Sandwich Standard Errors Account for Clustering:

z test of coefficients:

                        Estimate Std. Error  z value  Pr(>|z|)    
(Intercept)            -2.726644   0.300361  -9.0779 < 2.2e-16 ***
qenteroQPCR2           -0.350995   0.541385  -0.6483  0.516772    
qenteroQPCR3            0.505989   0.784370   0.6451  0.518869    
qenteroQPCR4            0.504953   0.980394   0.5151  0.606517    
bermOpen               -0.224785   0.335043  -0.6709  0.502275    
agecat5-14             -0.729800   0.275466  -2.6493  0.008065 ** 
agecat15-24            -0.528409   0.345903  -1.5276  0.126607    
agecat25-34            -0.429784   0.339008  -1.2678  0.204880    
agecat35-44            -0.348139   0.309877  -1.1235  0.261237    
agecat45-54            -0.387029   0.340240  -1.1375  0.255322    
agecat55-64            -1.597933   0.757736  -2.1088  0.034960 *  
agecat65-74            -0.190990   1.023946  -0.1865  0.852034    
agecatMissing         -12.768596   0.514840 -24.8011 < 2.2e-16 ***
female                 -0.028166   0.180882  -0.1557  0.876259    
racewhiteYes            0.106809   0.216274   0.4939  0.621406    
racewhiteMissing       -0.099683   0.704203  -0.1416  0.887432    
gichronYes              0.917824   0.419065   2.1902  0.028512 *  
anim_anyYes            -0.133233   0.238502  -0.5586  0.576419    
gicontactbaseYes        0.312670   0.361747   0.8643  0.387404    
gicontactbaseMissing    0.665528   0.532073   1.2508  0.211000    
rawfood                 0.427103   0.216615   1.9717  0.048642 *  
qenteroQPCR2:bermOpen   0.269002   0.730735   0.3681  0.712780    
qenteroQPCR4:bermOpen   1.150089   1.245464   0.9234  0.355787    
---
Signif. codes:  0 ‘***’ 0.001 ‘**’ 0.01 ‘*’ 0.05 ‘.’ 0.1 ‘ ’ 1

> 
> # Edgewater
> # all of the water samples in Edgewater are in the 4th quartile of Enterococcus 1611 -- commented out
> # edfit <- mpreg(diarrheaci10~ qenteroQPCR +agecat+female+racewhite+gichron+anim_any+gicontactbase+rawfood ,dat=ad[ad$beach=="Edgewater",],vcv=T)
> 
> # Fairhope
> fafit <- mpreg(diarrheaci10~qenteroQPCR +agecat+female+racewhite+gichron+anim_any+gicontactbase+rawfood,dat=ad[ad$beach=="Fairhope",],vcv=T)

Call:
glm(formula = formula, family = poisson(link = "log"), data = dat)

Deviance Residuals: 
    Min       1Q   Median       3Q      Max  
-1.1920  -0.3823  -0.2993  -0.2519   2.2419  

Coefficients:
                      Estimate Std. Error z value Pr(>|z|)    
(Intercept)            -2.5531     0.5034  -5.072 3.94e-07 ***
qenteroQPCR2           -0.6245     0.4434  -1.408  0.15904    
qenteroQPCR3           -0.5204     0.4911  -1.060  0.28933    
qenteroQPCR4            0.3689     0.3787   0.974  0.32991    
agecat5-14             -0.5666     0.3740  -1.515  0.12974    
agecat15-24            -0.6190     0.5304  -1.167  0.24316    
agecat25-34            -0.3767     0.4741  -0.795  0.42681    
agecat35-44            -0.5825     0.5846  -0.996  0.31909    
agecat45-54            -0.3065     0.6546  -0.468  0.63963    
agecat55-64            -0.2901     1.0520  -0.276  0.78275    
agecat65-74             0.2686     1.0426   0.258  0.79671    
agecat75+             -12.9269   856.1736  -0.015  0.98795    
female                  0.3460     0.2890   1.197  0.23117    
racewhiteYes           -0.3767     0.3491  -1.079  0.28054    
gichronYes              0.7174     1.0235   0.701  0.48332    
anim_anyYes             0.2925     0.3601   0.812  0.41669    
gicontactbaseYes        1.3617     0.4686   2.906  0.00367 ** 
gicontactbaseMissing  -12.0828  1275.7544  -0.009  0.99244    
rawfood                 0.2187     0.3921   0.558  0.57688    
---
Signif. codes:  0 ‘***’ 0.001 ‘**’ 0.01 ‘*’ 0.05 ‘.’ 0.1 ‘ ’ 1

(Dispersion parameter for poisson family taken to be 1)

    Null deviance: 281.80  on 807  degrees of freedom
Residual deviance: 261.06  on 789  degrees of freedom
AIC: 401.06

Number of Fisher Scoring iterations: 13



Robust, Sandwich Standard Errors Account for Clustering:

z test of coefficients:

                      Estimate Std. Error  z value  Pr(>|z|)    
(Intercept)           -2.55308    0.52851  -4.8307 1.360e-06 ***
qenteroQPCR2          -0.62449    0.50802  -1.2292   0.21898    
qenteroQPCR3          -0.52040    0.50701  -1.0264   0.30471    
qenteroQPCR4           0.36894    0.39453   0.9351   0.34971    
agecat5-14            -0.56665    0.38499  -1.4719   0.14106    
agecat15-24           -0.61900    0.52692  -1.1747   0.24010    
agecat25-34           -0.37674    0.46103  -0.8172   0.41384    
agecat35-44           -0.58248    0.53184  -1.0952   0.27342    
agecat45-54           -0.30648    0.64844  -0.4726   0.63647    
agecat55-64           -0.29009    1.12226  -0.2585   0.79603    
agecat65-74            0.26858    1.03098   0.2605   0.79447    
agecat75+            -12.92691    0.85296 -15.1553 < 2.2e-16 ***
female                 0.34604    0.28898   1.1975   0.23112    
racewhiteYes          -0.37666    0.33592  -1.1213   0.26217    
gichronYes             0.71745    0.89215   0.8042   0.42129    
anim_anyYes            0.29248    0.34101   0.8577   0.39107    
gicontactbaseYes       1.36167    0.69301   1.9648   0.04943 *  
gicontactbaseMissing -12.08275    1.58587  -7.6190 2.556e-14 ***
rawfood                0.21874    0.48008   0.4556   0.64865    
---
Signif. codes:  0 ‘***’ 0.001 ‘**’ 0.01 ‘*’ 0.05 ‘.’ 0.1 ‘ ’ 1

> 
> # Goddard
> gdfit <- mpreg(diarrheaci10~qenteroQPCR +agecat+female+racewhite+gichron+anim_any+gicontactbase+rawfood,dat=ad[ad$beach=="Goddard",],vcv=T)

Call:
glm(formula = formula, family = poisson(link = "log"), data = dat)

Deviance Residuals: 
    Min       1Q   Median       3Q      Max  
-0.6391  -0.3228  -0.2572  -0.2085   2.6555  

Coefficients:
                  Estimate Std. Error z value Pr(>|z|)  
(Intercept)       -18.5614  1781.9314  -0.010   0.9917  
qenteroQPCR3       15.8282  1781.9313   0.009   0.9929  
qenteroQPCR4       15.7052  1781.9313   0.009   0.9930  
agecat5-14         -0.8417     0.4743  -1.775   0.0760 .
agecat15-24        -0.9078     0.6084  -1.492   0.1357  
agecat25-34        -0.3308     0.4858  -0.681   0.4960  
agecat35-44        -0.4262     0.4928  -0.865   0.3870  
agecat45-54        -2.0711     1.0631  -1.948   0.0514 .
agecat55-64        -1.6033     1.0635  -1.508   0.1317  
agecat65-74        -0.3884     1.0771  -0.361   0.7184  
agecat75+         -16.7286  5428.9910  -0.003   0.9975  
agecatMissing     -16.8494  2891.0804  -0.006   0.9953  
female              0.1949     0.3184   0.612   0.5404  
racewhiteYes        0.1587     0.3546   0.448   0.6544  
racewhiteMissing    0.3680  7257.1459   0.000   1.0000  
gichronYes          0.8911     0.7523   1.184   0.2362  
anim_anyYes        -0.0644     0.3551  -0.181   0.8561  
gicontactbaseYes  -16.0948  1251.0074  -0.013   0.9897  
rawfood             0.3906     0.3608   1.083   0.2790  
---
Signif. codes:  0 ‘***’ 0.001 ‘**’ 0.01 ‘*’ 0.05 ‘.’ 0.1 ‘ ’ 1

(Dispersion parameter for poisson family taken to be 1)

    Null deviance: 270.47  on 1050  degrees of freedom
Residual deviance: 250.40  on 1032  degrees of freedom
AIC: 372.4

Number of Fisher Scoring iterations: 17



Robust, Sandwich Standard Errors Account for Clustering:

z test of coefficients:

                   Estimate Std. Error  z value Pr(>|z|)    
(Intercept)      -18.561349   0.716761 -25.8961  < 2e-16 ***
qenteroQPCR3      15.828221   0.546450  28.9655  < 2e-16 ***
qenteroQPCR4      15.705159   0.610083  25.7427  < 2e-16 ***
agecat5-14        -0.841701   0.471391  -1.7856  0.07417 .  
agecat15-24       -0.907767   0.585056  -1.5516  0.12076    
agecat25-34       -0.330766   0.413227  -0.8004  0.42345    
agecat35-44       -0.426240   0.461505  -0.9236  0.35570    
agecat45-54       -2.071065   1.074716  -1.9271  0.05397 .  
agecat55-64       -1.603281   1.078176  -1.4870  0.13701    
agecat65-74       -0.388428   1.071542  -0.3625  0.71698    
agecat75+        -16.728631   0.755277 -22.1490  < 2e-16 ***
agecatMissing    -16.849397   0.606885 -27.7638  < 2e-16 ***
female             0.194933   0.290011   0.6722  0.50148    
racewhiteYes       0.158730   0.399384   0.3974  0.69105    
racewhiteMissing   0.367958   1.206812   0.3049  0.76044    
gichronYes         0.891059   0.690796   1.2899  0.19708    
anim_anyYes       -0.064398   0.418982  -0.1537  0.87785    
gicontactbaseYes -16.094831   0.298504 -53.9184  < 2e-16 ***
rawfood            0.390634   0.399433   0.9780  0.32809    
---
Signif. codes:  0 ‘***’ 0.001 ‘**’ 0.01 ‘*’ 0.05 ‘.’ 0.1 ‘ ’ 1

Warning message:
glm.fit: fitted rates numerically 0 occurred 
> 
> # Malibu
> mafit <- mpreg(diarrheaci10~qenteroQPCR +agecat+female+racewhite+gichron+anim_any+gicontactbase+rawfood,dat=ad[ad$beach=="Malibu",],vcv=T)

Call:
glm(formula = formula, family = poisson(link = "log"), data = dat)

Deviance Residuals: 
    Min       1Q   Median       3Q      Max  
-0.6881  -0.3350  -0.3005  -0.2702   2.6013  

Coefficients:
                   Estimate Std. Error z value Pr(>|z|)    
(Intercept)        -2.88397    0.31836  -9.059  < 2e-16 ***
qenteroQPCR2        0.21400    0.18692   1.145  0.25226    
qenteroQPCR3       -0.28243    0.47191  -0.598  0.54951    
qenteroQPCR4      -14.27176  788.75558  -0.018  0.98556    
agecat5-14         -0.46381    0.31583  -1.469  0.14195    
agecat15-24        -0.43020    0.35807  -1.201  0.22957    
agecat25-34        -0.35062    0.34954  -1.003  0.31582    
agecat35-44        -0.06329    0.33134  -0.191  0.84852    
agecat45-54        -0.53902    0.40510  -1.331  0.18333    
agecat55-64        -0.54609    0.56994  -0.958  0.33799    
agecat65-74       -14.68697  729.43202  -0.020  0.98394    
agecat75+         -14.89436 1623.38510  -0.009  0.99268    
female              0.02799    0.18308   0.153  0.87847    
racewhiteYes        0.11244    0.19384   0.580  0.56188    
racewhiteMissing   -1.02286    0.72479  -1.411  0.15817    
gichronYes          1.18016    0.42806   2.757  0.00583 ** 
anim_anyYes        -0.15505    0.23566  -0.658  0.51059    
gicontactbaseYes    0.10937    0.42135   0.260  0.79519    
rawfood             0.27058    0.21481   1.260  0.20781    
---
Signif. codes:  0 ‘***’ 0.001 ‘**’ 0.01 ‘*’ 0.05 ‘.’ 0.1 ‘ ’ 1

(Dispersion parameter for poisson family taken to be 1)

    Null deviance: 740.43  on 2494  degrees of freedom
Residual deviance: 718.01  on 2476  degrees of freedom
AIC: 1002

Number of Fisher Scoring iterations: 15



Robust, Sandwich Standard Errors Account for Clustering:

z test of coefficients:

                   Estimate Std. Error  z value  Pr(>|z|)    
(Intercept)       -2.883973   0.315329  -9.1459 < 2.2e-16 ***
qenteroQPCR2       0.214004   0.199734   1.0714  0.283971    
qenteroQPCR3      -0.282435   0.470853  -0.5998  0.548615    
qenteroQPCR4     -14.271762   0.338558 -42.1546 < 2.2e-16 ***
agecat5-14        -0.463814   0.319404  -1.4521  0.146468    
agecat15-24       -0.430202   0.356890  -1.2054  0.228042    
agecat25-34       -0.350622   0.344332  -1.0183  0.308551    
agecat35-44       -0.063287   0.311572  -0.2031  0.839040    
agecat45-54       -0.539025   0.399469  -1.3494  0.177224    
agecat55-64       -0.546088   0.549548  -0.9937  0.320368    
agecat65-74      -14.686974   0.416696 -35.2462 < 2.2e-16 ***
agecat75+        -14.894359   0.708205 -21.0311 < 2.2e-16 ***
female             0.027994   0.179546   0.1559  0.876100    
racewhiteYes       0.112437   0.208446   0.5394  0.589608    
racewhiteMissing  -1.022861   0.722995  -1.4148  0.157140    
gichronYes         1.180155   0.416826   2.8313  0.004636 ** 
anim_anyYes       -0.155048   0.232268  -0.6675  0.504427    
gicontactbaseYes   0.109374   0.432430   0.2529  0.800323    
rawfood            0.270578   0.221908   1.2193  0.222720    
---
Signif. codes:  0 ‘***’ 0.001 ‘**’ 0.01 ‘*’ 0.05 ‘.’ 0.1 ‘ ’ 1

> 
> # Mission Bay
> mbfit <- mpreg(diarrheaci10~qenteroQPCR +agecat+female+racewhite+gichron+anim_any+gicontactbase+rawfood,dat=ad[ad$beach=="Mission Bay",],vcv=T)

Call:
glm(formula = formula, family = poisson(link = "log"), data = dat)

Deviance Residuals: 
    Min       1Q   Median       3Q      Max  
-0.7097  -0.3222  -0.2661  -0.2185   2.4999  

Coefficients:
                       Estimate Std. Error z value Pr(>|z|)    
(Intercept)            -2.45506    0.34586  -7.098 1.26e-12 ***
qenteroQPCR2            0.15899    0.31998   0.497  0.61928    
qenteroQPCR3           -0.14418    0.30118  -0.479  0.63215    
qenteroQPCR4           -0.51380    0.33828  -1.519  0.12879    
agecat5-14             -0.62007    0.23500  -2.639  0.00833 ** 
agecat15-24            -0.60141    0.35677  -1.686  0.09185 .  
agecat25-34            -0.35929    0.30335  -1.184  0.23626    
agecat35-44            -0.55567    0.34067  -1.631  0.10286    
agecat45-54            -0.02377    0.39156  -0.061  0.95159    
agecat55-64           -14.76393  693.96104  -0.021  0.98303    
agecat65-74           -14.78681 1174.15822  -0.013  0.98995    
agecat75+             -14.44456 1690.64655  -0.009  0.99318    
agecatMissing          -1.57424    1.01783  -1.547  0.12194    
female                 -0.12121    0.17708  -0.684  0.49367    
racewhiteYes            0.59263    0.21200   2.795  0.00518 ** 
racewhiteMissing      -13.78332  903.19697  -0.015  0.98782    
gichronYes              0.48279    0.59974   0.805  0.42082    
anim_anyYes             0.32462    0.20768   1.563  0.11802    
gicontactbaseYes        0.29743    0.51246   0.580  0.56164    
gicontactbaseMissing    0.33355    0.42454   0.786  0.43206    
rawfood                -0.65893    0.21221  -3.105  0.00190 ** 
---
Signif. codes:  0 ‘***’ 0.001 ‘**’ 0.01 ‘*’ 0.05 ‘.’ 0.1 ‘ ’ 1

(Dispersion parameter for poisson family taken to be 1)

    Null deviance: 806.20  on 2887  degrees of freedom
Residual deviance: 753.51  on 2867  degrees of freedom
AIC: 1055.5

Number of Fisher Scoring iterations: 15



Robust, Sandwich Standard Errors Account for Clustering:

z test of coefficients:

                      Estimate Std. Error  z value  Pr(>|z|)    
(Intercept)           -2.45506    0.40047  -6.1305 8.761e-10 ***
qenteroQPCR2           0.15899    0.36806   0.4320  0.665766    
qenteroQPCR3          -0.14418    0.34032  -0.4237  0.671820    
qenteroQPCR4          -0.51380    0.37910  -1.3553  0.175312    
agecat5-14            -0.62007    0.27205  -2.2792  0.022652 *  
agecat15-24           -0.60141    0.38423  -1.5652  0.117525    
agecat25-34           -0.35929    0.29668  -1.2110  0.225885    
agecat35-44           -0.55567    0.34347  -1.6178  0.105704    
agecat45-54           -0.02377    0.43404  -0.0548  0.956326    
agecat55-64          -14.76393    0.34892 -42.3127 < 2.2e-16 ***
agecat65-74          -14.78681    0.48002 -30.8048 < 2.2e-16 ***
agecat75+            -14.44456    0.58366 -24.7480 < 2.2e-16 ***
agecatMissing         -1.57424    0.97088  -1.6215  0.104919    
female                -0.12121    0.15904  -0.7621  0.445993    
racewhiteYes           0.59263    0.25161   2.3554  0.018503 *  
racewhiteMissing     -13.78332    0.45712 -30.1526 < 2.2e-16 ***
gichronYes             0.48279    0.60400   0.7993  0.424109    
anim_anyYes            0.32462    0.24520   1.3239  0.185538    
gicontactbaseYes       0.29743    0.41513   0.7165  0.473690    
gicontactbaseMissing   0.33355    0.41135   0.8109  0.417445    
rawfood               -0.65893    0.21561  -3.0561  0.002242 ** 
---
Signif. codes:  0 ‘***’ 0.001 ‘**’ 0.01 ‘*’ 0.05 ‘.’ 0.1 ‘ ’ 1

> 
> # Surfside
> sufit <- mpreg(diarrheaci10~qenteroQPCR +agecat+female+racewhite+gichron+anim_any+gicontactbase+rawfood,dat=ad[ad$beach=="Surfside",],vcv=T)

Call:
glm(formula = formula, family = poisson(link = "log"), data = dat)

Deviance Residuals: 
    Min       1Q   Median       3Q      Max  
-0.7571  -0.3154  -0.2750  -0.2335   2.5712  

Coefficients:
                  Estimate Std. Error z value Pr(>|z|)    
(Intercept)       -3.51653    0.36813  -9.552  < 2e-16 ***
qenteroQPCR2      -0.05618    0.13827  -0.406  0.68451    
qenteroQPCR3       0.07906    0.16853   0.469  0.63897    
qenteroQPCR4       0.20308    0.14768   1.375  0.16908    
agecat5-14        -0.74755    0.23854  -3.134  0.00173 ** 
agecat15-24       -0.70211    0.24240  -2.896  0.00377 ** 
agecat25-34       -0.17545    0.23382  -0.750  0.45303    
agecat35-44       -0.33290    0.23120  -1.440  0.14991    
agecat45-54       -0.46199    0.23590  -1.958  0.05018 .  
agecat55-64       -0.27042    0.26421  -1.023  0.30608    
agecat65-74      -14.58628  283.99877  -0.051  0.95904    
agecat75+         -0.58658    1.01931  -0.575  0.56498    
agecatMissing      0.32780    0.42318   0.775  0.43857    
female             0.08813    0.10983   0.802  0.42229    
racewhiteYes       0.55408    0.30920   1.792  0.07314 .  
racewhiteMissing -14.26124  835.69015  -0.017  0.98638    
gichronYes         1.03519    0.21229   4.876 1.08e-06 ***
anim_anyYes        0.02847    0.13593   0.209  0.83412    
gicontactbaseYes   0.62543    0.19556   3.198  0.00138 ** 
rawfood            0.35645    0.12057   2.956  0.00311 ** 
---
Signif. codes:  0 ‘***’ 0.001 ‘**’ 0.01 ‘*’ 0.05 ‘.’ 0.1 ‘ ’ 1

(Dispersion parameter for poisson family taken to be 1)

    Null deviance: 2150.7  on 7935  degrees of freedom
Residual deviance: 2064.3  on 7916  degrees of freedom
AIC: 2788.3

Number of Fisher Scoring iterations: 15



Robust, Sandwich Standard Errors Account for Clustering:

z test of coefficients:

                   Estimate Std. Error  z value  Pr(>|z|)    
(Intercept)       -3.516526   0.436835  -8.0500 8.278e-16 ***
qenteroQPCR2      -0.056183   0.153507  -0.3660  0.714367    
qenteroQPCR3       0.079064   0.172158   0.4593  0.646054    
qenteroQPCR4       0.203081   0.183224   1.1084  0.267699    
agecat5-14        -0.747552   0.258828  -2.8882  0.003874 ** 
agecat15-24       -0.702114   0.243666  -2.8815  0.003958 ** 
agecat25-34       -0.175449   0.223746  -0.7841  0.432957    
agecat35-44       -0.332899   0.234719  -1.4183  0.156107    
agecat45-54       -0.461988   0.234183  -1.9728  0.048523 *  
agecat55-64       -0.270419   0.262547  -1.0300  0.303017    
agecat65-74      -14.586279   0.223521 -65.2570 < 2.2e-16 ***
agecat75+         -0.586575   1.008353  -0.5817  0.560758    
agecatMissing      0.327802   0.628642   0.5214  0.602058    
female             0.088133   0.104535   0.8431  0.399175    
racewhiteYes       0.554076   0.373305   1.4842  0.137745    
racewhiteMissing -14.261243   0.855701 -16.6662 < 2.2e-16 ***
gichronYes         1.035193   0.194952   5.3100 1.096e-07 ***
anim_anyYes        0.028467   0.156044   0.1824  0.855248    
gicontactbaseYes   0.625430   0.223175   2.8024  0.005072 ** 
rawfood            0.356455   0.124438   2.8645  0.004176 ** 
---
Signif. codes:  0 ‘***’ 0.001 ‘**’ 0.01 ‘*’ 0.05 ‘.’ 0.1 ‘ ’ 1

> 
> # --------------------------------------
> # Pooled estimates
> # (can't use the mpreg fn because we 
> # need the actual glm returned object 
> # for the LR tests)
> 
> # all beaches
> all.fit <- glm(diarrheaci10~qenteroQPCR +agecat+female+racewhite+gichron+anim_any+gicontactbase+rawfood+beach,family=poisson(link="log"),data=ad)
> 	all.VC <- cl(ad,fm=all.fit,cluster=ad$hhid)
> 	overall.fit <- coeftest(all.fit, all.VC)
> 	summary(all.fit)

Call:
glm(formula = diarrheaci10 ~ qenteroQPCR + agecat + female + 
    racewhite + gichron + anim_any + gicontactbase + rawfood + 
    beach, family = poisson(link = "log"), data = ad)

Deviance Residuals: 
    Min       1Q   Median       3Q      Max  
-0.9579  -0.3207  -0.2736  -0.2384   2.8182  

Coefficients:
                      Estimate Std. Error z value Pr(>|z|)    
(Intercept)           -2.93451    0.12113 -24.227  < 2e-16 ***
qenteroQPCR2           0.04865    0.06735   0.722 0.470061    
qenteroQPCR3           0.20107    0.07415   2.712 0.006695 ** 
qenteroQPCR4           0.24969    0.08231   3.034 0.002417 ** 
agecat5-14            -0.68835    0.07824  -8.798  < 2e-16 ***
agecat15-24           -0.69660    0.08868  -7.855 4.00e-15 ***
agecat25-34           -0.30830    0.08488  -3.632 0.000281 ***
agecat35-44           -0.32673    0.08362  -3.907 9.34e-05 ***
agecat45-54           -0.50417    0.09547  -5.281 1.28e-07 ***
agecat55-64           -0.51724    0.12721  -4.066 4.79e-05 ***
agecat65-74           -1.05236    0.28535  -3.688 0.000226 ***
agecat75+             -1.99537    1.00226  -1.991 0.046496 *  
agecatMissing         -0.57488    0.21082  -2.727 0.006394 ** 
female                 0.05536    0.04507   1.228 0.219375    
racewhiteYes           0.24097    0.06924   3.480 0.000501 ***
racewhiteMissing      -0.04749    0.28463  -0.167 0.867492    
gichronYes             0.71554    0.10340   6.920 4.52e-12 ***
gichronMissing       -10.15355  120.40281  -0.084 0.932794    
anim_anyYes            0.18024    0.05354   3.366 0.000761 ***
gicontactbaseYes       0.62804    0.08292   7.574 3.61e-14 ***
gicontactbaseMissing   0.44192    0.27135   1.629 0.103398    
rawfood                0.20639    0.05590   3.692 0.000223 ***
beachBoqueron         -0.37295    0.11360  -3.283 0.001027 ** 
beachDoheny           -0.04016    0.11879  -0.338 0.735310    
beachEdgewater        -0.06036    0.17562  -0.344 0.731081    
beachFairhope          0.08270    0.15954   0.518 0.604209    
beachGoddard          -0.45108    0.17261  -2.613 0.008967 ** 
beachHuntington        0.45584    0.14056   3.243 0.001183 ** 
beachMalibu            0.03699    0.11899   0.311 0.755900    
beachMission Bay      -0.11362    0.12155  -0.935 0.349909    
beachSilver           -0.30717    0.10175  -3.019 0.002538 ** 
beachSurfside         -0.33055    0.09495  -3.481 0.000499 ***
beachWashington Park  -0.07224    0.12123  -0.596 0.551256    
beachWest              0.24088    0.11886   2.027 0.042706 *  
---
Signif. codes:  0 ‘***’ 0.001 ‘**’ 0.01 ‘*’ 0.05 ‘.’ 0.1 ‘ ’ 1

(Dispersion parameter for poisson family taken to be 1)

    Null deviance: 12420  on 44856  degrees of freedom
Residual deviance: 11984  on 44823  degrees of freedom
AIC: 16042

Number of Fisher Scoring iterations: 11

> 	overall.fit

z test of coefficients:

                       Estimate Std. Error  z value  Pr(>|z|)    
(Intercept)           -2.934512   0.135268 -21.6940 < 2.2e-16 ***
qenteroQPCR2           0.048652   0.077436   0.6283 0.5298185    
qenteroQPCR3           0.201074   0.082161   2.4473 0.0143924 *  
qenteroQPCR4           0.249686   0.095906   2.6035 0.0092289 ** 
agecat5-14            -0.688352   0.081035  -8.4945 < 2.2e-16 ***
agecat15-24           -0.696600   0.089777  -7.7592 8.543e-15 ***
agecat25-34           -0.308304   0.082699  -3.7280 0.0001930 ***
agecat35-44           -0.326730   0.082956  -3.9386 8.195e-05 ***
agecat45-54           -0.504172   0.096241  -5.2386 1.618e-07 ***
agecat55-64           -0.517238   0.126223  -4.0978 4.171e-05 ***
agecat65-74           -1.052358   0.282852  -3.7205 0.0001988 ***
agecat75+             -1.995374   1.001156  -1.9931 0.0462539 *  
agecatMissing         -0.574883   0.272710  -2.1080 0.0350278 *  
female                 0.055360   0.042856   1.2918 0.1964323    
racewhiteYes           0.240968   0.080841   2.9808 0.0028753 ** 
racewhiteMissing      -0.047488   0.297658  -0.1595 0.8732432    
gichronYes             0.715541   0.100692   7.1062 1.193e-12 ***
gichronMissing       -10.153546   0.349926 -29.0163 < 2.2e-16 ***
anim_anyYes            0.180244   0.059125   3.0485 0.0022998 ** 
gicontactbaseYes       0.628037   0.089296   7.0332 2.018e-12 ***
gicontactbaseMissing   0.441916   0.252533   1.7499 0.0801301 .  
rawfood                0.206393   0.059417   3.4736 0.0005135 ***
beachBoqueron         -0.372948   0.132438  -2.8160 0.0048624 ** 
beachDoheny           -0.040160   0.134672  -0.2982 0.7655455    
beachEdgewater        -0.060358   0.190174  -0.3174 0.7509548    
beachFairhope          0.082701   0.179011   0.4620 0.6440899    
beachGoddard          -0.451084   0.204729  -2.2033 0.0275718 *  
beachHuntington        0.455839   0.157519   2.8939 0.0038052 ** 
beachMalibu            0.036989   0.130481   0.2835 0.7768068    
beachMission Bay      -0.113624   0.150025  -0.7574 0.4488299    
beachSilver           -0.307168   0.112086  -2.7405 0.0061350 ** 
beachSurfside         -0.330554   0.107051  -3.0878 0.0020164 ** 
beachWashington Park  -0.072239   0.138704  -0.5208 0.6024985    
beachWest              0.240879   0.133347   1.8064 0.0708553 .  
---
Signif. codes:  0 ‘***’ 0.001 ‘**’ 0.01 ‘*’ 0.05 ‘.’ 0.1 ‘ ’ 1

> 
> # Interaction model with fresh v. marine beaches
> mf.ref <- glm(diarrheaci10~qenteroQPCR +marine +agecat+female+racewhite+gichron+anim_any+gicontactbase+rawfood+beach,family=poisson(link="log"),data=ad)
> mf.fit <- glm(diarrheaci10~qenteroQPCR*marine +agecat+female+racewhite+gichron+anim_any+gicontactbase+rawfood+beach,family=poisson(link="log"),data=ad)
> 	# commented out robust SE calcs b/c not used
> 	# mf.VC <- cl(ad,fm=mf.fit,cluster=ad$hhid)
> 	# mf.head <- coeftest(mf.fit, mf.VC)
> 	summary(mf.fit) 

Call:
glm(formula = diarrheaci10 ~ qenteroQPCR * marine + agecat + 
    female + racewhite + gichron + anim_any + gicontactbase + 
    rawfood + beach, family = poisson(link = "log"), data = ad)

Deviance Residuals: 
    Min       1Q   Median       3Q      Max  
-0.9917  -0.3199  -0.2734  -0.2382   2.8209  

Coefficients: (1 not defined because of singularities)
                        Estimate Std. Error z value Pr(>|z|)    
(Intercept)             -2.63133    0.22684 -11.600  < 2e-16 ***
qenteroQPCR2            -0.16969    0.18682  -0.908 0.363712    
qenteroQPCR3             0.09761    0.18945   0.515 0.606410    
qenteroQPCR4             0.26205    0.20628   1.270 0.203963    
marineYes               -0.28130    0.22829  -1.232 0.217870    
agecat5-14              -0.69118    0.07824  -8.834  < 2e-16 ***
agecat15-24             -0.69746    0.08869  -7.864 3.71e-15 ***
agecat25-34             -0.30915    0.08486  -3.643 0.000270 ***
agecat35-44             -0.32871    0.08363  -3.930 8.48e-05 ***
agecat45-54             -0.50683    0.09547  -5.309 1.10e-07 ***
agecat55-64             -0.51887    0.12721  -4.079 4.53e-05 ***
agecat65-74             -1.05072    0.28536  -3.682 0.000231 ***
agecat75+               -2.00114    1.00227  -1.997 0.045868 *  
agecatMissing           -0.57680    0.21085  -2.736 0.006226 ** 
female                   0.05479    0.04508   1.216 0.224166    
racewhiteYes             0.23626    0.06921   3.413 0.000641 ***
racewhiteMissing        -0.03951    0.28466  -0.139 0.889603    
gichronYes               0.71692    0.10342   6.932 4.14e-12 ***
gichronMissing         -10.12898  119.88767  -0.084 0.932669    
anim_anyYes              0.18075    0.05353   3.377 0.000733 ***
gicontactbaseYes         0.63096    0.08293   7.608 2.77e-14 ***
gicontactbaseMissing     0.44762    0.27161   1.648 0.099350 .  
rawfood                  0.20562    0.05591   3.678 0.000235 ***
beachBoqueron           -0.40116    0.11490  -3.491 0.000480 ***
beachDoheny             -0.06715    0.12020  -0.559 0.576422    
beachEdgewater          -0.01029    0.17879  -0.058 0.954099    
beachFairhope            0.07042    0.15970   0.441 0.659253    
beachGoddard            -0.43086    0.17349  -2.483 0.013011 *  
beachHuntington          0.23255    0.14777   1.574 0.115557    
beachMalibu             -0.01298    0.12110  -0.107 0.914624    
beachMission Bay        -0.11449    0.12174  -0.940 0.346989    
beachSilver             -0.47919    0.12522  -3.827 0.000130 ***
beachSurfside           -0.34900    0.09554  -3.653 0.000259 ***
beachWashington Park    -0.20142    0.14398  -1.399 0.161833    
beachWest                     NA         NA      NA       NA    
qenteroQPCR2:marineYes   0.28724    0.20083   1.430 0.152639    
qenteroQPCR3:marineYes   0.08233    0.20839   0.395 0.692774    
qenteroQPCR4:marineYes  -0.07983    0.22692  -0.352 0.724981    
---
Signif. codes:  0 ‘***’ 0.001 ‘**’ 0.01 ‘*’ 0.05 ‘.’ 0.1 ‘ ’ 1

(Dispersion parameter for poisson family taken to be 1)

    Null deviance: 12420  on 44856  degrees of freedom
Residual deviance: 11978  on 44820  degrees of freedom
AIC: 16042

Number of Fisher Scoring iterations: 11

> 	lrtest(mf.ref,mf.fit)
Likelihood ratio test

Model 1: diarrheaci10 ~ qenteroQPCR + marine + agecat + female + racewhite + 
    gichron + anim_any + gicontactbase + rawfood + beach
Model 2: diarrheaci10 ~ qenteroQPCR * marine + agecat + female + racewhite + 
    gichron + anim_any + gicontactbase + rawfood + beach
  #Df  LogLik Df  Chisq Pr(>Chisq)
1  34 -7987.0                     
2  37 -7983.9  3 6.1477     0.1046
> 	
> 
> # Interaction model with point v. non-point source beaches
> ps.ref <- glm(diarrheaci10~qenteroQPCR+pointsource +agecat+female+racewhite+gichron+anim_any+gicontactbase+rawfood+beach,family=poisson(link="log"),data=ad)
> ps.fit <- glm(diarrheaci10~qenteroQPCR*pointsource +agecat+female+racewhite+gichron+anim_any+gicontactbase+rawfood+beach,family=poisson(link="log"),data=ad)
> 	# commented out robust SE calcs b/c not used
> 	# ps.VC <- cl(ad,fm=ps.fit,cluster=ad$hhid)
> 	# ps.head <- coeftest(ps.fit, ps.VC)
> 	summary(ps.fit)

Call:
glm(formula = diarrheaci10 ~ qenteroQPCR * pointsource + agecat + 
    female + racewhite + gichron + anim_any + gicontactbase + 
    rawfood + beach, family = poisson(link = "log"), data = ad)

Deviance Residuals: 
    Min       1Q   Median       3Q      Max  
-0.9750  -0.3179  -0.2739  -0.2376   2.7977  

Coefficients: (1 not defined because of singularities)
                             Estimate Std. Error z value Pr(>|z|)    
(Intercept)                  -3.19891    0.12171 -26.282  < 2e-16 ***
qenteroQPCR2                  0.04729    0.09417   0.502 0.615583    
qenteroQPCR3                  0.05159    0.12560   0.411 0.681268    
qenteroQPCR4                  0.03977    0.12728   0.312 0.754706    
pointsourceYes                0.17843    0.12930   1.380 0.167590    
agecat5-14                   -0.69111    0.07825  -8.833  < 2e-16 ***
agecat15-24                  -0.69717    0.08868  -7.862 3.78e-15 ***
agecat25-34                  -0.30610    0.08487  -3.607 0.000310 ***
agecat35-44                  -0.32833    0.08364  -3.926 8.65e-05 ***
agecat45-54                  -0.50482    0.09547  -5.288 1.24e-07 ***
agecat55-64                  -0.51812    0.12721  -4.073 4.64e-05 ***
agecat65-74                  -1.04854    0.28535  -3.675 0.000238 ***
agecat75+                    -1.99651    1.00226  -1.992 0.046370 *  
agecatMissing                -0.57764    0.21082  -2.740 0.006145 ** 
female                        0.05568    0.04508   1.235 0.216772    
racewhiteYes                  0.23371    0.06920   3.377 0.000732 ***
racewhiteMissing             -0.04984    0.28463  -0.175 0.860995    
gichronYes                    0.71474    0.10342   6.911 4.81e-12 ***
gichronMissing              -10.15345  120.24141  -0.084 0.932705    
anim_anyYes                   0.18111    0.05353   3.383 0.000717 ***
gicontactbaseYes              0.62922    0.08292   7.589 3.23e-14 ***
gicontactbaseMissing          0.43742    0.27143   1.612 0.107065    
rawfood                       0.20644    0.05591   3.692 0.000222 ***
beachBoqueron                -0.30400    0.11976  -2.538 0.011138 *  
beachDoheny                   0.23439    0.11321   2.070 0.038411 *  
beachEdgewater               -0.12711    0.17835  -0.713 0.476024    
beachFairhope                 0.08766    0.15958   0.549 0.582774    
beachGoddard                 -0.48385    0.17306  -2.796 0.005177 ** 
beachHuntington               0.43525    0.14107   3.085 0.002033 ** 
beachMalibu                   0.31895    0.11428   2.791 0.005256 ** 
beachMission Bay              0.28243    0.12676   2.228 0.025883 *  
beachSilver                  -0.28285    0.10302  -2.746 0.006039 ** 
beachSurfside                      NA         NA      NA       NA    
beachWashington Park         -0.04654    0.12378  -0.376 0.706916    
beachWest                     0.21033    0.11957   1.759 0.078569 .  
qenteroQPCR2:pointsourceYes   0.04270    0.13500   0.316 0.751777    
qenteroQPCR3:pointsourceYes   0.25071    0.15914   1.575 0.115155    
qenteroQPCR4:pointsourceYes   0.36722    0.17022   2.157 0.030981 *  
---
Signif. codes:  0 ‘***’ 0.001 ‘**’ 0.01 ‘*’ 0.05 ‘.’ 0.1 ‘ ’ 1

(Dispersion parameter for poisson family taken to be 1)

    Null deviance: 12420  on 44856  degrees of freedom
Residual deviance: 11978  on 44820  degrees of freedom
AIC: 16042

Number of Fisher Scoring iterations: 11

> 	lrtest(ps.ref,ps.fit)
Likelihood ratio test

Model 1: diarrheaci10 ~ qenteroQPCR + pointsource + agecat + female + 
    racewhite + gichron + anim_any + gicontactbase + rawfood + 
    beach
Model 2: diarrheaci10 ~ qenteroQPCR * pointsource + agecat + female + 
    racewhite + gichron + anim_any + gicontactbase + rawfood + 
    beach
  #Df  LogLik Df  Chisq Pr(>Chisq)
1  34 -7987.0                     
2  37 -7983.9  3 6.0649     0.1085
> 	
> 
> # --------------------------------------
> # Age-stratified estimates and LR tests of
> # interaction
> 
> # reduced models for LR tests of indicator x age interactions
> agestrat.ref <- glm(diarrheaci10~qenteroQPCR +agestrat+female+racewhite+gichron+anim_any+gicontactbase+rawfood+beach,family=poisson(link="log"),data=ad)
> 
> # Pooled estimate (Age 0-4, 5-10, >10)
> agestrat.fit <- glm(diarrheaci10~ qenteroQPCR*agestrat +female+racewhite+gichron+anim_any+gicontactbase+rawfood+beach,family=poisson(link="log"),data=ad)
> 	# commented out robust SE calcs b/c not used
> 	# agestrat.VC <- cl(ad,fm=agestrat.fit,cluster=ad$hhid)
> 	# agestrat.body <- coeftest(agestrat.fit, agestrat.VC) 
> 	lrtest(agestrat.ref,agestrat.fit)
Likelihood ratio test

Model 1: diarrheaci10 ~ qenteroQPCR + agestrat + female + racewhite + 
    gichron + anim_any + gicontactbase + rawfood + beach
Model 2: diarrheaci10 ~ qenteroQPCR * agestrat + female + racewhite + 
    gichron + anim_any + gicontactbase + rawfood + beach
  #Df  LogLik Df  Chisq Pr(>Chisq)
1  28 -8013.7                     
2  37 -8010.3  9 6.6614     0.6723
> 
> 
> 
> # --------------------------------------
> # Stratified Models 
> # based on tests of interaction (above)
> # stratify the results by non-point and
> # point source conditions
> # --------------------------------------
> 
> # Non-point source and point-source
> nps <- mpreg(diarrheaci10~qenteroQPCR +agecat+female+racewhite+gichron+anim_any+gicontactbase+rawfood+beach,dat=ad[ad$pointsource=="No",],vcv=T)

Call:
glm(formula = formula, family = poisson(link = "log"), data = dat)

Deviance Residuals: 
    Min       1Q   Median       3Q      Max  
-0.8267  -0.3138  -0.2827  -0.2548   2.8662  

Coefficients:
                      Estimate Std. Error z value Pr(>|z|)    
(Intercept)          -3.017048   0.158019 -19.093  < 2e-16 ***
qenteroQPCR2          0.047977   0.094136   0.510  0.61029    
qenteroQPCR3          0.049827   0.125531   0.397  0.69142    
qenteroQPCR4          0.040270   0.127465   0.316  0.75205    
agecat5-14           -0.656156   0.130418  -5.031 4.87e-07 ***
agecat15-24          -0.610775   0.151875  -4.022 5.78e-05 ***
agecat25-34          -0.254874   0.144358  -1.766  0.07747 .  
agecat35-44          -0.311679   0.141414  -2.204  0.02752 *  
agecat45-54          -0.414561   0.153677  -2.698  0.00698 ** 
agecat55-64          -0.449381   0.199893  -2.248  0.02457 *  
agecat65-74          -2.581118   1.006848  -2.564  0.01036 *  
agecat75+            -0.922593   1.006583  -0.917  0.35937    
agecatMissing        -0.284608   0.370546  -0.768  0.44244    
female                0.008471   0.074662   0.113  0.90966    
racewhiteYes          0.345388   0.110654   3.121  0.00180 ** 
racewhiteMissing     -0.622515   0.509826  -1.221  0.22207    
gichronYes            1.015282   0.165565   6.132 8.67e-10 ***
anim_anyYes           0.046869   0.091863   0.510  0.60991    
gicontactbaseYes      0.479418   0.151842   3.157  0.00159 ** 
gicontactbaseMissing  0.412534   0.340907   1.210  0.22624    
rawfood               0.151355   0.085119   1.778  0.07538 .  
beachMalibu           0.101507   0.130325   0.779  0.43605    
beachMission Bay      0.115240   0.156949   0.734  0.46280    
beachSurfside        -0.192141   0.123102  -1.561  0.11857    
---
Signif. codes:  0 ‘***’ 0.001 ‘**’ 0.01 ‘*’ 0.05 ‘.’ 0.1 ‘ ’ 1

(Dispersion parameter for poisson family taken to be 1)

    Null deviance: 4547.6  on 16397  degrees of freedom
Residual deviance: 4438.5  on 16374  degrees of freedom
AIC: 5948.5

Number of Fisher Scoring iterations: 7



Robust, Sandwich Standard Errors Account for Clustering:

z test of coefficients:

                       Estimate Std. Error  z value  Pr(>|z|)    
(Intercept)          -3.0170477  0.1794736 -16.8105 < 2.2e-16 ***
qenteroQPCR2          0.0479773  0.1053081   0.4556  0.648685    
qenteroQPCR3          0.0498266  0.1389109   0.3587  0.719823    
qenteroQPCR4          0.0402702  0.1623774   0.2480  0.804131    
agecat5-14           -0.6561561  0.1406226  -4.6661 3.070e-06 ***
agecat15-24          -0.6107748  0.1545955  -3.9508 7.789e-05 ***
agecat25-34          -0.2548741  0.1395737  -1.8261  0.067837 .  
agecat35-44          -0.3116790  0.1412180  -2.2071  0.027309 *  
agecat45-54          -0.4145607  0.1550590  -2.6736  0.007505 ** 
agecat55-64          -0.4493810  0.1992155  -2.2558  0.024086 *  
agecat65-74          -2.5811180  1.0086610  -2.5590  0.010499 *  
agecat75+            -0.9225931  1.0011319  -0.9216  0.356763    
agecatMissing        -0.2846076  0.5721391  -0.4974  0.618875    
female                0.0084713  0.0713125   0.1188  0.905441    
racewhiteYes          0.3453881  0.1321303   2.6140  0.008949 ** 
racewhiteMissing     -0.6225150  0.5100549  -1.2205  0.222281    
gichronYes            1.0152823  0.1547932   6.5590 5.418e-11 ***
anim_anyYes           0.0468694  0.1017907   0.4604  0.645194    
gicontactbaseYes      0.4794184  0.1645822   2.9129  0.003580 ** 
gicontactbaseMissing  0.4125341  0.3217594   1.2821  0.199801    
rawfood               0.1513554  0.0910831   1.6617  0.096567 .  
beachMalibu           0.1015070  0.1436726   0.7065  0.479867    
beachMission Bay      0.1152399  0.2023002   0.5696  0.568917    
beachSurfside        -0.1921410  0.1380383  -1.3919  0.163941    
---
Signif. codes:  0 ‘***’ 0.001 ‘**’ 0.01 ‘*’ 0.05 ‘.’ 0.1 ‘ ’ 1

> ps <- mpreg(diarrheaci10~qenteroQPCR +agecat+female+racewhite+gichron+anim_any+gicontactbase+rawfood+beach,dat=ad[ad$pointsource=="Yes",],vcv=T)

Call:
glm(formula = formula, family = poisson(link = "log"), data = dat)

Deviance Residuals: 
    Min       1Q   Median       3Q      Max  
-0.9739  -0.3203  -0.2646  -0.2248   2.4960  

Coefficients:
                      Estimate Std. Error z value Pr(>|z|)    
(Intercept)           -2.99174    0.14645 -20.429  < 2e-16 ***
qenteroQPCR2           0.08962    0.09675   0.926 0.354269    
qenteroQPCR3           0.30720    0.09770   3.144 0.001666 ** 
qenteroQPCR4           0.41809    0.11304   3.699 0.000217 ***
agecat5-14            -0.71840    0.09791  -7.338 2.17e-13 ***
agecat15-24           -0.74495    0.10921  -6.821 9.03e-12 ***
agecat25-34           -0.34222    0.10497  -3.260 0.001113 ** 
agecat35-44           -0.34347    0.10374  -3.311 0.000930 ***
agecat45-54           -0.57909    0.12273  -4.719 2.38e-06 ***
agecat55-64           -0.57177    0.16584  -3.448 0.000565 ***
agecat65-74           -0.71086    0.30012  -2.369 0.017856 *  
agecat75+            -12.54061  145.13334  -0.086 0.931142    
agecatMissing         -0.72277    0.25652  -2.818 0.004838 ** 
female                 0.08702    0.05665   1.536 0.124483    
racewhiteYes           0.15640    0.08793   1.779 0.075291 .  
racewhiteMissing       0.38871    0.34374   1.131 0.258123    
gichronYes             0.55369    0.13243   4.181 2.90e-05 ***
gichronMissing       -12.27940  327.75624  -0.037 0.970114    
anim_anyYes            0.25386    0.06641   3.822 0.000132 ***
gicontactbaseYes       0.70765    0.09919   7.134 9.73e-13 ***
gicontactbaseMissing   0.42735    0.45005   0.950 0.342337    
rawfood                0.24670    0.07395   3.336 0.000849 ***
beachBoqueron         -0.36173    0.12817  -2.822 0.004768 ** 
beachEdgewater        -0.15787    0.17975  -0.878 0.379804    
beachFairhope          0.05150    0.16123   0.319 0.749390    
beachGoddard          -0.52111    0.17428  -2.990 0.002789 ** 
beachHuntington        0.41638    0.14341   2.903 0.003691 ** 
beachSilver           -0.30018    0.10556  -2.844 0.004459 ** 
beachWashington Park  -0.06684    0.12595  -0.531 0.595650    
beachWest              0.18443    0.12172   1.515 0.129709    
---
Signif. codes:  0 ‘***’ 0.001 ‘**’ 0.01 ‘*’ 0.05 ‘.’ 0.1 ‘ ’ 1

(Dispersion parameter for poisson family taken to be 1)

    Null deviance: 7872.7  on 28458  degrees of freedom
Residual deviance: 7513.9  on 28429  degrees of freedom
AIC: 10102

Number of Fisher Scoring iterations: 13



Robust, Sandwich Standard Errors Account for Clustering:

z test of coefficients:

                       Estimate Std. Error  z value  Pr(>|z|)    
(Intercept)           -2.991741   0.162602 -18.3992 < 2.2e-16 ***
qenteroQPCR2           0.089625   0.112626   0.7958 0.4261642    
qenteroQPCR3           0.307198   0.108482   2.8318 0.0046289 ** 
qenteroQPCR4           0.418089   0.126491   3.3053 0.0009488 ***
agecat5-14            -0.718398   0.098615  -7.2849 3.219e-13 ***
agecat15-24           -0.744952   0.110111  -6.7655 1.329e-11 ***
agecat25-34           -0.342219   0.102411  -3.3416 0.0008329 ***
agecat35-44           -0.343470   0.102463  -3.3521 0.0008019 ***
agecat45-54           -0.579089   0.123750  -4.6795 2.875e-06 ***
agecat55-64           -0.571775   0.163503  -3.4970 0.0004705 ***
agecat65-74           -0.710863   0.295991  -2.4016 0.0163218 *  
agecat75+            -12.540608   0.158977 -78.8832 < 2.2e-16 ***
agecatMissing         -0.722773   0.294501  -2.4542 0.0141187 *  
female                 0.087020   0.053645   1.6221 0.1047741    
racewhiteYes           0.156397   0.099432   1.5729 0.1157418    
racewhiteMissing       0.388713   0.357758   1.0865 0.2772464    
gichronYes             0.553687   0.131370   4.2147 2.501e-05 ***
gichronMissing       -12.279403   0.379764 -32.3343 < 2.2e-16 ***
anim_anyYes            0.253861   0.073084   3.4735 0.0005136 ***
gicontactbaseYes       0.707652   0.106160   6.6659 2.631e-11 ***
gicontactbaseMissing   0.427345   0.412312   1.0365 0.2999875    
rawfood                0.246705   0.077694   3.1753 0.0014966 ** 
beachBoqueron         -0.361729   0.150500  -2.4035 0.0162383 *  
beachEdgewater        -0.157867   0.194181  -0.8130 0.4162232    
beachFairhope          0.051504   0.181168   0.2843 0.7761912    
beachGoddard          -0.521111   0.206254  -2.5265 0.0115189 *  
beachHuntington        0.416383   0.160350   2.5967 0.0094123 ** 
beachSilver           -0.300178   0.116918  -2.5674 0.0102459 *  
beachWashington Park  -0.066836   0.144074  -0.4639 0.6427170    
beachWest              0.184434   0.135445   1.3617 0.1732969    
---
Signif. codes:  0 ‘***’ 0.001 ‘**’ 0.01 ‘*’ 0.05 ‘.’ 0.1 ‘ ’ 1

> 
> # Age-stratified results
> age0to4   <- mpreg(diarrheaci10~qenteroQPCR +female+racewhite+gichron+anim_any+gicontactbase+rawfood+beach,dat=ad[ad$agestrat=="(0, 4]",],vcv=T)

Call:
glm(formula = formula, family = poisson(link = "log"), data = dat)

Deviance Residuals: 
    Min       1Q   Median       3Q      Max  
-0.7082  -0.3915  -0.3561  -0.3094   2.1741  

Coefficients:
                     Estimate Std. Error z value Pr(>|z|)    
(Intercept)           -2.5114     0.2953  -8.506  < 2e-16 ***
qenteroQPCR2           0.1851     0.1963   0.943  0.34562    
qenteroQPCR3           0.1141     0.2238   0.510  0.61022    
qenteroQPCR4           0.1958     0.2377   0.824  0.41010    
female                -0.0960     0.1256  -0.764  0.44479    
racewhiteYes           0.1967     0.1739   1.131  0.25804    
racewhiteMissing       0.3163     0.7295   0.434  0.66461    
gichronYes             0.2994     0.7146   0.419  0.67523    
anim_anyYes            0.2815     0.1469   1.916  0.05535 .  
gicontactbaseYes       0.3507     0.2763   1.269  0.20433    
gicontactbaseMissing   0.7357     0.5954   1.236  0.21662    
rawfood               -0.6166     0.2806  -2.198  0.02796 *  
beachBoqueron         -0.5281     0.3155  -1.674  0.09415 .  
beachDoheny           -0.3665     0.3319  -1.104  0.26948    
beachEdgewater        -0.3561     0.5026  -0.708  0.47868    
beachFairhope         -0.2123     0.3442  -0.617  0.53731    
beachGoddard          -0.4718     0.3926  -1.202  0.22947    
beachHuntington       -0.2637     0.3940  -0.669  0.50340    
beachMalibu           -0.4670     0.3381  -1.381  0.16715    
beachMission Bay      -0.2175     0.2921  -0.745  0.45650    
beachSilver           -0.7314     0.2750  -2.660  0.00782 ** 
beachSurfside         -0.7850     0.2829  -2.775  0.00552 ** 
beachWashington Park  -0.5770     0.3389  -1.702  0.08868 .  
beachWest             -0.1528     0.3402  -0.449  0.65327    
---
Signif. codes:  0 ‘***’ 0.001 ‘**’ 0.01 ‘*’ 0.05 ‘.’ 0.1 ‘ ’ 1

(Dispersion parameter for poisson family taken to be 1)

    Null deviance: 1360.7  on 3650  degrees of freedom
Residual deviance: 1329.5  on 3627  degrees of freedom
AIC: 1889.5

Number of Fisher Scoring iterations: 6



Robust, Sandwich Standard Errors Account for Clustering:

z test of coefficients:

                      Estimate Std. Error z value  Pr(>|z|)    
(Intercept)          -2.511392   0.282866 -8.8784 < 2.2e-16 ***
qenteroQPCR2          0.185110   0.195349  0.9476  0.343340    
qenteroQPCR3          0.114058   0.231697  0.4923  0.622528    
qenteroQPCR4          0.195755   0.237372  0.8247  0.409555    
female               -0.096002   0.120809 -0.7947  0.426811    
racewhiteYes          0.196715   0.179870  1.0937  0.274108    
racewhiteMissing      0.316275   0.726404  0.4354  0.663274    
gichronYes            0.299407   0.653108  0.4584  0.646641    
anim_anyYes           0.281460   0.155851  1.8060  0.070926 .  
gicontactbaseYes      0.350741   0.280190  1.2518  0.210644    
gicontactbaseMissing  0.735668   0.590220  1.2464  0.212607    
rawfood              -0.616638   0.274524 -2.2462  0.024691 *  
beachBoqueron        -0.528094   0.316970 -1.6661  0.095700 .  
beachDoheny          -0.366507   0.320792 -1.1425  0.253244    
beachEdgewater       -0.356079   0.491001 -0.7252  0.468323    
beachFairhope        -0.212318   0.344708 -0.6159  0.537938    
beachGoddard         -0.471805   0.422276 -1.1173  0.263870    
beachHuntington      -0.263667   0.412614 -0.6390  0.522813    
beachMalibu          -0.467034   0.349015 -1.3381  0.180848    
beachMission Bay     -0.217517   0.318297 -0.6834  0.494369    
beachSilver          -0.731369   0.303365 -2.4109  0.015915 *  
beachSurfside        -0.784969   0.293245 -2.6768  0.007432 ** 
beachWashington Park -0.577025   0.339901 -1.6976  0.089578 .  
beachWest            -0.152814   0.347338 -0.4400  0.659967    
---
Signif. codes:  0 ‘***’ 0.001 ‘**’ 0.01 ‘*’ 0.05 ‘.’ 0.1 ‘ ’ 1

> age5to10  <- mpreg(diarrheaci10~qenteroQPCR +female+racewhite+gichron+anim_any+gicontactbase+rawfood+beach,dat=ad[ad$agestrat=="(4, 10]",],vcv=T)

Call:
glm(formula = formula, family = poisson(link = "log"), data = dat)

Deviance Residuals: 
    Min       1Q   Median       3Q      Max  
-0.8061  -0.3076  -0.2688  -0.2162   2.5040  

Coefficients:
                       Estimate Std. Error z value Pr(>|z|)    
(Intercept)           -3.592688   0.258424 -13.902  < 2e-16 ***
qenteroQPCR2           0.018094   0.176743   0.102  0.91846    
qenteroQPCR3           0.213848   0.198135   1.079  0.28045    
qenteroQPCR4           0.446521   0.207657   2.150  0.03153 *  
female                -0.078494   0.111903  -0.701  0.48302    
racewhiteYes           0.412963   0.155882   2.649  0.00807 ** 
racewhiteMissing       0.136006   0.596945   0.228  0.81977    
gichronYes             0.940181   0.453306   2.074  0.03807 *  
gichronMissing       -10.158573 267.586759  -0.038  0.96972    
anim_anyYes            0.085851   0.138085   0.622  0.53412    
gicontactbaseYes       0.389145   0.227671   1.709  0.08741 .  
gicontactbaseMissing  -0.008567   0.714771  -0.012  0.99044    
rawfood               -0.218363   0.188262  -1.160  0.24609    
beachBoqueron         -0.393564   0.307981  -1.278  0.20129    
beachDoheny           -0.085085   0.270973  -0.314  0.75352    
beachEdgewater        -0.230686   0.487807  -0.473  0.63628    
beachFairhope         -0.164614   0.377454  -0.436  0.66275    
beachGoddard          -0.330137   0.396861  -0.832  0.40548    
beachHuntington        0.668851   0.285536   2.342  0.01916 *  
beachMalibu            0.445840   0.269063   1.657  0.09752 .  
beachMission Bay       0.221173   0.251424   0.880  0.37903    
beachSilver           -0.067119   0.234170  -0.287  0.77440    
beachSurfside         -0.595057   0.266808  -2.230  0.02573 *  
beachWashington Park   0.092679   0.280694   0.330  0.74127    
beachWest              0.171094   0.309679   0.552  0.58061    
---
Signif. codes:  0 ‘***’ 0.001 ‘**’ 0.01 ‘*’ 0.05 ‘.’ 0.1 ‘ ’ 1

(Dispersion parameter for poisson family taken to be 1)

    Null deviance: 2086.5  on 8163  degrees of freedom
Residual deviance: 2016.1  on 8139  degrees of freedom
AIC: 2712.1

Number of Fisher Scoring iterations: 11



Robust, Sandwich Standard Errors Account for Clustering:

z test of coefficients:

                       Estimate Std. Error  z value Pr(>|z|)    
(Intercept)           -3.592688   0.280365 -12.8143  < 2e-16 ***
qenteroQPCR2           0.018094   0.202119   0.0895  0.92867    
qenteroQPCR3           0.213848   0.211670   1.0103  0.31236    
qenteroQPCR4           0.446521   0.225052   1.9841  0.04725 *  
female                -0.078494   0.110024  -0.7134  0.47558    
racewhiteYes           0.412963   0.180802   2.2841  0.02237 *  
racewhiteMissing       0.136006   0.561627   0.2422  0.80865    
gichronYes             0.940181   0.424727   2.2136  0.02686 *  
gichronMissing       -10.158573   0.646767 -15.7067  < 2e-16 ***
anim_anyYes            0.085851   0.140889   0.6094  0.54229    
gicontactbaseYes       0.389145   0.230027   1.6917  0.09070 .  
gicontactbaseMissing  -0.008567   0.695301  -0.0123  0.99017    
rawfood               -0.218363   0.199766  -1.0931  0.27435    
beachBoqueron         -0.393564   0.336618  -1.1692  0.24233    
beachDoheny           -0.085085   0.296618  -0.2869  0.77423    
beachEdgewater        -0.230686   0.479230  -0.4814  0.63026    
beachFairhope         -0.164614   0.404868  -0.4066  0.68431    
beachGoddard          -0.330137   0.426021  -0.7749  0.43838    
beachHuntington        0.668851   0.297943   2.2449  0.02477 *  
beachMalibu            0.445840   0.269501   1.6543  0.09806 .  
beachMission Bay       0.221172   0.289280   0.7646  0.44453    
beachSilver           -0.067119   0.234542  -0.2862  0.77475    
beachSurfside         -0.595057   0.283768  -2.0970  0.03600 *  
beachWashington Park   0.092679   0.289075   0.3206  0.74851    
beachWest              0.171094   0.305653   0.5598  0.57564    
---
Signif. codes:  0 ‘***’ 0.001 ‘**’ 0.01 ‘*’ 0.05 ‘.’ 0.1 ‘ ’ 1

> age11plus <- mpreg(diarrheaci10~qenteroQPCR +female+racewhite+gichron+anim_any+gicontactbase+rawfood+beach,dat=ad[ad$agestrat==">10",],vcv=T)

Call:
glm(formula = formula, family = poisson(link = "log"), data = dat)

Deviance Residuals: 
    Min       1Q   Median       3Q      Max  
-0.8752  -0.3120  -0.2723  -0.2353   2.4169  

Coefficients:
                      Estimate Std. Error z value Pr(>|z|)    
(Intercept)           -3.51428    0.12928 -27.183  < 2e-16 ***
qenteroQPCR2           0.02459    0.07942   0.310  0.75685    
qenteroQPCR3           0.20061    0.08686   2.309  0.02092 *  
qenteroQPCR4           0.17268    0.09931   1.739  0.08206 .  
female                 0.14001    0.05429   2.579  0.00992 ** 
racewhiteYes           0.17848    0.08622   2.070  0.03845 *  
racewhiteMissing      -0.75840    0.50640  -1.498  0.13423    
gichronYes             0.76404    0.10741   7.113 1.13e-12 ***
gichronMissing       -10.10977  149.83181  -0.067  0.94620    
anim_anyYes            0.17330    0.06393   2.711  0.00671 ** 
gicontactbaseYes       0.69883    0.09560   7.310 2.67e-13 ***
gicontactbaseMissing   0.50279    0.33844   1.486  0.13738    
rawfood                0.36674    0.06102   6.010 1.86e-09 ***
beachBoqueron         -0.38617    0.13539  -2.852  0.00434 ** 
beachDoheny            0.03966    0.14523   0.273  0.78481    
beachEdgewater         0.09900    0.20428   0.485  0.62793    
beachFairhope          0.22672    0.20739   1.093  0.27431    
beachGoddard          -0.47318    0.22095  -2.142  0.03223 *  
beachHuntington        0.50967    0.18178   2.804  0.00505 ** 
beachMalibu            0.03250    0.14507   0.224  0.82272    
beachMission Bay      -0.21595    0.16291  -1.326  0.18497    
beachSilver           -0.27495    0.12495  -2.200  0.02778 *  
beachSurfside         -0.24981    0.11174  -2.236  0.02537 *  
beachWashington Park   0.02730    0.14719   0.185  0.85287    
beachWest              0.32839    0.13946   2.355  0.01853 *  
---
Signif. codes:  0 ‘***’ 0.001 ‘**’ 0.01 ‘*’ 0.05 ‘.’ 0.1 ‘ ’ 1

(Dispersion parameter for poisson family taken to be 1)

    Null deviance: 8754.3  on 32355  degrees of freedom
Residual deviance: 8465.1  on 32331  degrees of freedom
AIC: 11297

Number of Fisher Scoring iterations: 11



Robust, Sandwich Standard Errors Account for Clustering:

z test of coefficients:

                       Estimate Std. Error  z value  Pr(>|z|)    
(Intercept)           -3.514281   0.140163 -25.0728 < 2.2e-16 ***
qenteroQPCR2           0.024590   0.085796   0.2866  0.774409    
qenteroQPCR3           0.200608   0.090930   2.2062  0.027371 *  
qenteroQPCR4           0.172684   0.106856   1.6160  0.106085    
female                 0.140010   0.051009   2.7448  0.006054 ** 
racewhiteYes           0.178481   0.090612   1.9697  0.048869 *  
racewhiteMissing      -0.758404   0.504345  -1.5037  0.132648    
gichronYes             0.764042   0.103693   7.3683 1.728e-13 ***
gichronMissing       -10.109765   0.396660 -25.4872 < 2.2e-16 ***
anim_anyYes            0.173301   0.066656   2.6000  0.009324 ** 
gicontactbaseYes       0.698827   0.096156   7.2676 3.659e-13 ***
gicontactbaseMissing   0.502791   0.308232   1.6312  0.102846    
rawfood                0.366737   0.063093   5.8127 6.148e-09 ***
beachBoqueron         -0.386172   0.148669  -2.5975  0.009390 ** 
beachDoheny            0.039657   0.154444   0.2568  0.797353    
beachEdgewater         0.099001   0.216329   0.4576  0.647212    
beachFairhope          0.226717   0.206717   1.0968  0.272750    
beachGoddard          -0.473175   0.235460  -2.0096  0.044476 *  
beachHuntington        0.509667   0.180574   2.8225  0.004765 ** 
beachMalibu            0.032503   0.151591   0.2144  0.830226    
beachMission Bay      -0.215948   0.178966  -1.2066  0.227571    
beachSilver           -0.274947   0.130138  -2.1127  0.034624 *  
beachSurfside         -0.249814   0.118990  -2.0995  0.035777 *  
beachWashington Park   0.027297   0.157443   0.1734  0.862355    
beachWest              0.328393   0.148066   2.2179  0.026563 *  
---
Signif. codes:  0 ‘***’ 0.001 ‘**’ 0.01 ‘*’ 0.05 ‘.’ 0.1 ‘ ’ 1

> 
> # Non-point source estimates, stratified by age group
> nps0to4 <- mpreg(diarrheaci10~qenteroQPCR +female+racewhite+gichron+anim_any+gicontactbase+rawfood+beach,dat=ad[ad$pointsource=="No" & ad$agestrat=="(0, 4]",],vcv=T)

Call:
glm(formula = formula, family = poisson(link = "log"), data = dat)

Deviance Residuals: 
    Min       1Q   Median       3Q      Max  
-0.8308  -0.3804  -0.3562  -0.2920   2.2634  

Coefficients:
                      Estimate Std. Error z value Pr(>|z|)    
(Intercept)           -2.75784    0.32657  -8.445   <2e-16 ***
qenteroQPCR2           0.27076    0.26638   1.016    0.309    
qenteroQPCR3          -0.59406    0.39036  -1.522    0.128    
qenteroQPCR4          -0.37354    0.37594  -0.994    0.320    
female                -0.02855    0.21202  -0.135    0.893    
racewhiteYes           0.09770    0.28290   0.345    0.730    
racewhiteMissing       0.61681    0.75172   0.821    0.412    
gichronYes           -12.49798  628.00602  -0.020    0.984    
anim_anyYes            0.03394    0.26365   0.129    0.898    
gicontactbaseYes      -0.59753    0.71608  -0.834    0.404    
gicontactbaseMissing   0.90930    0.60919   1.493    0.136    
rawfood               -0.66570    0.40720  -1.635    0.102    
beachMalibu           -0.13483    0.37062  -0.364    0.716    
beachMission Bay       0.51395    0.39626   1.297    0.195    
beachSurfside         -0.09286    0.35477  -0.262    0.794    
---
Signif. codes:  0 ‘***’ 0.001 ‘**’ 0.01 ‘*’ 0.05 ‘.’ 0.1 ‘ ’ 1

(Dispersion parameter for poisson family taken to be 1)

    Null deviance: 491.80  on 1382  degrees of freedom
Residual deviance: 477.65  on 1368  degrees of freedom
AIC: 687.65

Number of Fisher Scoring iterations: 13



Robust, Sandwich Standard Errors Account for Clustering:

z test of coefficients:

                       Estimate Std. Error  z value  Pr(>|z|)    
(Intercept)           -2.757841   0.345771  -7.9759 1.513e-15 ***
qenteroQPCR2           0.270764   0.272714   0.9929    0.3208    
qenteroQPCR3          -0.594057   0.425454  -1.3963    0.1626    
qenteroQPCR4          -0.373539   0.416975  -0.8958    0.3703    
female                -0.028549   0.208364  -0.1370    0.8910    
racewhiteYes           0.097703   0.320544   0.3048    0.7605    
racewhiteMissing       0.616813   0.747566   0.8251    0.4093    
gichronYes           -12.497983   0.554205 -22.5512 < 2.2e-16 ***
anim_anyYes            0.033942   0.265642   0.1278    0.8983    
gicontactbaseYes      -0.597529   0.715487  -0.8351    0.4036    
gicontactbaseMissing   0.909304   0.612813   1.4838    0.1379    
rawfood               -0.665698   0.405253  -1.6427    0.1005    
beachMalibu           -0.134834   0.382643  -0.3524    0.7246    
beachMission Bay       0.513952   0.470613   1.0921    0.2748    
beachSurfside         -0.092863   0.325878  -0.2850    0.7757    
---
Signif. codes:  0 ‘***’ 0.001 ‘**’ 0.01 ‘*’ 0.05 ‘.’ 0.1 ‘ ’ 1

> 
> nps5to10 <- mpreg(diarrheaci10~qenteroQPCR +female+racewhite+gichron+anim_any+gicontactbase+rawfood+beach,dat=ad[ad$pointsource=="No" & ad$agestrat=="(4, 10]",],vcv=T)

Call:
glm(formula = formula, family = poisson(link = "log"), data = dat)

Deviance Residuals: 
    Min       1Q   Median       3Q      Max  
-0.7158  -0.2980  -0.2487  -0.2154   2.5901  

Coefficients:
                     Estimate Std. Error z value Pr(>|z|)    
(Intercept)          -3.49112    0.27317 -12.780   <2e-16 ***
qenteroQPCR2         -0.08727    0.24225  -0.360   0.7187    
qenteroQPCR3          0.32484    0.30733   1.057   0.2905    
qenteroQPCR4         -0.13573    0.36588  -0.371   0.7107    
female               -0.36214    0.18605  -1.946   0.0516 .  
racewhiteYes          0.37677    0.23392   1.611   0.1073    
racewhiteMissing     -0.57057    1.02291  -0.558   0.5770    
gichronYes            1.54589    0.71858   2.151   0.0315 *  
anim_anyYes           0.15456    0.22106   0.699   0.4844    
gicontactbaseYes     -0.15716    0.51226  -0.307   0.7590    
gicontactbaseMissing  0.42565    0.72054   0.591   0.5547    
rawfood              -0.44232    0.28326  -1.562   0.1184    
beachMalibu           0.56880    0.27712   2.053   0.0401 *  
beachMission Bay      0.42186    0.34932   1.208   0.2272    
beachSurfside        -0.44142    0.31179  -1.416   0.1569    
---
Signif. codes:  0 ‘***’ 0.001 ‘**’ 0.01 ‘*’ 0.05 ‘.’ 0.1 ‘ ’ 1

(Dispersion parameter for poisson family taken to be 1)

    Null deviance: 802.92  on 3276  degrees of freedom
Residual deviance: 777.85  on 3262  degrees of freedom
AIC: 1051.8

Number of Fisher Scoring iterations: 6



Robust, Sandwich Standard Errors Account for Clustering:

z test of coefficients:

                      Estimate Std. Error  z value  Pr(>|z|)    
(Intercept)          -3.491117   0.307119 -11.3673 < 2.2e-16 ***
qenteroQPCR2         -0.087272   0.277792  -0.3142  0.753396    
qenteroQPCR3          0.324841   0.354758   0.9157  0.359841    
qenteroQPCR4         -0.135729   0.458515  -0.2960  0.767216    
female               -0.362136   0.177367  -2.0417  0.041178 *  
racewhiteYes          0.376770   0.285166   1.3212  0.186425    
racewhiteMissing     -0.570571   0.993118  -0.5745  0.565612    
gichronYes            1.545892   0.557823   2.7713  0.005583 ** 
anim_anyYes           0.154564   0.234170   0.6601  0.509221    
gicontactbaseYes     -0.157155   0.506203  -0.3105  0.756212    
gicontactbaseMissing  0.425651   0.694535   0.6129  0.539970    
rawfood              -0.442322   0.299612  -1.4763  0.139859    
beachMalibu           0.568799   0.297721   1.9105  0.056068 .  
beachMission Bay      0.421855   0.454721   0.9277  0.353551    
beachSurfside        -0.441416   0.333563  -1.3233  0.185724    
---
Signif. codes:  0 ‘***’ 0.001 ‘**’ 0.01 ‘*’ 0.05 ‘.’ 0.1 ‘ ’ 1

> 
> nps11plus <- mpreg(diarrheaci10~qenteroQPCR +female+racewhite+gichron+anim_any+gicontactbase+rawfood+beach,dat=ad[ad$pointsource=="No" & ad$agestrat==">10",],vcv=T)

Call:
glm(formula = formula, family = poisson(link = "log"), data = dat)

Deviance Residuals: 
    Min       1Q   Median       3Q      Max  
-0.8831  -0.3085  -0.2801  -0.2613   2.7097  

Coefficients:
                     Estimate Std. Error z value Pr(>|z|)    
(Intercept)          -3.60877    0.16278 -22.170  < 2e-16 ***
qenteroQPCR2          0.02705    0.11149   0.243 0.808290    
qenteroQPCR3          0.06029    0.14985   0.402 0.687448    
qenteroQPCR4          0.04600    0.15035   0.306 0.759658    
female                0.11159    0.08961   1.245 0.213013    
racewhiteYes          0.42334    0.14215   2.978 0.002899 ** 
racewhiteMissing     -1.42829    1.00701  -1.418 0.156089    
gichronYes            1.01973    0.16980   6.005 1.91e-09 ***
anim_anyYes           0.03317    0.10986   0.302 0.762692    
gicontactbaseYes      0.67068    0.16410   4.087 4.37e-05 ***
gicontactbaseMissing  0.17362    0.50880   0.341 0.732930    
rawfood               0.33225    0.09344   3.556 0.000377 ***
beachMalibu           0.01602    0.16017   0.100 0.920316    
beachMission Bay     -0.01023    0.20310  -0.050 0.959839    
beachSurfside        -0.22512    0.14665  -1.535 0.124768    
---
Signif. codes:  0 ‘***’ 0.001 ‘**’ 0.01 ‘*’ 0.05 ‘.’ 0.1 ‘ ’ 1

(Dispersion parameter for poisson family taken to be 1)

    Null deviance: 3187.4  on 11557  degrees of freedom
Residual deviance: 3108.3  on 11543  degrees of freedom
AIC: 4160.3

Number of Fisher Scoring iterations: 6



Robust, Sandwich Standard Errors Account for Clustering:

z test of coefficients:

                      Estimate Std. Error  z value  Pr(>|z|)    
(Intercept)          -3.608772   0.177321 -20.3516 < 2.2e-16 ***
qenteroQPCR2          0.027050   0.114939   0.2353 0.8139422    
qenteroQPCR3          0.060286   0.151026   0.3992 0.6897634    
qenteroQPCR4          0.045995   0.163411   0.2815 0.7783488    
female                0.111588   0.084873   1.3148 0.1885903    
racewhiteYes          0.423342   0.150030   2.8217 0.0047767 ** 
racewhiteMissing     -1.428289   1.007392  -1.4178 0.1562465    
gichronYes            1.019733   0.157929   6.4569 1.069e-10 ***
anim_anyYes           0.033172   0.115036   0.2884 0.7730718    
gicontactbaseYes      0.670677   0.169187   3.9641 7.367e-05 ***
gicontactbaseMissing  0.173618   0.488692   0.3553 0.7223872    
rawfood               0.332246   0.097890   3.3941 0.0006886 ***
beachMalibu           0.016023   0.163541   0.0980 0.9219534    
beachMission Bay     -0.010227   0.223071  -0.0458 0.9634322    
beachSurfside        -0.225122   0.152268  -1.4785 0.1392858    
---
Signif. codes:  0 ‘***’ 0.001 ‘**’ 0.01 ‘*’ 0.05 ‘.’ 0.1 ‘ ’ 1

> 
> # Point-source estimates by age group
> ps0to4 <- mpreg(diarrheaci10~qenteroQPCR +female+racewhite+gichron+anim_any+gicontactbase+rawfood+beach,dat=ad[ad$pointsource=="Yes" & ad$agestrat=="(0, 4]",],vcv=T)

Call:
glm(formula = formula, family = poisson(link = "log"), data = dat)

Deviance Residuals: 
    Min       1Q   Median       3Q      Max  
-0.7711  -0.4099  -0.3484  -0.2956   2.1641  

Coefficients:
                     Estimate Std. Error z value Pr(>|z|)    
(Intercept)           -2.7819     0.3635  -7.652 1.98e-14 ***
qenteroQPCR2           0.2309     0.2813   0.821  0.41168    
qenteroQPCR3           0.4573     0.2917   1.568  0.11697    
qenteroQPCR4           0.5555     0.3241   1.714  0.08657 .  
female                -0.1541     0.1565  -0.985  0.32487    
racewhiteYes           0.2204     0.2228   0.989  0.32254    
racewhiteMissing     -12.4583   501.7370  -0.025  0.98019    
gichronYes             0.4257     0.7218   0.590  0.55537    
anim_anyYes            0.4038     0.1812   2.229  0.02584 *  
gicontactbaseYes       0.6414     0.3036   2.113  0.03459 *  
gicontactbaseMissing -13.1375   733.5080  -0.018  0.98571    
rawfood               -0.6166     0.3894  -1.583  0.11333    
beachBoqueron         -0.3488     0.3582  -0.974  0.33026    
beachEdgewater        -0.5316     0.5102  -1.042  0.29740    
beachFairhope         -0.2479     0.3468  -0.715  0.47472    
beachGoddard          -0.6277     0.3948  -1.590  0.11181    
beachHuntington       -0.3503     0.3977  -0.881  0.37841    
beachSilver           -0.7349     0.2821  -2.605  0.00918 ** 
beachWashington Park  -0.5998     0.3478  -1.724  0.08464 .  
beachWest             -0.2511     0.3468  -0.724  0.46896    
---
Signif. codes:  0 ‘***’ 0.001 ‘**’ 0.01 ‘*’ 0.05 ‘.’ 0.1 ‘ ’ 1

(Dispersion parameter for poisson family taken to be 1)

    Null deviance: 868.07  on 2267  degrees of freedom
Residual deviance: 833.60  on 2248  degrees of freedom
AIC: 1205.6

Number of Fisher Scoring iterations: 13



Robust, Sandwich Standard Errors Account for Clustering:

z test of coefficients:

                      Estimate Std. Error  z value Pr(>|z|)    
(Intercept)           -2.78190    0.32754  -8.4934  < 2e-16 ***
qenteroQPCR2           0.23090    0.25497   0.9056  0.36514    
qenteroQPCR3           0.45734    0.26635   1.7171  0.08596 .  
qenteroQPCR4           0.55552    0.28840   1.9262  0.05408 .  
female                -0.15408    0.14812  -1.0402  0.29823    
racewhiteYes           0.22044    0.21485   1.0260  0.30488    
racewhiteMissing     -12.45832    0.55351 -22.5080  < 2e-16 ***
gichronYes             0.42566    0.67035   0.6350  0.52544    
anim_anyYes            0.40378    0.19753   2.0441  0.04094 *  
gicontactbaseYes       0.64145    0.30512   2.1023  0.03553 *  
gicontactbaseMissing -13.13752    0.80392 -16.3418  < 2e-16 ***
rawfood               -0.61657    0.38751  -1.5911  0.11158    
beachBoqueron         -0.34875    0.34251  -1.0182  0.30858    
beachEdgewater        -0.53159    0.50123  -1.0606  0.28888    
beachFairhope         -0.24788    0.33927  -0.7306  0.46501    
beachGoddard          -0.62775    0.42472  -1.4780  0.13940    
beachHuntington       -0.35027    0.42281  -0.8284  0.40742    
beachSilver           -0.73488    0.31731  -2.3159  0.02056 *  
beachWashington Park  -0.59981    0.35389  -1.6949  0.09009 .  
beachWest             -0.25115    0.34657  -0.7247  0.46866    
---
Signif. codes:  0 ‘***’ 0.001 ‘**’ 0.01 ‘*’ 0.05 ‘.’ 0.1 ‘ ’ 1

> 
> ps5to10 <- mpreg(diarrheaci10~qenteroQPCR +female+racewhite+gichron+anim_any+gicontactbase+rawfood+beach,dat=ad[ad$pointsource=="Yes" & ad$agestrat=="(4, 10]",],vcv=T)

Call:
glm(formula = formula, family = poisson(link = "log"), data = dat)

Deviance Residuals: 
    Min       1Q   Median       3Q      Max  
-0.7257  -0.3110  -0.2693  -0.1973   2.4927  

Coefficients:
                      Estimate Std. Error z value Pr(>|z|)    
(Intercept)           -3.87304    0.32839 -11.794  < 2e-16 ***
qenteroQPCR2           0.15305    0.26952   0.568  0.57013    
qenteroQPCR3           0.23305    0.28020   0.832  0.40555    
qenteroQPCR4           0.76350    0.28796   2.651  0.00802 ** 
female                 0.08325    0.14176   0.587  0.55704    
racewhiteYes           0.40413    0.20733   1.949  0.05127 .  
racewhiteMissing       0.71445    0.73672   0.970  0.33216    
gichronYes             0.70245    0.58492   1.201  0.22978    
gichronMissing       -12.50000  727.28518  -0.017  0.98629    
anim_anyYes            0.06741    0.17644   0.382  0.70242    
gicontactbaseYes       0.52752    0.25628   2.058  0.03955 *  
gicontactbaseMissing -12.40166  362.32214  -0.034  0.97270    
rawfood               -0.02923    0.24856  -0.118  0.90639    
beachBoqueron         -0.21698    0.34997  -0.620  0.53527    
beachEdgewater        -0.34810    0.49316  -0.706  0.48028    
beachFairhope         -0.12233    0.38229  -0.320  0.74896    
beachGoddard          -0.35138    0.40247  -0.873  0.38263    
beachHuntington        0.66845    0.29503   2.266  0.02347 *  
beachSilver            0.01224    0.24795   0.049  0.96062    
beachWashington Park   0.21964    0.29909   0.734  0.46273    
beachWest              0.12628    0.31690   0.398  0.69027    
---
Signif. codes:  0 ‘***’ 0.001 ‘**’ 0.01 ‘*’ 0.05 ‘.’ 0.1 ‘ ’ 1

(Dispersion parameter for poisson family taken to be 1)

    Null deviance: 1282.8  on 4886  degrees of freedom
Residual deviance: 1221.5  on 4866  degrees of freedom
AIC: 1665.5

Number of Fisher Scoring iterations: 13



Robust, Sandwich Standard Errors Account for Clustering:

z test of coefficients:

                       Estimate Std. Error  z value Pr(>|z|)    
(Intercept)           -3.873037   0.368015 -10.5241  < 2e-16 ***
qenteroQPCR2           0.153049   0.309934   0.4938  0.62144    
qenteroQPCR3           0.233053   0.294990   0.7900  0.42951    
qenteroQPCR4           0.763495   0.306487   2.4911  0.01273 *  
female                 0.083246   0.140070   0.5943  0.55230    
racewhiteYes           0.404132   0.226407   1.7850  0.07427 .  
racewhiteMissing       0.714447   0.599927   1.1909  0.23370    
gichronYes             0.702449   0.562310   1.2492  0.21158    
gichronMissing       -12.500002   0.660445 -18.9266  < 2e-16 ***
anim_anyYes            0.067409   0.170581   0.3952  0.69272    
gicontactbaseYes       0.527522   0.261226   2.0194  0.04344 *  
gicontactbaseMissing -12.401656   0.423880 -29.2575  < 2e-16 ***
rawfood               -0.029230   0.253263  -0.1154  0.90812    
beachBoqueron         -0.216975   0.392245  -0.5532  0.58015    
beachEdgewater        -0.348104   0.477082  -0.7297  0.46560    
beachFairhope         -0.122335   0.408071  -0.2998  0.76434    
beachGoddard          -0.351383   0.425108  -0.8266  0.40848    
beachHuntington        0.668454   0.303069   2.2056  0.02741 *  
beachSilver            0.012243   0.246268   0.0497  0.96035    
beachWashington Park   0.219638   0.305043   0.7200  0.47151    
beachWest              0.126282   0.308303   0.4096  0.68210    
---
Signif. codes:  0 ‘***’ 0.001 ‘**’ 0.01 ‘*’ 0.05 ‘.’ 0.1 ‘ ’ 1

> 
> ps11plus <- mpreg(diarrheaci10~qenteroQPCR +female+racewhite+gichron+anim_any+gicontactbase+rawfood+beach,dat=ad[ad$pointsource=="Yes" & ad$agestrat==">10",],vcv=T)

Call:
glm(formula = formula, family = poisson(link = "log"), data = dat)

Deviance Residuals: 
    Min       1Q   Median       3Q      Max  
-0.7791  -0.3115  -0.2641  -0.2206   2.4419  

Coefficients:
                       Estimate Std. Error z value Pr(>|z|)    
(Intercept)           -3.501600   0.152647 -22.939  < 2e-16 ***
qenteroQPCR2           0.050243   0.113564   0.442  0.65818    
qenteroQPCR3           0.288706   0.113558   2.542  0.01101 *  
qenteroQPCR4           0.296926   0.136804   2.170  0.02997 *  
female                 0.162153   0.068351   2.372  0.01768 *  
racewhiteYes           0.016883   0.106971   0.158  0.87459    
racewhiteMissing      -0.321323   0.586598  -0.548  0.58385    
gichronYes             0.612865   0.138599   4.422 9.79e-06 ***
gichronMissing       -11.149371 247.893668  -0.045  0.96413    
anim_anyYes            0.246615   0.078784   3.130  0.00175 ** 
gicontactbaseYes       0.728585   0.117749   6.188 6.11e-10 ***
gicontactbaseMissing   0.836840   0.451241   1.855  0.06366 .  
rawfood                0.393930   0.080358   4.902 9.48e-07 ***
beachBoqueron         -0.460684   0.150794  -3.055  0.00225 ** 
beachEdgewater         0.009759   0.209870   0.047  0.96291    
beachFairhope          0.182988   0.208942   0.876  0.38115    
beachGoddard          -0.544489   0.222665  -2.445  0.01447 *  
beachHuntington        0.480765   0.184955   2.599  0.00934 ** 
beachSilver           -0.270334   0.129118  -2.094  0.03629 *  
beachWashington Park   0.021655   0.152591   0.142  0.88715    
beachWest              0.273297   0.142754   1.914  0.05556 .  
---
Signif. codes:  0 ‘***’ 0.001 ‘**’ 0.01 ‘*’ 0.05 ‘.’ 0.1 ‘ ’ 1

(Dispersion parameter for poisson family taken to be 1)

    Null deviance: 5566.3  on 20797  degrees of freedom
Residual deviance: 5341.0  on 20777  degrees of freedom
AIC: 7143

Number of Fisher Scoring iterations: 12



Robust, Sandwich Standard Errors Account for Clustering:

z test of coefficients:

                        Estimate  Std. Error  z value  Pr(>|z|)    
(Intercept)           -3.5016001   0.1660969 -21.0817 < 2.2e-16 ***
qenteroQPCR2           0.0502431   0.1266890   0.3966  0.691673    
qenteroQPCR3           0.2887060   0.1224483   2.3578  0.018385 *  
qenteroQPCR4           0.2969258   0.1481823   2.0038  0.045093 *  
female                 0.1621531   0.0639489   2.5357  0.011223 *  
racewhiteYes           0.0168834   0.1102918   0.1531  0.878335    
racewhiteMissing      -0.3213235   0.5836923  -0.5505  0.581975    
gichronYes             0.6128646   0.1361469   4.5015 6.748e-06 ***
gichronMissing       -11.1493709   0.3966153 -28.1113 < 2.2e-16 ***
anim_anyYes            0.2466153   0.0817762   3.0157  0.002564 ** 
gicontactbaseYes       0.7285853   0.1165360   6.2520 4.052e-10 ***
gicontactbaseMissing   0.8368404   0.3735295   2.2404  0.025068 *  
rawfood                0.3939297   0.0820300   4.8023 1.569e-06 ***
beachBoqueron         -0.4606843   0.1651962  -2.7887  0.005292 ** 
beachEdgewater         0.0097591   0.2227005   0.0438  0.965046    
beachFairhope          0.1829882   0.2083604   0.8782  0.379819    
beachGoddard          -0.5444891   0.2377410  -2.2903  0.022006 *  
beachHuntington        0.4807652   0.1831377   2.6252  0.008661 ** 
beachSilver           -0.2703339   0.1337042  -2.0219  0.043189 *  
beachWashington Park   0.0216552   0.1628205   0.1330  0.894193    
beachWest              0.2732975   0.1504288   1.8168  0.069249 .  
---
Signif. codes:  0 ‘***’ 0.001 ‘**’ 0.01 ‘*’ 0.05 ‘.’ 0.1 ‘ ’ 1

> 
> 
> # --------------------------------------
> # Calculate adjusted CIRs and 95% CIs
> # From the regression coefficients
> # --------------------------------------
> 
> # function to get Estimates and CIs for quartiles of exposure
> # NOTE: assumes that the quartiles exposure variables are #s 2-4
> CIRquartiles <- function(x,vcv) {
+ 	# x : log-linear model object returned from coeftest (class=coeftest)
+ 	# vcv : variance-covariance matrix of coefficients for robust SEs
+ 	lc2 <- c(0,1,rep(0,nrow(x)-2))
+ 	lc3 <- c(0,0,1,rep(0,nrow(x)-3))
+ 	lc4 <- c(0,0,0,1,rep(0,nrow(x)-4))	
+ 	estci <- function(lc,x,vcv) {
+ 		est <- exp(t(lc)%*%x[,1])
+ 		se  <- sqrt( t(lc)%*%vcv%*%lc )
+ 		lb <- exp(log(est)-1.96*se)
+ 		ub <- exp(log(est)+1.96*se)
+ 		res <- c(est,lb,ub)
+ 		return(res)
+ 	}
+ 	cirs <- t(sapply(list(lc2,lc3,lc4),estci,x=x,vcv=vcv))
+ 	colnames(cirs) <- c("CIR","CIRlb","CIRub")
+ 	rownames(cirs) <- paste("EnteroQPCR-Q",2:4,sep="")
+ 	return(cirs)
+ }
> 
> cir.all <- CIRquartiles(overall.fit,all.VC)
> 
> cir.nps <- CIRquartiles(nps$fit,nps$vcovCL)
> cir.ps  <- CIRquartiles(ps$fit,  ps$vcovCL)
> 
> cir.age0to4   <- CIRquartiles(age0to4$fit,  age0to4$vcovCL)
> cir.age5to10  <- CIRquartiles(age5to10$fit, age5to10$vcovCL)
> cir.age11plus <- CIRquartiles(age11plus$fit,age11plus$vcovCL)
> 
> cir.nps0to4   <- CIRquartiles(nps0to4$fit,  nps0to4$vcovCL)
> cir.nps5to10  <- CIRquartiles(nps5to10$fit, nps5to10$vcovCL)
> cir.nps11plus <- CIRquartiles(nps11plus$fit,nps11plus$vcovCL)
> 
> cir.ps0to4   <- CIRquartiles(ps0to4$fit,  ps0to4$vcovCL)
> cir.ps5to10  <- CIRquartiles(ps5to10$fit, ps5to10$vcovCL)
> cir.ps11plus <- CIRquartiles(ps11plus$fit,ps11plus$vcovCL)
> 
> 
> # --------------------------------------
> # Print N counts to the log file
> # --------------------------------------
> N.all
    n     N
1 661 18414
2 515 11619
3 432  8349
4 387  6475
> N.age0to4
   n    N
1 71 1245
2 75 1015
3 55  761
4 55  630
> N.age5to10
   n    N
1 84 2891
2 86 2252
3 73 1643
4 80 1378
> N.age11plus
    n     N
1 498 14084
2 349  8140
3 298  5766
4 246  4366
> N.nps
    n    N
1 322 7378
2 200 4345
3 111 2448
4  98 2227
> N.ps
    n     N
1 339 11036
2 315  7274
3 321  5901
4 289  4248
> N.nps0to4
   n   N
1 34 526
2 31 363
3 12 263
4 13 231
> N.nps5to10
   n    N
1 51 1427
2 30  853
3 28  560
4 13  437
> N.nps11plus
    n    N
1 236 5366
2 139 3095
3  70 1578
4  66 1519
> N.ps0to4
   n   N
1 37 719
2 44 652
3 43 498
4 42 399
> N.ps5to10
   n    N
1 33 1464
2 56 1399
3 45 1083
4 67  941
> N.ps11plus
    n    N
1 262 8718
2 210 5045
3 228 4188
4 180 2847
> 
> # --------------------------------------
> # Print Cumulative Incidence estimates
> # to the log file
> # --------------------------------------
> ci.all
           CI       CIlb       CIub
Q1 0.03589660 0.03292107 0.03914107
Q2 0.04432395 0.04013443 0.04895080
Q3 0.05174272 0.04652242 0.05754880
Q4 0.05976834 0.05316571 0.06719095
> ci.0to4
           CI       CIlb       CIub
Q1 0.05702811 0.04483731 0.07253347
Q2 0.07389163 0.05866375 0.09307234
Q3 0.07227332 0.05469989 0.09549257
Q4 0.08730159 0.06652971 0.11455886
> ci.5to10
           CI       CIlb       CIub
Q1 0.02905569 0.02326923 0.03628109
Q2 0.03818828 0.03007210 0.04849493
Q3 0.04443092 0.03464886 0.05697464
Q4 0.05805515 0.04610457 0.07310340
> ci.11plus
           CI       CIlb       CIub
Q1 0.03535927 0.03214682 0.03889275
Q2 0.04287469 0.03837790 0.04789838
Q3 0.05168228 0.04598258 0.05808847
Q4 0.05634448 0.04922519 0.06449341
> ci.ps
           CI       CIlb       CIub
Q1 0.03071765 0.02725452 0.03462083
Q2 0.04330492 0.03817824 0.04912003
Q3 0.05439756 0.04810974 0.06150718
Q4 0.06803202 0.05960161 0.07765487
> ci.nps
           CI       CIlb       CIub
Q1 0.04364326 0.03851923 0.04944892
Q2 0.04602992 0.03917491 0.05408445
Q3 0.04534314 0.03667765 0.05605593
Q4 0.04400539 0.03440062 0.05629184
> 
> # --------------------------------------
> # Print CIR estimates to the log file
> # --------------------------------------
> 
> cir.all
                   CIR     CIRlb    CIRub
EnteroQPCR-Q2 1.049855 0.9020159 1.221924
EnteroQPCR-Q3 1.222715 1.0408509 1.436357
EnteroQPCR-Q4 1.283623 1.0636551 1.549081
> cir.nps
                   CIR     CIRlb    CIRub
EnteroQPCR-Q2 1.049147 0.8534856 1.289663
EnteroQPCR-Q3 1.051089 0.8005641 1.380012
EnteroQPCR-Q4 1.041092 0.7573047 1.431224
> cir.ps
                   CIR     CIRlb    CIRub
EnteroQPCR-Q2 1.093764 0.8771107 1.363931
EnteroQPCR-Q3 1.359610 1.0991896 1.681730
EnteroQPCR-Q4 1.519055 1.1855007 1.946459
> cir.age0to4
                   CIR     CIRlb    CIRub
EnteroQPCR-Q2 1.203351 0.8205554 1.764722
EnteroQPCR-Q3 1.120817 0.7117215 1.765058
EnteroQPCR-Q4 1.216229 0.7637659 1.936735
> cir.age5to10
                   CIR     CIRlb    CIRub
EnteroQPCR-Q2 1.018259 0.6851903 1.513231
EnteroQPCR-Q3 1.238434 0.8178918 1.875209
EnteroQPCR-Q4 1.562865 1.0054342 2.429346
> cir.age11plus
                   CIR     CIRlb    CIRub
EnteroQPCR-Q2 1.024895 0.8662601 1.212580
EnteroQPCR-Q3 1.222145 1.0226379 1.460575
EnteroQPCR-Q4 1.188490 0.9639136 1.465390
> cir.nps0to4
                    CIR     CIRlb    CIRub
EnteroQPCR-Q2 1.3109661 0.7681619 2.237331
EnteroQPCR-Q3 0.5520827 0.2398007 1.271036
EnteroQPCR-Q4 0.6882941 0.3039749 1.558513
> cir.nps5to10
                    CIR     CIRlb    CIRub
EnteroQPCR-Q2 0.9164275 0.5316639 1.579643
EnteroQPCR-Q3 1.3838106 0.6903994 2.773658
EnteroQPCR-Q4 0.8730792 0.3554327 2.144618
> cir.nps11plus
                   CIR     CIRlb    CIRub
EnteroQPCR-Q2 1.027419 0.8201814 1.287021
EnteroQPCR-Q3 1.062140 0.7899975 1.428033
EnteroQPCR-Q4 1.047070 0.7601119 1.442360
> cir.ps0to4
                   CIR     CIRlb    CIRub
EnteroQPCR-Q2 1.259736 0.7642699 2.076406
EnteroQPCR-Q3 1.579872 0.9373522 2.662815
EnteroQPCR-Q4 1.742847 0.9902994 3.067268
> cir.ps5to10
                   CIR     CIRlb    CIRub
EnteroQPCR-Q2 1.165382 0.6348153 2.139387
EnteroQPCR-Q3 1.262449 0.7081308 2.250681
EnteroQPCR-Q4 2.145763 1.1767780 3.912633
> cir.ps11plus
                   CIR     CIRlb    CIRub
EnteroQPCR-Q2 1.051527 0.8203146 1.347908
EnteroQPCR-Q3 1.334699 1.0499131 1.696733
EnteroQPCR-Q4 1.345715 1.0065095 1.799238
> 
> 
> # --------------------------------------
> # save the results
> # exclude glm objects and data frames
> # (they are really large)
> # --------------------------------------
> save(
+ 	overall.fit,all.VC,age0to4,age5to10,age11plus,
+ 	nps,nps0to4,nps5to10,nps11plus,
+ 	ps,ps0to4,ps5to10,ps11plus,
+ 	
+ 	hufit,sifit,wpfit,wefit,avfit,bofit,dhfit,fafit,gdfit,mafit,mbfit,sufit,
+ 	# edfit,
+ 	
+ 	N.all,N.age0to4,N.age5to10,N.age11plus,
+ 	N.nps,N.nps0to4,N.nps5to10,N.nps11plus,
+ 	N.ps,N.ps0to4,N.ps5to10,N.ps11plus,
+ 	
+ 	ci.all,ci.0to4,ci.5to10,ci.11plus,ci.ps,ci.nps,
+ 	
+ 	cir.all,cir.age0to4,cir.age5to10,cir.age11plus,
+ 	cir.nps,cir.nps0to4,cir.nps5to10,cir.nps11plus,
+ 	cir.ps,cir.ps0to4,cir.ps5to10,cir.ps11plus,
+ 
+ 	file="~/dropbox/13beaches/aim1-results/rawoutput/aim1-enteroQPCR-Quartile-regs-body.Rdata"
+ 	)
> 
> 
> 
> 
> 
> 
> 
> 
> 
> 
> proc.time()
   user  system elapsed 
135.251  16.142 159.490 
