
R version 3.2.0 (2015-04-16) -- "Full of Ingredients"
Copyright (C) 2015 The R Foundation for Statistical Computing
Platform: x86_64-apple-darwin13.4.0 (64-bit)

R is free software and comes with ABSOLUTELY NO WARRANTY.
You are welcome to redistribute it under certain conditions.
Type 'license()' or 'licence()' for distribution details.

  Natural language support but running in an English locale

R is a collaborative project with many contributors.
Type 'contributors()' for more information and
'citation()' on how to cite R or R packages in publications.

Type 'demo()' for some demos, 'help()' for on-line help, or
'help.start()' for an HTML browser interface to help.
Type 'q()' to quit R.

[Previously saved workspace restored]

> 
> 
> 
> 
> # --------------------------------------
> # 5-aim1-enteroQPCR-470cce-regs-body.R
> # ben arnold (benarnold@berkeley.edu)
> #
> # description:
> # estimate the association between water
> # quality indicator concentrations and
> # the risk of Diarrhea among swimmers
> # for the 13 beaches study
> #
> # Analyses are conducted for EPA QPCR 1611
> # Among Swimmers with Body Immmersion
> #
> # The exposure categories are <=470 and >470 CCE/100ml
> #
> #
> # --------------------------------------
> 
> # --------------------------------------
> # preamble
> # --------------------------------------
> 
> rm(list=ls())
> library(sandwich)
> library(lmtest)
Loading required package: zoo

Attaching package: ‘zoo’

The following objects are masked from ‘package:base’:

    as.Date, as.Date.numeric

> 
> # source the base functions
> source("~/dropbox/13beaches/src/aim1/0-aim1-base-functions.R")
> 
> # --------------------------------------
> # load the and pre-preprocess the 
> # analysis dataset
> # (refer to the base functions script
> # for details on the pre-processing)
> # --------------------------------------
> 
> ad <- preprocess.13beaches("~/dropbox/13beaches/data/final/13beaches-analysis.csv")

Successfully loaded the data
 Total sample size = 84411 

Dropping individuals with GI illness at enrollment
 N = 1948 

Final sample size = 82463 

Subsetting the data to relevant variables and completing final variable pre-processing> 
> # drop individuals with no water quality information
> table(ad$nowq)

    0     1 
81531   932 
> ad <- subset(ad,nowq==0)
> dim(ad)
[1] 81531    50
> 
> # subset to non-missing exposure categories
> # to make the robust CI calcs work
> table(ad$bodycontact)

   No   Yes 
35462 46069 
> ad <- subset(ad,ad$bodycontact=="Yes")
> 	dim(ad)
[1] 46069    50
> ad <- subset(ad,is.na(ad$entero470)==FALSE)
> 	dim(ad)
[1] 44857    50
> 
> 
> # --------------------------------------
> # Calculate the actual Ns for each cell
> # and store them for plotting and tables
> # --------------------------------------
> 
> # --------------------------------------
> # Summarize 
> # the number of swimmers and number
> # of cumulative incident episodes by
> # Entero 1600 category
> # --------------------------------------
> calcNs <- function(outcome,exposurecat) {
+   n <- tapply(outcome,exposurecat,sum)
+   N <- tapply(outcome,exposurecat,function(x) length(x))
+   cbind(n,N)
+ }
> 
> # overall
> N.all <- calcNs(ad$diarrheaci10,ad$entero470)
> # age stratified
> N.age0to4   <- calcNs(ad$diarrheaci10[ad$agestrat=="(0, 4]"],ad$entero470[ad$agestrat=="(0, 4]"] )
> N.age5to10  <- calcNs(ad$diarrheaci10[ad$agestrat=="(4, 10]"],ad$entero470[ad$agestrat=="(4, 10]"] )
> N.age11plus <- calcNs(ad$diarrheaci10[ad$agestrat==">10"],ad$entero470[ad$agestrat==">10"] )
> # point source vs. non-point source stratified
> N.nps <- calcNs(ad$diarrheaci10[ad$pointsource=="No"], ad$entero470[ad$pointsource=="No"])
> N.ps  <- calcNs(ad$diarrheaci10[ad$pointsource=="Yes"],ad$entero470[ad$pointsource=="Yes"])
> # age and point source stratified
> N.nps0to4   <- calcNs(ad$diarrheaci10[ad$agestrat=="(0, 4]" & ad$pointsource=="No"],ad$entero470[ad$agestrat=="(0, 4]" & ad$pointsource=="No"] )
> N.nps5to10  <- calcNs(ad$diarrheaci10[ad$agestrat=="(4, 10]" & ad$pointsource=="No"],ad$entero470[ad$agestrat=="(4, 10]" & ad$pointsource=="No"] )
> N.nps11plus <- calcNs(ad$diarrheaci10[ad$agestrat==">10" & ad$pointsource=="No"],ad$entero470[ad$agestrat==">10" & ad$pointsource=="No"] )
> 
> N.ps0to4   <- calcNs(ad$diarrheaci10[ad$agestrat=="(0, 4]" & ad$pointsource=="Yes"],ad$entero470[ad$agestrat=="(0, 4]" & ad$pointsource=="Yes"] )
> N.ps5to10  <- calcNs(ad$diarrheaci10[ad$agestrat=="(4, 10]" & ad$pointsource=="Yes"],ad$entero470[ad$agestrat=="(4, 10]" & ad$pointsource=="Yes"] )
> N.ps11plus <- calcNs(ad$diarrheaci10[ad$agestrat==">10" & ad$pointsource=="Yes"],ad$entero470[ad$agestrat==">10" & ad$pointsource=="Yes"] )
> 
> 
> 
> # --------------------------------------
> # Calculate unadjusted 
> # Cumulative Incidence Rates
> # and robust 95% CIs using a saturated, 
> # unadjusted model
> # (just using the models to get the robust
> # SEs that account for HH clustering)
> # --------------------------------------
> 
> 
> #### Overall Estimates (pooled over beach type)
> 
> # All Ages
> all.cifit <- glm(diarrheaci10~entero470,family=poisson(link="log"),data=ad)
> 	allci.VC <- cl(ad,fm=all.cifit,cluster=ad$hhid)
> 	allci <- coeftest(all.cifit, allci.VC)
> 	allci

z test of coefficients:

             Estimate Std. Error   z value  Pr(>|z|)    
(Intercept) -3.134644   0.026336 -119.0250 < 2.2e-16 ***
entero470    0.548060   0.117145    4.6785  2.89e-06 ***
---
Signif. codes:  0 ‘***’ 0.001 ‘**’ 0.01 ‘*’ 0.05 ‘.’ 0.1 ‘ ’ 1

> 
> # Ages 0 - 4
> age0to4.cifit <- glm(diarrheaci10~entero470,family=poisson(link="log"),data=ad[ad$agestrat=="(0, 4]",])
> 	age0to4ci.VC <- cl(ad[ad$agestrat=="(0, 4]",],fm=age0to4.cifit,cluster=ad$hhid[ad$agestrat=="(0, 4]"])
> 	age0to4ci <- coeftest(age0to4.cifit, age0to4ci.VC)
> 	age0to4ci

z test of coefficients:

             Estimate Std. Error  z value Pr(>|z|)    
(Intercept) -2.663722   0.065937 -40.3978   <2e-16 ***
entero470    0.170516   0.330298   0.5162   0.6057    
---
Signif. codes:  0 ‘***’ 0.001 ‘**’ 0.01 ‘*’ 0.05 ‘.’ 0.1 ‘ ’ 1

> 
> # Ages 5 - 10
> age5to10.cifit <- glm(diarrheaci10~entero470,family=poisson(link="log"),data=ad[ad$agestrat=="(4, 10]",])
> 	age5to10ci.VC <- cl(ad[ad$agestrat=="(4, 10]",],fm=age5to10.cifit,cluster=ad$hhid[ad$agestrat=="(4, 10]"])
> 	age5to10ci <- coeftest(age5to10.cifit, age5to10ci.VC)
> 	age5to10ci

z test of coefficients:

             Estimate Std. Error  z value Pr(>|z|)    
(Intercept) -3.256197   0.062133 -52.4069  < 2e-16 ***
entero470    0.583865   0.236837   2.4653  0.01369 *  
---
Signif. codes:  0 ‘***’ 0.001 ‘**’ 0.01 ‘*’ 0.05 ‘.’ 0.1 ‘ ’ 1

> 
> # Ages >10
> age11plus.cifit <- glm(diarrheaci10~entero470,family=poisson(link="log"),data=ad[ad$agestrat==">10",])
> 	age11plusci.VC <- cl(ad[ad$agestrat==">10",],fm=age11plus.cifit,cluster=ad$hhid[ad$agestrat==">10"])
> 	age11plusci <- coeftest(age11plus.cifit, age11plusci.VC)
> 	age11plusci

z test of coefficients:

            Estimate Std. Error   z value  Pr(>|z|)    
(Intercept) -3.16830    0.02931 -108.0954 < 2.2e-16 ***
entero470    0.56079    0.13188    4.2523 2.116e-05 ***
---
Signif. codes:  0 ‘***’ 0.001 ‘**’ 0.01 ‘*’ 0.05 ‘.’ 0.1 ‘ ’ 1

> 
> 
> #### Stratified Estimates by non-point source and point source beach conditions
> 
> # Non-point source - All Ages
> nps.cifit <- glm(diarrheaci10~entero470,family=poisson(link="log"),data=ad[ad$pointsource=="No",])
> 	npsci.VC <- cl(ad[ad$pointsource=="No",],fm=nps.cifit,cluster=ad$hhid[ad$pointsource=="No"])
> 	npsci <- coeftest(nps.cifit, npsci.VC)
> 	npsci

z test of coefficients:

             Estimate Std. Error  z value Pr(>|z|)    
(Intercept) -3.117536   0.043612 -71.4842   <2e-16 ***
entero470    0.229389   0.253109   0.9063   0.3648    
---
Signif. codes:  0 ‘***’ 0.001 ‘**’ 0.01 ‘*’ 0.05 ‘.’ 0.1 ‘ ’ 1

> 
> # Non-point source - Ages 0 - 4
> nps0to4.cifit <- glm(diarrheaci10~entero470,family=poisson(link="log"),data=ad[ad$pointsource=="No" & ad$agestrat=="(0, 4]",])
> 	nps0to4ci.VC <- cl(ad[ad$pointsource=="No" & ad$agestrat=="(0, 4]",],fm=nps0to4.cifit,cluster=ad$hhid[ad$pointsource=="No" & ad$agestrat=="(0, 4]"])
> 	nps0to4ci <- coeftest(nps0to4.cifit, nps0to4ci.VC)
> 	nps0to4ci

z test of coefficients:

            Estimate Std. Error  z value Pr(>|z|)    
(Intercept) -2.71477    0.11096 -24.4673   <2e-16 ***
entero470   -0.94879    0.99937  -0.9494   0.3424    
---
Signif. codes:  0 ‘***’ 0.001 ‘**’ 0.01 ‘*’ 0.05 ‘.’ 0.1 ‘ ’ 1

> 
> # Non-point source - Ages 5 - 10
> nps5to10.cifit <- glm(diarrheaci10~entero470,family=poisson(link="log"),data=ad[ad$pointsource=="No" & ad$agestrat=="(4, 10]",])
> 	nps5to10ci.VC <- cl(ad[ad$pointsource=="No" & ad$agestrat=="(4, 10]",],fm=nps5to10.cifit,cluster=ad$hhid[ad$pointsource=="No" & ad$agestrat=="(4, 10]"])
> 	nps5to10ci <- coeftest(nps5to10.cifit, nps5to10ci.VC)
> 	nps5to10ci

z test of coefficients:

             Estimate Std. Error z value  Pr(>|z|)    
(Intercept)  -3.27032    0.10112 -32.342 < 2.2e-16 ***
entero470   -14.03227    0.18220 -77.015 < 2.2e-16 ***
---
Signif. codes:  0 ‘***’ 0.001 ‘**’ 0.01 ‘*’ 0.05 ‘.’ 0.1 ‘ ’ 1

> 
> # Non-point source - Ages >10
> nps11plus.cifit <- glm(diarrheaci10~entero470,family=poisson(link="log"),data=ad[ad$pointsource=="No" & ad$agestrat==">10",])
> 	nps11plusci.VC <- cl(ad[ad$pointsource=="No" & ad$agestrat==">10",],fm=nps11plus.cifit,cluster=ad$hhid[ad$pointsource=="No" & ad$agestrat==">10"])
> 	nps11plusci <- coeftest(nps11plus.cifit, nps11plusci.VC)
> 	nps11plusci

z test of coefficients:

             Estimate Std. Error  z value Pr(>|z|)    
(Intercept) -3.129722   0.047765 -65.5229   <2e-16 ***
entero470    0.326361   0.249487   1.3081   0.1908    
---
Signif. codes:  0 ‘***’ 0.001 ‘**’ 0.01 ‘*’ 0.05 ‘.’ 0.1 ‘ ’ 1

> 
> 
> # Point source	- All Ages
> ps.cifit <- glm(diarrheaci10~entero470,family=poisson(link="log"),data=ad[ad$pointsource=="Yes",])
> 	psci.VC <- cl(ad[ad$pointsource=="Yes",],fm=ps.cifit,cluster=ad$hhid[ad$pointsource=="Yes"])
> 	psci <- coeftest(ps.cifit, psci.VC)
> 	psci

z test of coefficients:

             Estimate Std. Error  z value  Pr(>|z|)    
(Intercept) -3.144682   0.033034 -95.1945 < 2.2e-16 ***
entero470    0.679448   0.131942   5.1496 2.611e-07 ***
---
Signif. codes:  0 ‘***’ 0.001 ‘**’ 0.01 ‘*’ 0.05 ‘.’ 0.1 ‘ ’ 1

> 
> # Point source - Ages 0 - 4
> ps0to4.cifit <- glm(diarrheaci10~entero470,family=poisson(link="log"),data=ad[ad$pointsource=="Yes" & ad$agestrat=="(0, 4]",])
> 	ps0to4ci.VC <- cl(ad[ad$pointsource=="Yes" & ad$agestrat=="(0, 4]",],fm=ps0to4.cifit,cluster=ad$hhid[ad$pointsource=="Yes" & ad$agestrat=="(0, 4]"])
> 	ps0to4ci <- coeftest(ps0to4.cifit, ps0to4ci.VC)
> 	ps0to4ci

z test of coefficients:

             Estimate Std. Error  z value Pr(>|z|)    
(Intercept) -2.633583   0.081983 -32.1234   <2e-16 ***
entero470    0.424088   0.343571   1.2344   0.2171    
---
Signif. codes:  0 ‘***’ 0.001 ‘**’ 0.01 ‘*’ 0.05 ‘.’ 0.1 ‘ ’ 1

> 
> # Point source - Ages 5 - 10
> ps5to10.cifit <- glm(diarrheaci10~entero470,family=poisson(link="log"),data=ad[ad$pointsource=="Yes" & ad$agestrat=="(4, 10]",])
> 	ps5to10ci.VC <- cl(ad[ad$pointsource=="Yes" & ad$agestrat=="(4, 10]",],fm=ps5to10.cifit,cluster=ad$hhid[ad$pointsource=="Yes" & ad$agestrat=="(4, 10]"])
> 	ps5to10ci <- coeftest(ps5to10.cifit, ps5to10ci.VC)
> 	ps5to10ci

z test of coefficients:

             Estimate Std. Error  z value  Pr(>|z|)    
(Intercept) -3.246619   0.078612 -41.2995 < 2.2e-16 ***
entero470    0.848724   0.238131   3.5641 0.0003651 ***
---
Signif. codes:  0 ‘***’ 0.001 ‘**’ 0.01 ‘*’ 0.05 ‘.’ 0.1 ‘ ’ 1

> 
> # Point source - Ages >10
> ps11plus.cifit <- glm(diarrheaci10~entero470,family=poisson(link="log"),data=ad[ad$pointsource=="Yes" & ad$agestrat==">10",])
> 	ps11plusci.VC <- cl(ad[ad$pointsource=="Yes" & ad$agestrat==">10",],fm=ps11plus.cifit,cluster=ad$hhid[ad$pointsource=="Yes" & ad$agestrat==">10"])
> 	ps11plusci <- coeftest(ps11plus.cifit, ps11plusci.VC)
> 	ps11plusci

z test of coefficients:

             Estimate Std. Error  z value  Pr(>|z|)    
(Intercept) -3.190412   0.037114 -85.9614 < 2.2e-16 ***
entero470    0.675352   0.155642   4.3391  1.43e-05 ***
---
Signif. codes:  0 ‘***’ 0.001 ‘**’ 0.01 ‘*’ 0.05 ‘.’ 0.1 ‘ ’ 1

> 
> 
> # function to get Estimates and CIs from a linear combination of regression coefficients
> lccalc <- function(lc,x,vcv) {
+ 	# lc : linear combination of coefficients
+ 	# x : log-linear model object returned from coeftest (class=coeftest)
+ 	# vcv : variance-covariance matrix of coefficients for robust SEs
+ 	est <- exp(t(lc)%*%x[,1])
+ 	se  <- sqrt( t(lc)%*%vcv%*%lc )
+ 	lb <- exp(log(est)-1.96*se)
+ 	ub <- exp(log(est)+1.96*se)
+ 	res <- c(est,lb,ub)
+ 	return(res)
+ }
> getCI <- function(fit,vcv) {
+ 	# fit : an object returned from coeftest w/ 2 parameters corresponding to <=470/>470 CCE cumulative incidence
+ 	# vcv : variance-covariance matrix for coefficients in the fit object
+ 	lc1 <- lc2 <- rep(0,nrow(fit))
+ 	lc1[c(1)  ] <- 1
+ 	lc2[c(1,2)] <- 1
+ 	lcs <- list(lc1,lc2)
+ 	res <- t(sapply(lcs,lccalc,x=fit,vcv=vcv))
+ 	colnames(res) <- c("CI","CIlb","CIub")
+ 	rownames(res) <- c("Entero<=470cce","Entero>470cce")
+ 	return(res)
+ }
> 
> 
> ci.all    <- getCI(allci,allci.VC)
> ci.0to4   <- getCI(age0to4ci,age0to4ci.VC)
> ci.5to10  <- getCI(age5to10ci,age5to10ci.VC)
> ci.11plus <- getCI(age11plusci,age11plusci.VC)
> 
> ci.nps       <- getCI(npsci,npsci.VC)
> ci.nps0to4   <- getCI(nps0to4ci,nps0to4ci.VC)
> ci.nps5to10  <- getCI(nps5to10ci,nps5to10ci.VC)
> ci.nps11plus <- getCI(nps11plusci,nps11plusci.VC)
> 
> ci.ps       <- getCI(psci,psci.VC)
> ci.ps0to4   <- getCI(ps0to4ci,ps0to4ci.VC)
> ci.ps5to10  <- getCI(ps5to10ci,ps5to10ci.VC)
> ci.ps11plus <- getCI(ps11plusci,nps11plusci.VC)
> 
> 
> 
> # --------------------------------------
> # esimate risk of Diarrhea associated
> # with exposure to EPA 1600 above/below 470 CCE/100ml
> # Body Immersion
> # All ages
> # --------------------------------------
> 
> 
> 
> # tests of interaction by environmental conditions for Avalon and Doheny
> av.h.noint <-glm(diarrheaci10~ entero470+groundwater +agecat+female+racewhite+gichron+anim_any+gicontactbase+rawfood,family=poisson(link="log"),data=ad[ad$beach=="Avalon",])
> av.h <-glm(diarrheaci10~ entero470*groundwater +agecat+female+racewhite+gichron+anim_any+gicontactbase+rawfood,family=poisson(link="log"),data=ad[ad$beach=="Avalon",])
> 	lrtest(av.h.noint,av.h)
Likelihood ratio test

Model 1: diarrheaci10 ~ entero470 + groundwater + agecat + female + racewhite + 
    gichron + anim_any + gicontactbase + rawfood
Model 2: diarrheaci10 ~ entero470 * groundwater + agecat + female + racewhite + 
    gichron + anim_any + gicontactbase + rawfood
  #Df  LogLik Df Chisq Pr(>Chisq)
1  20 -776.56                    
2  21 -775.72  1 1.673     0.1959
> 
> dh.h.noint <-glm(diarrheaci10~ entero470+berm +agecat+female+racewhite+gichron+anim_any+gicontactbase+rawfood,family=poisson(link="log"),data=ad[ad$beach=="Doheny",])
> dh.h <-glm(diarrheaci10~ entero470*berm +agecat+female+racewhite+gichron+anim_any+gicontactbase+rawfood,family=poisson(link="log"),data=ad[ad$beach=="Doheny",])
> 	lrtest(dh.h.noint,dh.h)
Likelihood ratio test

Model 1: diarrheaci10 ~ entero470 + berm + agecat + female + racewhite + 
    gichron + anim_any + gicontactbase + rawfood
Model 2: diarrheaci10 ~ entero470 * berm + agecat + female + racewhite + 
    gichron + anim_any + gicontactbase + rawfood
  #Df  LogLik Df  Chisq Pr(>Chisq)
1  19 -545.04                     
2  20 -545.03  1 0.0232     0.8789
> 
> 
> # --------------------------------------
> # Freshwater beaches
> 
> # Huntington
> hufit <- mpreg(diarrheaci10~entero470 +agecat+female+racewhite+gichron+anim_any+gicontactbase+rawfood,dat=ad[ad$beach=="Huntington",],vcv=T)

Call:
glm(formula = formula, family = poisson(link = "log"), data = dat)

Deviance Residuals: 
    Min       1Q   Median       3Q      Max  
-0.8116  -0.4836  -0.4443  -0.3211   2.2497  

Coefficients:
                   Estimate Std. Error z value Pr(>|z|)    
(Intercept)        -2.95209    0.60027  -4.918 8.75e-07 ***
entero470           0.43514    0.40955   1.062   0.2880    
agecat5-14         -0.01328    0.38358  -0.035   0.9724    
agecat15-24        -1.12609    0.66774  -1.686   0.0917 .  
agecat25-34        -0.15895    0.47270  -0.336   0.7367    
agecat35-44         0.38774    0.42055   0.922   0.3565    
agecat45-54        -0.26189    0.56081  -0.467   0.6405    
agecat55-64        -0.70233    1.05598  -0.665   0.5060    
agecat65-74       -15.32288 1303.56858  -0.012   0.9906    
agecat75+         -15.16960 3467.85856  -0.004   0.9965    
agecatMissing       0.95303    0.78366   1.216   0.2239    
female              0.16958    0.23392   0.725   0.4685    
racewhiteYes        0.40827    0.47129   0.866   0.3863    
racewhiteMissing  -14.43279 3467.85859  -0.004   0.9967    
gichronYes        -15.14882  930.38386  -0.016   0.9870    
anim_anyYes         0.24124    0.34671   0.696   0.4865    
gicontactbaseYes    0.12643    0.72008   0.176   0.8606    
rawfood             0.36898    0.36493   1.011   0.3120    
---
Signif. codes:  0 ‘***’ 0.001 ‘**’ 0.01 ‘*’ 0.05 ‘.’ 0.1 ‘ ’ 1

(Dispersion parameter for poisson family taken to be 1)

    Null deviance: 340.98  on 740  degrees of freedom
Residual deviance: 321.75  on 723  degrees of freedom
AIC: 505.75

Number of Fisher Scoring iterations: 15



Robust, Sandwich Standard Errors Account for Clustering:

z test of coefficients:

                   Estimate Std. Error  z value  Pr(>|z|)    
(Intercept)       -2.952087   0.640747  -4.6073  4.08e-06 ***
entero470          0.435144   0.398182   1.0928   0.27447    
agecat5-14        -0.013284   0.371323  -0.0358   0.97146    
agecat15-24       -1.126092   0.670223  -1.6802   0.09292 .  
agecat25-34       -0.158954   0.491929  -0.3231   0.74660    
agecat35-44        0.387736   0.410186   0.9453   0.34452    
agecat45-54       -0.261886   0.573064  -0.4570   0.64768    
agecat55-64       -0.702333   1.055713  -0.6653   0.50588    
agecat65-74      -15.322879   0.615740 -24.8853 < 2.2e-16 ***
agecat75+        -15.169599   1.073242 -14.1344 < 2.2e-16 ***
agecatMissing      0.953029   0.825141   1.1550   0.24809    
female             0.169582   0.216935   0.7817   0.43438    
racewhiteYes       0.408274   0.568027   0.7188   0.47229    
racewhiteMissing -14.432789   1.231288 -11.7217 < 2.2e-16 ***
gichronYes       -15.148824   0.521221 -29.0641 < 2.2e-16 ***
anim_anyYes        0.241245   0.448832   0.5375   0.59093    
gicontactbaseYes   0.126430   0.668271   0.1892   0.84994    
rawfood            0.368977   0.453069   0.8144   0.41542    
---
Signif. codes:  0 ‘***’ 0.001 ‘**’ 0.01 ‘*’ 0.05 ‘.’ 0.1 ‘ ’ 1

> 
> # Silver
> sifit <- mpreg(diarrheaci10~entero470 +agecat+female+racewhite+gichron+anim_any+gicontactbase+rawfood,dat=ad[ad$beach=="Silver",],vcv=T)

Call:
glm(formula = formula, family = poisson(link = "log"), data = dat)

Deviance Residuals: 
    Min       1Q   Median       3Q      Max  
-0.7099  -0.3179  -0.2857  -0.2541   2.4775  

Coefficients: (1 not defined because of singularities)
                       Estimate Std. Error z value Pr(>|z|)    
(Intercept)            -3.26248    0.28102 -11.609  < 2e-16 ***
entero470                    NA         NA      NA       NA    
agecat5-14             -0.57440    0.21547  -2.666  0.00768 ** 
agecat15-24            -0.71255    0.24568  -2.900  0.00373 ** 
agecat25-34            -0.35448    0.25930  -1.367  0.17161    
agecat35-44            -0.05091    0.22497  -0.226  0.82096    
agecat45-54            -0.36072    0.28604  -1.261  0.20729    
agecat55-64            -0.38719    0.41895  -0.924  0.35538    
agecat65-74           -14.46130  542.40811  -0.027  0.97873    
agecat75+             -14.81792 1964.05630  -0.008  0.99398    
agecatMissing          -0.78905    0.44501  -1.773  0.07621 .  
female                  0.16611    0.12989   1.279  0.20095    
racewhiteYes            0.09633    0.20875   0.461  0.64446    
racewhiteMissing        0.26330    1.02337   0.257  0.79696    
gichronYes              0.57269    0.32888   1.741  0.08163 .  
gichronMissing        -14.12054 1083.18998  -0.013  0.98960    
anim_anyYes             0.37579    0.18418   2.040  0.04132 *  
gicontactbaseYes        0.18966    0.26844   0.707  0.47985    
gicontactbaseMissing    1.03391    1.01127   1.022  0.30660    
rawfood                 0.14178    0.17250   0.822  0.41112    
---
Signif. codes:  0 ‘***’ 0.001 ‘**’ 0.01 ‘*’ 0.05 ‘.’ 0.1 ‘ ’ 1

(Dispersion parameter for poisson family taken to be 1)

    Null deviance: 1520.8  on 5553  degrees of freedom
Residual deviance: 1487.0  on 5535  degrees of freedom
AIC: 2011

Number of Fisher Scoring iterations: 15



Robust, Sandwich Standard Errors Account for Clustering:

z test of coefficients:

                       Estimate Std. Error  z value  Pr(>|z|)    
(Intercept)           -3.262481   0.302364 -10.7899 < 2.2e-16 ***
agecat5-14            -0.574403   0.222124  -2.5860  0.009711 ** 
agecat15-24           -0.712552   0.250591  -2.8435  0.004462 ** 
agecat25-34           -0.354478   0.273659  -1.2953  0.195207    
agecat35-44           -0.050912   0.227550  -0.2237  0.822959    
agecat45-54           -0.360719   0.287057  -1.2566  0.208896    
agecat55-64           -0.387191   0.418983  -0.9241  0.355424    
agecat65-74          -14.461299   0.270446 -53.4721 < 2.2e-16 ***
agecat75+            -14.817918   0.688571 -21.5198 < 2.2e-16 ***
agecatMissing         -0.789047   0.559954  -1.4091  0.158797    
female                 0.166105   0.129946   1.2783  0.201157    
racewhiteYes           0.096333   0.247048   0.3899  0.696583    
racewhiteMissing       0.263304   0.843485   0.3122  0.754918    
gichronYes             0.572688   0.325087   1.7616  0.078129 .  
gichronMissing       -14.120540   0.571005 -24.7293 < 2.2e-16 ***
anim_anyYes            0.375788   0.211407   1.7776  0.075477 .  
gicontactbaseYes       0.189663   0.266671   0.7112  0.476945    
gicontactbaseMissing   1.033907   0.718912   1.4382  0.150390    
rawfood                0.141777   0.175357   0.8085  0.418801    
---
Signif. codes:  0 ‘***’ 0.001 ‘**’ 0.01 ‘*’ 0.05 ‘.’ 0.1 ‘ ’ 1

> 
> # Washington Park
> wpfit <- mpreg(diarrheaci10~entero470 +agecat+female+racewhite+gichron+anim_any+gicontactbase+rawfood,dat=ad[ad$beach=="Washington Park",],vcv=T)

Call:
glm(formula = formula, family = poisson(link = "log"), data = dat)

Deviance Residuals: 
    Min       1Q   Median       3Q      Max  
-0.8329  -0.3604  -0.3087  -0.2506   2.5619  

Coefficients: (1 not defined because of singularities)
                      Estimate Std. Error z value Pr(>|z|)    
(Intercept)            -3.0480     0.3617  -8.428  < 2e-16 ***
entero470                   NA         NA      NA       NA    
agecat5-14             -0.5225     0.3110  -1.680  0.09289 .  
agecat15-24            -1.2958     0.4848  -2.673  0.00752 ** 
agecat25-34             0.2174     0.3289   0.661  0.50854    
agecat35-44            -0.2224     0.3401  -0.654  0.51327    
agecat45-54            -0.3090     0.3899  -0.792  0.42811    
agecat55-64             0.5460     0.4020   1.358  0.17440    
agecat65-74            -0.2808     1.0350  -0.271  0.78614    
agecat75+             -14.4739  1413.1035  -0.010  0.99183    
agecatMissing          -1.7555     1.0337  -1.698  0.08947 .  
female                  0.1100     0.1804   0.609  0.54226    
racewhiteYes            0.1128     0.2484   0.454  0.64977    
racewhiteMissing      -11.8405  1349.4964  -0.009  0.99300    
gichronYes              0.5046     0.4624   1.091  0.27518    
gichronMissing        -13.0715  3467.8586  -0.004  0.99699    
anim_anyYes             0.3132     0.2575   1.216  0.22391    
gicontactbaseYes        0.7312     0.2899   2.522  0.01165 *  
gicontactbaseMissing  -13.7197  1059.2606  -0.013  0.98967    
rawfood                -0.2159     0.2817  -0.766  0.44349    
---
Signif. codes:  0 ‘***’ 0.001 ‘**’ 0.01 ‘*’ 0.05 ‘.’ 0.1 ‘ ’ 1

(Dispersion parameter for poisson family taken to be 1)

    Null deviance: 733.22  on 2311  degrees of freedom
Residual deviance: 693.05  on 2293  degrees of freedom
AIC: 983.05

Number of Fisher Scoring iterations: 15



Robust, Sandwich Standard Errors Account for Clustering:

z test of coefficients:

                      Estimate Std. Error  z value Pr(>|z|)    
(Intercept)           -3.04798    0.36339  -8.3877  < 2e-16 ***
agecat5-14            -0.52252    0.30632  -1.7058  0.08805 .  
agecat15-24           -1.29585    0.47400  -2.7338  0.00626 ** 
agecat25-34            0.21743    0.30670   0.7089  0.47837    
agecat35-44           -0.22237    0.33285  -0.6681  0.50408    
agecat45-54           -0.30900    0.37256  -0.8294  0.40687    
agecat55-64            0.54599    0.37089   1.4721  0.14100    
agecat65-74           -0.28081    1.02111  -0.2750  0.78332    
agecat75+            -14.47390    0.58062 -24.9285  < 2e-16 ***
agecatMissing         -1.75548    1.00052  -1.7546  0.07933 .  
female                 0.10996    0.16622   0.6615  0.50826    
racewhiteYes           0.11279    0.26170   0.4310  0.66648    
racewhiteMissing     -11.84045    0.89466 -13.2346  < 2e-16 ***
gichronYes             0.50457    0.51496   0.9798  0.32717    
gichronMissing       -13.07155    1.10433 -11.8366  < 2e-16 ***
anim_anyYes            0.31318    0.26590   1.1778  0.23887    
gicontactbaseYes       0.73116    0.29991   2.4380  0.01477 *  
gicontactbaseMissing -13.71965    0.72132 -19.0201  < 2e-16 ***
rawfood               -0.21589    0.27010  -0.7993  0.42411    
---
Signif. codes:  0 ‘***’ 0.001 ‘**’ 0.01 ‘*’ 0.05 ‘.’ 0.1 ‘ ’ 1

> 
> # West
> wefit <- mpreg(diarrheaci10~entero470 +agecat+female+racewhite+gichron+anim_any+gicontactbase+rawfood,dat=ad[ad$beach=="West",],vcv=T)

Call:
glm(formula = formula, family = poisson(link = "log"), data = dat)

Deviance Residuals: 
    Min       1Q   Median       3Q      Max  
-0.9906  -0.4239  -0.3358  -0.2621   2.4549  

Coefficients:
                       Estimate Std. Error z value Pr(>|z|)    
(Intercept)            -3.29599    0.38848  -8.484  < 2e-16 ***
entero470               0.28859    0.21259   1.358  0.17461    
agecat5-14             -0.62738    0.33248  -1.887  0.05916 .  
agecat15-24            -0.80481    0.33168  -2.426  0.01525 *  
agecat25-34            -0.06914    0.33034  -0.209  0.83421    
agecat35-44            -0.21089    0.34731  -0.607  0.54371    
agecat45-54            -1.39505    0.53417  -2.612  0.00901 ** 
agecat55-64           -14.94670  597.42883  -0.025  0.98004    
agecat65-74            -0.02975    1.04155  -0.029  0.97721    
agecat75+             -15.32313 2446.95696  -0.006  0.99500    
agecatMissing         -14.59664 1651.30751  -0.009  0.99295    
female                  0.10584    0.18249   0.580  0.56192    
racewhiteYes            0.33329    0.24373   1.367  0.17148    
racewhiteMissing        0.69241    0.74789   0.926  0.35454    
gichronYes              1.07366    0.47077   2.281  0.02257 *  
gichronMissing        -15.26898 3467.85855  -0.004  0.99649    
anim_anyYes             0.78610    0.26171   3.004  0.00267 ** 
gicontactbaseYes        1.35873    0.33947   4.002 6.27e-05 ***
gicontactbaseMissing    1.50135    0.59975   2.503  0.01230 *  
rawfood                 0.66453    0.23861   2.785  0.00535 ** 
---
Signif. codes:  0 ‘***’ 0.001 ‘**’ 0.01 ‘*’ 0.05 ‘.’ 0.1 ‘ ’ 1

(Dispersion parameter for poisson family taken to be 1)

    Null deviance: 645.05  on 1649  degrees of freedom
Residual deviance: 583.73  on 1630  degrees of freedom
AIC: 873.73

Number of Fisher Scoring iterations: 15



Robust, Sandwich Standard Errors Account for Clustering:

z test of coefficients:

                       Estimate Std. Error  z value  Pr(>|z|)    
(Intercept)           -3.295993   0.404775  -8.1428 3.863e-16 ***
entero470              0.288595   0.247525   1.1659 0.2436464    
agecat5-14            -0.627381   0.340458  -1.8428 0.0653650 .  
agecat15-24           -0.804807   0.334662  -2.4048 0.0161798 *  
agecat25-34           -0.069141   0.316501  -0.2185 0.8270749    
agecat35-44           -0.210894   0.331682  -0.6358 0.5248862    
agecat45-54           -1.395055   0.519881  -2.6834 0.0072875 ** 
agecat55-64          -14.946704   0.393392 -37.9944 < 2.2e-16 ***
agecat65-74           -0.029750   0.876679  -0.0339 0.9729288    
agecat75+            -15.323131   0.775940 -19.7478 < 2.2e-16 ***
agecatMissing        -14.596637   0.644082 -22.6627 < 2.2e-16 ***
female                 0.105842   0.166320   0.6364 0.5245297    
racewhiteYes           0.333288   0.245700   1.3565 0.1749460    
racewhiteMissing       0.692412   0.818468   0.8460 0.3975610    
gichronYes             1.073665   0.340716   3.1512 0.0016260 ** 
gichronMissing       -15.268975   1.073695 -14.2210 < 2.2e-16 ***
anim_anyYes            0.786102   0.265940   2.9559 0.0031172 ** 
gicontactbaseYes       1.358734   0.346721   3.9188 8.899e-05 ***
gicontactbaseMissing   1.501347   0.409239   3.6686 0.0002438 ***
rawfood                0.664533   0.266316   2.4953 0.0125858 *  
---
Signif. codes:  0 ‘***’ 0.001 ‘**’ 0.01 ‘*’ 0.05 ‘.’ 0.1 ‘ ’ 1

> 
> # --------------------------------------
> # Marine beaches
> 
> # Avalon
> avfit <- mpreg(diarrheaci10~entero470 +groundwater +agecat+female+racewhite+gichron+anim_any+gicontactbase+rawfood,dat=ad[ad$beach=="Avalon",],vcv=T)

Call:
glm(formula = formula, family = poisson(link = "log"), data = dat)

Deviance Residuals: 
    Min       1Q   Median       3Q      Max  
-0.9992  -0.3528  -0.2908  -0.2561   2.3231  

Coefficients:
                              Estimate Std. Error z value Pr(>|z|)    
(Intercept)                   -2.17662    0.25155  -8.653  < 2e-16 ***
entero470                      0.50275    0.26669   1.885  0.05941 .  
groundwaterAbove median flow  -0.25413    0.14367  -1.769  0.07693 .  
agecat5-14                    -1.08463    0.23611  -4.594 4.35e-06 ***
agecat15-24                   -1.21481    0.30473  -3.986 6.71e-05 ***
agecat25-34                   -0.77983    0.28449  -2.741  0.00612 ** 
agecat35-44                   -0.43591    0.24498  -1.779  0.07518 .  
agecat45-54                   -0.79220    0.27219  -2.911  0.00361 ** 
agecat55-64                   -1.22905    0.38938  -3.156  0.00160 ** 
agecat65-74                   -1.06659    0.73513  -1.451  0.14681    
agecat75+                    -14.12374  573.73606  -0.025  0.98036    
agecatMissing                -14.07452  764.97587  -0.018  0.98532    
female                        -0.06217    0.14008  -0.444  0.65717    
racewhiteYes                   0.03466    0.16694   0.208  0.83554    
racewhiteMissing              -0.72340    0.72344  -1.000  0.31733    
gichronYes                     0.81243    0.33106   2.454  0.01413 *  
anim_anyYes                    0.12570    0.16107   0.780  0.43514    
gicontactbaseYes               0.62108    0.22283   2.787  0.00532 ** 
gicontactbaseMissing          -0.33169    1.00509  -0.330  0.74139    
rawfood                        0.32400    0.16606   1.951  0.05104 .  
---
Signif. codes:  0 ‘***’ 0.001 ‘**’ 0.01 ‘*’ 0.05 ‘.’ 0.1 ‘ ’ 1

(Dispersion parameter for poisson family taken to be 1)

    Null deviance: 1194.7  on 3742  degrees of freedom
Residual deviance: 1141.1  on 3723  degrees of freedom
AIC: 1593.1

Number of Fisher Scoring iterations: 14



Robust, Sandwich Standard Errors Account for Clustering:

z test of coefficients:

                               Estimate Std. Error  z value  Pr(>|z|)    
(Intercept)                   -2.176617   0.267287  -8.1434 3.845e-16 ***
entero470                      0.502748   0.295771   1.6998  0.089171 .  
groundwaterAbove median flow  -0.254127   0.156237  -1.6266  0.103833    
agecat5-14                    -1.084626   0.238209  -4.5533 5.282e-06 ***
agecat15-24                   -1.214808   0.303493  -4.0028 6.261e-05 ***
agecat25-34                   -0.779832   0.268969  -2.8993  0.003740 ** 
agecat35-44                   -0.435905   0.242280  -1.7992  0.071990 .  
agecat45-54                   -0.792203   0.276484  -2.8653  0.004166 ** 
agecat55-64                   -1.229047   0.375060  -3.2769  0.001049 ** 
agecat65-74                   -1.066590   0.719398  -1.4826  0.138177    
agecat75+                    -14.123742   0.348558 -40.5205 < 2.2e-16 ***
agecatMissing                -14.074523   0.467208 -30.1247 < 2.2e-16 ***
female                        -0.062171   0.133658  -0.4652  0.641822    
racewhiteYes                   0.034658   0.185228   0.1871  0.851574    
racewhiteMissing              -0.723401   0.677246  -1.0682  0.285452    
gichronYes                     0.812429   0.324104   2.5067  0.012187 *  
anim_anyYes                    0.125703   0.177534   0.7080  0.478915    
gicontactbaseYes               0.621079   0.238305   2.6062  0.009154 ** 
gicontactbaseMissing          -0.331694   0.996961  -0.3327  0.739357    
rawfood                        0.324001   0.165008   1.9635  0.049583 *  
---
Signif. codes:  0 ‘***’ 0.001 ‘**’ 0.01 ‘*’ 0.05 ‘.’ 0.1 ‘ ’ 1

> 
> # Boqueron
> bofit <- mpreg(diarrheaci10~entero470 +agecat+female+racewhite+gichron+anim_any+gicontactbase+rawfood,dat=ad[ad$beach=="Boqueron",],vcv=T)

Call:
glm(formula = formula, family = poisson(link = "log"), data = dat)

Deviance Residuals: 
    Min       1Q   Median       3Q      Max  
-1.1644  -0.2482  -0.2235  -0.2059   2.5027  

Coefficients: (1 not defined because of singularities)
                       Estimate Std. Error z value Pr(>|z|)    
(Intercept)            -3.16344    0.17692 -17.880  < 2e-16 ***
entero470                    NA         NA      NA       NA    
agecat5-14             -0.95211    0.21102  -4.512 6.43e-06 ***
agecat15-24            -0.66627    0.20006  -3.330 0.000868 ***
agecat25-34            -0.52678    0.19673  -2.678 0.007414 ** 
agecat35-44            -0.77023    0.21237  -3.627 0.000287 ***
agecat45-54            -0.75823    0.23181  -3.271 0.001072 ** 
agecat55-64            -0.61457    0.28480  -2.158 0.030938 *  
agecat65-74            -0.95120    0.47525  -2.001 0.045343 *  
agecat75+             -13.37797  321.23614  -0.042 0.966781    
agecatMissing          -0.72156    0.52458  -1.375 0.168978    
female                  0.06756    0.10792   0.626 0.531275    
racewhiteYes            0.82688    0.58167   1.422 0.155151    
racewhiteMissing        2.33860    0.71994   3.248 0.001161 ** 
gichronYes              0.53441    0.20330   2.629 0.008574 ** 
gichronMissing        -12.44848 2103.36254  -0.006 0.995278    
anim_anyYes             0.21016    0.10955   1.918 0.055064 .  
gicontactbaseYes        0.94758    0.17537   5.403 6.54e-08 ***
gicontactbaseMissing  -12.66941 1204.77312  -0.011 0.991610    
rawfood                 0.31851    0.13914   2.289 0.022072 *  
---
Signif. codes:  0 ‘***’ 0.001 ‘**’ 0.01 ‘*’ 0.05 ‘.’ 0.1 ‘ ’ 1

(Dispersion parameter for poisson family taken to be 1)

    Null deviance: 2487.4  on 11878  degrees of freedom
Residual deviance: 2402.4  on 11860  degrees of freedom
AIC: 3148.4

Number of Fisher Scoring iterations: 14



Robust, Sandwich Standard Errors Account for Clustering:

z test of coefficients:

                       Estimate Std. Error  z value  Pr(>|z|)    
(Intercept)           -3.163437   0.185180 -17.0831 < 2.2e-16 ***
agecat5-14            -0.952113   0.207684  -4.5844 4.552e-06 ***
agecat15-24           -0.666267   0.206727  -3.2229 0.0012689 ** 
agecat25-34           -0.526778   0.188029  -2.8016 0.0050854 ** 
agecat35-44           -0.770235   0.210440  -3.6601 0.0002521 ***
agecat45-54           -0.758231   0.235697  -3.2170 0.0012955 ** 
agecat55-64           -0.614566   0.282748  -2.1736 0.0297389 *  
agecat65-74           -0.951199   0.470422  -2.0220 0.0431749 *  
agecat75+            -13.377974   0.232820 -57.4605 < 2.2e-16 ***
agecatMissing         -0.721560   0.518054  -1.3928 0.1636718    
female                 0.067562   0.101737   0.6641 0.5066367    
racewhiteYes           0.826884   0.707753   1.1683 0.2426769    
racewhiteMissing       2.338603   0.604465   3.8689 0.0001093 ***
gichronYes             0.534407   0.203199   2.6300 0.0085393 ** 
gichronMissing       -12.448480   1.020161 -12.2025 < 2.2e-16 ***
anim_anyYes            0.210158   0.122222   1.7195 0.0855285 .  
gicontactbaseYes       0.947576   0.185077   5.1199 3.057e-07 ***
gicontactbaseMissing -12.669408   0.612171 -20.6959 < 2.2e-16 ***
rawfood                0.318506   0.142677   2.2324 0.0255915 *  
---
Signif. codes:  0 ‘***’ 0.001 ‘**’ 0.01 ‘*’ 0.05 ‘.’ 0.1 ‘ ’ 1

> 
> # Doheny
> dhfit <- mpreg(diarrheaci10~entero470 +berm +agecat+female+racewhite+gichron+anim_any+gicontactbase+rawfood,dat=ad[ad$beach=="Doheny",],vcv=T)

Call:
glm(formula = formula, family = poisson(link = "log"), data = dat)

Deviance Residuals: 
    Min       1Q   Median       3Q      Max  
-0.9967  -0.3153  -0.2732  -0.2456   2.5704  

Coefficients:
                      Estimate Std. Error z value Pr(>|z|)    
(Intercept)           -2.74042    0.29430  -9.312  < 2e-16 ***
entero470              1.72154    0.53746   3.203  0.00136 ** 
bermOpen              -0.21271    0.20983  -1.014  0.31072    
agecat5-14            -0.72999    0.27995  -2.608  0.00912 ** 
agecat15-24           -0.52396    0.35205  -1.488  0.13668    
agecat25-34           -0.47125    0.35877  -1.314  0.18901    
agecat35-44           -0.35473    0.31838  -1.114  0.26520    
agecat45-54           -0.38436    0.35825  -1.073  0.28332    
agecat55-64           -1.64307    0.75645  -2.172  0.02985 *  
agecat65-74           -0.21297    1.03711  -0.205  0.83730    
agecatMissing        -12.76243  399.83984  -0.032  0.97454    
female                -0.02422    0.17732  -0.137  0.89137    
racewhiteYes           0.09378    0.19419   0.483  0.62913    
racewhiteMissing      -0.12998    0.72765  -0.179  0.85823    
gichronYes             0.90922    0.42898   2.120  0.03405 *  
anim_anyYes           -0.13215    0.22098  -0.598  0.54984    
gicontactbaseYes       0.31406    0.36805   0.853  0.39349    
gicontactbaseMissing   0.71943    0.58872   1.222  0.22170    
rawfood                0.44033    0.20332   2.166  0.03033 *  
---
Signif. codes:  0 ‘***’ 0.001 ‘**’ 0.01 ‘*’ 0.05 ‘.’ 0.1 ‘ ’ 1

(Dispersion parameter for poisson family taken to be 1)

    Null deviance: 848.56  on 3078  degrees of freedom
Residual deviance: 818.08  on 3060  degrees of freedom
AIC: 1128.1

Number of Fisher Scoring iterations: 13



Robust, Sandwich Standard Errors Account for Clustering:

z test of coefficients:

                       Estimate Std. Error  z value  Pr(>|z|)    
(Intercept)           -2.740420   0.303194  -9.0385 < 2.2e-16 ***
entero470              1.721544   0.566444   3.0392  0.002372 ** 
bermOpen              -0.212709   0.250163  -0.8503  0.395170    
agecat5-14            -0.729994   0.276207  -2.6429  0.008219 ** 
agecat15-24           -0.523956   0.346755  -1.5110  0.130781    
agecat25-34           -0.471251   0.342468  -1.3760  0.168809    
agecat35-44           -0.354733   0.311366  -1.1393  0.254586    
agecat45-54           -0.384358   0.340102  -1.1301  0.258424    
agecat55-64           -1.643074   0.765287  -2.1470  0.031793 *  
agecat65-74           -0.212969   1.023415  -0.2081  0.835154    
agecatMissing        -12.762431   0.515523 -24.7563 < 2.2e-16 ***
female                -0.024217   0.180658  -0.1340  0.893364    
racewhiteYes           0.093784   0.212448   0.4414  0.658892    
racewhiteMissing      -0.129976   0.701142  -0.1854  0.852933    
gichronYes             0.909215   0.414075   2.1958  0.028108 *  
anim_anyYes           -0.132147   0.236030  -0.5599  0.575565    
gicontactbaseYes       0.314058   0.360733   0.8706  0.383967    
gicontactbaseMissing   0.719430   0.523086   1.3754  0.169021    
rawfood                0.440334   0.214206   2.0557  0.039815 *  
---
Signif. codes:  0 ‘***’ 0.001 ‘**’ 0.01 ‘*’ 0.05 ‘.’ 0.1 ‘ ’ 1

> 
> # Edgewater
> edfit <- mpreg(diarrheaci10~entero470 +agecat+female+racewhite+gichron+anim_any+gicontactbase+rawfood,dat=ad[ad$beach=="Edgewater",],vcv=T)

Call:
glm(formula = formula, family = poisson(link = "log"), data = dat)

Deviance Residuals: 
    Min       1Q   Median       3Q      Max  
-0.7714  -0.3658  -0.3041  -0.2503   2.4170  

Coefficients:
                   Estimate Std. Error z value Pr(>|z|)    
(Intercept)        -2.96707    0.54069  -5.488 4.08e-08 ***
entero470           0.62653    0.31513   1.988   0.0468 *  
agecat5-14         -0.93357    0.60913  -1.533   0.1254    
agecat15-24        -0.23431    0.54823  -0.427   0.6691    
agecat25-34        -0.29723    0.56415  -0.527   0.5983    
agecat35-44        -0.65146    0.64036  -1.017   0.3090    
agecat45-54         0.26282    0.61836   0.425   0.6708    
agecat55-64       -15.71769 1542.97104  -0.010   0.9919    
agecat65-74         1.43776    1.13432   1.267   0.2050    
agecat75+         -15.77255 5717.53216  -0.003   0.9978    
agecatMissing     -15.76410 1300.04261  -0.012   0.9903    
female             -0.07125    0.31177  -0.229   0.8192    
racewhiteYes        0.25701    0.37263   0.690   0.4904    
gichronYes          0.93777    0.74898   1.252   0.2105    
gichronMissing    -16.34178 5717.53217  -0.003   0.9977    
anim_anyYes         0.18002    0.37291   0.483   0.6293    
gicontactbaseYes    0.86646    0.54397   1.593   0.1112    
rawfood            -0.23823    0.43377  -0.549   0.5829    
---
Signif. codes:  0 ‘***’ 0.001 ‘**’ 0.01 ‘*’ 0.05 ‘.’ 0.1 ‘ ’ 1

(Dispersion parameter for poisson family taken to be 1)

    Null deviance: 242.47  on 720  degrees of freedom
Residual deviance: 222.96  on 703  degrees of freedom
AIC: 344.96

Number of Fisher Scoring iterations: 16



Robust, Sandwich Standard Errors Account for Clustering:

z test of coefficients:

                   Estimate Std. Error  z value  Pr(>|z|)    
(Intercept)       -2.967069   0.553719  -5.3584 8.394e-08 ***
entero470          0.626528   0.325777   1.9232   0.05446 .  
agecat5-14        -0.933570   0.602335  -1.5499   0.12116    
agecat15-24       -0.234313   0.537031  -0.4363   0.66261    
agecat25-34       -0.297225   0.573390  -0.5184   0.60420    
agecat35-44       -0.651457   0.629458  -1.0349   0.30069    
agecat45-54        0.262824   0.622570   0.4222   0.67291    
agecat55-64      -15.717689   0.540163 -29.0981 < 2.2e-16 ***
agecat65-74        1.437756   1.000727   1.4367   0.15080    
agecat75+        -15.772546   1.101380 -14.3207 < 2.2e-16 ***
agecatMissing    -15.764101   0.610843 -25.8071 < 2.2e-16 ***
female            -0.071251   0.304620  -0.2339   0.81506    
racewhiteYes       0.257013   0.387121   0.6639   0.50675    
gichronYes         0.937774   0.594341   1.5778   0.11460    
gichronMissing   -16.341780   1.198642 -13.6336 < 2.2e-16 ***
anim_anyYes        0.180018   0.384364   0.4684   0.63953    
gicontactbaseYes   0.866459   0.512569   1.6904   0.09095 .  
rawfood           -0.238233   0.432510  -0.5508   0.58176    
---
Signif. codes:  0 ‘***’ 0.001 ‘**’ 0.01 ‘*’ 0.05 ‘.’ 0.1 ‘ ’ 1

> 
> # Fairhope
> fafit <- mpreg(diarrheaci10~entero470 +agecat+female+racewhite+gichron+anim_any+gicontactbase+rawfood,dat=ad[ad$beach=="Fairhope",],vcv=T)

Call:
glm(formula = formula, family = poisson(link = "log"), data = dat)

Deviance Residuals: 
    Min       1Q   Median       3Q      Max  
-0.9190  -0.3626  -0.3189  -0.2905   2.2322  

Coefficients:
                      Estimate Std. Error z value Pr(>|z|)    
(Intercept)            -2.5527     0.3973  -6.425 1.32e-10 ***
entero470              -0.3196     1.0257  -0.312   0.7553    
agecat5-14             -0.5875     0.3725  -1.577   0.1147    
agecat15-24            -0.6133     0.5307  -1.156   0.2478    
agecat25-34            -0.4719     0.4741  -0.995   0.3196    
agecat35-44            -0.5060     0.5842  -0.866   0.3864    
agecat45-54            -0.5228     0.6492  -0.805   0.4206    
agecat55-64            -0.1893     1.0512  -0.180   0.8571    
agecat65-74             0.2564     1.0409   0.246   0.8054    
agecat75+             -12.9111   902.0943  -0.014   0.9886    
female                  0.2681     0.2872   0.934   0.3504    
racewhiteYes           -0.2585     0.3404  -0.760   0.4475    
gichronYes              0.5912     1.0270   0.576   0.5648    
anim_anyYes             0.1515     0.3493   0.434   0.6644    
gicontactbaseYes        1.3371     0.4579   2.920   0.0035 ** 
gicontactbaseMissing  -12.3020  1275.7543  -0.010   0.9923    
rawfood                 0.1924     0.3839   0.501   0.6163    
---
Signif. codes:  0 ‘***’ 0.001 ‘**’ 0.01 ‘*’ 0.05 ‘.’ 0.1 ‘ ’ 1

(Dispersion parameter for poisson family taken to be 1)

    Null deviance: 281.80  on 807  degrees of freedom
Residual deviance: 269.64  on 791  degrees of freedom
AIC: 405.64

Number of Fisher Scoring iterations: 13



Robust, Sandwich Standard Errors Account for Clustering:

z test of coefficients:

                      Estimate Std. Error  z value  Pr(>|z|)    
(Intercept)           -2.55268    0.49925  -5.1130 3.171e-07 ***
entero470             -0.31965    0.98059  -0.3260   0.74445    
agecat5-14            -0.58753    0.37391  -1.5713   0.11611    
agecat15-24           -0.61332    0.52278  -1.1732   0.24071    
agecat25-34           -0.47189    0.46250  -1.0203   0.30759    
agecat35-44           -0.50603    0.53190  -0.9514   0.34142    
agecat45-54           -0.52280    0.64268  -0.8135   0.41595    
agecat55-64           -0.18934    1.09180  -0.1734   0.86232    
agecat65-74            0.25641    0.97450   0.2631   0.79246    
agecat75+            -12.91106    0.78776 -16.3896 < 2.2e-16 ***
female                 0.26815    0.28692   0.9346   0.35001    
racewhiteYes          -0.25854    0.32970  -0.7842   0.43294    
gichronYes             0.59118    0.99114   0.5965   0.55087    
anim_anyYes            0.15154    0.36692   0.4130   0.67960    
gicontactbaseYes       1.33712    0.58419   2.2888   0.02209 *  
gicontactbaseMissing -12.30203    1.52854  -8.0482 8.399e-16 ***
rawfood                0.19237    0.44269   0.4345   0.66390    
---
Signif. codes:  0 ‘***’ 0.001 ‘**’ 0.01 ‘*’ 0.05 ‘.’ 0.1 ‘ ’ 1

> 
> # Goddard
> gdfit <- mpreg(diarrheaci10~entero470 +agecat+female+racewhite+gichron+anim_any+gicontactbase+rawfood,dat=ad[ad$beach=="Goddard",],vcv=T)

Call:
glm(formula = formula, family = poisson(link = "log"), data = dat)

Deviance Residuals: 
    Min       1Q   Median       3Q      Max  
-0.6318  -0.3235  -0.2623  -0.2168   2.6988  

Coefficients:
                   Estimate Std. Error z value Pr(>|z|)    
(Intercept)        -2.81272    0.42608  -6.601 4.07e-11 ***
entero470           0.26119    0.72741   0.359   0.7195    
agecat5-14         -0.85539    0.47331  -1.807   0.0707 .  
agecat15-24        -0.90894    0.60779  -1.495   0.1348    
agecat25-34        -0.35083    0.48579  -0.722   0.4702    
agecat35-44        -0.42497    0.49305  -0.862   0.3887    
agecat45-54        -2.11743    1.06190  -1.994   0.0462 *  
agecat55-64        -1.60947    1.06380  -1.513   0.1303    
agecat65-74        -0.36169    1.07577  -0.336   0.7367    
agecat75+         -16.74490 5435.26453  -0.003   0.9975    
agecatMissing     -16.85156 2894.36980  -0.006   0.9954    
female              0.20216    0.31865   0.634   0.5258    
racewhiteYes        0.17814    0.35229   0.506   0.6131    
racewhiteMissing    0.34067 7257.85392   0.000   1.0000    
gichronYes          0.93347    0.75279   1.240   0.2150    
anim_anyYes        -0.08219    0.35072  -0.234   0.8147    
gicontactbaseYes  -16.08128 1257.49007  -0.013   0.9898    
rawfood             0.39463    0.36014   1.096   0.2732    
---
Signif. codes:  0 ‘***’ 0.001 ‘**’ 0.01 ‘*’ 0.05 ‘.’ 0.1 ‘ ’ 1

(Dispersion parameter for poisson family taken to be 1)

    Null deviance: 270.47  on 1050  degrees of freedom
Residual deviance: 252.05  on 1033  degrees of freedom
AIC: 372.05

Number of Fisher Scoring iterations: 17



Robust, Sandwich Standard Errors Account for Clustering:

z test of coefficients:

                   Estimate Std. Error  z value  Pr(>|z|)    
(Intercept)       -2.812719   0.481214  -5.8450 5.064e-09 ***
entero470          0.261187   0.651962   0.4006   0.68870    
agecat5-14        -0.855388   0.457295  -1.8705   0.06141 .  
agecat15-24       -0.908945   0.589926  -1.5408   0.12337    
agecat25-34       -0.350832   0.417559  -0.8402   0.40080    
agecat35-44       -0.424973   0.464796  -0.9143   0.36055    
agecat45-54       -2.117426   1.076036  -1.9678   0.04909 *  
agecat55-64       -1.609467   1.076351  -1.4953   0.13484    
agecat65-74       -0.361694   1.075728  -0.3362   0.73670    
agecat75+        -16.744899   0.746410 -22.4339 < 2.2e-16 ***
agecatMissing    -16.851561   0.594650 -28.3386 < 2.2e-16 ***
female             0.202164   0.289418   0.6985   0.48485    
racewhiteYes       0.178140   0.394908   0.4511   0.65192    
racewhiteMissing   0.340672   1.179376   0.2889   0.77269    
gichronYes         0.933471   0.697790   1.3378   0.18098    
anim_anyYes       -0.082195   0.407126  -0.2019   0.84000    
gicontactbaseYes -16.081283   0.302993 -53.0747 < 2.2e-16 ***
rawfood            0.394634   0.397483   0.9928   0.32079    
---
Signif. codes:  0 ‘***’ 0.001 ‘**’ 0.01 ‘*’ 0.05 ‘.’ 0.1 ‘ ’ 1

> 
> # Malibu
> mafit <- mpreg(diarrheaci10~entero470 +agecat+female+racewhite+gichron+anim_any+gicontactbase+rawfood,dat=ad[ad$beach=="Malibu",],vcv=T)

Call:
glm(formula = formula, family = poisson(link = "log"), data = dat)

Deviance Residuals: 
    Min       1Q   Median       3Q      Max  
-0.6977  -0.3411  -0.2989  -0.2816   2.5682  

Coefficients:
                   Estimate Std. Error z value Pr(>|z|)    
(Intercept)        -2.79209    0.29388  -9.501  < 2e-16 ***
entero470         -14.34124  885.88251  -0.016  0.98708    
agecat5-14         -0.45838    0.31529  -1.454  0.14599    
agecat15-24        -0.41478    0.35782  -1.159  0.24638    
agecat25-34        -0.35998    0.34974  -1.029  0.30334    
agecat35-44        -0.05221    0.33109  -0.158  0.87470    
agecat45-54        -0.52559    0.40410  -1.301  0.19338    
agecat55-64        -0.53881    0.56959  -0.946  0.34416    
agecat65-74       -14.69087  735.53118  -0.020  0.98406    
agecat75+         -14.85337 1642.93370  -0.009  0.99279    
female              0.03869    0.18285   0.212  0.83241    
racewhiteYes        0.10323    0.19382   0.533  0.59430    
racewhiteMissing   -1.03364    0.72437  -1.427  0.15360    
gichronYes          1.15695    0.42728   2.708  0.00678 ** 
anim_anyYes        -0.15417    0.23538  -0.655  0.51248    
gicontactbaseYes    0.10148    0.42126   0.241  0.80963    
rawfood             0.27438    0.21466   1.278  0.20117    
---
Signif. codes:  0 ‘***’ 0.001 ‘**’ 0.01 ‘*’ 0.05 ‘.’ 0.1 ‘ ’ 1

(Dispersion parameter for poisson family taken to be 1)

    Null deviance: 740.43  on 2494  degrees of freedom
Residual deviance: 720.67  on 2478  degrees of freedom
AIC: 1000.7

Number of Fisher Scoring iterations: 15



Robust, Sandwich Standard Errors Account for Clustering:

z test of coefficients:

                   Estimate Std. Error  z value  Pr(>|z|)    
(Intercept)       -2.792094   0.303949  -9.1861 < 2.2e-16 ***
entero470        -14.341240   0.358765 -39.9739 < 2.2e-16 ***
agecat5-14        -0.458380   0.319963  -1.4326  0.151971    
agecat15-24       -0.414782   0.355922  -1.1654  0.243868    
agecat25-34       -0.359982   0.345960  -1.0405  0.298094    
agecat35-44       -0.052212   0.311371  -0.1677  0.866832    
agecat45-54       -0.525590   0.399090  -1.3170  0.187848    
agecat55-64       -0.538811   0.551399  -0.9772  0.328484    
agecat65-74      -14.690873   0.400297 -36.6999 < 2.2e-16 ***
agecat75+        -14.853372   0.672244 -22.0952 < 2.2e-16 ***
female             0.038693   0.179304   0.2158  0.829148    
racewhiteYes       0.103234   0.209369   0.4931  0.621964    
racewhiteMissing  -1.033636   0.721811  -1.4320  0.152143    
gichronYes         1.156947   0.418261   2.7661  0.005673 ** 
anim_anyYes       -0.154168   0.233302  -0.6608  0.508736    
gicontactbaseYes   0.101481   0.430064   0.2360  0.813459    
rawfood            0.274378   0.223055   1.2301  0.218663    
---
Signif. codes:  0 ‘***’ 0.001 ‘**’ 0.01 ‘*’ 0.05 ‘.’ 0.1 ‘ ’ 1

> 
> # Mission Bay
> mbfit <- mpreg(diarrheaci10~entero470 +agecat+female+racewhite+gichron+anim_any+gicontactbase+rawfood,dat=ad[ad$beach=="Mission Bay",],vcv=T)

Call:
glm(formula = formula, family = poisson(link = "log"), data = dat)

Deviance Residuals: 
    Min       1Q   Median       3Q      Max  
-0.8387  -0.3239  -0.2746  -0.2182   2.5342  

Coefficients:
                       Estimate Std. Error z value Pr(>|z|)    
(Intercept)            -2.65585    0.21629 -12.279  < 2e-16 ***
entero470               0.40672    1.01949   0.399 0.689934    
agecat5-14             -0.60858    0.23512  -2.588 0.009641 ** 
agecat15-24            -0.59659    0.35602  -1.676 0.093799 .  
agecat25-34            -0.33263    0.30310  -1.097 0.272462    
agecat35-44            -0.58147    0.34053  -1.708 0.087721 .  
agecat45-54            -0.03935    0.39173  -0.100 0.919988    
agecat55-64           -14.78290  707.17471  -0.021 0.983322    
agecat65-74           -14.71641 1195.24392  -0.012 0.990176    
agecat75+             -14.47153 1718.57264  -0.008 0.993281    
agecatMissing          -1.54009    1.01762  -1.513 0.130172    
female                 -0.12714    0.17707  -0.718 0.472747    
racewhiteYes            0.71102    0.20860   3.409 0.000653 ***
racewhiteMissing      -13.77419  905.88522  -0.015 0.987868    
gichronYes              0.45611    0.59829   0.762 0.445844    
anim_anyYes             0.33000    0.20877   1.581 0.113940    
gicontactbaseYes        0.29028    0.51975   0.558 0.576506    
gicontactbaseMissing    0.37479    0.42292   0.886 0.375510    
rawfood                -0.62214    0.21166  -2.939 0.003290 ** 
---
Signif. codes:  0 ‘***’ 0.001 ‘**’ 0.01 ‘*’ 0.05 ‘.’ 0.1 ‘ ’ 1

(Dispersion parameter for poisson family taken to be 1)

    Null deviance: 806.20  on 2887  degrees of freedom
Residual deviance: 760.01  on 2869  degrees of freedom
AIC: 1058

Number of Fisher Scoring iterations: 15



Robust, Sandwich Standard Errors Account for Clustering:

z test of coefficients:

                       Estimate Std. Error  z value  Pr(>|z|)    
(Intercept)           -2.655853   0.244480 -10.8633 < 2.2e-16 ***
entero470              0.406719   1.039697   0.3912  0.695657    
agecat5-14            -0.608584   0.273743  -2.2232  0.026203 *  
agecat15-24           -0.596586   0.384779  -1.5505  0.121031    
agecat25-34           -0.332626   0.296399  -1.1222  0.261768    
agecat35-44           -0.581470   0.342971  -1.6954  0.090001 .  
agecat45-54           -0.039349   0.439433  -0.0895  0.928649    
agecat55-64          -14.782895   0.329318 -44.8894 < 2.2e-16 ***
agecat65-74          -14.716408   0.446251 -32.9778 < 2.2e-16 ***
agecat75+            -14.471527   0.557996 -25.9348 < 2.2e-16 ***
agecatMissing         -1.540088   0.983555  -1.5658  0.117387    
female                -0.127137   0.158845  -0.8004  0.423486    
racewhiteYes           0.711017   0.255105   2.7872  0.005317 ** 
racewhiteMissing     -13.774195   0.450185 -30.5968 < 2.2e-16 ***
gichronYes             0.456115   0.608615   0.7494  0.453598    
anim_anyYes            0.330002   0.248228   1.3294  0.183705    
gicontactbaseYes       0.290279   0.444146   0.6536  0.513391    
gicontactbaseMissing   0.374795   0.404760   0.9260  0.354463    
rawfood               -0.622140   0.210588  -2.9543  0.003134 ** 
---
Signif. codes:  0 ‘***’ 0.001 ‘**’ 0.01 ‘*’ 0.05 ‘.’ 0.1 ‘ ’ 1

> 
> # Surfside
> sufit <- mpreg(diarrheaci10~entero470 +agecat+female+racewhite+gichron+anim_any+gicontactbase+rawfood,dat=ad[ad$beach=="Surfside",],vcv=T)

Call:
glm(formula = formula, family = poisson(link = "log"), data = dat)

Deviance Residuals: 
    Min       1Q   Median       3Q      Max  
-0.7675  -0.3161  -0.2760  -0.2373   2.5386  

Coefficients:
                  Estimate Std. Error z value Pr(>|z|)    
(Intercept)       -3.47532    0.35987  -9.657  < 2e-16 ***
entero470          0.10094    0.23098   0.437  0.66210    
agecat5-14        -0.75610    0.23850  -3.170  0.00152 ** 
agecat15-24       -0.70913    0.24237  -2.926  0.00344 ** 
agecat25-34       -0.17365    0.23380  -0.743  0.45764    
agecat35-44       -0.34305    0.23111  -1.484  0.13771    
agecat45-54       -0.47067    0.23584  -1.996  0.04596 *  
agecat55-64       -0.27402    0.26424  -1.037  0.29973    
agecat65-74      -14.59101  284.96871  -0.051  0.95916    
agecat75+         -0.58948    1.01935  -0.578  0.56307    
agecatMissing      0.33390    0.42306   0.789  0.42996    
female             0.08840    0.10978   0.805  0.42066    
racewhiteYes       0.54868    0.30884   1.777  0.07563 .  
racewhiteMissing -14.26381  838.31846  -0.017  0.98642    
gichronYes         1.03948    0.21221   4.898 9.67e-07 ***
anim_anyYes        0.02413    0.13583   0.178  0.85900    
gicontactbaseYes   0.62673    0.19544   3.207  0.00134 ** 
rawfood            0.35692    0.12040   2.964  0.00303 ** 
---
Signif. codes:  0 ‘***’ 0.001 ‘**’ 0.01 ‘*’ 0.05 ‘.’ 0.1 ‘ ’ 1

(Dispersion parameter for poisson family taken to be 1)

    Null deviance: 2150.7  on 7935  degrees of freedom
Residual deviance: 2066.9  on 7918  degrees of freedom
AIC: 2786.9

Number of Fisher Scoring iterations: 15



Robust, Sandwich Standard Errors Account for Clustering:

z test of coefficients:

                   Estimate Std. Error  z value  Pr(>|z|)    
(Intercept)       -3.475325   0.433960  -8.0084 1.162e-15 ***
entero470          0.100943   0.283631   0.3559  0.721920    
agecat5-14        -0.756097   0.257467  -2.9367  0.003318 ** 
agecat15-24       -0.709131   0.244021  -2.9060  0.003660 ** 
agecat25-34       -0.173653   0.225011  -0.7718  0.440261    
agecat35-44       -0.343053   0.235921  -1.4541  0.145917    
agecat45-54       -0.470668   0.234184  -2.0098  0.044450 *  
agecat55-64       -0.274015   0.262936  -1.0421  0.297347    
agecat65-74      -14.591011   0.223311 -65.3393 < 2.2e-16 ***
agecat75+         -0.589478   1.006828  -0.5855  0.558225    
agecatMissing      0.333903   0.636491   0.5246  0.599861    
female             0.088404   0.104420   0.8466  0.397208    
racewhiteYes       0.548682   0.374142   1.4665  0.142510    
racewhiteMissing -14.263811   0.890882 -16.0109 < 2.2e-16 ***
gichronYes         1.039480   0.193906   5.3607 8.288e-08 ***
anim_anyYes        0.024129   0.156151   0.1545  0.877196    
gicontactbaseYes   0.626727   0.222910   2.8116  0.004930 ** 
rawfood            0.356924   0.124702   2.8622  0.004207 ** 
---
Signif. codes:  0 ‘***’ 0.001 ‘**’ 0.01 ‘*’ 0.05 ‘.’ 0.1 ‘ ’ 1

> 
> 
> # --------------------------------------
> # Pooled estimates
> # (can't use the mpreg fn because we 
> # need the actual glm returned object 
> # for the LR tests)
> 
> # all beaches
> all.fit <- glm(diarrheaci10~entero470 +agecat+female+racewhite+gichron+anim_any+gicontactbase+rawfood+beach,family=poisson(link="log"),data=ad)
> 	all.VC <- cl(ad,fm=all.fit,cluster=ad$hhid)
> 	overall.fit <- coeftest(all.fit, all.VC)
> 	summary(all.fit)

Call:
glm(formula = diarrheaci10 ~ entero470 + agecat + female + racewhite + 
    gichron + anim_any + gicontactbase + rawfood + beach, family = poisson(link = "log"), 
    data = ad)

Deviance Residuals: 
    Min       1Q   Median       3Q      Max  
-0.9189  -0.3175  -0.2733  -0.2391   2.7922  

Coefficients:
                      Estimate Std. Error z value Pr(>|z|)    
(Intercept)           -2.80493    0.10909 -25.713  < 2e-16 ***
entero470              0.32802    0.10985   2.986 0.002825 ** 
agecat5-14            -0.69094    0.07822  -8.833  < 2e-16 ***
agecat15-24           -0.69589    0.08866  -7.849 4.20e-15 ***
agecat25-34           -0.30793    0.08485  -3.629 0.000284 ***
agecat35-44           -0.32963    0.08360  -3.943 8.05e-05 ***
agecat45-54           -0.50968    0.09544  -5.340 9.29e-08 ***
agecat55-64           -0.51368    0.12723  -4.037 5.41e-05 ***
agecat65-74           -1.05423    0.28534  -3.695 0.000220 ***
agecat75+             -1.98934    1.00226  -1.985 0.047161 *  
agecatMissing         -0.57101    0.21082  -2.709 0.006758 ** 
female                 0.05477    0.04507   1.215 0.224286    
racewhiteYes           0.23869    0.06912   3.453 0.000554 ***
racewhiteMissing      -0.06180    0.28464  -0.217 0.828108    
gichronYes             0.72430    0.10336   7.007 2.43e-12 ***
gichronMissing       -10.13236  121.33446  -0.084 0.933448    
anim_anyYes            0.17844    0.05354   3.333 0.000861 ***
gicontactbaseYes       0.62751    0.08291   7.569 3.76e-14 ***
gicontactbaseMissing   0.45072    0.27148   1.660 0.096875 .  
rawfood                0.20780    0.05591   3.717 0.000202 ***
beachBoqueron         -0.47507    0.10688  -4.445 8.79e-06 ***
beachDoheny           -0.15654    0.11107  -1.409 0.158713    
beachEdgewater        -0.05146    0.17354  -0.297 0.766809    
beachFairhope          0.07935    0.15950   0.498 0.618831    
beachGoddard          -0.37239    0.17140  -2.173 0.029810 *  
beachHuntington        0.48894    0.13989   3.495 0.000474 ***
beachMalibu           -0.05185    0.11487  -0.451 0.651717    
beachMission Bay      -0.07169    0.12118  -0.592 0.554114    
beachSilver           -0.32497    0.10024  -3.242 0.001187 ** 
beachSurfside         -0.38999    0.09354  -4.169 3.06e-05 ***
beachWashington Park  -0.08895    0.11778  -0.755 0.450139    
beachWest              0.23690    0.11976   1.978 0.047912 *  
---
Signif. codes:  0 ‘***’ 0.001 ‘**’ 0.01 ‘*’ 0.05 ‘.’ 0.1 ‘ ’ 1

(Dispersion parameter for poisson family taken to be 1)

    Null deviance: 12420  on 44856  degrees of freedom
Residual deviance: 11988  on 44825  degrees of freedom
AIC: 16042

Number of Fisher Scoring iterations: 11

> 	overall.fit

z test of coefficients:

                       Estimate Std. Error  z value  Pr(>|z|)    
(Intercept)           -2.804927   0.122455 -22.9059 < 2.2e-16 ***
entero470              0.328020   0.125426   2.6152 0.0089164 ** 
agecat5-14            -0.690935   0.081024  -8.5275 < 2.2e-16 ***
agecat15-24           -0.695890   0.089798  -7.7495 9.227e-15 ***
agecat25-34           -0.307929   0.082733  -3.7220 0.0001977 ***
agecat35-44           -0.329628   0.083029  -3.9700 7.186e-05 ***
agecat45-54           -0.509679   0.096276  -5.2939 1.197e-07 ***
agecat55-64           -0.513678   0.126253  -4.0686 4.729e-05 ***
agecat65-74           -1.054228   0.282977  -3.7255 0.0001949 ***
agecat75+             -1.989340   1.000427  -1.9885 0.0467573 *  
agecatMissing         -0.571010   0.271374  -2.1041 0.0353661 *  
female                 0.054767   0.042873   1.2774 0.2014573    
racewhiteYes           0.238689   0.080495   2.9653 0.0030243 ** 
racewhiteMissing      -0.061804   0.298743  -0.2069 0.8361023    
gichronYes             0.724298   0.100569   7.2020 5.934e-13 ***
gichronMissing       -10.132358   0.338030 -29.9747 < 2.2e-16 ***
anim_anyYes            0.178438   0.059241   3.0121 0.0025948 ** 
gicontactbaseYes       0.627507   0.089312   7.0260 2.125e-12 ***
gicontactbaseMissing   0.450717   0.252364   1.7860 0.0741030 .  
rawfood                0.207802   0.059429   3.4966 0.0004712 ***
beachBoqueron         -0.475074   0.124138  -3.8270 0.0001297 ***
beachDoheny           -0.156539   0.126194  -1.2405 0.2148048    
beachEdgewater        -0.051464   0.187052  -0.2751 0.7832142    
beachFairhope          0.079351   0.179208   0.4428 0.6579186    
beachGoddard          -0.372395   0.203753  -1.8277 0.0675979 .  
beachHuntington        0.488936   0.156795   3.1183 0.0018189 ** 
beachMalibu           -0.051850   0.126011  -0.4115 0.6807259    
beachMission Bay      -0.071693   0.149451  -0.4797 0.6314322    
beachSilver           -0.324968   0.109510  -2.9675 0.0030026 ** 
beachSurfside         -0.389987   0.105459  -3.6980 0.0002173 ***
beachWashington Park  -0.088948   0.134499  -0.6613 0.5084047    
beachWest              0.236900   0.135979   1.7422 0.0814780 .  
---
Signif. codes:  0 ‘***’ 0.001 ‘**’ 0.01 ‘*’ 0.05 ‘.’ 0.1 ‘ ’ 1

> 
> # Interaction model with fresh v. marine beaches
> mf.ref <- glm(diarrheaci10~entero470 +marine +agecat+female+racewhite+gichron+anim_any+gicontactbase+rawfood+beach,family=poisson(link="log"),data=ad)
> mf.fit <- glm(diarrheaci10~entero470*marine +agecat+female+racewhite+gichron+anim_any+gicontactbase+rawfood+beach,family=poisson(link="log"),data=ad)
> 	mf.VC <- cl(ad,fm=mf.fit,cluster=ad$hhid)
> 	mf.body <- coeftest(mf.fit, mf.VC) 
> 	summary(mf.fit)

Call:
glm(formula = diarrheaci10 ~ entero470 * marine + agecat + female + 
    racewhite + gichron + anim_any + gicontactbase + rawfood + 
    beach, family = poisson(link = "log"), data = ad)

Deviance Residuals: 
    Min       1Q   Median       3Q      Max  
-0.9189  -0.3175  -0.2731  -0.2390   2.7929  

Coefficients: (1 not defined because of singularities)
                      Estimate Std. Error z value Pr(>|z|)    
(Intercept)           -2.55684    0.13422 -19.050  < 2e-16 ***
entero470              0.28411    0.18564   1.530 0.125917    
marineYes             -0.25031    0.12777  -1.959 0.050102 .  
agecat5-14            -0.69077    0.07822  -8.831  < 2e-16 ***
agecat15-24           -0.69624    0.08867  -7.852 4.10e-15 ***
agecat25-34           -0.30809    0.08485  -3.631 0.000282 ***
agecat35-44           -0.32956    0.08360  -3.942 8.08e-05 ***
agecat45-54           -0.50950    0.09544  -5.338 9.39e-08 ***
agecat55-64           -0.51418    0.12724  -4.041 5.32e-05 ***
agecat65-74           -1.05426    0.28534  -3.695 0.000220 ***
agecat75+             -1.98937    1.00226  -1.985 0.047158 *  
agecatMissing         -0.57141    0.21082  -2.710 0.006721 ** 
female                 0.05469    0.04507   1.214 0.224930    
racewhiteYes           0.23931    0.06915   3.461 0.000539 ***
racewhiteMissing      -0.06333    0.28469  -0.222 0.823964    
gichronYes             0.72408    0.10336   7.005 2.47e-12 ***
gichronMissing       -10.13165  121.33967  -0.083 0.933455    
anim_anyYes            0.17855    0.05355   3.334 0.000855 ***
gicontactbaseYes       0.62754    0.08291   7.569 3.75e-14 ***
gicontactbaseMissing   0.44992    0.27149   1.657 0.097473 .  
rawfood                0.20792    0.05591   3.719 0.000200 ***
beachBoqueron         -0.47282    0.10717  -4.412 1.02e-05 ***
beachDoheny           -0.15498    0.11120  -1.394 0.163403    
beachEdgewater        -0.05904    0.17548  -0.336 0.736530    
beachFairhope          0.08020    0.15953   0.503 0.615147    
beachGoddard          -0.37166    0.17143  -2.168 0.030154 *  
beachHuntington        0.24349    0.15174   1.605 0.108559    
beachMalibu           -0.05015    0.11502  -0.436 0.662839    
beachMission Bay      -0.06974    0.12137  -0.575 0.565561    
beachSilver           -0.57363    0.12124  -4.731 2.23e-06 ***
beachSurfside         -0.39012    0.09354  -4.170 3.04e-05 ***
beachWashington Park  -0.33759    0.13606  -2.481 0.013094 *  
beachWest                   NA         NA      NA       NA    
entero470:marineYes    0.06796    0.23012   0.295 0.767755    
---
Signif. codes:  0 ‘***’ 0.001 ‘**’ 0.01 ‘*’ 0.05 ‘.’ 0.1 ‘ ’ 1

(Dispersion parameter for poisson family taken to be 1)

    Null deviance: 12420  on 44856  degrees of freedom
Residual deviance: 11988  on 44824  degrees of freedom
AIC: 16044

Number of Fisher Scoring iterations: 11

> 	lrtest(mf.ref,mf.fit)
Likelihood ratio test

Model 1: diarrheaci10 ~ entero470 + marine + agecat + female + racewhite + 
    gichron + anim_any + gicontactbase + rawfood + beach
Model 2: diarrheaci10 ~ entero470 * marine + agecat + female + racewhite + 
    gichron + anim_any + gicontactbase + rawfood + beach
  #Df  LogLik Df  Chisq Pr(>Chisq)
1  32 -7989.2                     
2  33 -7989.2  1 0.0875     0.7674
> 	
> 	# Calculate the RERI for effect modification on the additive scale
> 	mf.reri <- reri(b1=mf.body[2,1],b2=mf.body[3,1],b3=mf.body[nrow(mf.body),1],vcv=mf.VC[c(2,3,nrow(mf.VC)),c(2,3,nrow(mf.VC))])

RERI (95% CI) = -0.000 (-0.621,0.621); Pr > |z|= 1.000
> 	
> 
> # Interaction model with point v. non-point source beaches
> ps.ref <- glm(diarrheaci10~entero470 +pointsource +agecat+female+racewhite+gichron+anim_any+gicontactbase+rawfood+beach,family=poisson(link="log"),data=ad)
> ps.fit <- glm(diarrheaci10~entero470*pointsource +agecat+female+racewhite+gichron+anim_any+gicontactbase+rawfood+beach,family=poisson(link="log"),data=ad)
> 	ps.VC <- cl(ad,fm=ps.fit,cluster=ad$hhid)
> 	ps.body <- coeftest(ps.fit, ps.VC) 
> 	summary(ps.fit)

Call:
glm(formula = diarrheaci10 ~ entero470 * pointsource + agecat + 
    female + racewhite + gichron + anim_any + gicontactbase + 
    rawfood + beach, family = poisson(link = "log"), data = ad)

Deviance Residuals: 
    Min       1Q   Median       3Q      Max  
-0.9197  -0.3175  -0.2741  -0.2390   2.7894  

Coefficients: (1 not defined because of singularities)
                          Estimate Std. Error z value Pr(>|z|)    
(Intercept)               -3.18817    0.11123 -28.662  < 2e-16 ***
entero470                  0.22976    0.20627   1.114 0.265340    
pointsourceYes             0.38034    0.09497   4.005 6.21e-05 ***
agecat5-14                -0.69177    0.07824  -8.842  < 2e-16 ***
agecat15-24               -0.69601    0.08866  -7.850 4.15e-15 ***
agecat25-34               -0.30776    0.08485  -3.627 0.000287 ***
agecat35-44               -0.33013    0.08361  -3.949 7.86e-05 ***
agecat45-54               -0.51031    0.09545  -5.346 8.97e-08 ***
agecat55-64               -0.51309    0.12724  -4.033 5.52e-05 ***
agecat65-74               -1.05377    0.28534  -3.693 0.000222 ***
agecat75+                 -1.98776    1.00226  -1.983 0.047337 *  
agecatMissing             -0.57009    0.21081  -2.704 0.006846 ** 
female                     0.05495    0.04507   1.219 0.222777    
racewhiteYes               0.23831    0.06913   3.447 0.000566 ***
racewhiteMissing          -0.06054    0.28464  -0.213 0.831576    
gichronYes                 0.72480    0.10337   7.012 2.35e-12 ***
gichronMissing           -10.13032  121.44788  -0.083 0.933523    
anim_anyYes                0.17874    0.05355   3.338 0.000844 ***
gicontactbaseYes           0.62818    0.08292   7.576 3.56e-14 ***
gicontactbaseMissing       0.45205    0.27150   1.665 0.095919 .  
rawfood                    0.20836    0.05591   3.727 0.000194 ***
beachBoqueron             -0.47241    0.10700  -4.415 1.01e-05 ***
beachDoheny                0.22782    0.10781   2.113 0.034579 *  
beachEdgewater            -0.06491    0.17523  -0.370 0.711045    
beachFairhope              0.08084    0.15952   0.507 0.612318    
beachGoddard              -0.37139    0.17142  -2.167 0.030269 *  
beachHuntington            0.48882    0.13990   3.494 0.000476 ***
beachMalibu                0.33221    0.11177   2.972 0.002956 ** 
beachMission Bay           0.31206    0.12040   2.592 0.009546 ** 
beachSilver               -0.32199    0.10040  -3.207 0.001341 ** 
beachSurfside                   NA         NA      NA       NA    
beachWashington Park      -0.08597    0.11792  -0.729 0.465955    
beachWest                  0.22851    0.12073   1.893 0.058394 .  
entero470:pointsourceYes   0.13994    0.24422   0.573 0.566649    
---
Signif. codes:  0 ‘***’ 0.001 ‘**’ 0.01 ‘*’ 0.05 ‘.’ 0.1 ‘ ’ 1

(Dispersion parameter for poisson family taken to be 1)

    Null deviance: 12420  on 44856  degrees of freedom
Residual deviance: 11988  on 44824  degrees of freedom
AIC: 16044

Number of Fisher Scoring iterations: 11

> 	lrtest(ps.ref,ps.fit)
Likelihood ratio test

Model 1: diarrheaci10 ~ entero470 + pointsource + agecat + female + racewhite + 
    gichron + anim_any + gicontactbase + rawfood + beach
Model 2: diarrheaci10 ~ entero470 * pointsource + agecat + female + racewhite + 
    gichron + anim_any + gicontactbase + rawfood + beach
  #Df  LogLik Df  Chisq Pr(>Chisq)
1  32 -7989.2                     
2  33 -7989.1  1 0.3344     0.5631
> 	
> 	# Calculate the RERI for effect modification on the additive scale
> 	ps.reri <- reri(b1=ps.body[2,1],b2=ps.body[3,1],b3=ps.body[nrow(ps.body),1],vcv=ps.VC[c(2,3,nrow(ps.VC)),c(2,3,nrow(ps.VC))])

RERI (95% CI) = 0.396 (-0.461,1.253); Pr > |z|= 0.365
> 
> # --------------------------------------
> # Age-stratified estimates and LR tests of
> # interaction
> 
> # reduced models for LR tests of indicator x age interactions
> agestrat.ref <- glm(diarrheaci10~entero470 +agestrat+female+racewhite+gichron+anim_any+gicontactbase+rawfood+beach,family=poisson(link="log"),data=ad)
> 
> # Pooled estimate (Age 0-4, 5-10, >10), Body Immersion
> agestrat.fit <- glm(diarrheaci10~ entero470*agestrat +female+racewhite+gichron+anim_any+gicontactbase+rawfood+beach,family=poisson(link="log"),data=ad)
> 	# commented out robust SE calcs b/c not used
> 	# agestrat.VC <- cl(ad,fm=agestrat.fit,cluster=ad$hhid)
> 	# agestrat.body <- coeftest(agestrat.fit, agestrat.VC) 
> 	lrtest(agestrat.ref,agestrat.fit)
Likelihood ratio test

Model 1: diarrheaci10 ~ entero470 + agestrat + female + racewhite + gichron + 
    anim_any + gicontactbase + rawfood + beach
Model 2: diarrheaci10 ~ entero470 * agestrat + female + racewhite + gichron + 
    anim_any + gicontactbase + rawfood + beach
  #Df  LogLik Df  Chisq Pr(>Chisq)  
1  26 -8015.9                       
2  29 -8012.4  3 6.9428    0.07374 .
---
Signif. codes:  0 ‘***’ 0.001 ‘**’ 0.01 ‘*’ 0.05 ‘.’ 0.1 ‘ ’ 1
> 
> 
> # --------------------------------------
> # Stratified Models 
> # based on tests of interaction (above)
> # stratify the results by non-point and
> # point source conditions
> # --------------------------------------
> 
> # Pooled Non-point source and point-source
> nps <- mpreg(diarrheaci10~entero470 +female+racewhite+gichron+anim_any+gicontactbase+rawfood+beach,dat=ad[ad$pointsource=="No",],vcv=T)

Call:
glm(formula = formula, family = poisson(link = "log"), data = dat)

Deviance Residuals: 
    Min       1Q   Median       3Q      Max  
-0.7639  -0.3027  -0.2799  -0.2739   2.5011  

Coefficients:
                      Estimate Std. Error z value Pr(>|z|)    
(Intercept)          -3.462337   0.125618 -27.563  < 2e-16 ***
entero470             0.250486   0.206225   1.215  0.22451    
female                0.005858   0.074513   0.079  0.93734    
racewhiteYes          0.336890   0.110006   3.062  0.00220 ** 
racewhiteMissing     -0.649101   0.509298  -1.275  0.20249    
gichronYes            1.035586   0.163621   6.329 2.46e-10 ***
anim_anyYes           0.049827   0.091565   0.544  0.58632    
gicontactbaseYes      0.492783   0.151680   3.249  0.00116 ** 
gicontactbaseMissing  0.414969   0.340554   1.219  0.22303    
rawfood               0.156841   0.083318   1.882  0.05978 .  
beachMalibu           0.152680   0.125043   1.221  0.22208    
beachMission Bay      0.179205   0.138926   1.290  0.19708    
beachSurfside        -0.169974   0.116022  -1.465  0.14292    
---
Signif. codes:  0 ‘***’ 0.001 ‘**’ 0.01 ‘*’ 0.05 ‘.’ 0.1 ‘ ’ 1

(Dispersion parameter for poisson family taken to be 1)

    Null deviance: 4547.6  on 16397  degrees of freedom
Residual deviance: 4480.9  on 16385  degrees of freedom
AIC: 5968.9

Number of Fisher Scoring iterations: 6



Robust, Sandwich Standard Errors Account for Clustering:

z test of coefficients:

                       Estimate Std. Error  z value  Pr(>|z|)    
(Intercept)          -3.4623371  0.1479220 -23.4065 < 2.2e-16 ***
entero470             0.2504857  0.2573066   0.9735  0.330309    
female                0.0058579  0.0712607   0.0822  0.934485    
racewhiteYes          0.3368904  0.1318405   2.5553  0.010610 *  
racewhiteMissing     -0.6491008  0.5084296  -1.2767  0.201716    
gichronYes            1.0355863  0.1533796   6.7518  1.46e-11 ***
anim_anyYes           0.0498272  0.1006999   0.4948  0.620735    
gicontactbaseYes      0.4927833  0.1648292   2.9897  0.002793 ** 
gicontactbaseMissing  0.4149691  0.3261249   1.2724  0.203223    
rawfood               0.1568413  0.0915365   1.7134  0.086634 .  
beachMalibu           0.1526803  0.1403769   1.0876  0.276752    
beachMission Bay      0.1792048  0.1771228   1.0118  0.311655    
beachSurfside        -0.1699737  0.1305889  -1.3016  0.193055    
---
Signif. codes:  0 ‘***’ 0.001 ‘**’ 0.01 ‘*’ 0.05 ‘.’ 0.1 ‘ ’ 1

> ps <- mpreg(diarrheaci10~entero470 +female+racewhite+gichron+anim_any+gicontactbase+rawfood+beach,dat=ad[ad$pointsource=="Yes",],vcv=T)

Call:
glm(formula = formula, family = poisson(link = "log"), data = dat)

Deviance Residuals: 
    Min       1Q   Median       3Q      Max  
-0.7727  -0.3185  -0.2801  -0.2367   2.3756  

Coefficients:
                      Estimate Std. Error z value Pr(>|z|)    
(Intercept)           -3.29588    0.10442 -31.562  < 2e-16 ***
entero470              0.36255    0.13026   2.783 0.005380 ** 
female                 0.07938    0.05657   1.403 0.160563    
racewhiteYes           0.16327    0.08751   1.866 0.062089 .  
racewhiteMissing       0.34955    0.34277   1.020 0.307832    
gichronYes             0.59402    0.13156   4.515 6.33e-06 ***
gichronMissing       -11.31584  202.55228  -0.056 0.955448    
anim_anyYes            0.22422    0.06632   3.381 0.000722 ***
gicontactbaseYes       0.71011    0.09905   7.170 7.53e-13 ***
gicontactbaseMissing   0.42096    0.44990   0.936 0.349441    
rawfood                0.25711    0.07302   3.521 0.000430 ***
beachBoqueron         -0.50343    0.11588  -4.345 1.40e-05 ***
beachEdgewater        -0.04637    0.17584  -0.264 0.791991    
beachFairhope          0.11588    0.16058   0.722 0.470516    
beachGoddard          -0.34664    0.17248  -2.010 0.044460 *  
beachHuntington        0.52524    0.14199   3.699 0.000216 ***
beachSilver           -0.31366    0.10262  -3.056 0.002241 ** 
beachWashington Park  -0.07765    0.11997  -0.647 0.517436    
beachWest              0.22281    0.12181   1.829 0.067384 .  
---
Signif. codes:  0 ‘***’ 0.001 ‘**’ 0.01 ‘*’ 0.05 ‘.’ 0.1 ‘ ’ 1

(Dispersion parameter for poisson family taken to be 1)

    Null deviance: 7872.7  on 28458  degrees of freedom
Residual deviance: 7605.1  on 28440  degrees of freedom
AIC: 10171

Number of Fisher Scoring iterations: 12



Robust, Sandwich Standard Errors Account for Clustering:

z test of coefficients:

                       Estimate Std. Error  z value  Pr(>|z|)    
(Intercept)           -3.295884   0.120396 -27.3753 < 2.2e-16 ***
entero470              0.362551   0.143544   2.5257 0.0115462 *  
female                 0.079385   0.053769   1.4764 0.1398333    
racewhiteYes           0.163268   0.098948   1.6500 0.0989347 .  
racewhiteMissing       0.349553   0.362830   0.9634 0.3353426    
gichronYes             0.594017   0.130082   4.5665 4.960e-06 ***
gichronMissing       -11.315842   0.348899 -32.4330 < 2.2e-16 ***
anim_anyYes            0.224216   0.073427   3.0536 0.0022612 ** 
gicontactbaseYes       0.710113   0.106050   6.6960 2.142e-11 ***
gicontactbaseMissing   0.420963   0.407846   1.0322 0.3019968    
rawfood                0.257111   0.077202   3.3304 0.0008673 ***
beachBoqueron         -0.503427   0.134541  -3.7418 0.0001827 ***
beachEdgewater        -0.046374   0.189933  -0.2442 0.8071056    
beachFairhope          0.115879   0.181858   0.6372 0.5239994    
beachGoddard          -0.346641   0.206514  -1.6785 0.0932427 .  
beachHuntington        0.525244   0.159408   3.2950 0.0009843 ***
beachSilver           -0.313657   0.112694  -2.7833 0.0053816 ** 
beachWashington Park  -0.077655   0.136668  -0.5682 0.5698975    
beachWest              0.222813   0.138358   1.6104 0.1073101    
---
Signif. codes:  0 ‘***’ 0.001 ‘**’ 0.01 ‘*’ 0.05 ‘.’ 0.1 ‘ ’ 1

> 
> # Age-stratified results
> age0to4   <- mpreg(diarrheaci10~entero470 +female+racewhite+gichron+anim_any+gicontactbase+rawfood+beach,dat=ad[ad$agestrat=="(0, 4]",],vcv=T)

Call:
glm(formula = formula, family = poisson(link = "log"), data = dat)

Deviance Residuals: 
    Min       1Q   Median       3Q      Max  
-0.6891  -0.3889  -0.3606  -0.3152   2.1819  

Coefficients:
                     Estimate Std. Error z value Pr(>|z|)    
(Intercept)          -2.36318    0.24154  -9.784  < 2e-16 ***
entero470            -0.06156    0.34527  -0.178  0.85849    
female               -0.09427    0.12563  -0.750  0.45302    
racewhiteYes          0.19613    0.17380   1.129  0.25911    
racewhiteMissing      0.30121    0.72913   0.413  0.67952    
gichronYes            0.31477    0.71436   0.441  0.65948    
anim_anyYes           0.27649    0.14668   1.885  0.05943 .  
gicontactbaseYes      0.35232    0.27628   1.275  0.20224    
gicontactbaseMissing  0.72907    0.59508   1.225  0.22051    
rawfood              -0.61944    0.28063  -2.207  0.02729 *  
beachBoqueron        -0.63890    0.28741  -2.223  0.02622 *  
beachDoheny          -0.47560    0.30383  -1.565  0.11750    
beachEdgewater       -0.28518    0.49896  -0.572  0.56763    
beachFairhope        -0.21604    0.34319  -0.629  0.52902    
beachGoddard         -0.46346    0.38896  -1.192  0.23344    
beachHuntington      -0.23338    0.39288  -0.594  0.55249    
beachMalibu          -0.50194    0.32560  -1.542  0.12318    
beachMission Bay     -0.21883    0.29138  -0.751  0.45265    
beachSilver          -0.72832    0.26925  -2.705  0.00683 ** 
beachSurfside        -0.81870    0.27817  -2.943  0.00325 ** 
beachWashington Park -0.56620    0.33065  -1.712  0.08683 .  
beachWest            -0.10498    0.34272  -0.306  0.75937    
---
Signif. codes:  0 ‘***’ 0.001 ‘**’ 0.01 ‘*’ 0.05 ‘.’ 0.1 ‘ ’ 1

(Dispersion parameter for poisson family taken to be 1)

    Null deviance: 1360.7  on 3650  degrees of freedom
Residual deviance: 1330.6  on 3629  degrees of freedom
AIC: 1886.6

Number of Fisher Scoring iterations: 6



Robust, Sandwich Standard Errors Account for Clustering:

z test of coefficients:

                      Estimate Std. Error z value  Pr(>|z|)    
(Intercept)          -2.363178   0.240881 -9.8106 < 2.2e-16 ***
entero470            -0.061563   0.339982 -0.1811  0.856307    
female               -0.094270   0.121243 -0.7775  0.436850    
racewhiteYes          0.196135   0.179660  1.0917  0.274964    
racewhiteMissing      0.301213   0.724900  0.4155  0.677759    
gichronYes            0.314772   0.657376  0.4788  0.632059    
anim_anyYes           0.276488   0.155375  1.7795  0.075159 .  
gicontactbaseYes      0.352316   0.280298  1.2569  0.208777    
gicontactbaseMissing  0.729066   0.586959  1.2421  0.214197    
rawfood              -0.619438   0.273677 -2.2634  0.023612 *  
beachBoqueron        -0.638900   0.302103 -2.1148  0.034444 *  
beachDoheny          -0.475600   0.296954 -1.6016  0.109245    
beachEdgewater       -0.285176   0.497861 -0.5728  0.566779    
beachFairhope        -0.216036   0.340916 -0.6337  0.526282    
beachGoddard         -0.463462   0.416940 -1.1116  0.266318    
beachHuntington      -0.233383   0.411368 -0.5673  0.570487    
beachMalibu          -0.501939   0.339639 -1.4779  0.139445    
beachMission Bay     -0.218829   0.312978 -0.6992  0.484437    
beachSilver          -0.728315   0.289536 -2.5155  0.011888 *  
beachSurfside        -0.818696   0.293098 -2.7932  0.005218 ** 
beachWashington Park -0.566199   0.328683 -1.7226  0.084955 .  
beachWest            -0.104979   0.347273 -0.3023  0.762426    
---
Signif. codes:  0 ‘***’ 0.001 ‘**’ 0.01 ‘*’ 0.05 ‘.’ 0.1 ‘ ’ 1

> age5to10  <- mpreg(diarrheaci10~entero470 +female+racewhite+gichron+anim_any+gicontactbase+rawfood+beach,dat=ad[ad$agestrat=="(4, 10]",],vcv=T)

Call:
glm(formula = formula, family = poisson(link = "log"), data = dat)

Deviance Residuals: 
    Min       1Q   Median       3Q      Max  
-0.7227  -0.3066  -0.2705  -0.2251   2.4986  

Coefficients:
                      Estimate Std. Error z value Pr(>|z|)    
(Intercept)           -3.39064    0.21101 -16.068  < 2e-16 ***
entero470              0.38753    0.26024   1.489  0.13645    
female                -0.07566    0.11185  -0.676  0.49880    
racewhiteYes           0.40908    0.15515   2.637  0.00837 ** 
racewhiteMissing       0.13076    0.59684   0.219  0.82658    
gichronYes             0.91818    0.45299   2.027  0.04267 *  
gichronMissing       -10.13185  269.92452  -0.038  0.97006    
anim_anyYes            0.08240    0.13826   0.596  0.55117    
gicontactbaseYes       0.39347    0.22754   1.729  0.08377 .  
gicontactbaseMissing   0.04481    0.71444   0.063  0.94999    
rawfood               -0.22371    0.18831  -1.188  0.23483    
beachBoqueron         -0.57307    0.28608  -2.003  0.04516 *  
beachDoheny           -0.27645    0.24489  -1.129  0.25894    
beachEdgewater        -0.14337    0.48860  -0.293  0.76920    
beachFairhope         -0.20425    0.37702  -0.542  0.58799    
beachGoddard          -0.20869    0.39486  -0.529  0.59715    
beachHuntington        0.72064    0.28415   2.536  0.01121 *  
beachMalibu            0.26581    0.25376   1.048  0.29487    
beachMission Bay       0.25619    0.24976   1.026  0.30500    
beachSilver           -0.14785    0.22927  -0.645  0.51900    
beachSurfside         -0.69389    0.26252  -2.643  0.00821 ** 
beachWashington Park  -0.00103    0.27044  -0.004  0.99696    
beachWest              0.19295    0.31345   0.616  0.53818    
---
Signif. codes:  0 ‘***’ 0.001 ‘**’ 0.01 ‘*’ 0.05 ‘.’ 0.1 ‘ ’ 1

(Dispersion parameter for poisson family taken to be 1)

    Null deviance: 2086.5  on 8163  degrees of freedom
Residual deviance: 2020.5  on 8141  degrees of freedom
AIC: 2712.5

Number of Fisher Scoring iterations: 11



Robust, Sandwich Standard Errors Account for Clustering:

z test of coefficients:

                        Estimate  Std. Error  z value Pr(>|z|)    
(Intercept)           -3.3906439   0.2301839 -14.7302  < 2e-16 ***
entero470              0.3875321   0.2413599   1.6056  0.10836    
female                -0.0756548   0.1098240  -0.6889  0.49090    
racewhiteYes           0.4090840   0.1782456   2.2951  0.02173 *  
racewhiteMissing       0.1307616   0.5684198   0.2300  0.81806    
gichronYes             0.9181794   0.4220680   2.1754  0.02960 *  
gichronMissing       -10.1318521   0.6272299 -16.1533  < 2e-16 ***
anim_anyYes            0.0824032   0.1424784   0.5784  0.56302    
gicontactbaseYes       0.3934718   0.2286903   1.7205  0.08533 .  
gicontactbaseMissing   0.0448120   0.6959514   0.0644  0.94866    
rawfood               -0.2237116   0.2005728  -1.1154  0.26469    
beachBoqueron         -0.5730718   0.3047736  -1.8803  0.06006 .  
beachDoheny           -0.2764536   0.2649478  -1.0434  0.29675    
beachEdgewater        -0.1433676   0.4807387  -0.2982  0.76553    
beachFairhope         -0.2042465   0.4042460  -0.5053  0.61338    
beachGoddard          -0.2086870   0.4228140  -0.4936  0.62161    
beachHuntington        0.7206353   0.2998562   2.4033  0.01625 *  
beachMalibu            0.2658090   0.2540215   1.0464  0.29537    
beachMission Bay       0.2561926   0.2901517   0.8830  0.37726    
beachSilver           -0.1478542   0.2291876  -0.6451  0.51885    
beachSurfside         -0.6938878   0.2746859  -2.5261  0.01153 *  
beachWashington Park  -0.0010303   0.2801390  -0.0037  0.99707    
beachWest              0.1929513   0.3032773   0.6362  0.52463    
---
Signif. codes:  0 ‘***’ 0.001 ‘**’ 0.01 ‘*’ 0.05 ‘.’ 0.1 ‘ ’ 1

> age11plus <- mpreg(diarrheaci10~entero470 +female+racewhite+gichron+anim_any+gicontactbase+rawfood+beach,dat=ad[ad$agestrat==">10",],vcv=T)

Call:
glm(formula = formula, family = poisson(link = "log"), data = dat)

Deviance Residuals: 
    Min       1Q   Median       3Q      Max  
-0.8192  -0.3132  -0.2725  -0.2379   2.4080  

Coefficients:
                      Estimate Std. Error z value Pr(>|z|)    
(Intercept)           -3.41715    0.11546 -29.597  < 2e-16 ***
entero470              0.30963    0.13272   2.333 0.019644 *  
female                 0.14000    0.05428   2.579 0.009902 ** 
racewhiteYes           0.17703    0.08613   2.055 0.039841 *  
racewhiteMissing      -0.76832    0.50641  -1.517 0.129220    
gichronYes             0.77149    0.10736   7.186 6.65e-13 ***
gichronMissing       -10.10608  150.93511  -0.067 0.946616    
anim_anyYes            0.17359    0.06392   2.716 0.006613 ** 
gicontactbaseYes       0.69804    0.09557   7.304 2.80e-13 ***
gicontactbaseMissing   0.51153    0.33860   1.511 0.130861    
rawfood                0.36891    0.06102   6.046 1.49e-09 ***
beachBoqueron         -0.46150    0.12832  -3.596 0.000323 ***
beachDoheny           -0.05325    0.13677  -0.389 0.697046    
beachEdgewater         0.07059    0.20036   0.352 0.724618    
beachFairhope          0.23124    0.20733   1.115 0.264717    
beachGoddard          -0.39522    0.21939  -1.801 0.071633 .  
beachHuntington        0.53347    0.18077   2.951 0.003166 ** 
beachMalibu           -0.03975    0.14053  -0.283 0.777277    
beachMission Bay      -0.17465    0.16255  -1.074 0.282638    
beachSilver           -0.28353    0.12332  -2.299 0.021503 *  
beachSurfside         -0.30078    0.11014  -2.731 0.006317 ** 
beachWashington Park   0.02120    0.14310   0.148 0.882218    
beachWest              0.32096    0.14015   2.290 0.022013 *  
---
Signif. codes:  0 ‘***’ 0.001 ‘**’ 0.01 ‘*’ 0.05 ‘.’ 0.1 ‘ ’ 1

(Dispersion parameter for poisson family taken to be 1)

    Null deviance: 8754.3  on 32355  degrees of freedom
Residual deviance: 8467.2  on 32333  degrees of freedom
AIC: 11295

Number of Fisher Scoring iterations: 11



Robust, Sandwich Standard Errors Account for Clustering:

z test of coefficients:

                       Estimate Std. Error  z value  Pr(>|z|)    
(Intercept)           -3.417145   0.125886 -27.1447 < 2.2e-16 ***
entero470              0.309635   0.140271   2.2074  0.027285 *  
female                 0.140004   0.051031   2.7435  0.006078 ** 
racewhiteYes           0.177035   0.090355   1.9593  0.050076 .  
racewhiteMissing      -0.768315   0.505918  -1.5187  0.128849    
gichronYes             0.771493   0.103551   7.4504 9.307e-14 ***
gichronMissing       -10.106083   0.384106 -26.3107 < 2.2e-16 ***
anim_anyYes            0.173589   0.066615   2.6059  0.009164 ** 
gicontactbaseYes       0.698036   0.096155   7.2595 3.885e-13 ***
gicontactbaseMissing   0.511529   0.309869   1.6508  0.098782 .  
rawfood                0.368908   0.063136   5.8431 5.124e-09 ***
beachBoqueron         -0.461503   0.140810  -3.2775  0.001047 ** 
beachDoheny           -0.053246   0.145706  -0.3654  0.714788    
beachEdgewater         0.070585   0.207524   0.3401  0.733758    
beachFairhope          0.231236   0.206015   1.1224  0.261684    
beachGoddard          -0.395218   0.234760  -1.6835  0.092279 .  
beachHuntington        0.533470   0.178835   2.9830  0.002854 ** 
beachMalibu           -0.039751   0.147638  -0.2692  0.787742    
beachMission Bay      -0.174648   0.178739  -0.9771  0.328514    
beachSilver           -0.283525   0.128310  -2.2097  0.027127 *  
beachSurfside         -0.300780   0.118027  -2.5484  0.010822 *  
beachWashington Park   0.021201   0.153074   0.1385  0.889845    
beachWest              0.320962   0.150284   2.1357  0.032704 *  
---
Signif. codes:  0 ‘***’ 0.001 ‘**’ 0.01 ‘*’ 0.05 ‘.’ 0.1 ‘ ’ 1

> 
> # Non-point source estimates by age group
> nps0to4 <- mpreg(diarrheaci10~entero470 +female+racewhite+gichron+anim_any+gicontactbase+rawfood+beach,dat=ad[ad$pointsource=="No" & ad$agestrat=="(0, 4]",],vcv=T)

Call:
glm(formula = formula, family = poisson(link = "log"), data = dat)

Deviance Residuals: 
    Min       1Q   Median       3Q      Max  
-0.6250  -0.3817  -0.3606  -0.3276   2.2923  

Coefficients:
                      Estimate Std. Error z value Pr(>|z|)    
(Intercept)           -2.76033    0.32261  -8.556   <2e-16 ***
entero470             -0.86701    1.01709  -0.852    0.394    
female                 0.01222    0.21155   0.058    0.954    
racewhiteYes           0.12884    0.28358   0.454    0.650    
racewhiteMissing       0.63340    0.74990   0.845    0.398    
gichronYes           -12.70872  636.58820  -0.020    0.984    
anim_anyYes            0.06323    0.26287   0.241    0.810    
gicontactbaseYes      -0.57615    0.71614  -0.805    0.421    
gicontactbaseMissing   0.90941    0.60587   1.501    0.133    
rawfood               -0.63458    0.40659  -1.561    0.119    
beachMalibu           -0.05845    0.35451  -0.165    0.869    
beachMission Bay       0.20563    0.34007   0.605    0.545    
beachSurfside         -0.16481    0.34052  -0.484    0.628    
---
Signif. codes:  0 ‘***’ 0.001 ‘**’ 0.01 ‘*’ 0.05 ‘.’ 0.1 ‘ ’ 1

(Dispersion parameter for poisson family taken to be 1)

    Null deviance: 491.80  on 1382  degrees of freedom
Residual deviance: 483.26  on 1370  degrees of freedom
AIC: 689.26

Number of Fisher Scoring iterations: 13



Robust, Sandwich Standard Errors Account for Clustering:

z test of coefficients:

                       Estimate Std. Error  z value  Pr(>|z|)    
(Intercept)           -2.760332   0.346382  -7.9690 1.599e-15 ***
entero470             -0.867012   1.016110  -0.8533    0.3935    
female                 0.012221   0.210879   0.0580    0.9538    
racewhiteYes           0.128842   0.326301   0.3949    0.6929    
racewhiteMissing       0.633402   0.743261   0.8522    0.3941    
gichronYes           -12.708723   0.528169 -24.0619 < 2.2e-16 ***
anim_anyYes            0.063229   0.262517   0.2409    0.8097    
gicontactbaseYes      -0.576151   0.709796  -0.8117    0.4170    
gicontactbaseMissing   0.909408   0.587592   1.5477    0.1217    
rawfood               -0.634584   0.392620  -1.6163    0.1060    
beachMalibu           -0.058453   0.372187  -0.1571    0.8752    
beachMission Bay       0.205635   0.377294   0.5450    0.5857    
beachSurfside         -0.164806   0.315216  -0.5228    0.6011    
---
Signif. codes:  0 ‘***’ 0.001 ‘**’ 0.01 ‘*’ 0.05 ‘.’ 0.1 ‘ ’ 1

> 
> nps5to10 <- mpreg(diarrheaci10~entero470 +female+racewhite+gichron+anim_any+gicontactbase+rawfood+beach,dat=ad[ad$pointsource=="No" & ad$agestrat=="(4, 10]",],vcv=T)

Call:
glm(formula = formula, family = poisson(link = "log"), data = dat)

Deviance Residuals: 
    Min       1Q   Median       3Q      Max  
-0.7251  -0.2967  -0.2645  -0.2230   2.5196  

Coefficients:
                     Estimate Std. Error z value Pr(>|z|)    
(Intercept)           -3.5169     0.2677 -13.136   <2e-16 ***
entero470            -13.8210   416.4367  -0.033   0.9735    
female                -0.3529     0.1859  -1.898   0.0576 .  
racewhiteYes           0.3934     0.2345   1.678   0.0934 .  
racewhiteMissing      -0.5723     1.0231  -0.559   0.5759    
gichronYes             1.5768     0.7170   2.199   0.0279 *  
anim_anyYes            0.1641     0.2207   0.743   0.4573    
gicontactbaseYes      -0.1297     0.5115  -0.254   0.7998    
gicontactbaseMissing   0.3735     0.7196   0.519   0.6038    
rawfood               -0.4529     0.2834  -1.598   0.1100    
beachMalibu            0.5636     0.2683   2.101   0.0357 *  
beachMission Bay       0.5582     0.2823   1.978   0.0480 *  
beachSurfside         -0.3821     0.2958  -1.292   0.1964    
---
Signif. codes:  0 ‘***’ 0.001 ‘**’ 0.01 ‘*’ 0.05 ‘.’ 0.1 ‘ ’ 1

(Dispersion parameter for poisson family taken to be 1)

    Null deviance: 802.92  on 3276  degrees of freedom
Residual deviance: 776.33  on 3264  degrees of freedom
AIC: 1046.3

Number of Fisher Scoring iterations: 15



Robust, Sandwich Standard Errors Account for Clustering:

z test of coefficients:

                      Estimate Std. Error  z value  Pr(>|z|)    
(Intercept)           -3.51687    0.30193 -11.6480 < 2.2e-16 ***
entero470            -13.82099    0.21993 -62.8420 < 2.2e-16 ***
female                -0.35289    0.17736  -1.9897  0.046624 *  
racewhiteYes           0.39339    0.28318   1.3892  0.164768    
racewhiteMissing      -0.57232    0.99687  -0.5741  0.565892    
gichronYes             1.57676    0.55811   2.8252  0.004725 ** 
anim_anyYes            0.16406    0.23351   0.7026  0.482303    
gicontactbaseYes      -0.12974    0.50573  -0.2565  0.797533    
gicontactbaseMissing   0.37345    0.69763   0.5353  0.592431    
rawfood               -0.45294    0.29923  -1.5137  0.130107    
beachMalibu            0.56355    0.28048   2.0092  0.044512 *  
beachMission Bay       0.55822    0.34685   1.6094  0.107529    
beachSurfside         -0.38208    0.32481  -1.1763  0.239457    
---
Signif. codes:  0 ‘***’ 0.001 ‘**’ 0.01 ‘*’ 0.05 ‘.’ 0.1 ‘ ’ 1

> 
> nps11plus <- mpreg(diarrheaci10~entero470 +female+racewhite+gichron+anim_any+gicontactbase+rawfood+beach,dat=ad[ad$pointsource=="No" & ad$agestrat==">10",],vcv=T)

Call:
glm(formula = formula, family = poisson(link = "log"), data = dat)

Deviance Residuals: 
    Min       1Q   Median       3Q      Max  
-0.8612  -0.3090  -0.2774  -0.2624   2.7145  

Coefficients:
                     Estimate Std. Error z value Pr(>|z|)    
(Intercept)          -3.60439    0.16177 -22.281  < 2e-16 ***
entero470             0.28142    0.23088   1.219 0.222880    
female                0.11104    0.08960   1.239 0.215272    
racewhiteYes          0.42153    0.14178   2.973 0.002948 ** 
racewhiteMissing     -1.43027    1.00698  -1.420 0.155505    
gichronYes            1.01704    0.16979   5.990 2.10e-09 ***
anim_anyYes           0.03400    0.10982   0.310 0.756884    
gicontactbaseYes      0.66905    0.16402   4.079 4.52e-05 ***
gicontactbaseMissing  0.17247    0.50866   0.339 0.734564    
rawfood               0.32966    0.09344   3.528 0.000419 ***
beachMalibu           0.03004    0.15455   0.194 0.845883    
beachMission Bay      0.02974    0.18498   0.161 0.872278    
beachSurfside        -0.21996    0.14023  -1.569 0.116749    
---
Signif. codes:  0 ‘***’ 0.001 ‘**’ 0.01 ‘*’ 0.05 ‘.’ 0.1 ‘ ’ 1

(Dispersion parameter for poisson family taken to be 1)

    Null deviance: 3187.4  on 11557  degrees of freedom
Residual deviance: 3107.1  on 11545  degrees of freedom
AIC: 4155.1

Number of Fisher Scoring iterations: 6



Robust, Sandwich Standard Errors Account for Clustering:

z test of coefficients:

                      Estimate Std. Error  z value  Pr(>|z|)    
(Intercept)          -3.604387   0.176021 -20.4771 < 2.2e-16 ***
entero470             0.281416   0.255629   1.1009 0.2709497    
female                0.111038   0.084918   1.3076 0.1910130    
racewhiteYes          0.421528   0.149220   2.8249 0.0047299 ** 
racewhiteMissing     -1.430267   1.007274  -1.4199 0.1556255    
gichronYes            1.017044   0.157839   6.4436 1.167e-10 ***
anim_anyYes           0.033997   0.115014   0.2956 0.7675404    
gicontactbaseYes      0.669048   0.169623   3.9443 8.002e-05 ***
gicontactbaseMissing  0.172467   0.488145   0.3533 0.7238548    
rawfood               0.329661   0.098342   3.3522 0.0008018 ***
beachMalibu           0.030041   0.160283   0.1874 0.8513263    
beachMission Bay      0.029739   0.205494   0.1447 0.8849330    
beachSurfside        -0.219961   0.145012  -1.5168 0.1293053    
---
Signif. codes:  0 ‘***’ 0.001 ‘**’ 0.01 ‘*’ 0.05 ‘.’ 0.1 ‘ ’ 1

> 
> # Point-source estimates by age group
> ps0to4 <- mpreg(diarrheaci10~entero470 +female+racewhite+gichron+anim_any+gicontactbase+rawfood+beach,dat=ad[ad$pointsource=="Yes" & ad$agestrat=="(0, 4]",],vcv=T)

Call:
glm(formula = formula, family = poisson(link = "log"), data = dat)

Deviance Residuals: 
    Min       1Q   Median       3Q      Max  
-0.8039  -0.4093  -0.3586  -0.3081   2.1492  

Coefficients:
                     Estimate Std. Error z value Pr(>|z|)    
(Intercept)           -2.3944     0.2678  -8.940  < 2e-16 ***
entero470              0.1526     0.3770   0.405  0.68569    
female                -0.1574     0.1564  -1.006  0.31423    
racewhiteYes           0.2262     0.2231   1.014  0.31068    
racewhiteMissing     -12.5655   507.8346  -0.025  0.98026    
gichronYes             0.4756     0.7219   0.659  0.51001    
anim_anyYes            0.3852     0.1813   2.124  0.03363 *  
gicontactbaseYes       0.6533     0.3033   2.154  0.03123 *  
gicontactbaseMissing -13.0825   735.7722  -0.018  0.98581    
rawfood               -0.6088     0.3895  -1.563  0.11808    
beachBoqueron         -0.6537     0.3108  -2.103  0.03546 *  
beachEdgewater        -0.4085     0.5046  -0.810  0.41822    
beachFairhope         -0.2896     0.3462  -0.837  0.40280    
beachGoddard          -0.5181     0.3915  -1.323  0.18578    
beachHuntington       -0.3146     0.3971  -0.792  0.42826    
beachSilver           -0.8038     0.2741  -2.932  0.00336 ** 
beachWashington Park  -0.6493     0.3353  -1.937  0.05280 .  
beachWest             -0.1905     0.3517  -0.542  0.58808    
---
Signif. codes:  0 ‘***’ 0.001 ‘**’ 0.01 ‘*’ 0.05 ‘.’ 0.1 ‘ ’ 1

(Dispersion parameter for poisson family taken to be 1)

    Null deviance: 868.07  on 2267  degrees of freedom
Residual deviance: 837.20  on 2250  degrees of freedom
AIC: 1205.2

Number of Fisher Scoring iterations: 13



Robust, Sandwich Standard Errors Account for Clustering:

z test of coefficients:

                      Estimate Std. Error  z value  Pr(>|z|)    
(Intercept)           -2.39437    0.25608  -9.3502 < 2.2e-16 ***
entero470              0.15255    0.37110   0.4111  0.681011    
female                -0.15740    0.14865  -1.0588  0.289674    
racewhiteYes           0.22617    0.21510   1.0515  0.293037    
racewhiteMissing     -12.56554    0.55961 -22.4541 < 2.2e-16 ***
gichronYes             0.47563    0.67257   0.7072  0.479449    
anim_anyYes            0.38515    0.19939   1.9317  0.053400 .  
gicontactbaseYes       0.65326    0.30661   2.1306  0.033125 *  
gicontactbaseMissing -13.08249    0.76892 -17.0140 < 2.2e-16 ***
rawfood               -0.60878    0.38679  -1.5739  0.115499    
beachBoqueron         -0.65369    0.32352  -2.0206  0.043325 *  
beachEdgewater        -0.40851    0.51479  -0.7936  0.427454    
beachFairhope         -0.28961    0.34083  -0.8497  0.395492    
beachGoddard          -0.51806    0.42344  -1.2235  0.221158    
beachHuntington       -0.31461    0.42178  -0.7459  0.455724    
beachSilver           -0.80380    0.30052  -2.6747  0.007479 ** 
beachWashington Park  -0.64931    0.33560  -1.9348  0.053017 .  
beachWest             -0.19048    0.35518  -0.5363  0.591762    
---
Signif. codes:  0 ‘***’ 0.001 ‘**’ 0.01 ‘*’ 0.05 ‘.’ 0.1 ‘ ’ 1

> 
> ps5to10 <- mpreg(diarrheaci10~entero470 +female+racewhite+gichron+anim_any+gicontactbase+rawfood+beach,dat=ad[ad$pointsource=="Yes" & ad$agestrat=="(4, 10]",],vcv=T)

Call:
glm(formula = formula, family = poisson(link = "log"), data = dat)

Deviance Residuals: 
    Min       1Q   Median       3Q      Max  
-0.6381  -0.3060  -0.2822  -0.2012   2.4745  

Coefficients:
                      Estimate Std. Error z value Pr(>|z|)    
(Intercept)           -3.53914    0.24374 -14.520  < 2e-16 ***
entero470              0.61322    0.27192   2.255  0.02412 *  
female                 0.09081    0.14162   0.641  0.52137    
racewhiteYes           0.42383    0.20717   2.046  0.04077 *  
racewhiteMissing       0.75175    0.73599   1.021  0.30706    
gichronYes             0.66343    0.58409   1.136  0.25603    
gichronMissing       -12.41662  734.51360  -0.017  0.98651    
anim_anyYes            0.05353    0.17688   0.303  0.76217    
gicontactbaseYes       0.55388    0.25597   2.164  0.03047 *  
gicontactbaseMissing -12.22128  367.84616  -0.033  0.97350    
rawfood               -0.02753    0.24850  -0.111  0.91179    
beachBoqueron         -0.50485    0.31084  -1.624  0.10434    
beachEdgewater        -0.19928    0.49465  -0.403  0.68704    
beachFairhope         -0.16554    0.38183  -0.434  0.66462    
beachGoddard          -0.18687    0.39996  -0.467  0.64035    
beachHuntington        0.76598    0.29310   2.613  0.00896 ** 
beachSilver           -0.10806    0.23939  -0.451  0.65170    
beachWashington Park   0.06123    0.27966   0.219  0.82669    
beachWest              0.15934    0.32165   0.495  0.62032    
---
Signif. codes:  0 ‘***’ 0.001 ‘**’ 0.01 ‘*’ 0.05 ‘.’ 0.1 ‘ ’ 1

(Dispersion parameter for poisson family taken to be 1)

    Null deviance: 1282.8  on 4886  degrees of freedom
Residual deviance: 1227.5  on 4868  degrees of freedom
AIC: 1667.5

Number of Fisher Scoring iterations: 13



Robust, Sandwich Standard Errors Account for Clustering:

z test of coefficients:

                       Estimate Std. Error  z value Pr(>|z|)    
(Intercept)           -3.539142   0.275989 -12.8235  < 2e-16 ***
entero470              0.613223   0.257351   2.3828  0.01718 *  
female                 0.090812   0.139730   0.6499  0.51575    
racewhiteYes           0.423833   0.226272   1.8731  0.06105 .  
racewhiteMissing       0.751747   0.639786   1.1750  0.24000    
gichronYes             0.663431   0.558666   1.1875  0.23502    
gichronMissing       -12.416619   0.651636 -19.0545  < 2e-16 ***
anim_anyYes            0.053528   0.174099   0.3075  0.75849    
gicontactbaseYes       0.553882   0.256603   2.1585  0.03089 *  
gicontactbaseMissing -12.221282   0.405945 -30.1058  < 2e-16 ***
rawfood               -0.027528   0.254764  -0.1081  0.91395    
beachBoqueron         -0.504850   0.332077  -1.5203  0.12844    
beachEdgewater        -0.199283   0.484613  -0.4112  0.68091    
beachFairhope         -0.165540   0.408454  -0.4053  0.68527    
beachGoddard          -0.186866   0.422408  -0.4424  0.65821    
beachHuntington        0.765984   0.308522   2.4827  0.01304 *  
beachSilver           -0.108064   0.237325  -0.4553  0.64886    
beachWashington Park   0.061231   0.286400   0.2138  0.83071    
beachWest              0.159342   0.310248   0.5136  0.60753    
---
Signif. codes:  0 ‘***’ 0.001 ‘**’ 0.01 ‘*’ 0.05 ‘.’ 0.1 ‘ ’ 1

> 
> ps11plus <- mpreg(diarrheaci10~entero470 +female+racewhite+gichron+anim_any+gicontactbase+rawfood+beach,dat=ad[ad$pointsource=="Yes" & ad$agestrat==">10",],vcv=T)

Call:
glm(formula = formula, family = poisson(link = "log"), data = dat)

Deviance Residuals: 
    Min       1Q   Median       3Q      Max  
-0.7880  -0.3106  -0.2626  -0.2245   2.4278  

Coefficients:
                       Estimate Std. Error z value Pr(>|z|)    
(Intercept)           -3.342322   0.127993 -26.113  < 2e-16 ***
entero470              0.331913   0.162754   2.039  0.04142 *  
female                 0.161851   0.068327   2.369  0.01785 *  
racewhiteYes           0.023840   0.107014   0.223  0.82371    
racewhiteMissing      -0.338722   0.586651  -0.577  0.56368    
gichronYes             0.626903   0.138524   4.526 6.02e-06 ***
gichronMissing       -11.144545 250.653932  -0.044  0.96454    
anim_anyYes            0.246891   0.078767   3.134  0.00172 ** 
gicontactbaseYes       0.723759   0.117715   6.148 7.83e-10 ***
gicontactbaseMissing   0.869706   0.451234   1.927  0.05393 .  
rawfood                0.397635   0.080372   4.947 7.52e-07 ***
beachBoqueron         -0.585191   0.138522  -4.225 2.39e-05 ***
beachEdgewater         0.028191   0.203939   0.138  0.89006    
beachFairhope          0.187146   0.208868   0.896  0.37025    
beachGoddard          -0.436019   0.220500  -1.977  0.04800 *  
beachHuntington        0.523254   0.183253   2.855  0.00430 ** 
beachSilver           -0.295931   0.126405  -2.341  0.01922 *  
beachWashington Park  -0.004094   0.145710  -0.028  0.97759    
beachWest              0.286684   0.143465   1.998  0.04569 *  
---
Signif. codes:  0 ‘***’ 0.001 ‘**’ 0.01 ‘*’ 0.05 ‘.’ 0.1 ‘ ’ 1

(Dispersion parameter for poisson family taken to be 1)

    Null deviance: 5566.3  on 20797  degrees of freedom
Residual deviance: 5347.1  on 20779  degrees of freedom
AIC: 7145.1

Number of Fisher Scoring iterations: 12



Robust, Sandwich Standard Errors Account for Clustering:

z test of coefficients:

                        Estimate  Std. Error  z value  Pr(>|z|)    
(Intercept)           -3.3423217   0.1381019 -24.2019 < 2.2e-16 ***
entero470              0.3319128   0.1683458   1.9716  0.048654 *  
female                 0.1618507   0.0640134   2.5284  0.011459 *  
racewhiteYes           0.0238397   0.1103474   0.2160  0.828955    
racewhiteMissing      -0.3387218   0.5893122  -0.5748  0.565444    
gichronYes             0.6269027   0.1363312   4.5984 4.258e-06 ***
gichronMissing       -11.1445446   0.3808220 -29.2644 < 2.2e-16 ***
anim_anyYes            0.2468908   0.0816480   3.0238  0.002496 ** 
gicontactbaseYes       0.7237589   0.1164059   6.2175 5.050e-10 ***
gicontactbaseMissing   0.8697060   0.3733223   2.3296  0.019825 *  
rawfood                0.3976348   0.0820597   4.8457 1.262e-06 ***
beachBoqueron         -0.5851914   0.1497464  -3.9079 9.311e-05 ***
beachEdgewater         0.0281906   0.2102686   0.1341  0.893348    
beachFairhope          0.1871456   0.2074291   0.9022  0.366943    
beachGoddard          -0.4360194   0.2368303  -1.8411  0.065612 .  
beachHuntington        0.5232541   0.1807422   2.8950  0.003791 ** 
beachSilver           -0.2959311   0.1308074  -2.2623  0.023676 *  
beachWashington Park  -0.0040939   0.1553880  -0.0263  0.978981    
beachWest              0.2866835   0.1533531   1.8694  0.061562 .  
---
Signif. codes:  0 ‘***’ 0.001 ‘**’ 0.01 ‘*’ 0.05 ‘.’ 0.1 ‘ ’ 1

> 
> 
> # --------------------------------------
> # Estimate adjusted CIRs
> # From the overall pooled model and
> # From stratified models
> # --------------------------------------
> 
> # function to get CIR Estimates and CIs from simple stratified models
> getCIR <- function(x) {
+ 	# x : log-linear model object returned from coeftest (class=coeftest)
+ 	# NOTE: assumes exposure of interest is the first covariate and there are no interactions
+ 	est <- exp(x[2,1])
+ 	se  <- x[2,2]	
+ 	lb <- exp(log(est)-1.96*se)
+ 	ub <- exp(log(est)+1.96*se)
+ 	res <- c(est,lb,ub)
+ 	return(res)
+ }
> 
> 
> # bind all of the CIRs together, organized by
> # non-point source vs. point source and then age, then overall
> 
> cir.all <- rbind(getCIR(nps$fit),getCIR(ps$fit),getCIR(overall.fit) )
> 
> cir.age0to4 <- rbind(getCIR(nps0to4$fit),getCIR(ps0to4$fit),getCIR(age0to4$fit) )
> 
> cir.age5to10 <- rbind(getCIR(nps5to10$fit),getCIR(ps5to10$fit),getCIR(age5to10$fit) )
> 
> cir.age11plus <- rbind(getCIR(nps11plus$fit),getCIR(ps11plus$fit),getCIR(age11plus$fit) )
> 
> 	
> colnames(cir.all) <- colnames(cir.age11plus) <- colnames(cir.age5to10) <- colnames(cir.age0to4) <- c("CIR","CIRlb","CIRub")
> rownames(cir.all) <- rownames(cir.age11plus) <- rownames(cir.age5to10) <- rownames(cir.age0to4) <-  c("Non-point source","Point source","Overall")
> 
> # --------------------------------------
> # Number of persons at risk and cases
> # by strata
> # Print results to the log
> # --------------------------------------
> N.all
     n     N
0 1893 43502
1  102  1355
> N.age0to4
    n    N
0 246 3530
1  10  121
> N.age5to10
    n    N
0 304 7889
1  19  275
> N.age11plus
     n     N
0 1322 31420
1   69   936
> N.nps
    n     N
0 706 15949
1  25   449
> N.ps
     n     N
0 1187 27553
1   77   906
> N.nps0to4
   n    N
0 89 1344
1  1   39
> N.nps5to10
    n    N
0 122 3211
1   0   66
> N.nps11plus
    n     N
0 491 11228
1  20   330
> N.ps0to4
    n    N
0 157 2186
1   9   82
> N.ps5to10
    n    N
0 182 4678
1  19  209
> N.ps11plus
    n     N
0 831 20192
1  49   606
> 
> # --------------------------------------
> # Cumulative Incidence Estimates
> # Print results to the log
> # --------------------------------------
> ci.all
                       CI       CIlb       CIub
Entero<=470cce 0.04351524 0.04132603 0.04582042
Entero>470cce  0.07527675 0.06018672 0.09415016
> ci.0to4
                       CI       CIlb       CIub
Entero<=470cce 0.06968839 0.06123975 0.07930259
Entero>470cce  0.08264463 0.04382469 0.15585130
> ci.5to10
                       CI       CIlb       CIub
Entero<=470cce 0.03853467 0.03411638 0.04352516
Entero>470cce  0.06909091 0.04414506 0.10813335
> ci.11plus
                       CI       CIlb       CIub
Entero<=470cce 0.04207511 0.03972610 0.04456302
Entero>470cce  0.07371795 0.05729578 0.09484705
> 
> ci.nps
                       CI       CIlb       CIub
Entero<=470cce 0.04426610 0.04063950 0.04821633
Entero>470cce  0.05567929 0.03415657 0.09076387
> ci.nps0to4
                       CI        CIlb       CIub
Entero<=470cce 0.06622024 0.053277503 0.08230716
Entero>470cce  0.02564103 0.003660284 0.17962053
> ci.nps5to10
                         CI         CIlb         CIub
Entero<=470cce 3.799439e-02 3.116360e-02 4.632244e-02
Entero>470cce  3.059023e-08 2.272816e-08 4.117193e-08
> ci.nps11plus
                       CI       CIlb       CIub
Entero<=470cce 0.04372996 0.03982176 0.04802173
Entero>470cce  0.06060606 0.03750384 0.09793915
> 
> ci.ps
                       CI       CIlb       CIub
Entero<=470cce 0.04308061 0.04037964 0.04596224
Entero>470cce  0.08498896 0.06616522 0.10916798
> ci.ps0to4
                       CI       CIlb       CIub
Entero<=470cce 0.07182068 0.06115950 0.08434028
Entero>470cce  0.10975610 0.05707204 0.21107360
> ci.ps5to10
                       CI       CIlb      CIub
Entero<=470cce 0.03890552 0.03334999 0.0453865
Entero>470cce  0.09090909 0.05851535 0.1412358
> ci.ps11plus
                       CI       CIlb       CIub
Entero<=470cce 0.04115491 0.03747684 0.04519396
Entero>470cce  0.08085809 0.05003607 0.13066634
> 
> 
> # --------------------------------------
> # Cumulative Incidence Ratios
> # Print results to the log
> # --------------------------------------
> cir.all
                      CIR     CIRlb    CIRub
Non-point source 1.284649 0.7758196 2.127200
Point source     1.436990 1.0845935 1.903884
Overall          1.388216 1.0856563 1.775097
> cir.age0to4
                       CIR      CIRlb    CIRub
Non-point source 0.4202052 0.05734971 3.078872
Point source     1.1648064 0.56281193 2.410706
Overall          0.9402937 0.48290829 1.830891
> cir.age5to10
                          CIR        CIRlb        CIRub
Non-point source 9.945405e-07 6.462677e-07 1.530497e-06
Point source     1.846373e+00 1.114955e+00 3.057605e+00
Overall          1.473340e+00 9.180226e-01 2.364573e+00
> cir.age11plus
                      CIR     CIRlb    CIRub
Non-point source 1.325005 0.8028269 2.186819
Point source     1.393631 1.0019571 1.938415
Overall          1.362928 1.0353139 1.794211
> 
> 
> 
> # --------------------------------------
> # save the objects
> # --------------------------------------
> 
> save(
+ 	overall.fit,all.VC,age0to4,age5to10,age11plus,
+ 	nps,nps0to4,nps5to10,nps11plus,
+ 	ps,ps0to4,ps5to10,ps11plus,
+ 	
+ 	hufit,sifit,wpfit,wefit,avfit,bofit,dhfit,edfit,fafit,gdfit,mafit,mbfit,sufit,
+ 	
+ 	N.all,N.age0to4,N.age5to10,N.age11plus,
+ 	N.nps,N.nps0to4,N.nps5to10,N.nps11plus,
+ 	N.ps,N.ps0to4,N.ps5to10,N.ps11plus,
+ 	
+ 	ci.all,ci.0to4,ci.5to10,ci.11plus,
+ 	ci.nps,ci.nps0to4,ci.nps5to10,ci.nps11plus,
+ 	ci.ps,ci.ps0to4,ci.ps5to10,ci.ps11plus,
+ 	
+ 	cir.all,cir.age0to4,cir.age5to10,cir.age11plus,
+ 	
+ 	ps.reri, mf.reri,
+ 
+ 	file="~/dropbox/13beaches/aim1-results/rawoutput/aim1-enteroQPCR-470cce-regs-body.Rdata"
+ 	)
> 
> 
> 
> 
> 
> 
> 
> 
> 
> 
> proc.time()
   user  system elapsed 
139.424  14.700 159.614 
